Archive member included to satisfy reference by file (symbol)

C:\Users\Tom\Documents\Projects\Scopy_MVP_Platform\scopy-fpga\main\ps7_cortexa9_0\standalone_domain\bsp\ps7_cortexa9_0\lib\libxil.a(xaxidma.o)
                              ./src/acquire.o (XAxiDma_Reset)
C:\Users\Tom\Documents\Projects\Scopy_MVP_Platform\scopy-fpga\main\ps7_cortexa9_0\standalone_domain\bsp\ps7_cortexa9_0\lib\libxil.a(xaxidma_sinit.o)
                              ./src/acquire.o (XAxiDma_LookupConfig)
C:\Users\Tom\Documents\Projects\Scopy_MVP_Platform\scopy-fpga\main\ps7_cortexa9_0\standalone_domain\bsp\ps7_cortexa9_0\lib\libxil.a(xaxidma_selftest.o)
                              ./src/mipi_csi.o (XAxiDma_Selftest)
C:\Users\Tom\Documents\Projects\Scopy_MVP_Platform\scopy-fpga\main\ps7_cortexa9_0\standalone_domain\bsp\ps7_cortexa9_0\lib\libxil.a(xaxidma_bd.o)
                              ./src/mipi_csi.o (XAxiDma_BdSetLength)
C:\Users\Tom\Documents\Projects\Scopy_MVP_Platform\scopy-fpga\main\ps7_cortexa9_0\standalone_domain\bsp\ps7_cortexa9_0\lib\libxil.a(xaxidma_bdring.o)
                              ./src/mipi_csi.o (XAxiDma_BdRingCreate)
C:\Users\Tom\Documents\Projects\Scopy_MVP_Platform\scopy-fpga\main\ps7_cortexa9_0\standalone_domain\bsp\ps7_cortexa9_0\lib\libxil.a(xaxidma_g.o)
                              C:\Users\Tom\Documents\Projects\Scopy_MVP_Platform\scopy-fpga\main\ps7_cortexa9_0\standalone_domain\bsp\ps7_cortexa9_0\lib\libxil.a(xaxidma_sinit.o) (XAxiDma_ConfigTable)
C:\Users\Tom\Documents\Projects\Scopy_MVP_Platform\scopy-fpga\main\ps7_cortexa9_0\standalone_domain\bsp\ps7_cortexa9_0\lib\libxil.a(xclk_wiz.o)
                              ./src/clkwiz_interface.o (XClk_Wiz_CfgInitialize)
C:\Users\Tom\Documents\Projects\Scopy_MVP_Platform\scopy-fpga\main\ps7_cortexa9_0\standalone_domain\bsp\ps7_cortexa9_0\lib\libxil.a(xclk_wiz_sinit.o)
                              ./src/clkwiz_interface.o (XClk_Wiz_LookupConfig)
C:\Users\Tom\Documents\Projects\Scopy_MVP_Platform\scopy-fpga\main\ps7_cortexa9_0\standalone_domain\bsp\ps7_cortexa9_0\lib\libxil.a(xgpiops.o)
                              ./src/hal.o (XGpioPs_CfgInitialize)
C:\Users\Tom\Documents\Projects\Scopy_MVP_Platform\scopy-fpga\main\ps7_cortexa9_0\standalone_domain\bsp\ps7_cortexa9_0\lib\libxil.a(xgpiops_sinit.o)
                              ./src/hal.o (XGpioPs_LookupConfig)
C:\Users\Tom\Documents\Projects\Scopy_MVP_Platform\scopy-fpga\main\ps7_cortexa9_0\standalone_domain\bsp\ps7_cortexa9_0\lib\libxil.a(xgpiops_intr.o)
                              C:\Users\Tom\Documents\Projects\Scopy_MVP_Platform\scopy-fpga\main\ps7_cortexa9_0\standalone_domain\bsp\ps7_cortexa9_0\lib\libxil.a(xgpiops.o) (StubHandler)
C:\Users\Tom\Documents\Projects\Scopy_MVP_Platform\scopy-fpga\main\ps7_cortexa9_0\standalone_domain\bsp\ps7_cortexa9_0\lib\libxil.a(xgpiops_g.o)
                              C:\Users\Tom\Documents\Projects\Scopy_MVP_Platform\scopy-fpga\main\ps7_cortexa9_0\standalone_domain\bsp\ps7_cortexa9_0\lib\libxil.a(xgpiops_sinit.o) (XGpioPs_ConfigTable)
C:\Users\Tom\Documents\Projects\Scopy_MVP_Platform\scopy-fpga\main\ps7_cortexa9_0\standalone_domain\bsp\ps7_cortexa9_0\lib\libxil.a(xscugic_intr.o)
                              ./src/hal.o (XScuGic_InterruptHandler)
C:\Users\Tom\Documents\Projects\Scopy_MVP_Platform\scopy-fpga\main\ps7_cortexa9_0\standalone_domain\bsp\ps7_cortexa9_0\lib\libxil.a(xscugic.o)
                              ./src/acquire.o (XScuGic_Connect)
C:\Users\Tom\Documents\Projects\Scopy_MVP_Platform\scopy-fpga\main\ps7_cortexa9_0\standalone_domain\bsp\ps7_cortexa9_0\lib\libxil.a(xscugic_sinit.o)
                              ./src/hal.o (XScuGic_LookupConfig)
C:\Users\Tom\Documents\Projects\Scopy_MVP_Platform\scopy-fpga\main\ps7_cortexa9_0\standalone_domain\bsp\ps7_cortexa9_0\lib\libxil.a(xscugic_selftest.o)
                              ./src/hal.o (XScuGic_SelfTest)
C:\Users\Tom\Documents\Projects\Scopy_MVP_Platform\scopy-fpga\main\ps7_cortexa9_0\standalone_domain\bsp\ps7_cortexa9_0\lib\libxil.a(xscutimer.o)
                              ./src/hal.o (XScuTimer_CfgInitialize)
C:\Users\Tom\Documents\Projects\Scopy_MVP_Platform\scopy-fpga\main\ps7_cortexa9_0\standalone_domain\bsp\ps7_cortexa9_0\lib\libxil.a(xscutimer_selftest.o)
                              ./src/hal.o (XScuTimer_SelfTest)
C:\Users\Tom\Documents\Projects\Scopy_MVP_Platform\scopy-fpga\main\ps7_cortexa9_0\standalone_domain\bsp\ps7_cortexa9_0\lib\libxil.a(xscutimer_sinit.o)
                              ./src/hal.o (XScuTimer_LookupConfig)
C:\Users\Tom\Documents\Projects\Scopy_MVP_Platform\scopy-fpga\main\ps7_cortexa9_0\standalone_domain\bsp\ps7_cortexa9_0\lib\libxil.a(xscutimer_g.o)
                              C:\Users\Tom\Documents\Projects\Scopy_MVP_Platform\scopy-fpga\main\ps7_cortexa9_0\standalone_domain\bsp\ps7_cortexa9_0\lib\libxil.a(xscutimer_sinit.o) (XScuTimer_ConfigTable)
[...]
Memory Configuration

Name             Origin             Length             Attributes
ps7_ram_0        0x0000000001000000 0x000000000fffffff
ocm2             0x00000000ffff0000 0x000000000000fe00
ocm1             0x0000000000000000 0x0000000000030000
*default*        0x0000000000000000 0xffffffffffffffff

Linker script and memory map

LOAD g:/xilinx/vitis/2019.2/gnu/aarch32/nt/gcc-arm-none-eabi/bin/../lib/gcc/arm-none-eabi/8.2.0/thumb/v7-a+fp/hard/crti.o
LOAD g:/xilinx/vitis/2019.2/gnu/aarch32/nt/gcc-arm-none-eabi/bin/../lib/gcc/arm-none-eabi/8.2.0/thumb/v7-a+fp/hard/crtbegin.o
                0x0000000000010000                _STACK_SIZE = DEFINED (_STACK_SIZE)?_STACK_SIZE:0x10000
                0x000000000c000000                _HEAP_SIZE = DEFINED (_HEAP_SIZE)?_HEAP_SIZE:0xc000000
                0x0000000000000400                _ABORT_STACK_SIZE = DEFINED (_ABORT_STACK_SIZE)?_ABORT_STACK_SIZE:0x400
                0x0000000000000800                _SUPERVISOR_STACK_SIZE = DEFINED (_SUPERVISOR_STACK_SIZE)?_SUPERVISOR_STACK_SIZE:0x800
                0x0000000000000400                _IRQ_STACK_SIZE = DEFINED (_IRQ_STACK_SIZE)?_IRQ_STACK_SIZE:0x400
                0x0000000000000400                _FIQ_STACK_SIZE = DEFINED (_FIQ_STACK_SIZE)?_FIQ_STACK_SIZE:0x400
                0x0000000000000400                _UNDEF_STACK_SIZE = DEFINED (_UNDEF_STACK_SIZE)?_UNDEF_STACK_SIZE:0x400

.text           0x0000000001000000    0x25e20
 *(.vectors)
 .vectors       0x0000000001000000      0x12c C:\Users\Tom\Documents\Projects\Scopy_MVP_Platform\scopy-fpga\main\ps7_cortexa9_0\standalone_domain\bsp\ps7_cortexa9_0\lib\libxil.a(asm_vectors.o)
                0x0000000001000000                _vector_table
 *(.boot)
 .boot          0x000000000100012c      0x3b0 C:\Users\Tom\Documents\Projects\Scopy_MVP_Platform\scopy-fpga\main\ps7_cortexa9_0\standalone_domain\bsp\ps7_cortexa9_0\lib\libxil.a(boot.o)
                0x000000000100012c                _prestart
                0x000000000100012c                _boot
 *(.text)
 .text          0x00000000010004dc        0x0 g:/xilinx/vitis/2019.2/gnu/aarch32/nt/gcc-arm-none-eabi/bin/../lib/gcc/arm-none-eabi/8.2.0/thumb/v7-a+fp/hard/crti.o
 .text          0x00000000010004dc       0xa8 g:/xilinx/vitis/2019.2/gnu/aarch32/nt/gcc-arm-none-eabi/bin/../lib/gcc/arm-none-eabi/8.2.0/thumb/v7-a+fp/hard/crtbegin.o
 .text          0x0000000001000584     0x150c ./src/Collections-C/src/array.o
                0x0000000001000584                array_new
                0x0000000001000608                array_new_conf
                0x00000000010006e0                array_conf_init
                0x0000000001000718                array_destroy
                0x000000000100073c                array_destroy_cb
                0x0000000001000790                array_add
                0x000000000100083c                array_add_at
                0x00000000010009d8                array_replace_at
                0x0000000001000a1c                array_swap_at
                0x0000000001000a64                array_remove
                0x0000000001000b10                array_remove_at
                0x0000000001000b84                array_remove_last
                0x0000000001000bbc                array_remove_all
                0x0000000001000bc8                array_remove_all_free
                0x0000000001000c08                array_get_at
                0x0000000001000c28                array_get_last
                0x0000000001000c4c                array_get_buffer
                0x0000000001000c54                array_index_of
                0x0000000001000cac                array_subarray
                0x0000000001000d70                array_copy_shallow
                0x0000000001000e10                array_copy_deep
                0x0000000001000edc                array_filter_mut
                0x0000000001000fac                array_filter
                0x00000000010010bc                array_reverse
                0x0000000001001110                array_trim_capacity
                0x0000000001001188                array_contains
                0x00000000010011bc                array_contains_value
                0x0000000001001210                array_size
                0x0000000001001218                array_capacity
                0x0000000001001220                array_sort
                0x0000000001001238                array_map
                0x0000000001001274                array_reduce
                0x00000000010012f0                array_iter_init
                0x0000000001001300                array_iter_next
                0x0000000001001348                array_iter_remove
                0x00000000010013d4                array_iter_add
                0x0000000001001574                array_iter_replace
                0x00000000010015c4                array_iter_index
                0x00000000010015d0                array_zip_iter_init
                0x00000000010015e0                array_zip_iter_next
                0x0000000001001648                array_zip_iter_remove
                0x0000000001001744                array_zip_iter_add
                0x00000000010019e4                array_zip_iter_replace
                0x0000000001001a84                array_zip_iter_index
 .text          0x0000000001001a90        0x4 ./src/Collections-C/src/common.o
                0x0000000001001a90                cc_common_cmp_str
 .text          0x0000000001001a94     0x19a0 ./src/Collections-C/src/deque.o
                0x0000000001001b4c                deque_new
                0x0000000001001bd8                deque_new_conf
                0x0000000001001c8c                deque_conf_init
                0x0000000001001cb4                deque_destroy
                0x0000000001001cd8                deque_destroy_cb
                0x0000000001001d4c                deque_add
                0x0000000001001db0                deque_add_first
                0x0000000001001e90                deque_add_last
                0x0000000001001ef4                deque_add_at
                0x0000000001002180                deque_replace_at
                0x00000000010021d8                deque_remove_at
                0x00000000010023d4                deque_remove
                0x0000000001002440                deque_remove_first
                0x0000000001002490                deque_remove_last
                0x00000000010024e0                deque_remove_all
                0x00000000010024f4                deque_remove_all_cb
                0x0000000001002550                deque_get_at
                0x0000000001002594                deque_get_first
                0x00000000010025bc                deque_get_last
                0x00000000010025f4                deque_copy_shallow
                0x00000000010026cc                deque_copy_deep
                0x0000000001002810                deque_trim_capacity
                0x0000000001002900                deque_reverse
                0x000000000100295c                deque_contains
                0x00000000010029a8                deque_contains_value
                0x0000000001002a10                deque_index_of
                0x0000000001002a7c                deque_size
                0x0000000001002a84                deque_capacity
                0x0000000001002a8c                deque_get_buffer
                0x0000000001002a94                deque_foreach
                0x0000000001002ae0                deque_filter_mut
                0x0000000001002d04                deque_filter
                0x0000000001002e38                deque_iter_init
                0x0000000001002e48                deque_iter_next
                0x0000000001002eb4                deque_iter_remove
                0x00000000010030c4                deque_iter_add
                0x00000000010030e8                deque_iter_replace
                0x0000000001003148                deque_iter_index
                0x0000000001003154                deque_zip_iter_init
                0x0000000001003164                deque_zip_iter_next
                0x0000000001003210                deque_zip_iter_add
                0x00000000010032cc                deque_zip_iter_remove
                0x000000000100335c                deque_zip_iter_replace
                0x0000000001003428                deque_zip_iter_index
 .text          0x0000000001003434      0x1b0 ./src/Collections-C/src/hashset.o
                0x0000000001003434                hashset_conf_init
                0x0000000001003438                hashset_new
                0x00000000010034c4                hashset_new_conf
                0x000000000100354c                hashset_destroy
                0x000000000100356c                hashset_add
                0x0000000001003574                hashset_remove
                0x000000000100357c                hashset_remove_all
                0x0000000001003584                hashset_contains
                0x000000000100358c                hashset_size
                0x0000000001003594                hashset_capacity
                0x000000000100359c                hashset_foreach
                0x00000000010035a4                hashset_iter_init
                0x00000000010035ac                hashset_iter_next
                0x00000000010035e0                hashset_iter_remove
 .text          0x00000000010035e4      0xde0 ./src/Collections-C/src/hashtable.o
                0x00000000010035e4                hashtable_hash_string
                0x0000000001003618                hashtable_new
                0x00000000010036d4                hashtable_new_conf
                0x00000000010037c0                hashtable_conf_init
                0x0000000001003820                hashtable_destroy
                0x000000000100388c                hashtable_add
                0x0000000001003a94                hashtable_get
                0x0000000001003b54                hashtable_remove
                0x0000000001003cc8                hashtable_remove_all
                0x0000000001003d3c                hashtable_size
                0x0000000001003d44                hashtable_capacity
                0x0000000001003d4c                hashtable_contains_key
                0x0000000001003dc0                hashtable_get_values
                0x0000000001003e84                hashtable_get_keys
                0x0000000001003f48                hashtable_foreach_key
                0x0000000001003f9c                hashtable_foreach_value
                0x0000000001003ff0                hashtable_iter_init
                0x0000000001004050                hashtable_iter_next
                0x00000000010040e4                hashtable_iter_remove
                0x00000000010040f8                hashtable_hash
                0x0000000001004360                hashtable_hash_ptr
 .text          0x00000000010043c4     0x2068 ./src/Collections-C/src/list.o
                0x0000000001004724                list_conf_init
                0x0000000001004744                list_new
                0x0000000001004798                list_new_conf
                0x00000000010047dc                list_destroy
                0x0000000001004894                list_destroy_cb
                0x000000000100499c                list_add
                0x00000000010049f8                list_add_first
                0x0000000001004a58                list_add_last
                0x0000000001004ab4                list_add_at
                0x0000000001004b9c                list_add_all
                0x0000000001004c80                list_add_all_at
                0x0000000001004cb8                list_splice
                0x0000000001004d7c                list_splice_at
                0x0000000001004f04                list_remove
                0x0000000001004f88                list_remove_at
                0x0000000001005040                list_remove_first
                0x00000000010050b4                list_remove_last
                0x0000000001005128                list_remove_all
                0x00000000010051d0                list_remove_all_cb
                0x00000000010052d8                list_replace_at
                0x0000000001005364                list_get_first
                0x0000000001005384                list_get_last
                0x00000000010053a4                list_get_at
                0x000000000100541c                list_reverse
                0x000000000100550c                list_sublist
                0x0000000001005704                list_copy_shallow
                0x0000000001005870                list_copy_deep
                0x00000000010059e8                list_to_array
                0x0000000001005a5c                list_contains
                0x0000000001005a90                list_contains_value
                0x0000000001005ae0                list_index_of
                0x0000000001005b38                list_size
                0x0000000001005b40                list_sort
                0x0000000001005bf8                list_sort_in_place
                0x0000000001005c08                list_foreach
                0x0000000001005c34                list_filter_mut
                0x0000000001005cc8                list_filter
                0x0000000001005da4                list_iter_init
                0x0000000001005dc0                list_iter_remove
                0x0000000001005e44                list_iter_add
                0x0000000001005ee8                list_iter_replace
                0x0000000001005f14                list_iter_index
                0x0000000001005f20                list_iter_next
                0x0000000001005f64                list_diter_init
                0x0000000001005f84                list_diter_add
                0x0000000001006018                list_diter_remove
                0x000000000100609c                list_diter_replace
                0x00000000010060c8                list_diter_index
                0x00000000010060d4                list_diter_next
                0x0000000001006118                list_zip_iter_init
                0x0000000001006148                list_zip_iter_next
                0x00000000010061b4                list_zip_iter_add
                0x00000000010062f4                list_zip_iter_remove
                0x00000000010063d0                list_zip_iter_replace
                0x0000000001006420                list_zip_iter_index
 .text          0x000000000100642c      0x4e0 ./src/Collections-C/src/pqueue.o
                0x000000000100642c                pqueue_conf_init
                0x0000000001006468                pqueue_new
                0x00000000010064f4                pqueue_new_conf
                0x00000000010065dc                pqueue_destroy
                0x0000000001006600                pqueue_destroy_cb
                0x0000000001006654                pqueue_push
                0x0000000001006770                pqueue_top
                0x0000000001006790                pqueue_pop
 .text          0x000000000100690c      0x184 ./src/Collections-C/src/queue.o
                0x000000000100690c                queue_conf_init
                0x0000000001006910                queue_new
                0x0000000001006990                queue_new_conf
                0x0000000001006a08                queue_destroy
                0x0000000001006a28                queue_destroy_cb
                0x0000000001006a44                queue_peek
                0x0000000001006a4c                queue_poll
                0x0000000001006a54                queue_enqueue
                0x0000000001006a5c                queue_size
                0x0000000001006a64                queue_foreach
                0x0000000001006a6c                queue_iter_init
                0x0000000001006a74                queue_iter_next
                0x0000000001006a78                queue_iter_replace
                0x0000000001006a7c                queue_zip_iter_init
                0x0000000001006a88                queue_zip_iter_next
                0x0000000001006a8c                queue_zip_iter_replace
 .text          0x0000000001006a90      0x258 ./src/Collections-C/src/ring_buffer.o
                0x0000000001006a90                rbuf_new
                0x0000000001006b20                rbuf_conf_new
                0x0000000001006bb4                rbuf_conf_init
                0x0000000001006bdc                rbuf_destroy
                0x0000000001006c00                rbuf_is_empty
                0x0000000001006c10                rbuf_size
                0x0000000001006c18                rbuf_enqueue
                0x0000000001006c80                rbuf_dequeue
                0x0000000001006cd8                rbuf_peek
 .text          0x0000000001006ce8     0x16e0 ./src/Collections-C/src/slist.o
                0x0000000001006ce8                slist_conf_init
                0x0000000001006d08                slist_new
                0x0000000001006d5c                slist_new_conf
                0x0000000001006da0                slist_destroy
                0x0000000001006dfc                slist_destroy_cb
                0x0000000001006e94                slist_add
                0x0000000001006eec                slist_add_first
                0x0000000001006f48                slist_add_last
                0x0000000001006fa0                slist_add_at
                0x0000000001007054                slist_add_all
                0x0000000001007138                slist_add_all_at
                0x0000000001007260                slist_splice
                0x00000000010072b8                slist_splice_at
                0x0000000001007358                slist_remove
                0x000000000100741c                slist_remove_at
                0x00000000010074c0                slist_remove_first
                0x0000000001007520                slist_remove_last
                0x00000000010075c4                slist_remove_all
                0x0000000001007620                slist_remove_all_cb
                0x00000000010076b8                slist_replace_at
                0x0000000001007704                slist_get_first
                0x0000000001007724                slist_get_last
                0x0000000001007744                slist_get_at
                0x0000000001007788                slist_size
                0x0000000001007790                slist_reverse
                0x00000000010077d4                slist_sublist
                0x00000000010079ac                slist_copy_shallow
                0x0000000001007ad0                slist_copy_deep
                0x0000000001007bfc                slist_contains
                0x0000000001007c30                slist_contains_value
                0x0000000001007c80                slist_index_of
                0x0000000001007cd0                slist_to_array
                0x0000000001007d34                slist_sort
                0x0000000001007de8                slist_foreach
                0x0000000001007e14                slist_filter
                0x0000000001007ee8                slist_filter_mut
                0x0000000001007f70                slist_iter_init
                0x0000000001007f8c                slist_iter_remove
                0x0000000001008018                slist_iter_add
                0x0000000001008088                slist_iter_replace
                0x00000000010080b4                slist_iter_next
                0x0000000001008104                slist_iter_index
                0x0000000001008110                slist_zip_iter_init
                0x0000000001008140                slist_zip_iter_next
                0x00000000010081bc                slist_zip_iter_add
                0x0000000001008290                slist_zip_iter_remove
                0x000000000100836c                slist_zip_iter_replace
                0x00000000010083bc                slist_zip_iter_index
 .text          0x00000000010083c8      0x194 ./src/Collections-C/src/stack.o
                0x00000000010083c8                stack_conf_init
                0x00000000010083cc                stack_new
                0x0000000001008454                stack_new_conf
                0x00000000010084d4                stack_destroy
                0x00000000010084f4                stack_destroy_cb
                0x0000000001008510                stack_push
                0x0000000001008518                stack_peek
                0x0000000001008520                stack_pop
                0x0000000001008528                stack_size
                0x0000000001008530                stack_map
                0x0000000001008538                stack_iter_init
                0x0000000001008540                stack_iter_next
                0x0000000001008544                stack_iter_replace
                0x0000000001008548                stack_zip_iter_init
                0x0000000001008554                stack_zip_iter_next
                0x0000000001008558                stack_zip_iter_replace
 .text          0x000000000100855c      0x22c ./src/Collections-C/src/treeset.o
                0x000000000100855c                treeset_conf_init
                0x0000000001008560                treeset_new
                0x00000000010085f4                treeset_new_conf
                0x000000000100867c                treeset_destroy
                0x000000000100869c                treeset_add
                0x00000000010086a4                treeset_remove
                0x00000000010086c0                treeset_remove_all
                0x00000000010086c8                treeset_get_first
                0x00000000010086e4                treeset_get_last
                0x0000000001008700                treeset_get_greater_than
                0x000000000100871c                treeset_get_lesser_than
                0x0000000001008738                treeset_contains
                0x0000000001008740                treeset_size
                0x0000000001008748                treeset_foreach
                0x0000000001008750                treeset_iter_init
                0x0000000001008758                treeset_iter_next
                0x0000000001008784                treeset_iter_remove
 .text          0x0000000001008788     0x1ec0 ./src/Collections-C/src/treetable.o
                0x0000000001008d08                treetable_conf_init
                0x0000000001008d30                treetable_new
                0x0000000001008dc4                treetable_new_conf
                0x0000000001008e5c                treetable_destroy
                0x0000000001009470                treetable_get
                0x00000000010094ec                treetable_get_first_value
                0x0000000001009520                treetable_get_last_value
                0x0000000001009554                treetable_get_first_key
                0x0000000001009588                treetable_get_last_key
                0x00000000010095bc                treetable_get_greater_than
                0x00000000010096b4                treetable_get_lesser_than
                0x00000000010097a8                treetable_size
                0x00000000010097b0                treetable_contains_key
                0x0000000001009824                treetable_contains_value
                0x00000000010098dc                treetable_add
                0x0000000001009bd8                treetable_remove
                0x0000000001009c68                treetable_remove_first
                0x0000000001009cb4                treetable_remove_last
                0x0000000001009cec                treetable_remove_all
                0x000000000100a2f4                treetable_foreach_key
                0x000000000100a3a0                treetable_foreach_value
                0x000000000100a44c                treetable_iter_init
                0x000000000100a47c                treetable_iter_next
                0x000000000100a520                treetable_iter_remove
                0x000000000100a564                treetable_assert_rb_rules
 .text          0x000000000100a648        0x0 ./src/acq_hacks.o
 .text          0x000000000100a648     0x2804 ./src/acquire.o
                0x000000000100a648                _acq_irq_fifo_gen_rst
                0x000000000100a7cc                _acq_irq_error_dma
                0x000000000100a850                _acq_reset_PL_fifo
                0x000000000100a87c                _acq_reset_trigger
                0x000000000100a8a8                _acq_wait_for_ndone
                0x000000000100a8c0                _acq_fast_dma_start
                0x000000000100a8e8                _acq_core_dma_start
                0x000000000100a940                acq_write_training
                0x000000000100a9f8                acq_init
                0x000000000100abbc                acq_get_next_alloc
                0x000000000100ac74                acq_append_next_alloc
                0x000000000100adac                acq_free_all_alloc_core
                0x000000000100ae10                acq_free_all_alloc
                0x000000000100af08                acq_rewind
                0x000000000100af74                acq_swap
                0x000000000100b040                acq_prepare_triggered
                0x000000000100b5b8                acq_start
                0x000000000100b724                acq_stop
                0x000000000100b794                acq_abort_done
                0x000000000100b7b4                acq_is_done
                0x000000000100b7d0                acq_make_status
                0x000000000100b870                acq_debug_dump
                0x000000000100bf08                _acq_irq_rx_handler
                0x000000000100c6c4                acq_debug_dump_waveraw
                0x000000000100c764                acq_get_ll_pointer
                0x000000000100c81c                acq_next_ll_pointer
                0x000000000100c878                acq_debug_dump_wave
                0x000000000100cb48                acq_copy_slow_mipi
                0x000000000100ccf8                acq_dma_address_helper
                0x000000000100cdc4                acq_get_wave_size_bytes
                0x000000000100cdf4                acq_get_wave_bit_depth
                0x000000000100ce24                acq_get_wave_bit_packed_depth
 *fill*         0x000000000100ce4c        0x4 
 .text          0x000000000100ce50      0x6d0 ./src/clkwiz_interface.o
                0x000000000100ce50                clkwiz_init
                0x000000000100cf24                clkwiz_change_mipi_freq
                0x000000000100d214                clkwiz_dump_state
                0x000000000100d48c                clkwiz_commit
 .text          0x000000000100d520      0x328 ./src/fabric_config.o
                0x000000000100d520                fabcfg_dump_state
                0x000000000100d6e4                fabcfg_init
 .text          0x000000000100d848      0xee8 ./src/hal.o
                0x000000000100d848                irq_xscutimer
                0x000000000100dad0                d_xilinx_assert
                0x000000000100dae8                bogo_calibrate
                0x000000000100dc9c                bogo_delay
                0x000000000100dd00                d_printf
                0x000000000100ded8                hal_init
                0x000000000100e3ec                d_waitkey
                0x000000000100e3f8                d_iskeypress
                0x000000000100e418                d_getkey
                0x000000000100e438                d_read_global_timer
                0x000000000100e460                d_start_timing
                0x000000000100e4d0                d_stop_timing
                0x000000000100e560                d_read_timing
                0x000000000100e5bc                d_read_timing_us
                0x000000000100e638                d_dump_timing
                0x000000000100e6f0                d_dump_timing_ex
 .text          0x000000000100e730        0x0 ./src/main.o
 .text          0x000000000100e730     0x18cc ./src/mipi_csi.o
                0x000000000100e730                mipi_csi_init
                0x000000000100e904                mipi_csi_set_datatype_and_frame_wct
                0x000000000100e970                mipi_csi_alloc_item
                0x000000000100e9e0                mipi_csi_free_item
                0x000000000100ea40                mipi_csi_queue_buffer
                0x000000000100eb64                mipi_csi_queue_waverange
                0x000000000100ec98                mipi_csi_queue_all_waves
                0x000000000100ed78                mipi_csi_setup_bdring_and_bd
                0x000000000100ee7c                mipi_csi_generate_sg_list_for_buffer_range
                0x000000000100f220                mipi_csi_generate_sg_list_for_waves
                0x000000000100f7a0                mipi_csi_send_fifo_reset
                0x000000000100f7d0                mipi_csi_send_sof
                0x000000000100f8a0                mipi_csi_send_eof
                0x000000000100f93c                mipi_csi_transfer_packet
                0x000000000100fa98                mipi_csi_clear_queue
                0x000000000100fafc                mipi_csi_unpop_and_start
                0x000000000100fb2c                mipi_csi_unpop_and_start_all
                0x000000000100fb58                mipi_csi_stop
                0x000000000100fbf8                mipi_csi_get_status
                0x000000000100fc74                mipi_csi_get_size_report
                0x000000000100fcc4                mipi_csi_process_queue_item
                0x000000000100fe64                mipi_csi_tick
 .text          0x000000000100fffc       0x14 ./src/platform.o
                0x000000000100fffc                enable_caches
                0x0000000001010000                disable_caches
                0x0000000001010004                init_uart
                0x0000000001010008                init_platform
                0x000000000101000c                cleanup_platform
 .text          0x0000000001010010     0x13a0 ./src/spi.o
                0x0000000001010010                spi_isr_handler
                0x00000000010103bc                spi_init
                0x00000000010107f8                spi_reset_hw
                0x000000000101082c                spi_crc_lut_gen
                0x00000000010108b4                spi_command_lut_gen
                0x000000000101097c                spi_transmit_packet_nonblock
                0x0000000001010acc                spi_command_find_free_slot
                0x0000000001010b14                spi_command_count_allocated
                0x0000000001010b40                spi_command_pack_response_simple
                0x0000000001010bd0                spi_command_pack_response_pre_alloc
                0x0000000001010c34                spi_command_tick
 .text          0x00000000010113b0      0x3ec ./src/spi_commands.o
                0x00000000010113b0                spicmd_csi_setup_wave_range
                0x00000000010113b4                spicmd_hello
                0x00000000010113ec                spicmd_version
                0x00000000010113fc                spicmd_stats
                0x0000000001011464                spicmd_acq_setup_trigd
                0x00000000010114dc                spicmd_acq_start
                0x0000000001011508                spicmd_acq_stop
                0x000000000101152c                spicmd_acq_rewind
                0x0000000001011530                spicmd_acq_status
                0x000000000101155c                spicmd_trig_configure_edge
                0x0000000001011588                spicmd_trig_configure_always
                0x000000000101158c                spicmd_trig_force
                0x0000000001011590                spicmd_trig_arm
                0x0000000001011594                spicmd_trig_disarm
                0x0000000001011598                spicmd_csi_setup_addr_range
                0x00000000010115ac                spicmd_csi_set_params_queue
                0x00000000010115c0                spicmd_csi_stream_clear_queue
                0x00000000010115c4                spicmd_csi_stream_unpop_start
                0x00000000010115c8                spicmd_csi_stream_stop
                0x00000000010115cc                spicmd_csi_status
                0x00000000010115f8                spicmd_comp0
                0x0000000001011770                spicmd_csi_setup_testpatt
                0x000000000101178c                spicmd_csi_setup_trigpos_all
                0x0000000001011790                spicmd_csi_setup_bitpack_wave
                0x0000000001011794                spicmd_csi_setup_wave_all
                0x0000000001011798                spicmd_csi_setup_trigpos_range
 *fill*         0x000000000101179c        0x4 
 .text          0x00000000010117a0      0x338 ./src/system_control.o
                0x00000000010117a0                sysctrl_tick_irq
                0x00000000010117f0                sysctrl_init
                0x0000000001011938                sysctrl_led_mode
                0x00000000010119a0                sysctrl_led_tick
                0x0000000001011a2c                sysctrl_xadc_tick
                0x0000000001011a30                sysctrl_main_loop
 .text          0x0000000001011ad8        0x0 ./src/test_patterns.o
 .text          0x0000000001011ad8      0x744 ./src/trigger.o
                0x0000000001011ad8                trig_zero_levels
                0x0000000001011b0c                trig_write_levels
                0x0000000001011c5c                trig_configure_always
                0x0000000001011c9c                trig_configure_edge
                0x0000000001011ee0                trig_configure_holdoff
                0x0000000001011f5c                trig_dump_state
                0x0000000001012108                trig_init
                0x000000000101219c                trig_has_trigd
                0x00000000010121c8                trig_arm
                0x00000000010121e0                trig_disarm
                0x00000000010121f8                trig_force
 .text          0x000000000101221c      0x91c C:\Users\Tom\Documents\Projects\Scopy_MVP_Platform\scopy-fpga\main\ps7_cortexa9_0\standalone_domain\bsp\ps7_cortexa9_0\lib\libxil.a(xaxidma.o)
                0x000000000101221c                XAxiDma_Reset
                0x0000000001012330                XAxiDma_ResetIsDone
                0x000000000101237c                XAxiDma_CfgInitialize
                0x00000000010125b8                XAxiDma_Pause
                0x0000000001012668                XAxiDma_Resume
                0x0000000001012920                XAxiDma_Busy
                0x000000000101293c                XAxiDma_SelectKeyHole
                0x0000000001012964                XAxiDma_SelectCyclicMode
                0x000000000101298c                XAxiDma_SimpleTransfer
 .text          0x0000000001012b38       0x60 C:\Users\Tom\Documents\Projects\Scopy_MVP_Platform\scopy-fpga\main\ps7_cortexa9_0\standalone_domain\bsp\ps7_cortexa9_0\lib\libxil.a(xaxidma_sinit.o)
                0x0000000001012b38                XAxiDma_LookupConfig
                0x0000000001012b68                XAxiDma_LookupConfigBaseAddr
 .text          0x0000000001012b98       0x78 C:\Users\Tom\Documents\Projects\Scopy_MVP_Platform\scopy-fpga\main\ps7_cortexa9_0\standalone_domain\bsp\ps7_cortexa9_0\lib\libxil.a(xaxidma_selftest.o)
                0x0000000001012b98                XAxiDma_Selftest
 .text          0x0000000001012c10      0x2c4 C:\Users\Tom\Documents\Projects\Scopy_MVP_Platform\scopy-fpga\main\ps7_cortexa9_0\standalone_domain\bsp\ps7_cortexa9_0\lib\libxil.a(xaxidma_bd.o)
                0x0000000001012c10                XAxiDma_BdSetLength
                0x0000000001012c64                XAxiDma_BdSetBufAddr
                0x0000000001012cb8                XAxiDma_BdSetBufAddrMicroMode
                0x0000000001012cf0                XAxiDma_BdSetAppWord
                0x0000000001012d50                XAxiDma_BdGetAppWord
                0x0000000001012db4                XAxiDma_BdSetCtrl
                0x0000000001012dcc                XAxiDma_DumpBd
 .text          0x0000000001012ed4      0xfd4 C:\Users\Tom\Documents\Projects\Scopy_MVP_Platform\scopy-fpga\main\ps7_cortexa9_0\standalone_domain\bsp\ps7_cortexa9_0\lib\libxil.a(xaxidma_bdring.o)
                0x0000000001012ed4                XAxiDma_UpdateBdRingCDesc
                0x0000000001013058                XAxiDma_BdRingCreate
                0x0000000001013270                XAxiDma_BdRingClone
                0x00000000010133a8                XAxiDma_StartBdRingHw
                0x00000000010134d4                XAxiDma_BdRingStart
                0x0000000001013528                XAxiDma_BdRingSetCoalesce
                0x000000000101359c                XAxiDma_BdRingGetCoalesce
                0x00000000010135b8                XAxiDma_BdRingAlloc
                0x0000000001013658                XAxiDma_BdRingUnAlloc
                0x0000000001013730                XAxiDma_BdRingToHw
                0x00000000010139d0                XAxiDma_BdRingFromHw
                0x0000000001013b24                XAxiDma_BdRingFree
                0x0000000001013bd8                XAxiDma_BdRingCheck
                0x0000000001013df0                XAxiDma_BdRingDumpRegs
 .text          0x0000000001013ea8        0x0 C:\Users\Tom\Documents\Projects\Scopy_MVP_Platform\scopy-fpga\main\ps7_cortexa9_0\standalone_domain\bsp\ps7_cortexa9_0\lib\libxil.a(xaxidma_g.o)
 .text          0x0000000001013ea8      0x150 C:\Users\Tom\Documents\Projects\Scopy_MVP_Platform\scopy-fpga\main\ps7_cortexa9_0\standalone_domain\bsp\ps7_cortexa9_0\lib\libxil.a(xclk_wiz.o)
                0x0000000001013ed0                XClk_Wiz_CfgInitialize
                0x0000000001013f98                XClk_Wiz_GetInterruptSettings
 .text          0x0000000001013ff8       0x1c C:\Users\Tom\Documents\Projects\Scopy_MVP_Platform\scopy-fpga\main\ps7_cortexa9_0\standalone_domain\bsp\ps7_cortexa9_0\lib\libxil.a(xclk_wiz_sinit.o)
                0x0000000001013ff8                XClk_Wiz_LookupConfig
 .text          0x0000000001014014      0xcd8 C:\Users\Tom\Documents\Projects\Scopy_MVP_Platform\scopy-fpga\main\ps7_cortexa9_0\standalone_domain\bsp\ps7_cortexa9_0\lib\libxil.a(xgpiops.o)
                0x0000000001014014                XGpioPs_CfgInitialize
                0x0000000001014190                XGpioPs_Read
                0x0000000001014244                XGpioPs_Write
                0x00000000010142ec                XGpioPs_SetDirection
                0x0000000001014398                XGpioPs_GetDirection
                0x0000000001014450                XGpioPs_SetOutputEnable
                0x00000000010144fc                XGpioPs_GetOutputEnable
                0x00000000010145b4                XGpioPs_GetBankPin
                0x00000000010146f0                XGpioPs_ReadPin
                0x00000000010147d4                XGpioPs_WritePin
                0x00000000010148d4                XGpioPs_SetDirectionPin
                0x00000000010149f8                XGpioPs_GetDirectionPin
                0x0000000001014ae0                XGpioPs_SetOutputEnablePin
                0x0000000001014c04                XGpioPs_GetOutputEnablePin
 .text          0x0000000001014cec       0x1c C:\Users\Tom\Documents\Projects\Scopy_MVP_Platform\scopy-fpga\main\ps7_cortexa9_0\standalone_domain\bsp\ps7_cortexa9_0\lib\libxil.a(xgpiops_sinit.o)
                0x0000000001014cec                XGpioPs_LookupConfig
 .text          0x0000000001014d08      0xdd4 C:\Users\Tom\Documents\Projects\Scopy_MVP_Platform\scopy-fpga\main\ps7_cortexa9_0\standalone_domain\bsp\ps7_cortexa9_0\lib\libxil.a(xgpiops_intr.o)
                0x0000000001014d08                XGpioPs_IntrEnable
                0x0000000001014db4                XGpioPs_IntrEnablePin
                0x0000000001014e90                XGpioPs_IntrDisable
                0x0000000001014f3c                XGpioPs_IntrDisablePin
                0x0000000001015018                XGpioPs_IntrGetEnabled
                0x00000000010150d4                XGpioPs_IntrGetEnabledPin
                0x00000000010151bc                XGpioPs_IntrGetStatus
                0x0000000001015274                XGpioPs_IntrGetStatusPin
                0x000000000101535c                XGpioPs_IntrClear
                0x0000000001015408                XGpioPs_IntrClearPin
                0x00000000010154e8                XGpioPs_SetIntrType
                0x00000000010155b0                XGpioPs_GetIntrType
                0x0000000001015684                XGpioPs_SetIntrTypePin
                0x0000000001015824                XGpioPs_GetIntrTypePin
                0x0000000001015930                XGpioPs_SetCallbackHandler
                0x00000000010159d0                XGpioPs_IntrHandler
                0x0000000001015ab4                StubHandler
 .text          0x0000000001015adc        0x0 C:\Users\Tom\Documents\Projects\Scopy_MVP_Platform\scopy-fpga\main\ps7_cortexa9_0\standalone_domain\bsp\ps7_cortexa9_0\lib\libxil.a(xgpiops_g.o)
 .text          0x0000000001015adc       0x78 C:\Users\Tom\Documents\Projects\Scopy_MVP_Platform\scopy-fpga\main\ps7_cortexa9_0\standalone_domain\bsp\ps7_cortexa9_0\lib\libxil.a(xscugic_intr.o)
                0x0000000001015adc                XScuGic_InterruptHandler
 .text          0x0000000001015b54      0xaf4 C:\Users\Tom\Documents\Projects\Scopy_MVP_Platform\scopy-fpga\main\ps7_cortexa9_0\standalone_domain\bsp\ps7_cortexa9_0\lib\libxil.a(xscugic.o)
                0x0000000001015ba4                XScuGic_Connect
                0x0000000001015c78                XScuGic_Disconnect
                0x0000000001015d44                XScuGic_SoftwareIntr
                0x0000000001015e28                XScuGic_SetPriorityTriggerType
                0x0000000001015f60                XScuGic_GetPriorityTriggerType
                0x000000000101608c                XScuGic_InterruptMaptoCpu
                0x0000000001016100                XScuGic_Enable
                0x00000000010161d4                XScuGic_InterruptUnmapFromCpu
                0x0000000001016248                XScuGic_Disable
                0x000000000101631c                XScuGic_UnmapAllInterruptsFromCpu
                0x0000000001016398                XScuGic_Stop
                0x0000000001016474                XScuGic_CfgInitialize
                0x00000000010165e8                XScuGic_SetCpuID
                0x0000000001016638                XScuGic_GetCpuID
 .text          0x0000000001016648       0x1c C:\Users\Tom\Documents\Projects\Scopy_MVP_Platform\scopy-fpga\main\ps7_cortexa9_0\standalone_domain\bsp\ps7_cortexa9_0\lib\libxil.a(xscugic_sinit.o)
                0x0000000001016648                XScuGic_LookupConfig
 .text          0x0000000001016664       0xb4 C:\Users\Tom\Documents\Projects\Scopy_MVP_Platform\scopy-fpga\main\ps7_cortexa9_0\standalone_domain\bsp\ps7_cortexa9_0\lib\libxil.a(xscugic_selftest.o)
                0x0000000001016664                XScuGic_SelfTest
 .text          0x0000000001016718      0x2d8 C:\Users\Tom\Documents\Projects\Scopy_MVP_Platform\scopy-fpga\main\ps7_cortexa9_0\standalone_domain\bsp\ps7_cortexa9_0\lib\libxil.a(xscutimer.o)
                0x0000000001016718                XScuTimer_CfgInitialize
                0x00000000010167c8                XScuTimer_Start
                0x0000000001016858                XScuTimer_Stop
                0x00000000010168e0                XScuTimer_SetPrescaler
                0x0000000001016968                XScuTimer_GetPrescaler
 .text          0x00000000010169f0       0xbc C:\Users\Tom\Documents\Projects\Scopy_MVP_Platform\scopy-fpga\main\ps7_cortexa9_0\standalone_domain\bsp\ps7_cortexa9_0\lib\libxil.a(xscutimer_selftest.o)
                0x00000000010169f0                XScuTimer_SelfTest
 .text          0x0000000001016aac       0x1c C:\Users\Tom\Documents\Projects\Scopy_MVP_Platform\scopy-fpga\main\ps7_cortexa9_0\standalone_domain\bsp\ps7_cortexa9_0\lib\libxil.a(xscutimer_sinit.o)
                0x0000000001016aac                XScuTimer_LookupConfig
 .text          0x0000000001016ac8        0x0 C:\Users\Tom\Documents\Projects\Scopy_MVP_Platform\scopy-fpga\main\ps7_cortexa9_0\standalone_domain\bsp\ps7_cortexa9_0\lib\libxil.a(xscutimer_g.o)
 .text          0x0000000001016ac8      0xaf0 C:\Users\Tom\Documents\Projects\Scopy_MVP_Platform\scopy-fpga\main\ps7_cortexa9_0\standalone_domain\bsp\ps7_cortexa9_0\lib\libxil.a(xspips.o)
                0x0000000001016af0                XSpiPs_Transfer
                0x0000000001016cd0                XSpiPs_PolledTransfer
                0x0000000001016f54                XSpiPs_SetSlaveSelect
                0x0000000001017034                XSpiPs_GetSlaveSelect
                0x00000000010170dc                XSpiPs_SetStatusHandler
                0x000000000101717c                XSpiPs_Abort
                0x00000000010171d8                XSpiPs_Reset
                0x000000000101725c                XSpiPs_CfgInitialize
                0x000000000101732c                XSpiPs_InterruptHandler
 .text          0x00000000010175b8       0x1c C:\Users\Tom\Documents\Projects\Scopy_MVP_Platform\scopy-fpga\main\ps7_cortexa9_0\standalone_domain\bsp\ps7_cortexa9_0\lib\libxil.a(xspips_sinit.o)
                0x00000000010175b8                XSpiPs_LookupConfig
 .text          0x00000000010175d4        0x0 C:\Users\Tom\Documents\Projects\Scopy_MVP_Platform\scopy-fpga\main\ps7_cortexa9_0\standalone_domain\bsp\ps7_cortexa9_0\lib\libxil.a(xspips_g.o)
 .text          0x00000000010175d4      0x16c C:\Users\Tom\Documents\Projects\Scopy_MVP_Platform\scopy-fpga\main\ps7_cortexa9_0\standalone_domain\bsp\ps7_cortexa9_0\lib\libxil.a(xspips_selftest.o)
                0x00000000010175d4                XSpiPs_SelfTest
 .text          0x0000000001017740       0x70 C:\Users\Tom\Documents\Projects\Scopy_MVP_Platform\scopy-fpga\main\ps7_cortexa9_0\standalone_domain\bsp\ps7_cortexa9_0\lib\libxil.a(xil_assert.o)
                0x0000000001017740                Xil_Assert
                0x000000000101779c                Xil_AssertSetCallback
                0x00000000010177ac                XNullHandler
 .text          0x00000000010177b0       0x28 C:\Users\Tom\Documents\Projects\Scopy_MVP_Platform\scopy-fpga\main\ps7_cortexa9_0\standalone_domain\bsp\ps7_cortexa9_0\lib\libxil.a(print.o)
                0x00000000010177b0                print
 .text          0x00000000010177d8      0x96c C:\Users\Tom\Documents\Projects\Scopy_MVP_Platform\scopy-fpga\main\ps7_cortexa9_0\standalone_domain\bsp\ps7_cortexa9_0\lib\libxil.a(xil_cache.o)
                0x00000000010177d8                Xil_DCacheInvalidateLine
                0x0000000001017810                Xil_DCacheInvalidateRange
                0x00000000010178f8                Xil_DCacheFlushLine
                0x0000000001017944                Xil_DCacheFlushRange
                0x0000000001017998                Xil_DCacheStoreLine
                0x00000000010179d0                Xil_ICacheInvalidateLine
                0x0000000001017a08                Xil_ICacheInvalidateRange
                0x0000000001017a60                Xil_L1DCacheInvalidate
                0x0000000001017b14                Xil_L1DCacheEnable
                0x0000000001017b34                Xil_L1DCacheInvalidateLine
                0x0000000001017b4c                Xil_L1DCacheInvalidateRange
                0x0000000001017b94                Xil_L1DCacheFlush
                0x0000000001017c20                Xil_L1DCacheDisable
                0x0000000001017c38                Xil_DCacheFlush
                0x0000000001017c94                Xil_L1DCacheFlushLine
                0x0000000001017cac                Xil_L1DCacheFlushRange
                0x0000000001017cf4                Xil_L1DCacheStoreLine
                0x0000000001017d0c                Xil_L1ICacheEnable
                0x0000000001017d28                Xil_L1ICacheDisable
                0x0000000001017d44                Xil_L1ICacheInvalidate
                0x0000000001017d5c                Xil_L1ICacheInvalidateLine
                0x0000000001017d74                Xil_L1ICacheInvalidateRange
                0x0000000001017dbc                Xil_L2CacheDisable
                0x0000000001017e30                Xil_DCacheDisable
                0x0000000001017e4c                Xil_ICacheDisable
                0x0000000001017e70                Xil_L2CacheInvalidate
                0x0000000001017edc                Xil_DCacheInvalidate
                0x0000000001017efc                Xil_ICacheInvalidate
                0x0000000001017f84                Xil_L2CacheEnable
                0x0000000001017f9c                Xil_DCacheEnable
                0x0000000001017fc0                Xil_ICacheEnable
                0x0000000001017ff0                Xil_L2CacheInvalidateLine
                0x0000000001018004                Xil_L2CacheInvalidateRange
                0x000000000101806c                Xil_L2CacheFlush
                0x00000000010180b0                Xil_L2CacheFlushLine
                0x00000000010180c8                Xil_L2CacheFlushRange
                0x0000000001018130                Xil_L2CacheStoreLine
 .text          0x0000000001018144       0x10 C:\Users\Tom\Documents\Projects\Scopy_MVP_Platform\scopy-fpga\main\ps7_cortexa9_0\standalone_domain\bsp\ps7_cortexa9_0\lib\libxil.a(outbyte.o)
                0x0000000001018144                outbyte
 .text          0x0000000001018154        0x8 C:\Users\Tom\Documents\Projects\Scopy_MVP_Platform\scopy-fpga\main\ps7_cortexa9_0\standalone_domain\bsp\ps7_cortexa9_0\lib\libxil.a(xplatform_info.o)
                0x0000000001018154                XGetPlatform_Info
 .text          0x000000000101815c      0x6c0 C:\Users\Tom\Documents\Projects\Scopy_MVP_Platform\scopy-fpga\main\ps7_cortexa9_0\standalone_domain\bsp\ps7_cortexa9_0\lib\libxil.a(xil_printf.o)
                0x0000000001018390                xil_printf
 .text          0x000000000101881c       0xe4 C:\Users\Tom\Documents\Projects\Scopy_MVP_Platform\scopy-fpga\main\ps7_cortexa9_0\standalone_domain\bsp\ps7_cortexa9_0\lib\libxil.a(xil_exception.o)
                0x0000000001018820                Xil_DataAbortHandler
                0x0000000001018850                Xil_PrefetchAbortHandler
                0x0000000001018880                Xil_UndefinedExceptionHandler
                0x00000000010188a0                Xil_ExceptionInit
                0x00000000010188a4                Xil_ExceptionRegisterHandler
                0x00000000010188bc                Xil_GetExceptionRegisterHandler
                0x00000000010188dc                Xil_ExceptionRemoveHandler
 .text          0x0000000001018900        0x0 C:\Users\Tom\Documents\Projects\Scopy_MVP_Platform\scopy-fpga\main\ps7_cortexa9_0\standalone_domain\bsp\ps7_cortexa9_0\lib\libxil.a(asm_vectors.o)
 .text          0x0000000001018900      0x5d4 C:\Users\Tom\Documents\Projects\Scopy_MVP_Platform\scopy-fpga\main\ps7_cortexa9_0\standalone_domain\bsp\ps7_cortexa9_0\lib\libxil.a(xttcps.o)
                0x0000000001018928                XTtcPs_CfgInitialize
                0x0000000001018a44                XTtcPs_SetMatchValue
                0x0000000001018af0                XTtcPs_GetMatchValue
                0x0000000001018bac                XTtcPs_SetPrescaler
                0x0000000001018c5c                XTtcPs_GetPrescaler
                0x0000000001018cf4                XTtcPs_CalcIntervalFromFreq
                0x0000000001018dd4                XTtcPs_InterruptHandler
                0x0000000001018e34                XTtcPs_SetStatusHandler
 .text          0x0000000001018ed4       0x40 C:\Users\Tom\Documents\Projects\Scopy_MVP_Platform\scopy-fpga\main\ps7_cortexa9_0\standalone_domain\bsp\ps7_cortexa9_0\lib\libxil.a(xttcps_sinit.o)
                0x0000000001018ed4                XTtcPs_LookupConfig
 .text          0x0000000001018f14        0x0 C:\Users\Tom\Documents\Projects\Scopy_MVP_Platform\scopy-fpga\main\ps7_cortexa9_0\standalone_domain\bsp\ps7_cortexa9_0\lib\libxil.a(xttcps_g.o)
 .text          0x0000000001018f14      0x1ac C:\Users\Tom\Documents\Projects\Scopy_MVP_Platform\scopy-fpga\main\ps7_cortexa9_0\standalone_domain\bsp\ps7_cortexa9_0\lib\libxil.a(xttcps_options.o)
                0x0000000001018f14                XTtcPs_SetOptions
                0x0000000001019008                XTtcPs_GetOptions
 .text          0x00000000010190c0       0x88 C:\Users\Tom\Documents\Projects\Scopy_MVP_Platform\scopy-fpga\main\ps7_cortexa9_0\standalone_domain\bsp\ps7_cortexa9_0\lib\libxil.a(xuartps_hw.o)
                0x00000000010190c0                XUartPs_SendByte
                0x00000000010190d8                XUartPs_RecvByte
                0x00000000010190f4                XUartPs_ResetHw
 .text          0x0000000001019148        0x0 C:\Users\Tom\Documents\Projects\Scopy_MVP_Platform\scopy-fpga\main\ps7_cortexa9_0\standalone_domain\bsp\ps7_cortexa9_0\lib\libxil.a(xclk_wiz_g.o)
 .text          0x0000000001019148        0x0 C:\Users\Tom\Documents\Projects\Scopy_MVP_Platform\scopy-fpga\main\ps7_cortexa9_0\standalone_domain\bsp\ps7_cortexa9_0\lib\libxil.a(xscugic_g.o)
 .text          0x0000000001019148      0x448 C:\Users\Tom\Documents\Projects\Scopy_MVP_Platform\scopy-fpga\main\ps7_cortexa9_0\standalone_domain\bsp\ps7_cortexa9_0\lib\libxil.a(xspips_options.o)
                0x0000000001019148                XSpiPs_SetOptions
                0x000000000101924c                XSpiPs_GetOptions
                0x0000000001019300                XSpiPs_SetClkPrescaler
                0x00000000010193c0                XSpiPs_GetClkPrescaler
                0x0000000001019448                XSpiPs_SetDelays
                0x00000000010194f4                XSpiPs_GetDelays
 .text          0x0000000001019590       0x78 C:\Users\Tom\Documents\Projects\Scopy_MVP_Platform\scopy-fpga\main\ps7_cortexa9_0\standalone_domain\bsp\ps7_cortexa9_0\lib\libxil.a(vectors.o)
                0x0000000001019590                FIQInterrupt
                0x00000000010195a4                IRQInterrupt
                0x00000000010195b8                UndefinedException
                0x00000000010195cc                SWInterrupt
                0x00000000010195e0                DataAbortInterrupt
                0x00000000010195f4                PrefetchAbortInterrupt
 .text          0x0000000001019608        0x0 C:\Users\Tom\Documents\Projects\Scopy_MVP_Platform\scopy-fpga\main\ps7_cortexa9_0\standalone_domain\bsp\ps7_cortexa9_0\lib\libxil.a(boot.o)
 .text          0x0000000001019608       0x78 C:\Users\Tom\Documents\Projects\Scopy_MVP_Platform\scopy-fpga\main\ps7_cortexa9_0\standalone_domain\bsp\ps7_cortexa9_0\lib\libxil.a(xil-crt0.o)
                0x000000000101961c                _start
 .text          0x0000000001019680        0x0 C:\Users\Tom\Documents\Projects\Scopy_MVP_Platform\scopy-fpga\main\ps7_cortexa9_0\standalone_domain\bsp\ps7_cortexa9_0\lib\libxil.a(translation_table.o)
 .text          0x0000000001019680       0x3c C:\Users\Tom\Documents\Projects\Scopy_MVP_Platform\scopy-fpga\main\ps7_cortexa9_0\standalone_domain\bsp\ps7_cortexa9_0\lib\libxil.a(cpu_init.o)
                0x0000000001019680                __cpu_init
 .text          0x00000000010196bc       0x4c C:\Users\Tom\Documents\Projects\Scopy_MVP_Platform\scopy-fpga\main\ps7_cortexa9_0\standalone_domain\bsp\ps7_cortexa9_0\lib\libxil.a(xtime_l.o)
                0x00000000010196bc                XTime_SetTime
                0x00000000010196e0                XTime_GetTime
 .text          0x0000000001019708      0x278 g:/xilinx/vitis/2019.2/gnu/aarch32/nt/gcc-arm-none-eabi/bin/../lib/gcc/arm-none-eabi/8.2.0/thumb/v7-a+fp/hard\libgcc.a(_udivsi3.o)
                0x0000000001019708                __aeabi_uidiv
                0x0000000001019708                __udivsi3
                0x0000000001019964                __aeabi_uidivmod
 .text          0x0000000001019980      0x2b0 g:/xilinx/vitis/2019.2/gnu/aarch32/nt/gcc-arm-none-eabi/bin/../lib/gcc/arm-none-eabi/8.2.0/thumb/v7-a+fp/hard\libgcc.a(_divsi3.o)
                0x0000000001019980                __divsi3
                0x0000000001019980                __aeabi_idiv
                0x0000000001019c14                __aeabi_idivmod
 .text          0x0000000001019c30        0x4 g:/xilinx/vitis/2019.2/gnu/aarch32/nt/gcc-arm-none-eabi/bin/../lib/gcc/arm-none-eabi/8.2.0/thumb/v7-a+fp/hard\libgcc.a(_dvmd_tls.o)
                0x0000000001019c30                __aeabi_idiv0
                0x0000000001019c30                __aeabi_ldiv0
 .text          0x0000000001019c34      0x378 g:/xilinx/vitis/2019.2/gnu/aarch32/nt/gcc-arm-none-eabi/bin/../lib/gcc/arm-none-eabi/8.2.0/thumb/v7-a+fp/hard\libgcc.a(_arm_addsubdf3.o)
                0x0000000001019c34                __aeabi_drsub
                0x0000000001019c3c                __aeabi_dsub
                0x0000000001019c3c                __subdf3
                0x0000000001019c40                __aeabi_dadd
                0x0000000001019c40                __adddf3
                0x0000000001019eb8                __floatunsidf
                0x0000000001019eb8                __aeabi_ui2d
                0x0000000001019ed8                __floatsidf
                0x0000000001019ed8                __aeabi_i2d
                0x0000000001019efc                __aeabi_f2d
                0x0000000001019efc                __extendsfdf2
                0x0000000001019f40                __floatundidf
                0x0000000001019f40                __aeabi_ul2d
                0x0000000001019f50                __floatdidf
                0x0000000001019f50                __aeabi_l2d
 .text          0x0000000001019fac      0x21c g:/xilinx/vitis/2019.2/gnu/aarch32/nt/gcc-arm-none-eabi/bin/../lib/gcc/arm-none-eabi/8.2.0/thumb/v7-a+fp/hard\libgcc.a(_arm_addsubsf3.o)
                0x0000000001019fac                __aeabi_frsub
                0x0000000001019fb4                __subsf3
                0x0000000001019fb4                __aeabi_fsub
                0x0000000001019fb8                __aeabi_fadd
                0x0000000001019fb8                __addsf3
                0x000000000101a118                __aeabi_ui2f
                0x000000000101a118                __floatunsisf
                0x000000000101a120                __aeabi_i2f
                0x000000000101a120                __floatsisf
                0x000000000101a13c                __aeabi_ul2f
                0x000000000101a13c                __floatundisf
                0x000000000101a14c                __aeabi_l2f
                0x000000000101a14c                __floatdisf
 .text          0x000000000101a1c8       0x30 g:/xilinx/vitis/2019.2/gnu/aarch32/nt/gcc-arm-none-eabi/bin/../lib/gcc/arm-none-eabi/8.2.0/thumb/v7-a+fp/hard\libgcc.a(_aeabi_uldivmod.o)
                0x000000000101a1c8                __aeabi_uldivmod
 .text          0x000000000101a1f8       0x28 g:/xilinx/vitis/2019.2/gnu/aarch32/nt/gcc-arm-none-eabi/bin/../lib/gcc/arm-none-eabi/8.2.0/thumb/v7-a+fp/hard\libgcc.a(_popcountsi2.o)
                0x000000000101a1f8                __popcountsi2
 .text          0x000000000101a220       0x40 g:/xilinx/vitis/2019.2/gnu/aarch32/nt/gcc-arm-none-eabi/bin/../lib/gcc/arm-none-eabi/8.2.0/thumb/v7-a+fp/hard\libgcc.a(_fixunssfdi.o)
                0x000000000101a220                __fixunssfdi
                0x000000000101a220                __aeabi_f2ulz
 .text          0x000000000101a260       0x40 g:/xilinx/vitis/2019.2/gnu/aarch32/nt/gcc-arm-none-eabi/bin/../lib/gcc/arm-none-eabi/8.2.0/thumb/v7-a+fp/hard\libgcc.a(_fixunsdfdi.o)
                0x000000000101a260                __fixunsdfdi
                0x000000000101a260                __aeabi_d2ulz
 .text          0x000000000101a2a0      0x118 g:/xilinx/vitis/2019.2/gnu/aarch32/nt/gcc-arm-none-eabi/bin/../lib/gcc/arm-none-eabi/8.2.0/thumb/v7-a+fp/hard\libgcc.a(_udivmoddi4.o)
                0x000000000101a2a0                __udivmoddi4
 .text          0x000000000101a3b8       0x14 g:/xilinx/vitis/2019.2/gnu/aarch32/nt/gcc-arm-none-eabi/bin/../arm-none-eabi/libc/usr/lib/thumb/v7-a+fp/hard\libc.a(lib_a-calloc.o)
                0x000000000101a3b8                calloc
 .text          0x000000000101a3cc       0x64 g:/xilinx/vitis/2019.2/gnu/aarch32/nt/gcc-arm-none-eabi/bin/../arm-none-eabi/libc/usr/lib/thumb/v7-a+fp/hard\libc.a(lib_a-callocr.o)
                0x000000000101a3cc                _calloc_r
 .text          0x000000000101a430       0x20 g:/xilinx/vitis/2019.2/gnu/aarch32/nt/gcc-arm-none-eabi/bin/../arm-none-eabi/libc/usr/lib/thumb/v7-a+fp/hard\libc.a(lib_a-exit.o)
                0x000000000101a430                exit
 .text          0x000000000101a450       0x30 g:/xilinx/vitis/2019.2/gnu/aarch32/nt/gcc-arm-none-eabi/bin/../arm-none-eabi/libc/usr/lib/thumb/v7-a+fp/hard\libc.a(lib_a-fini.o)
                0x000000000101a450                __libc_fini_array
 .text          0x000000000101a480        0x0 g:/xilinx/vitis/2019.2/gnu/aarch32/nt/gcc-arm-none-eabi/bin/../arm-none-eabi/libc/usr/lib/thumb/v7-a+fp/hard\libc.a(lib_a-impure.o)
 .text          0x000000000101a480       0x50 g:/xilinx/vitis/2019.2/gnu/aarch32/nt/gcc-arm-none-eabi/bin/../arm-none-eabi/libc/usr/lib/thumb/v7-a+fp/hard\libc.a(lib_a-init.o)
                0x000000000101a480                __libc_init_array
 .text          0x000000000101a4d0      0x9e0 g:/xilinx/vitis/2019.2/gnu/aarch32/nt/gcc-arm-none-eabi/bin/../arm-none-eabi/libc/usr/lib/thumb/v7-a+fp/hard\libc.a(lib_a-locale.o)
                0x000000000101a53c                __loadlocale
                0x000000000101abbc                __get_locale_env
                0x000000000101ac10                _setlocale_r
                0x000000000101ae54                __locale_mb_cur_max
                0x000000000101ae74                __locale_ctype_ptr_l
                0x000000000101ae7c                __locale_ctype_ptr
                0x000000000101ae9c                setlocale
 .text          0x000000000101aeb0       0x14 g:/xilinx/vitis/2019.2/gnu/aarch32/nt/gcc-arm-none-eabi/bin/../arm-none-eabi/libc/usr/lib/thumb/v7-a+fp/hard\libc.a(lib_a-malign.o)
                0x000000000101aeb0                memalign
 .text          0x000000000101aec4       0xf4 g:/xilinx/vitis/2019.2/gnu/aarch32/nt/gcc-arm-none-eabi/bin/../arm-none-eabi/libc/usr/lib/thumb/v7-a+fp/hard\libc.a(lib_a-malignr.o)
                0x000000000101aec4                _memalign_r
 .text          0x000000000101afb8       0x20 g:/xilinx/vitis/2019.2/gnu/aarch32/nt/gcc-arm-none-eabi/bin/../arm-none-eabi/libc/usr/lib/thumb/v7-a+fp/hard\libc.a(lib_a-malloc.o)
                0x000000000101afb8                malloc
                0x000000000101afc8                free
 .text          0x000000000101afd8      0x564 g:/xilinx/vitis/2019.2/gnu/aarch32/nt/gcc-arm-none-eabi/bin/../arm-none-eabi/libc/usr/lib/thumb/v7-a+fp/hard\libc.a(lib_a-mallocr.o)
                0x000000000101afd8                _malloc_r
 .text          0x000000000101b53c      0x4b8 g:/xilinx/vitis/2019.2/gnu/aarch32/nt/gcc-arm-none-eabi/bin/../arm-none-eabi/libc/usr/lib/thumb/v7-a+fp/hard\libc.a(lib_a-mbtowc_r.o)
                0x000000000101b53c                _mbtowc_r
                0x000000000101b564                __ascii_mbtowc
                0x000000000101b588                __utf8_mbtowc
                0x000000000101b790                __sjis_mbtowc
                0x000000000101b814                __eucjp_mbtowc
                0x000000000101b8cc                __jis_mbtowc
 *fill*         0x000000000101b9f4        0xc 
 .text          0x000000000101ba00      0x5e0 g:/xilinx/vitis/2019.2/gnu/aarch32/nt/gcc-arm-none-eabi/bin/../arm-none-eabi/libc/usr/lib/thumb/v7-a+fp/hard\libc.a(lib_a-memcpy.o)
                0x000000000101ba00                memcpy
 .text          0x000000000101bfe0       0xd0 g:/xilinx/vitis/2019.2/gnu/aarch32/nt/gcc-arm-none-eabi/bin/../arm-none-eabi/libc/usr/lib/thumb/v7-a+fp/hard\libc.a(lib_a-memmove.o)
                0x000000000101bfe0                memmove
 .text          0x000000000101c0b0       0xa0 g:/xilinx/vitis/2019.2/gnu/aarch32/nt/gcc-arm-none-eabi/bin/../arm-none-eabi/libc/usr/lib/thumb/v7-a+fp/hard\libc.a(lib_a-memset.o)
                0x000000000101c0b0                memset
 .text          0x000000000101c150        0x8 g:/xilinx/vitis/2019.2/gnu/aarch32/nt/gcc-arm-none-eabi/bin/../arm-none-eabi/libc/usr/lib/thumb/v7-a+fp/hard\libc.a(lib_a-mlock.o)
                0x000000000101c150                __malloc_lock
                0x000000000101c154                __malloc_unlock
 .text          0x000000000101c158       0x4c g:/xilinx/vitis/2019.2/gnu/aarch32/nt/gcc-arm-none-eabi/bin/../arm-none-eabi/libc/usr/lib/thumb/v7-a+fp/hard\libc.a(lib_a-printf.o)
                0x000000000101c158                _printf_r
                0x000000000101c178                printf
 .text          0x000000000101c1a4       0x78 g:/xilinx/vitis/2019.2/gnu/aarch32/nt/gcc-arm-none-eabi/bin/../arm-none-eabi/libc/usr/lib/thumb/v7-a+fp/hard\libc.a(lib_a-puts.o)
                0x000000000101c1a4                _puts_r
                0x000000000101c20c                puts
 .text          0x000000000101c21c      0x5b4 g:/xilinx/vitis/2019.2/gnu/aarch32/nt/gcc-arm-none-eabi/bin/../arm-none-eabi/libc/usr/lib/thumb/v7-a+fp/hard\libc.a(lib_a-qsort.o)
                0x000000000101c21c                qsort
 .text          0x000000000101c7d0       0x28 g:/xilinx/vitis/2019.2/gnu/aarch32/nt/gcc-arm-none-eabi/bin/../arm-none-eabi/libc/usr/lib/thumb/v7-a+fp/hard\libc.a(lib_a-sbrkr.o)
                0x000000000101c7d0                _sbrk_r
 .text          0x000000000101c7f8      0x114 g:/xilinx/vitis/2019.2/gnu/aarch32/nt/gcc-arm-none-eabi/bin/../arm-none-eabi/libc/usr/lib/thumb/v7-a+fp/hard\libc.a(lib_a-snprintf.o)
                0x000000000101c7f8                _snprintf_r
                0x000000000101c87c                snprintf
 .text          0x000000000101c90c       0x44 g:/xilinx/vitis/2019.2/gnu/aarch32/nt/gcc-arm-none-eabi/bin/../arm-none-eabi/libc/usr/lib/thumb/v7-a+fp/hard\libc.a(lib_a-strcasecmp.o)
                0x000000000101c90c                strcasecmp
 .text          0x000000000101c950       0x40 g:/xilinx/vitis/2019.2/gnu/aarch32/nt/gcc-arm-none-eabi/bin/../arm-none-eabi/libc/usr/lib/thumb/v7-a+fp/hard\libc.a(lib_a-strcat.o)
                0x000000000101c950                strcat
 .text          0x000000000101c990       0xe4 g:/xilinx/vitis/2019.2/gnu/aarch32/nt/gcc-arm-none-eabi/bin/../arm-none-eabi/libc/usr/lib/thumb/v7-a+fp/hard\libc.a(lib_a-strchr.o)
                0x000000000101c990                strchr
 *fill*         0x000000000101ca74        0xc 
 .text          0x000000000101ca80      0x2dc g:/xilinx/vitis/2019.2/gnu/aarch32/nt/gcc-arm-none-eabi/bin/../arm-none-eabi/libc/usr/lib/thumb/v7-a+fp/hard\libc.a(lib_a-strcmp.o)
                0x000000000101ca88                strcmp
 .text          0x000000000101cd5c       0xc4 g:/xilinx/vitis/2019.2/gnu/aarch32/nt/gcc-arm-none-eabi/bin/../arm-none-eabi/libc/usr/lib/thumb/v7-a+fp/hard\libc.a(lib_a-strcpy.o)
                0x000000000101cd5c                strcpy
 .text          0x000000000101ce20       0x58 g:/xilinx/vitis/2019.2/gnu/aarch32/nt/gcc-arm-none-eabi/bin/../arm-none-eabi/libc/usr/lib/thumb/v7-a+fp/hard\libc.a(lib_a-strlcpy.o)
                0x000000000101ce20                strlcpy
 *fill*         0x000000000101ce78        0x8 
 .text          0x000000000101ce80       0xdc g:/xilinx/vitis/2019.2/gnu/aarch32/nt/gcc-arm-none-eabi/bin/../arm-none-eabi/libc/usr/lib/thumb/v7-a+fp/hard\libc.a(lib_a-strlen.o)
                0x000000000101ce80                strlen
 .text          0x000000000101cf5c       0x5c g:/xilinx/vitis/2019.2/gnu/aarch32/nt/gcc-arm-none-eabi/bin/../arm-none-eabi/libc/usr/lib/thumb/v7-a+fp/hard\libc.a(lib_a-strncasecmp.o)
                0x000000000101cf5c                strncasecmp
 .text          0x000000000101cfb8       0xa4 g:/xilinx/vitis/2019.2/gnu/aarch32/nt/gcc-arm-none-eabi/bin/../arm-none-eabi/libc/usr/lib/thumb/v7-a+fp/hard\libc.a(lib_a-strncmp.o)
                0x000000000101cfb8                strncmp
 .text          0x000000000101d05c       0x80 g:/xilinx/vitis/2019.2/gnu/aarch32/nt/gcc-arm-none-eabi/bin/../arm-none-eabi/libc/usr/lib/thumb/v7-a+fp/hard\libc.a(lib_a-strncpy.o)
                0x000000000101d05c                strncpy
 .text          0x000000000101d0dc      0x198 g:/xilinx/vitis/2019.2/gnu/aarch32/nt/gcc-arm-none-eabi/bin/../arm-none-eabi/libc/usr/lib/thumb/v7-a+fp/hard\libc.a(lib_a-strtol.o)
                0x000000000101d1fc                _strtol_r
                0x000000000101d224                strtol_l
                0x000000000101d244                strtol
 *fill*         0x000000000101d274        0x4 
 .text          0x000000000101d278     0x1b4c g:/xilinx/vitis/2019.2/gnu/aarch32/nt/gcc-arm-none-eabi/bin/../arm-none-eabi/libc/usr/lib/thumb/v7-a+fp/hard\libc.a(lib_a-svfprintf.o)
                0x000000000101d278                _svfprintf_r
 *fill*         0x000000000101edc4        0x4 
 .text          0x000000000101edc8     0x1c28 g:/xilinx/vitis/2019.2/gnu/aarch32/nt/gcc-arm-none-eabi/bin/../arm-none-eabi/libc/usr/lib/thumb/v7-a+fp/hard\libc.a(lib_a-vfprintf.o)
                0x000000000101edc8                _vfprintf_r
                0x0000000001020968                vfprintf
 .text          0x00000000010209f0       0x8c g:/xilinx/vitis/2019.2/gnu/aarch32/nt/gcc-arm-none-eabi/bin/../arm-none-eabi/libc/usr/lib/thumb/v7-a+fp/hard\libc.a(lib_a-vsnprintf.o)
                0x00000000010209f0                _vsnprintf_r
                0x0000000001020a5c                vsnprintf
 .text          0x0000000001020a7c       0xac g:/xilinx/vitis/2019.2/gnu/aarch32/nt/gcc-arm-none-eabi/bin/../arm-none-eabi/libc/usr/lib/thumb/v7-a+fp/hard\libc.a(lib_a-wcrtomb.o)
                0x0000000001020a7c                _wcrtomb_r
                0x0000000001020ad0                wcrtomb
 .text          0x0000000001020b28       0x3c g:/xilinx/vitis/2019.2/gnu/aarch32/nt/gcc-arm-none-eabi/bin/../arm-none-eabi/libc/usr/lib/thumb/v7-a+fp/hard\libc.a(lib_a-wcsrtombs.o)
                0x0000000001020b28                _wcsrtombs_r
                0x0000000001020b40                wcsrtombs
 .text          0x0000000001020b64      0x22c g:/xilinx/vitis/2019.2/gnu/aarch32/nt/gcc-arm-none-eabi/bin/../arm-none-eabi/libc/usr/lib/thumb/v7-a+fp/hard\libc.a(lib_a-wctomb_r.o)
                0x0000000001020b64                _wctomb_r
                0x0000000001020b8c                __ascii_wctomb
                0x0000000001020ba4                __utf8_wctomb
                0x0000000001020c48                __sjis_wctomb
                0x0000000001020c9c                __eucjp_wctomb
                0x0000000001020d0c                __jis_wctomb
 .text          0x0000000001020d90       0xc8 g:/xilinx/vitis/2019.2/gnu/aarch32/nt/gcc-arm-none-eabi/bin/../arm-none-eabi/libc/usr/lib/thumb/v7-a+fp/hard\libc.a(lib_a-wsetup.o)
                0x0000000001020d90                __swsetup_r
 .text          0x0000000001020e58       0xdc g:/xilinx/vitis/2019.2/gnu/aarch32/nt/gcc-arm-none-eabi/bin/../arm-none-eabi/libc/usr/lib/thumb/v7-a+fp/hard\libc.a(lib_a-__call_atexit.o)
                0x0000000001020e58                __call_exitprocs
 .text          0x0000000001020f34       0x10 g:/xilinx/vitis/2019.2/gnu/aarch32/nt/gcc-arm-none-eabi/bin/../arm-none-eabi/libc/usr/lib/thumb/v7-a+fp/hard\libc.a(lib_a-ctype_.o)
                0x0000000001020f34                __set_ctype
 *fill*         0x0000000001020f44        0x4 
 .text          0x0000000001020f48      0xe54 g:/xilinx/vitis/2019.2/gnu/aarch32/nt/gcc-arm-none-eabi/bin/../arm-none-eabi/libc/usr/lib/thumb/v7-a+fp/hard\libc.a(lib_a-dtoa.o)
                0x0000000001021090                _dtoa_r
 .text          0x0000000001021d9c      0x1a8 g:/xilinx/vitis/2019.2/gnu/aarch32/nt/gcc-arm-none-eabi/bin/../arm-none-eabi/libc/usr/lib/thumb/v7-a+fp/hard\libc.a(lib_a-fflush.o)
                0x0000000001021d9c                __sflush_r
                0x0000000001021ee8                _fflush_r
                0x0000000001021f1c                fflush
 .text          0x0000000001021f44      0x210 g:/xilinx/vitis/2019.2/gnu/aarch32/nt/gcc-arm-none-eabi/bin/../arm-none-eabi/libc/usr/lib/thumb/v7-a+fp/hard\libc.a(lib_a-findfp.o)
                0x0000000001021f48                _cleanup_r
                0x000000000102203c                __sfmoreglue
                0x000000000102206c                __sfp
                0x00000000010220f4                _cleanup
                0x000000000102210c                __sinit
                0x0000000001022114                __sfp_lock_acquire
                0x0000000001022118                __sfp_lock_release
                0x000000000102211c                __sinit_lock_acquire
                0x0000000001022120                __sinit_lock_release
                0x0000000001022124                __fp_lock_all
                0x000000000102213c                __fp_unlock_all
 .text          0x0000000001022154      0x29c g:/xilinx/vitis/2019.2/gnu/aarch32/nt/gcc-arm-none-eabi/bin/../arm-none-eabi/libc/usr/lib/thumb/v7-a+fp/hard\libc.a(lib_a-freer.o)
                0x0000000001022154                _malloc_trim_r
                0x0000000001022200                _free_r
 .text          0x00000000010223f0      0x32c g:/xilinx/vitis/2019.2/gnu/aarch32/nt/gcc-arm-none-eabi/bin/../arm-none-eabi/libc/usr/lib/thumb/v7-a+fp/hard\libc.a(lib_a-fvwrite.o)
                0x00000000010223f0                __sfvwrite_r
 .text          0x000000000102271c       0x98 g:/xilinx/vitis/2019.2/gnu/aarch32/nt/gcc-arm-none-eabi/bin/../arm-none-eabi/libc/usr/lib/thumb/v7-a+fp/hard\libc.a(lib_a-fwalk.o)
                0x000000000102271c                _fwalk
                0x0000000001022764                _fwalk_reent
 .text          0x00000000010227b4       0x98 g:/xilinx/vitis/2019.2/gnu/aarch32/nt/gcc-arm-none-eabi/bin/../arm-none-eabi/libc/usr/lib/thumb/v7-a+fp/hard\libc.a(lib_a-getenv_r.o)
                0x00000000010227b4                _findenv_r
                0x000000000102283c                _getenv_r
 .text          0x000000000102284c       0x44 g:/xilinx/vitis/2019.2/gnu/aarch32/nt/gcc-arm-none-eabi/bin/../arm-none-eabi/libc/usr/lib/thumb/v7-a+fp/hard\libc.a(lib_a-localeconv.o)
                0x000000000102284c                __localeconv_l
                0x0000000001022850                _localeconv_r
                0x0000000001022870                localeconv
 .text          0x0000000001022890       0xf8 g:/xilinx/vitis/2019.2/gnu/aarch32/nt/gcc-arm-none-eabi/bin/../arm-none-eabi/libc/usr/lib/thumb/v7-a+fp/hard\libc.a(lib_a-makebuf.o)
                0x0000000001022890                __swhatbuf_r
                0x00000000010228ec                __smakebuf_r
 *fill*         0x0000000001022988        0x8 
 .text          0x0000000001022990       0xa0 g:/xilinx/vitis/2019.2/gnu/aarch32/nt/gcc-arm-none-eabi/bin/../arm-none-eabi/libc/usr/lib/thumb/v7-a+fp/hard\libc.a(lib_a-memchr.o)
                0x0000000001022990                memchr
 .text          0x0000000001022a30      0x8fc g:/xilinx/vitis/2019.2/gnu/aarch32/nt/gcc-arm-none-eabi/bin/../arm-none-eabi/libc/usr/lib/thumb/v7-a+fp/hard\libc.a(lib_a-mprec.o)
                0x0000000001022a30                _Balloc
                0x0000000001022a7c                _Bfree
                0x0000000001022a90                __multadd
                0x0000000001022b20                __s2b
                0x0000000001022bb8                __hi0bits
                0x0000000001022bf8                __lo0bits
                0x0000000001022c54                __i2b
                0x0000000001022c68                __multiply
                0x0000000001022da8                __pow5mult
                0x0000000001022e4c                __lshift
                0x0000000001022f08                __mcmp
                0x0000000001022f44                __mdiff
                0x000000000102304c                __ulp
                0x000000000102309c                __b2d
                0x000000000102314c                __d2b
                0x0000000001023200                __ratio
                0x0000000001023260                _mprec_log10
                0x0000000001023288                __copybits
                0x00000000010232d0                __any_on
 .text          0x000000000102332c      0x374 g:/xilinx/vitis/2019.2/gnu/aarch32/nt/gcc-arm-none-eabi/bin/../arm-none-eabi/libc/usr/lib/thumb/v7-a+fp/hard\libc.a(lib_a-reallocr.o)
                0x000000000102332c                _realloc_r
 .text          0x00000000010236a0       0xa4 g:/xilinx/vitis/2019.2/gnu/aarch32/nt/gcc-arm-none-eabi/bin/../arm-none-eabi/libc/usr/lib/thumb/v7-a+fp/hard\libc.a(lib_a-reent.o)
                0x00000000010236a0                cleanup_glue
                0x00000000010236bc                _reclaim_reent
 *fill*         0x0000000001023744        0x4 
 .text          0x0000000001023748       0x80 g:/xilinx/vitis/2019.2/gnu/aarch32/nt/gcc-arm-none-eabi/bin/../arm-none-eabi/libc/usr/lib/thumb/v7-a+fp/hard\libc.a(lib_a-s_frexp.o)
                0x0000000001023748                frexp
 .text          0x00000000010237c8       0x90 g:/xilinx/vitis/2019.2/gnu/aarch32/nt/gcc-arm-none-eabi/bin/../arm-none-eabi/libc/usr/lib/thumb/v7-a+fp/hard\libc.a(lib_a-stdio.o)
                0x00000000010237c8                __sread
                0x00000000010237ec                __seofread
                0x00000000010237f0                __swrite
                0x0000000001023830                __sseek
                0x0000000001023850                __sclose
 .text          0x0000000001023858      0xe90 g:/xilinx/vitis/2019.2/gnu/aarch32/nt/gcc-arm-none-eabi/bin/../arm-none-eabi/libc/usr/lib/thumb/v7-a+fp/hard\libc.a(lib_a-svfiprintf.o)
                0x0000000001023858                __ssprint_r
                0x0000000001023950                _svfiprintf_r
 .text          0x00000000010246e8     0x108c g:/xilinx/vitis/2019.2/gnu/aarch32/nt/gcc-arm-none-eabi/bin/../arm-none-eabi/libc/usr/lib/thumb/v7-a+fp/hard\libc.a(lib_a-vfiprintf.o)
                0x000000000102475c                __sprint_r
                0x0000000001024770                _vfiprintf_r
                0x00000000010256ec                vfiprintf
 .text          0x0000000001025774      0x15c g:/xilinx/vitis/2019.2/gnu/aarch32/nt/gcc-arm-none-eabi/bin/../arm-none-eabi/libc/usr/lib/thumb/v7-a+fp/hard\libc.a(lib_a-wcsnrtombs.o)
                0x0000000001025774                _wcsnrtombs_l
                0x0000000001025868                _wcsnrtombs_r
                0x0000000001025898                wcsnrtombs
 .text          0x00000000010258d0       0x2c g:/xilinx/vitis/2019.2/gnu/aarch32/nt/gcc-arm-none-eabi/bin/../arm-none-eabi/libc/usr/lib/thumb/v7-a+fp/hard\libc.a(lib_a-writer.o)
                0x00000000010258d0                _write_r
 .text          0x00000000010258fc       0x28 g:/xilinx/vitis/2019.2/gnu/aarch32/nt/gcc-arm-none-eabi/bin/../arm-none-eabi/libc/usr/lib/thumb/v7-a+fp/hard\libc.a(lib_a-closer.o)
                0x00000000010258fc                _close_r
 .text          0x0000000001025924        0x0 g:/xilinx/vitis/2019.2/gnu/aarch32/nt/gcc-arm-none-eabi/bin/../arm-none-eabi/libc/usr/lib/thumb/v7-a+fp/hard\libc.a(lib_a-environ.o)
 .text          0x0000000001025924        0x8 g:/xilinx/vitis/2019.2/gnu/aarch32/nt/gcc-arm-none-eabi/bin/../arm-none-eabi/libc/usr/lib/thumb/v7-a+fp/hard\libc.a(lib_a-envlock.o)
                0x0000000001025924                __env_lock
                0x0000000001025928                __env_unlock
 .text          0x000000000102592c       0x98 g:/xilinx/vitis/2019.2/gnu/aarch32/nt/gcc-arm-none-eabi/bin/../arm-none-eabi/libc/usr/lib/thumb/v7-a+fp/hard\libc.a(lib_a-fclose.o)
                0x000000000102592c                _fclose_r
                0x00000000010259b4                fclose
 .text          0x00000000010259c4      0x11c g:/xilinx/vitis/2019.2/gnu/aarch32/nt/gcc-arm-none-eabi/bin/../arm-none-eabi/libc/usr/lib/thumb/v7-a+fp/hard\libc.a(lib_a-fputwc.o)
                0x00000000010259c4                __fputwc
                0x0000000001025a74                _fputwc_r
                0x0000000001025a9c                fputwc
 .text          0x0000000001025ae0       0x2c g:/xilinx/vitis/2019.2/gnu/aarch32/nt/gcc-arm-none-eabi/bin/../arm-none-eabi/libc/usr/lib/thumb/v7-a+fp/hard\libc.a(lib_a-fstatr.o)
                0x0000000001025ae0                _fstat_r
 .text          0x0000000001025b0c       0x28 g:/xilinx/vitis/2019.2/gnu/aarch32/nt/gcc-arm-none-eabi/bin/../arm-none-eabi/libc/usr/lib/thumb/v7-a+fp/hard\libc.a(lib_a-isattyr.o)
                0x0000000001025b0c                _isatty_r
 .text          0x0000000001025b34       0x2c g:/xilinx/vitis/2019.2/gnu/aarch32/nt/gcc-arm-none-eabi/bin/../arm-none-eabi/libc/usr/lib/thumb/v7-a+fp/hard\libc.a(lib_a-lseekr.o)
                0x0000000001025b34                _lseek_r
 .text          0x0000000001025b60       0x2c g:/xilinx/vitis/2019.2/gnu/aarch32/nt/gcc-arm-none-eabi/bin/../arm-none-eabi/libc/usr/lib/thumb/v7-a+fp/hard\libc.a(lib_a-readr.o)
                0x0000000001025b60                _read_r
 .text          0x0000000001025b8c       0xc4 g:/xilinx/vitis/2019.2/gnu/aarch32/nt/gcc-arm-none-eabi/bin/../arm-none-eabi/libc/usr/lib/thumb/v7-a+fp/hard\libc.a(lib_a-wbuf.o)
                0x0000000001025b8c                __swbuf_r
                0x0000000001025c3c                __swbuf
 .text          0x0000000001025c50       0x40 C:\Users\Tom\Documents\Projects\Scopy_MVP_Platform\scopy-fpga\main\ps7_cortexa9_0\standalone_domain\bsp\ps7_cortexa9_0\lib\libxil.a(_sbrk.o)
                0x0000000001025c50                _sbrk
 .text          0x0000000001025c90       0x30 C:\Users\Tom\Documents\Projects\Scopy_MVP_Platform\scopy-fpga\main\ps7_cortexa9_0\standalone_domain\bsp\ps7_cortexa9_0\lib\libxil.a(lseek.o)
                0x0000000001025c90                lseek
                0x0000000001025ca8                _lseek
 .text          0x0000000001025cc0       0x70 C:\Users\Tom\Documents\Projects\Scopy_MVP_Platform\scopy-fpga\main\ps7_cortexa9_0\standalone_domain\bsp\ps7_cortexa9_0\lib\libxil.a(write.o)
                0x0000000001025cc0                write
                0x0000000001025d2c                _write
 .text          0x0000000001025d30       0x60 C:\Users\Tom\Documents\Projects\Scopy_MVP_Platform\scopy-fpga\main\ps7_cortexa9_0\standalone_domain\bsp\ps7_cortexa9_0\lib\libxil.a(read.o)
                0x0000000001025d30                read
                0x0000000001025d8c                _read
 .text          0x0000000001025d90       0x10 C:\Users\Tom\Documents\Projects\Scopy_MVP_Platform\scopy-fpga\main\ps7_cortexa9_0\standalone_domain\bsp\ps7_cortexa9_0\lib\libxil.a(fstat.o)
                0x0000000001025d90                _fstat
 .text          0x0000000001025da0       0x10 C:\Users\Tom\Documents\Projects\Scopy_MVP_Platform\scopy-fpga\main\ps7_cortexa9_0\standalone_domain\bsp\ps7_cortexa9_0\lib\libxil.a(errno.o)
                0x0000000001025da0                __errno
 .text          0x0000000001025db0        0x4 C:\Users\Tom\Documents\Projects\Scopy_MVP_Platform\scopy-fpga\main\ps7_cortexa9_0\standalone_domain\bsp\ps7_cortexa9_0\lib\libxil.a(_exit.o)
                0x0000000001025db0                _exit
 .text          0x0000000001025db4       0x10 C:\Users\Tom\Documents\Projects\Scopy_MVP_Platform\scopy-fpga\main\ps7_cortexa9_0\standalone_domain\bsp\ps7_cortexa9_0\lib\libxil.a(isatty.o)
                0x0000000001025db4                isatty
                0x0000000001025dbc                _isatty
 .text          0x0000000001025dc4        0xc C:\Users\Tom\Documents\Projects\Scopy_MVP_Platform\scopy-fpga\main\ps7_cortexa9_0\standalone_domain\bsp\ps7_cortexa9_0\lib\libxil.a(inbyte.o)
                0x0000000001025dc4                inbyte
 .text          0x0000000001025dd0        0x8 C:\Users\Tom\Documents\Projects\Scopy_MVP_Platform\scopy-fpga\main\ps7_cortexa9_0\standalone_domain\bsp\ps7_cortexa9_0\lib\libxil.a(close.o)
                0x0000000001025dd0                _close
 .text          0x0000000001025dd8        0x0 g:/xilinx/vitis/2019.2/gnu/aarch32/nt/gcc-arm-none-eabi/bin/../lib/gcc/arm-none-eabi/8.2.0/thumb/v7-a+fp/hard/crtend.o
 .text          0x0000000001025dd8        0x0 g:/xilinx/vitis/2019.2/gnu/aarch32/nt/gcc-arm-none-eabi/bin/../lib/gcc/arm-none-eabi/8.2.0/thumb/v7-a+fp/hard/crtn.o
 *(.text.*)
 .text.startup  0x0000000001025dd8       0x2c ./src/main.o
                0x0000000001025dd8                main
 *fill*         0x0000000001025e04        0x4 
 .text.startup.__stub
                0x0000000001025e08       0x18 linker stubs
 *(.gnu.linkonce.t.*)
 *(.plt)
 *(.gnu_warning)
 *(.gcc_execpt_table)
 *(.glue_7)
 .glue_7        0x0000000001025e20        0x0 linker stubs
 *(.glue_7t)
 .glue_7t       0x0000000001025e20        0x0 linker stubs
 *(.vfp11_veneer)
 .vfp11_veneer  0x0000000001025e20        0x0 linker stubs
 *(.ARM.extab)
 .ARM.extab     0x0000000001025e20        0x0 g:/xilinx/vitis/2019.2/gnu/aarch32/nt/gcc-arm-none-eabi/bin/../lib/gcc/arm-none-eabi/8.2.0/thumb/v7-a+fp/hard\libgcc.a(_udivmoddi4.o)
 *(.gnu.linkonce.armextab.*)

.v4_bx          0x0000000001025e20        0x0
 .v4_bx         0x0000000001025e20        0x0 linker stubs

.iplt           0x0000000001025e20        0x0
 .iplt          0x0000000001025e20        0x0 g:/xilinx/vitis/2019.2/gnu/aarch32/nt/gcc-arm-none-eabi/bin/../lib/gcc/arm-none-eabi/8.2.0/thumb/v7-a+fp/hard/crtbegin.o

.force_ocm
 *(.force_ocm)

.init           0x0000000001025e20        0xc
 *(.init)
 .init          0x0000000001025e20        0x4 g:/xilinx/vitis/2019.2/gnu/aarch32/nt/gcc-arm-none-eabi/bin/../lib/gcc/arm-none-eabi/8.2.0/thumb/v7-a+fp/hard/crti.o
                0x0000000001025e20                _init
 .init          0x0000000001025e24        0x8 g:/xilinx/vitis/2019.2/gnu/aarch32/nt/gcc-arm-none-eabi/bin/../lib/gcc/arm-none-eabi/8.2.0/thumb/v7-a+fp/hard/crtn.o

.fini           0x0000000001025e2c        0xc
 *(.fini)
 .fini          0x0000000001025e2c        0x4 g:/xilinx/vitis/2019.2/gnu/aarch32/nt/gcc-arm-none-eabi/bin/../lib/gcc/arm-none-eabi/8.2.0/thumb/v7-a+fp/hard/crti.o
                0x0000000001025e2c                _fini
 .fini          0x0000000001025e30        0x8 g:/xilinx/vitis/2019.2/gnu/aarch32/nt/gcc-arm-none-eabi/bin/../lib/gcc/arm-none-eabi/8.2.0/thumb/v7-a+fp/hard/crtn.o

.rodata         0x0000000001025e38    0x44650
                0x0000000001025e38                __rodata_start = .
 *(.rodata)
 .rodata        0x0000000001025e38       0x18 ./src/fabric_config.o
                0x0000000001025e38                fabcfg_dummy_tests
 .rodata        0x0000000001025e50      0x2f8 ./src/spi_commands.o
                0x0000000001025e50                spi_command_defs
 .rodata        0x0000000001026148    0x40000 ./src/test_patterns.o
                0x0000000001026148                norway_512x512_grey
 .rodata        0x0000000001066148       0x54 C:\Users\Tom\Documents\Projects\Scopy_MVP_Platform\scopy-fpga\main\ps7_cortexa9_0\standalone_domain\bsp\ps7_cortexa9_0\lib\libxil.a(xttcps_options.o)
 .rodata        0x000000000106619c       0x30 C:\Users\Tom\Documents\Projects\Scopy_MVP_Platform\scopy-fpga\main\ps7_cortexa9_0\standalone_domain\bsp\ps7_cortexa9_0\lib\libxil.a(xspips_options.o)
 .rodata        0x00000000010661cc        0x4 g:/xilinx/vitis/2019.2/gnu/aarch32/nt/gcc-arm-none-eabi/bin/../arm-none-eabi/libc/usr/lib/thumb/v7-a+fp/hard\libc.a(lib_a-impure.o)
                0x00000000010661cc                _global_impure_ptr
 .rodata        0x00000000010661d0      0x188 g:/xilinx/vitis/2019.2/gnu/aarch32/nt/gcc-arm-none-eabi/bin/../arm-none-eabi/libc/usr/lib/thumb/v7-a+fp/hard\libc.a(lib_a-locale.o)
                0x00000000010661ec                __C_locale
 .rodata        0x0000000001066358       0x90 g:/xilinx/vitis/2019.2/gnu/aarch32/nt/gcc-arm-none-eabi/bin/../arm-none-eabi/libc/usr/lib/thumb/v7-a+fp/hard\libc.a(lib_a-mbtowc_r.o)
 .rodata        0x00000000010663e8       0x20 g:/xilinx/vitis/2019.2/gnu/aarch32/nt/gcc-arm-none-eabi/bin/../arm-none-eabi/libc/usr/lib/thumb/v7-a+fp/hard\libc.a(lib_a-svfprintf.o)
 .rodata        0x0000000001066408       0x20 g:/xilinx/vitis/2019.2/gnu/aarch32/nt/gcc-arm-none-eabi/bin/../arm-none-eabi/libc/usr/lib/thumb/v7-a+fp/hard\libc.a(lib_a-vfprintf.o)
 .rodata        0x0000000001066428      0x101 g:/xilinx/vitis/2019.2/gnu/aarch32/nt/gcc-arm-none-eabi/bin/../arm-none-eabi/libc/usr/lib/thumb/v7-a+fp/hard\libc.a(lib_a-ctype_.o)
                0x0000000001066428                _ctype_
 *fill*         0x0000000001066529        0x7 
 .rodata        0x0000000001066530      0x128 g:/xilinx/vitis/2019.2/gnu/aarch32/nt/gcc-arm-none-eabi/bin/../arm-none-eabi/libc/usr/lib/thumb/v7-a+fp/hard\libc.a(lib_a-mprec.o)
                0x0000000001066540                __mprec_tens
                0x0000000001066608                __mprec_tinytens
                0x0000000001066630                __mprec_bigtens
 .rodata        0x0000000001066658       0x20 g:/xilinx/vitis/2019.2/gnu/aarch32/nt/gcc-arm-none-eabi/bin/../arm-none-eabi/libc/usr/lib/thumb/v7-a+fp/hard\libc.a(lib_a-svfiprintf.o)
 .rodata        0x0000000001066678       0x20 g:/xilinx/vitis/2019.2/gnu/aarch32/nt/gcc-arm-none-eabi/bin/../arm-none-eabi/libc/usr/lib/thumb/v7-a+fp/hard\libc.a(lib_a-vfiprintf.o)
 *(.rodata.*)
 .rodata.str1.4
                0x0000000001066698     0x15d7 ./src/acquire.o
                                       0x15db (size before relaxing)
 *fill*         0x0000000001067c6f        0x1 
 .rodata.str1.4
                0x0000000001067c70      0x376 ./src/clkwiz_interface.o
                                        0x3a6 (size before relaxing)
 *fill*         0x0000000001067fe6        0x2 
 .rodata.str1.4
                0x0000000001067fe8      0x23a ./src/fabric_config.o
                                        0x23e (size before relaxing)
 *fill*         0x0000000001068222        0x2 
 .rodata.str1.4
                0x0000000001068224      0x455 ./src/hal.o
                                        0x486 (size before relaxing)
 *fill*         0x0000000001068679        0x3 
 .rodata.str1.4
                0x000000000106867c      0x739 ./src/mipi_csi.o
                                        0x765 (size before relaxing)
 *fill*         0x0000000001068db5        0x3 
 .rodata.str1.4
                0x0000000001068db8      0x2bf ./src/spi.o
                                        0x2eb (size before relaxing)
 *fill*         0x0000000001069077        0x1 
 .rodata.str1.4
                0x0000000001069078      0x34d ./src/spi_commands.o
                                        0x379 (size before relaxing)
 *fill*         0x00000000010693c5        0x3 
 .rodata.str1.4
                0x00000000010693c8       0xea ./src/system_control.o
                                        0x116 (size before relaxing)
 *fill*         0x00000000010694b2        0x2 
 .rodata.str1.4
                0x00000000010694b4      0x145 ./src/trigger.o
                                        0x149 (size before relaxing)
 *fill*         0x00000000010695f9        0x3 
 .rodata.str1.4
                0x00000000010695fc      0x1ef C:\Users\Tom\Documents\Projects\Scopy_MVP_Platform\scopy-fpga\main\ps7_cortexa9_0\standalone_domain\bsp\ps7_cortexa9_0\lib\libxil.a(xaxidma.o)
 *fill*         0x00000000010697eb        0x1 
 .rodata.str1.4
                0x00000000010697ec       0x13 C:\Users\Tom\Documents\Projects\Scopy_MVP_Platform\scopy-fpga\main\ps7_cortexa9_0\standalone_domain\bsp\ps7_cortexa9_0\lib\libxil.a(xaxidma_selftest.o)
 *fill*         0x00000000010697ff        0x1 
 .rodata.str1.4
                0x0000000001069800      0x24b C:\Users\Tom\Documents\Projects\Scopy_MVP_Platform\scopy-fpga\main\ps7_cortexa9_0\standalone_domain\bsp\ps7_cortexa9_0\lib\libxil.a(xaxidma_bd.o)
                                        0x24f (size before relaxing)
 *fill*         0x0000000001069a4b        0x1 
 .rodata.str1.4
                0x0000000001069a4c      0x6f4 C:\Users\Tom\Documents\Projects\Scopy_MVP_Platform\scopy-fpga\main\ps7_cortexa9_0\standalone_domain\bsp\ps7_cortexa9_0\lib\libxil.a(xaxidma_bdring.o)
                                        0x6f7 (size before relaxing)
 .rodata.str1.4
                0x000000000106a140        0xb C:\Users\Tom\Documents\Projects\Scopy_MVP_Platform\scopy-fpga\main\ps7_cortexa9_0\standalone_domain\bsp\ps7_cortexa9_0\lib\libxil.a(xclk_wiz.o)
 *fill*         0x000000000106a14b        0x1 
 .rodata.str1.4
                0x000000000106a14c        0xa C:\Users\Tom\Documents\Projects\Scopy_MVP_Platform\scopy-fpga\main\ps7_cortexa9_0\standalone_domain\bsp\ps7_cortexa9_0\lib\libxil.a(xgpiops.o)
 *fill*         0x000000000106a156        0x2 
 .rodata.str1.4
                0x000000000106a158        0xf C:\Users\Tom\Documents\Projects\Scopy_MVP_Platform\scopy-fpga\main\ps7_cortexa9_0\standalone_domain\bsp\ps7_cortexa9_0\lib\libxil.a(xgpiops_intr.o)
 *fill*         0x000000000106a167        0x1 
 .rodata.str1.4
                0x000000000106a168        0xf C:\Users\Tom\Documents\Projects\Scopy_MVP_Platform\scopy-fpga\main\ps7_cortexa9_0\standalone_domain\bsp\ps7_cortexa9_0\lib\libxil.a(xscugic_intr.o)
 *fill*         0x000000000106a177        0x1 
 .rodata.str1.4