Archive member included to satisfy reference by file (symbol)

C:\Users\Tom\Documents\Projects\Scopy_MVP_Platform\scopy-fpga\main\ps7_cortexa9_0\standalone_domain\bsp\ps7_cortexa9_0\lib\libxil.a(xaxidma.o)
                              ./src/acquire.o (XAxiDma_Reset)
C:\Users\Tom\Documents\Projects\Scopy_MVP_Platform\scopy-fpga\main\ps7_cortexa9_0\standalone_domain\bsp\ps7_cortexa9_0\lib\libxil.a(xaxidma_sinit.o)
                              ./src/acquire.o (XAxiDma_LookupConfig)
C:\Users\Tom\Documents\Projects\Scopy_MVP_Platform\scopy-fpga\main\ps7_cortexa9_0\standalone_domain\bsp\ps7_cortexa9_0\lib\libxil.a(xaxidma_selftest.o)
                              ./src/mipi_csi.o (XAxiDma_Selftest)
C:\Users\Tom\Documents\Projects\Scopy_MVP_Platform\scopy-fpga\main\ps7_cortexa9_0\standalone_domain\bsp\ps7_cortexa9_0\lib\libxil.a(xaxidma_bd.o)
                              ./src/mipi_csi.o (XAxiDma_BdSetLength)
C:\Users\Tom\Documents\Projects\Scopy_MVP_Platform\scopy-fpga\main\ps7_cortexa9_0\standalone_domain\bsp\ps7_cortexa9_0\lib\libxil.a(xaxidma_bdring.o)
                              ./src/mipi_csi.o (XAxiDma_BdRingCreate)
C:\Users\Tom\Documents\Projects\Scopy_MVP_Platform\scopy-fpga\main\ps7_cortexa9_0\standalone_domain\bsp\ps7_cortexa9_0\lib\libxil.a(xaxidma_g.o)
                              C:\Users\Tom\Documents\Projects\Scopy_MVP_Platform\scopy-fpga\main\ps7_cortexa9_0\standalone_domain\bsp\ps7_cortexa9_0\lib\libxil.a(xaxidma_sinit.o) (XAxiDma_ConfigTable)
C:\Users\Tom\Documents\Projects\Scopy_MVP_Platform\scopy-fpga\main\ps7_cortexa9_0\standalone_domain\bsp\ps7_cortexa9_0\lib\libxil.a(xclk_wiz.o)
                              ./src/clkwiz_interface.o (XClk_Wiz_CfgInitialize)
C:\Users\Tom\Documents\Projects\Scopy_MVP_Platform\scopy-fpga\main\ps7_cortexa9_0\standalone_domain\bsp\ps7_cortexa9_0\lib\libxil.a(xclk_wiz_sinit.o)
                              ./src/clkwiz_interface.o (XClk_Wiz_LookupConfig)
C:\Users\Tom\Documents\Projects\Scopy_MVP_Platform\scopy-fpga\main\ps7_cortexa9_0\standalone_domain\bsp\ps7_cortexa9_0\lib\libxil.a(xgpiops.o)
                              ./src/hal.o (XGpioPs_CfgInitialize)
C:\Users\Tom\Documents\Projects\Scopy_MVP_Platform\scopy-fpga\main\ps7_cortexa9_0\standalone_domain\bsp\ps7_cortexa9_0\lib\libxil.a(xgpiops_sinit.o)
                              ./src/hal.o (XGpioPs_LookupConfig)
C:\Users\Tom\Documents\Projects\Scopy_MVP_Platform\scopy-fpga\main\ps7_cortexa9_0\standalone_domain\bsp\ps7_cortexa9_0\lib\libxil.a(xgpiops_intr.o)
                              C:\Users\Tom\Documents\Projects\Scopy_MVP_Platform\scopy-fpga\main\ps7_cortexa9_0\standalone_domain\bsp\ps7_cortexa9_0\lib\libxil.a(xgpiops.o) (StubHandler)
C:\Users\Tom\Documents\Projects\Scopy_MVP_Platform\scopy-fpga\main\ps7_cortexa9_0\standalone_domain\bsp\ps7_cortexa9_0\lib\libxil.a(xgpiops_g.o)
                              C:\Users\Tom\Documents\Projects\Scopy_MVP_Platform\scopy-fpga\main\ps7_cortexa9_0\standalone_domain\bsp\ps7_cortexa9_0\lib\libxil.a(xgpiops_sinit.o) (XGpioPs_ConfigTable)
C:\Users\Tom\Documents\Projects\Scopy_MVP_Platform\scopy-fpga\main\ps7_cortexa9_0\standalone_domain\bsp\ps7_cortexa9_0\lib\libxil.a(xscugic_intr.o)
                              ./src/hal.o (XScuGic_InterruptHandler)
C:\Users\Tom\Documents\Projects\Scopy_MVP_Platform\scopy-fpga\main\ps7_cortexa9_0\standalone_domain\bsp\ps7_cortexa9_0\lib\libxil.a(xscugic.o)
                              ./src/acquire.o (XScuGic_Connect)
C:\Users\Tom\Documents\Projects\Scopy_MVP_Platform\scopy-fpga\main\ps7_cortexa9_0\standalone_domain\bsp\ps7_cortexa9_0\lib\libxil.a(xscugic_sinit.o)
                              ./src/hal.o (XScuGic_LookupConfig)
C:\Users\Tom\Documents\Projects\Scopy_MVP_Platform\scopy-fpga\main\ps7_cortexa9_0\standalone_domain\bsp\ps7_cortexa9_0\lib\libxil.a(xscugic_selftest.o)
                              ./src/hal.o (XScuGic_SelfTest)
C:\Users\Tom\Documents\Projects\Scopy_MVP_Platform\scopy-fpga\main\ps7_cortexa9_0\standalone_domain\bsp\ps7_cortexa9_0\lib\libxil.a(xscutimer.o)
                              ./src/hal.o (XScuTimer_CfgInitialize)
C:\Users\Tom\Documents\Projects\Scopy_MVP_Platform\scopy-fpga\main\ps7_cortexa9_0\standalone_domain\bsp\ps7_cortexa9_0\lib\libxil.a(xscutimer_selftest.o)
                              ./src/hal.o (XScuTimer_SelfTest)
C:\Users\Tom\Documents\Projects\Scopy_MVP_Platform\scopy-fpga\main\ps7_cortexa9_0\standalone_domain\bsp\ps7_cortexa9_0\lib\libxil.a(xscutimer_sinit.o)
                              ./src/hal.o (XScuTimer_LookupConfig)
C:\Users\Tom\Documents\Projects\Scopy_MVP_Platform\scopy-fpga\main\ps7_cortexa9_0\standalone_domain\bsp\ps7_cortexa9_0\lib\libxil.a(xscutimer_g.o)
                              C:\Users\Tom\Documents\Projects\Scopy_MVP_Platform\scopy-fpga\main\ps7_cortexa9_0\standalone_domain\bsp\ps7_cortexa9_0\lib\libxil.a(xscutimer_sinit.o) (XScuTimer_ConfigTable)
[...]
Memory Configuration

Name             Origin             Length             Attributes
ps7_ram_0        0x0000000001000000 0x000000000fffffff
ocm2             0x00000000ffff0000 0x000000000000fe00
ocm1             0x0000000000000000 0x0000000000030000
*default*        0x0000000000000000 0xffffffffffffffff

Linker script and memory map

LOAD g:/xilinx/vitis/2019.2/gnu/aarch32/nt/gcc-arm-none-eabi/bin/../lib/gcc/arm-none-eabi/8.2.0/thumb/v7-a+fp/hard/crti.o
LOAD g:/xilinx/vitis/2019.2/gnu/aarch32/nt/gcc-arm-none-eabi/bin/../lib/gcc/arm-none-eabi/8.2.0/thumb/v7-a+fp/hard/crtbegin.o
                0x0000000000010000                _STACK_SIZE = DEFINED (_STACK_SIZE)?_STACK_SIZE:0x10000
                0x000000000c000000                _HEAP_SIZE = DEFINED (_HEAP_SIZE)?_HEAP_SIZE:0xc000000
                0x0000000000000400                _ABORT_STACK_SIZE = DEFINED (_ABORT_STACK_SIZE)?_ABORT_STACK_SIZE:0x400
                0x0000000000000800                _SUPERVISOR_STACK_SIZE = DEFINED (_SUPERVISOR_STACK_SIZE)?_SUPERVISOR_STACK_SIZE:0x800
                0x0000000000000400                _IRQ_STACK_SIZE = DEFINED (_IRQ_STACK_SIZE)?_IRQ_STACK_SIZE:0x400
                0x0000000000000400                _FIQ_STACK_SIZE = DEFINED (_FIQ_STACK_SIZE)?_FIQ_STACK_SIZE:0x400
                0x0000000000000400                _UNDEF_STACK_SIZE = DEFINED (_UNDEF_STACK_SIZE)?_UNDEF_STACK_SIZE:0x400

.text           0x0000000001000000    0x26560
 *(.vectors)
 .vectors       0x0000000001000000      0x12c C:\Users\Tom\Documents\Projects\Scopy_MVP_Platform\scopy-fpga\main\ps7_cortexa9_0\standalone_domain\bsp\ps7_cortexa9_0\lib\libxil.a(asm_vectors.o)
                0x0000000001000000                _vector_table
 *(.boot)
 .boot          0x000000000100012c      0x3b0 C:\Users\Tom\Documents\Projects\Scopy_MVP_Platform\scopy-fpga\main\ps7_cortexa9_0\standalone_domain\bsp\ps7_cortexa9_0\lib\libxil.a(boot.o)
                0x000000000100012c                _prestart
                0x000000000100012c                _boot
 *(.text)
 .text          0x00000000010004dc        0x0 g:/xilinx/vitis/2019.2/gnu/aarch32/nt/gcc-arm-none-eabi/bin/../lib/gcc/arm-none-eabi/8.2.0/thumb/v7-a+fp/hard/crti.o
 .text          0x00000000010004dc       0xa8 g:/xilinx/vitis/2019.2/gnu/aarch32/nt/gcc-arm-none-eabi/bin/../lib/gcc/arm-none-eabi/8.2.0/thumb/v7-a+fp/hard/crtbegin.o
 .text          0x0000000001000584     0x150c ./src/Collections-C/src/array.o
                0x0000000001000584                array_new
                0x0000000001000608                array_new_conf
                0x00000000010006e0                array_conf_init
                0x0000000001000718                array_destroy
                0x000000000100073c                array_destroy_cb
                0x0000000001000790                array_add
                0x000000000100083c                array_add_at
                0x00000000010009d8                array_replace_at
                0x0000000001000a1c                array_swap_at
                0x0000000001000a64                array_remove
                0x0000000001000b10                array_remove_at
                0x0000000001000b84                array_remove_last
                0x0000000001000bbc                array_remove_all
                0x0000000001000bc8                array_remove_all_free
                0x0000000001000c08                array_get_at
                0x0000000001000c28                array_get_last
                0x0000000001000c4c                array_get_buffer
                0x0000000001000c54                array_index_of
                0x0000000001000cac                array_subarray
                0x0000000001000d70                array_copy_shallow
                0x0000000001000e10                array_copy_deep
                0x0000000001000edc                array_filter_mut
                0x0000000001000fac                array_filter
                0x00000000010010bc                array_reverse
                0x0000000001001110                array_trim_capacity
                0x0000000001001188                array_contains
                0x00000000010011bc                array_contains_value
                0x0000000001001210                array_size
                0x0000000001001218                array_capacity
                0x0000000001001220                array_sort
                0x0000000001001238                array_map
                0x0000000001001274                array_reduce
                0x00000000010012f0                array_iter_init
                0x0000000001001300                array_iter_next
                0x0000000001001348                array_iter_remove
                0x00000000010013d4                array_iter_add
                0x0000000001001574                array_iter_replace
                0x00000000010015c4                array_iter_index
                0x00000000010015d0                array_zip_iter_init
                0x00000000010015e0                array_zip_iter_next
                0x0000000001001648                array_zip_iter_remove
                0x0000000001001744                array_zip_iter_add
                0x00000000010019e4                array_zip_iter_replace
                0x0000000001001a84                array_zip_iter_index
 .text          0x0000000001001a90        0x4 ./src/Collections-C/src/common.o
                0x0000000001001a90                cc_common_cmp_str
 .text          0x0000000001001a94     0x19a0 ./src/Collections-C/src/deque.o
                0x0000000001001b4c                deque_new
                0x0000000001001bd8                deque_new_conf
                0x0000000001001c8c                deque_conf_init
                0x0000000001001cb4                deque_destroy
                0x0000000001001cd8                deque_destroy_cb
                0x0000000001001d4c                deque_add
                0x0000000001001db0                deque_add_first
                0x0000000001001e90                deque_add_last
                0x0000000001001ef4                deque_add_at
                0x0000000001002180                deque_replace_at
                0x00000000010021d8                deque_remove_at
                0x00000000010023d4                deque_remove
                0x0000000001002440                deque_remove_first
                0x0000000001002490                deque_remove_last
                0x00000000010024e0                deque_remove_all
                0x00000000010024f4                deque_remove_all_cb
                0x0000000001002550                deque_get_at
                0x0000000001002594                deque_get_first
                0x00000000010025bc                deque_get_last
                0x00000000010025f4                deque_copy_shallow
                0x00000000010026cc                deque_copy_deep
                0x0000000001002810                deque_trim_capacity
                0x0000000001002900                deque_reverse
                0x000000000100295c                deque_contains
                0x00000000010029a8                deque_contains_value
                0x0000000001002a10                deque_index_of
                0x0000000001002a7c                deque_size
                0x0000000001002a84                deque_capacity
                0x0000000001002a8c                deque_get_buffer
                0x0000000001002a94                deque_foreach
                0x0000000001002ae0                deque_filter_mut
                0x0000000001002d04                deque_filter
                0x0000000001002e38                deque_iter_init
                0x0000000001002e48                deque_iter_next
                0x0000000001002eb4                deque_iter_remove
                0x00000000010030c4                deque_iter_add
                0x00000000010030e8                deque_iter_replace
                0x0000000001003148                deque_iter_index
                0x0000000001003154                deque_zip_iter_init
                0x0000000001003164                deque_zip_iter_next
                0x0000000001003210                deque_zip_iter_add
                0x00000000010032cc                deque_zip_iter_remove
                0x000000000100335c                deque_zip_iter_replace
                0x0000000001003428                deque_zip_iter_index
 .text          0x0000000001003434      0x1b0 ./src/Collections-C/src/hashset.o
                0x0000000001003434                hashset_conf_init
                0x0000000001003438                hashset_new
                0x00000000010034c4                hashset_new_conf
                0x000000000100354c                hashset_destroy
                0x000000000100356c                hashset_add
                0x0000000001003574                hashset_remove
                0x000000000100357c                hashset_remove_all
                0x0000000001003584                hashset_contains
                0x000000000100358c                hashset_size
                0x0000000001003594                hashset_capacity
                0x000000000100359c                hashset_foreach
                0x00000000010035a4                hashset_iter_init
                0x00000000010035ac                hashset_iter_next
                0x00000000010035e0                hashset_iter_remove
 .text          0x00000000010035e4      0xde0 ./src/Collections-C/src/hashtable.o
                0x00000000010035e4                hashtable_hash_string
                0x0000000001003618                hashtable_new
                0x00000000010036d4                hashtable_new_conf
                0x00000000010037c0                hashtable_conf_init
                0x0000000001003820                hashtable_destroy
                0x000000000100388c                hashtable_add
                0x0000000001003a94                hashtable_get
                0x0000000001003b54                hashtable_remove
                0x0000000001003cc8                hashtable_remove_all
                0x0000000001003d3c                hashtable_size
                0x0000000001003d44                hashtable_capacity
                0x0000000001003d4c                hashtable_contains_key
                0x0000000001003dc0                hashtable_get_values
                0x0000000001003e84                hashtable_get_keys
                0x0000000001003f48                hashtable_foreach_key
                0x0000000001003f9c                hashtable_foreach_value
                0x0000000001003ff0                hashtable_iter_init
                0x0000000001004050                hashtable_iter_next
                0x00000000010040e4                hashtable_iter_remove
                0x00000000010040f8                hashtable_hash
                0x0000000001004360                hashtable_hash_ptr
 .text          0x00000000010043c4     0x2068 ./src/Collections-C/src/list.o
                0x0000000001004724                list_conf_init
                0x0000000001004744                list_new
                0x0000000001004798                list_new_conf
                0x00000000010047dc                list_destroy
                0x0000000001004894                list_destroy_cb
                0x000000000100499c                list_add
                0x00000000010049f8                list_add_first
                0x0000000001004a58                list_add_last
                0x0000000001004ab4                list_add_at
                0x0000000001004b9c                list_add_all
                0x0000000001004c80                list_add_all_at
                0x0000000001004cb8                list_splice
                0x0000000001004d7c                list_splice_at
                0x0000000001004f04                list_remove
                0x0000000001004f88                list_remove_at
                0x0000000001005040                list_remove_first
                0x00000000010050b4                list_remove_last
                0x0000000001005128                list_remove_all
                0x00000000010051d0                list_remove_all_cb
                0x00000000010052d8                list_replace_at
                0x0000000001005364                list_get_first
                0x0000000001005384                list_get_last
                0x00000000010053a4                list_get_at
                0x000000000100541c                list_reverse
                0x000000000100550c                list_sublist
                0x0000000001005704                list_copy_shallow
                0x0000000001005870                list_copy_deep
                0x00000000010059e8                list_to_array
                0x0000000001005a5c                list_contains
                0x0000000001005a90                list_contains_value
                0x0000000001005ae0                list_index_of
                0x0000000001005b38                list_size
                0x0000000001005b40                list_sort
                0x0000000001005bf8                list_sort_in_place
                0x0000000001005c08                list_foreach
                0x0000000001005c34                list_filter_mut
                0x0000000001005cc8                list_filter
                0x0000000001005da4                list_iter_init
                0x0000000001005dc0                list_iter_remove
                0x0000000001005e44                list_iter_add
                0x0000000001005ee8                list_iter_replace
                0x0000000001005f14                list_iter_index
                0x0000000001005f20                list_iter_next
                0x0000000001005f64                list_diter_init
                0x0000000001005f84                list_diter_add
                0x0000000001006018                list_diter_remove
                0x000000000100609c                list_diter_replace
                0x00000000010060c8                list_diter_index
                0x00000000010060d4                list_diter_next
                0x0000000001006118                list_zip_iter_init
                0x0000000001006148                list_zip_iter_next
                0x00000000010061b4                list_zip_iter_add
                0x00000000010062f4                list_zip_iter_remove
                0x00000000010063d0                list_zip_iter_replace
                0x0000000001006420                list_zip_iter_index
 .text          0x000000000100642c      0x4e0 ./src/Collections-C/src/pqueue.o
                0x000000000100642c                pqueue_conf_init
                0x0000000001006468                pqueue_new
                0x00000000010064f4                pqueue_new_conf
                0x00000000010065dc                pqueue_destroy
                0x0000000001006600                pqueue_destroy_cb
                0x0000000001006654                pqueue_push
                0x0000000001006770                pqueue_top
                0x0000000001006790                pqueue_pop
 .text          0x000000000100690c      0x184 ./src/Collections-C/src/queue.o
                0x000000000100690c                queue_conf_init
                0x0000000001006910                queue_new
                0x0000000001006990                queue_new_conf
                0x0000000001006a08                queue_destroy
                0x0000000001006a28                queue_destroy_cb
                0x0000000001006a44                queue_peek
                0x0000000001006a4c                queue_poll
                0x0000000001006a54                queue_enqueue
                0x0000000001006a5c                queue_size
                0x0000000001006a64                queue_foreach
                0x0000000001006a6c                queue_iter_init
                0x0000000001006a74                queue_iter_next
                0x0000000001006a78                queue_iter_replace
                0x0000000001006a7c                queue_zip_iter_init
                0x0000000001006a88                queue_zip_iter_next
                0x0000000001006a8c                queue_zip_iter_replace
 .text          0x0000000001006a90      0x258 ./src/Collections-C/src/ring_buffer.o
                0x0000000001006a90                rbuf_new
                0x0000000001006b20                rbuf_conf_new
                0x0000000001006bb4                rbuf_conf_init
                0x0000000001006bdc                rbuf_destroy
                0x0000000001006c00                rbuf_is_empty
                0x0000000001006c10                rbuf_size
                0x0000000001006c18                rbuf_enqueue
                0x0000000001006c80                rbuf_dequeue
                0x0000000001006cd8                rbuf_peek
 .text          0x0000000001006ce8     0x16e0 ./src/Collections-C/src/slist.o
                0x0000000001006ce8                slist_conf_init
                0x0000000001006d08                slist_new
                0x0000000001006d5c                slist_new_conf
                0x0000000001006da0                slist_destroy
                0x0000000001006dfc                slist_destroy_cb
                0x0000000001006e94                slist_add
                0x0000000001006eec                slist_add_first
                0x0000000001006f48                slist_add_last
                0x0000000001006fa0                slist_add_at
                0x0000000001007054                slist_add_all
                0x0000000001007138                slist_add_all_at
                0x0000000001007260                slist_splice
                0x00000000010072b8                slist_splice_at
                0x0000000001007358                slist_remove
                0x000000000100741c                slist_remove_at
                0x00000000010074c0                slist_remove_first
                0x0000000001007520                slist_remove_last
                0x00000000010075c4                slist_remove_all
                0x0000000001007620                slist_remove_all_cb
                0x00000000010076b8                slist_replace_at
                0x0000000001007704                slist_get_first
                0x0000000001007724                slist_get_last
                0x0000000001007744                slist_get_at
                0x0000000001007788                slist_size
                0x0000000001007790                slist_reverse
                0x00000000010077d4                slist_sublist
                0x00000000010079ac                slist_copy_shallow
                0x0000000001007ad0                slist_copy_deep
                0x0000000001007bfc                slist_contains
                0x0000000001007c30                slist_contains_value
                0x0000000001007c80                slist_index_of
                0x0000000001007cd0                slist_to_array
                0x0000000001007d34                slist_sort
                0x0000000001007de8                slist_foreach
                0x0000000001007e14                slist_filter
                0x0000000001007ee8                slist_filter_mut
                0x0000000001007f70                slist_iter_init
                0x0000000001007f8c                slist_iter_remove
                0x0000000001008018                slist_iter_add
                0x0000000001008088                slist_iter_replace
                0x00000000010080b4                slist_iter_next
                0x0000000001008104                slist_iter_index
                0x0000000001008110                slist_zip_iter_init
                0x0000000001008140                slist_zip_iter_next
                0x00000000010081bc                slist_zip_iter_add
                0x0000000001008290                slist_zip_iter_remove
                0x000000000100836c                slist_zip_iter_replace
                0x00000000010083bc                slist_zip_iter_index
 .text          0x00000000010083c8      0x194 ./src/Collections-C/src/stack.o
                0x00000000010083c8                stack_conf_init
                0x00000000010083cc                stack_new
                0x0000000001008454                stack_new_conf
                0x00000000010084d4                stack_destroy
                0x00000000010084f4                stack_destroy_cb
                0x0000000001008510                stack_push
                0x0000000001008518                stack_peek
                0x0000000001008520                stack_pop
                0x0000000001008528                stack_size
                0x0000000001008530                stack_map
                0x0000000001008538                stack_iter_init
                0x0000000001008540                stack_iter_next
                0x0000000001008544                stack_iter_replace
                0x0000000001008548                stack_zip_iter_init
                0x0000000001008554                stack_zip_iter_next
                0x0000000001008558                stack_zip_iter_replace
 .text          0x000000000100855c      0x22c ./src/Collections-C/src/treeset.o
                0x000000000100855c                treeset_conf_init
                0x0000000001008560                treeset_new
                0x00000000010085f4                treeset_new_conf
                0x000000000100867c                treeset_destroy
                0x000000000100869c                treeset_add
                0x00000000010086a4                treeset_remove
                0x00000000010086c0                treeset_remove_all
                0x00000000010086c8                treeset_get_first
                0x00000000010086e4                treeset_get_last
                0x0000000001008700                treeset_get_greater_than
                0x000000000100871c                treeset_get_lesser_than
                0x0000000001008738                treeset_contains
                0x0000000001008740                treeset_size
                0x0000000001008748                treeset_foreach
                0x0000000001008750                treeset_iter_init
                0x0000000001008758                treeset_iter_next
                0x0000000001008784                treeset_iter_remove
 .text          0x0000000001008788     0x1ec0 ./src/Collections-C/src/treetable.o
                0x0000000001008d08                treetable_conf_init
                0x0000000001008d30                treetable_new
                0x0000000001008dc4                treetable_new_conf
                0x0000000001008e5c                treetable_destroy
                0x0000000001009470                treetable_get
                0x00000000010094ec                treetable_get_first_value
                0x0000000001009520                treetable_get_last_value
                0x0000000001009554                treetable_get_first_key
                0x0000000001009588                treetable_get_last_key
                0x00000000010095bc                treetable_get_greater_than
                0x00000000010096b4                treetable_get_lesser_than
                0x00000000010097a8                treetable_size
                0x00000000010097b0                treetable_contains_key
                0x0000000001009824                treetable_contains_value
                0x00000000010098dc                treetable_add
                0x0000000001009bd8                treetable_remove
                0x0000000001009c68                treetable_remove_first
                0x0000000001009cb4                treetable_remove_last
                0x0000000001009cec                treetable_remove_all
                0x000000000100a2f4                treetable_foreach_key
                0x000000000100a3a0                treetable_foreach_value
                0x000000000100a44c                treetable_iter_init
                0x000000000100a47c                treetable_iter_next
                0x000000000100a520                treetable_iter_remove
                0x000000000100a564                treetable_assert_rb_rules
 .text          0x000000000100a648        0x0 ./src/acq_hacks.o
 .text          0x000000000100a648     0x2804 ./src/acquire.o
                0x000000000100a648                _acq_irq_fifo_gen_rst
                0x000000000100a7cc                _acq_irq_error_dma
                0x000000000100a850                _acq_reset_PL_fifo
                0x000000000100a87c                _acq_reset_trigger
                0x000000000100a8a8                _acq_wait_for_ndone
                0x000000000100a8c0                _acq_fast_dma_start
                0x000000000100a8e8                _acq_core_dma_start
                0x000000000100a940                acq_write_training
                0x000000000100a9f8                acq_init
                0x000000000100abbc                acq_get_next_alloc
                0x000000000100ac74                acq_append_next_alloc
                0x000000000100adac                acq_free_all_alloc_core
                0x000000000100ae10                acq_free_all_alloc
                0x000000000100af08                acq_rewind
                0x000000000100af74                acq_swap
                0x000000000100b040                acq_prepare_triggered
                0x000000000100b5b8                acq_start
                0x000000000100b724                acq_stop
                0x000000000100b794                acq_abort_done
                0x000000000100b7b4                acq_is_done
                0x000000000100b7d0                acq_make_status
                0x000000000100b870                acq_debug_dump
                0x000000000100bf08                _acq_irq_rx_handler
                0x000000000100c6c4                acq_debug_dump_waveraw
                0x000000000100c764                acq_get_ll_pointer
                0x000000000100c81c                acq_next_ll_pointer
                0x000000000100c878                acq_debug_dump_wave
                0x000000000100cb48                acq_copy_slow_mipi
                0x000000000100ccf8                acq_dma_address_helper
                0x000000000100cdc4                acq_get_wave_size_bytes
                0x000000000100cdf4                acq_get_wave_bit_depth
                0x000000000100ce24                acq_get_wave_bit_packed_depth
 *fill*         0x000000000100ce4c        0x4 
 .text          0x000000000100ce50      0x6d0 ./src/clkwiz_interface.o
                0x000000000100ce50                clkwiz_init
                0x000000000100cf24                clkwiz_change_mipi_freq
                0x000000000100d214                clkwiz_dump_state
                0x000000000100d48c                clkwiz_commit
 .text          0x000000000100d520      0x328 ./src/fabric_config.o
                0x000000000100d520                fabcfg_dump_state
                0x000000000100d6e4                fabcfg_init
 .text          0x000000000100d848      0xee8 ./src/hal.o
                0x000000000100d848                irq_xscutimer
                0x000000000100dad0                d_xilinx_assert
                0x000000000100dae8                bogo_calibrate
                0x000000000100dc9c                bogo_delay
                0x000000000100dd00                d_printf
                0x000000000100ded8                hal_init
                0x000000000100e3ec                d_waitkey
                0x000000000100e3f8                d_iskeypress
                0x000000000100e418                d_getkey
                0x000000000100e438                d_read_global_timer
                0x000000000100e460                d_start_timing
                0x000000000100e4d0                d_stop_timing
                0x000000000100e560                d_read_timing
                0x000000000100e5bc                d_read_timing_us
                0x000000000100e638                d_dump_timing
                0x000000000100e6f0                d_dump_timing_ex
 .text          0x000000000100e730        0x0 ./src/main.o
 .text          0x000000000100e730     0x18b8 ./src/mipi_csi.o
                0x000000000100e730                mipi_csi_init
                0x000000000100e904                mipi_csi_set_datatype_and_frame_wct
                0x000000000100e970                mipi_csi_alloc_item
                0x000000000100e9c4                mipi_csi_free_item
                0x000000000100ea30                mipi_csi_queue_buffer
                0x000000000100eb98                mipi_csi_queue_waverange
                0x000000000100ecd0                mipi_csi_queue_all_waves
                0x000000000100edb0                mipi_csi_setup_bdring_and_bd
                0x000000000100eeb4                mipi_csi_generate_sg_list_for_buffer_range
                0x000000000100f1bc                mipi_csi_generate_sg_list_for_waves
                0x000000000100f774                mipi_csi_send_fifo_reset
                0x000000000100f7a4                mipi_csi_send_sof
                0x000000000100f878                mipi_csi_send_eof
                0x000000000100f91c                mipi_csi_stop
                0x000000000100f9bc                mipi_csi_transfer_packet
                0x000000000100fb18                mipi_csi_clear_queue
                0x000000000100fb7c                mipi_csi_unpop_and_start
                0x000000000100fbac                mipi_csi_unpop_and_start_all
                0x000000000100fbd8                mipi_csi_get_status
                0x000000000100fc54                mipi_csi_get_size_report
                0x000000000100fca4                mipi_csi_process_queue_item
                0x000000000100fe44                mipi_csi_tick
 .text          0x000000000100ffe8       0x14 ./src/platform.o
                0x000000000100ffe8                enable_caches
                0x000000000100ffec                disable_caches
                0x000000000100fff0                init_uart
                0x000000000100fff4                init_platform
                0x000000000100fff8                cleanup_platform
 .text          0x000000000100fffc     0x1398 ./src/spi.o
                0x000000000100fffc                spi_isr_handler
                0x00000000010103a0                spi_init
                0x00000000010107dc                spi_reset_hw
                0x0000000001010810                spi_crc_lut_gen
                0x0000000001010898                spi_command_lut_gen
                0x0000000001010960                spi_transmit_packet_nonblock
                0x0000000001010ab0                spi_command_find_free_slot
                0x0000000001010af8                spi_command_count_allocated
                0x0000000001010b24                spi_command_pack_response_simple
                0x0000000001010bb4                spi_command_pack_response_pre_alloc
                0x0000000001010c18                spi_command_tick
 .text          0x0000000001011394      0xb28 ./src/spi_commands.o
                0x0000000001011394                spicmd_csi_setup_wave_range
                0x0000000001011398                spicmd_hello
                0x00000000010113c8                spicmd_version
                0x00000000010113d8                spicmd_stats
                0x0000000001011440                spicmd_acq_setup_trigd
                0x00000000010114b8                spicmd_acq_start
                0x00000000010114e4                spicmd_acq_stop
                0x0000000001011508                spicmd_acq_rewind
                0x000000000101150c                spicmd_acq_status
                0x0000000001011538                spicmd_trig_configure_edge
                0x0000000001011564                spicmd_trig_configure_always
                0x0000000001011568                spicmd_trig_force
                0x000000000101156c                spicmd_trig_arm
                0x0000000001011570                spicmd_trig_disarm
                0x0000000001011574                spicmd_csi_setup_addr_range
                0x000000000101158c                spicmd_csi_setup_testpatt
                0x0000000001011ce4                spicmd_csi_set_params_queue
                0x0000000001011cf8                spicmd_csi_stream_clear_queue
                0x0000000001011cfc                spicmd_csi_stream_unpop_start
                0x0000000001011d00                spicmd_csi_stream_unpop_start_all
                0x0000000001011d04                spicmd_csi_stream_stop
                0x0000000001011d08                spicmd_csi_status
                0x0000000001011d34                spicmd_comp0
                0x0000000001011eac                spicmd_csi_setup_trigpos_all
                0x0000000001011eb0                spicmd_csi_setup_bitpack_wave
                0x0000000001011eb4                spicmd_csi_setup_wave_all
                0x0000000001011eb8                spicmd_csi_setup_trigpos_range
 *fill*         0x0000000001011ebc        0x4 
 .text          0x0000000001011ec0      0x338 ./src/system_control.o
                0x0000000001011ec0                sysctrl_tick_irq
                0x0000000001011f10                sysctrl_init
                0x0000000001012058                sysctrl_led_mode
                0x00000000010120c0                sysctrl_led_tick
                0x000000000101214c                sysctrl_xadc_tick
                0x0000000001012150                sysctrl_main_loop
 .text          0x00000000010121f8        0x0 ./src/test_patterns.o
 .text          0x00000000010121f8      0x744 ./src/trigger.o
                0x00000000010121f8                trig_zero_levels
                0x000000000101222c                trig_write_levels
                0x000000000101237c                trig_configure_always
                0x00000000010123bc                trig_configure_edge
                0x0000000001012600                trig_configure_holdoff
                0x000000000101267c                trig_dump_state
                0x0000000001012828                trig_init
                0x00000000010128bc                trig_has_trigd
                0x00000000010128e8                trig_arm
                0x0000000001012900                trig_disarm
                0x0000000001012918                trig_force
 .text          0x000000000101293c      0x91c C:\Users\Tom\Documents\Projects\Scopy_MVP_Platform\scopy-fpga\main\ps7_cortexa9_0\standalone_domain\bsp\ps7_cortexa9_0\lib\libxil.a(xaxidma.o)
                0x000000000101293c                XAxiDma_Reset
                0x0000000001012a50                XAxiDma_ResetIsDone
                0x0000000001012a9c                XAxiDma_CfgInitialize
                0x0000000001012cd8                XAxiDma_Pause
                0x0000000001012d88                XAxiDma_Resume
                0x0000000001013040                XAxiDma_Busy
                0x000000000101305c                XAxiDma_SelectKeyHole
                0x0000000001013084                XAxiDma_SelectCyclicMode
                0x00000000010130ac                XAxiDma_SimpleTransfer
 .text          0x0000000001013258       0x60 C:\Users\Tom\Documents\Projects\Scopy_MVP_Platform\scopy-fpga\main\ps7_cortexa9_0\standalone_domain\bsp\ps7_cortexa9_0\lib\libxil.a(xaxidma_sinit.o)
                0x0000000001013258                XAxiDma_LookupConfig
                0x0000000001013288                XAxiDma_LookupConfigBaseAddr
 .text          0x00000000010132b8       0x78 C:\Users\Tom\Documents\Projects\Scopy_MVP_Platform\scopy-fpga\main\ps7_cortexa9_0\standalone_domain\bsp\ps7_cortexa9_0\lib\libxil.a(xaxidma_selftest.o)
                0x00000000010132b8                XAxiDma_Selftest
 .text          0x0000000001013330      0x2c4 C:\Users\Tom\Documents\Projects\Scopy_MVP_Platform\scopy-fpga\main\ps7_cortexa9_0\standalone_domain\bsp\ps7_cortexa9_0\lib\libxil.a(xaxidma_bd.o)
                0x0000000001013330                XAxiDma_BdSetLength
                0x0000000001013384                XAxiDma_BdSetBufAddr
                0x00000000010133d8                XAxiDma_BdSetBufAddrMicroMode
                0x0000000001013410                XAxiDma_BdSetAppWord
                0x0000000001013470                XAxiDma_BdGetAppWord
                0x00000000010134d4                XAxiDma_BdSetCtrl
                0x00000000010134ec                XAxiDma_DumpBd
 .text          0x00000000010135f4      0xfd4 C:\Users\Tom\Documents\Projects\Scopy_MVP_Platform\scopy-fpga\main\ps7_cortexa9_0\standalone_domain\bsp\ps7_cortexa9_0\lib\libxil.a(xaxidma_bdring.o)
                0x00000000010135f4                XAxiDma_UpdateBdRingCDesc
                0x0000000001013778                XAxiDma_BdRingCreate
                0x0000000001013990                XAxiDma_BdRingClone
                0x0000000001013ac8                XAxiDma_StartBdRingHw
                0x0000000001013bf4                XAxiDma_BdRingStart
                0x0000000001013c48                XAxiDma_BdRingSetCoalesce
                0x0000000001013cbc                XAxiDma_BdRingGetCoalesce
                0x0000000001013cd8                XAxiDma_BdRingAlloc
                0x0000000001013d78                XAxiDma_BdRingUnAlloc
                0x0000000001013e50                XAxiDma_BdRingToHw
                0x00000000010140f0                XAxiDma_BdRingFromHw
                0x0000000001014244                XAxiDma_BdRingFree
                0x00000000010142f8                XAxiDma_BdRingCheck
                0x0000000001014510                XAxiDma_BdRingDumpRegs
 .text          0x00000000010145c8        0x0 C:\Users\Tom\Documents\Projects\Scopy_MVP_Platform\scopy-fpga\main\ps7_cortexa9_0\standalone_domain\bsp\ps7_cortexa9_0\lib\libxil.a(xaxidma_g.o)
 .text          0x00000000010145c8      0x150 C:\Users\Tom\Documents\Projects\Scopy_MVP_Platform\scopy-fpga\main\ps7_cortexa9_0\standalone_domain\bsp\ps7_cortexa9_0\lib\libxil.a(xclk_wiz.o)
                0x00000000010145f0                XClk_Wiz_CfgInitialize
                0x00000000010146b8                XClk_Wiz_GetInterruptSettings
 .text          0x0000000001014718       0x1c C:\Users\Tom\Documents\Projects\Scopy_MVP_Platform\scopy-fpga\main\ps7_cortexa9_0\standalone_domain\bsp\ps7_cortexa9_0\lib\libxil.a(xclk_wiz_sinit.o)
                0x0000000001014718                XClk_Wiz_LookupConfig
 .text          0x0000000001014734      0xcd8 C:\Users\Tom\Documents\Projects\Scopy_MVP_Platform\scopy-fpga\main\ps7_cortexa9_0\standalone_domain\bsp\ps7_cortexa9_0\lib\libxil.a(xgpiops.o)
                0x0000000001014734                XGpioPs_CfgInitialize
                0x00000000010148b0                XGpioPs_Read
                0x0000000001014964                XGpioPs_Write
                0x0000000001014a0c                XGpioPs_SetDirection
                0x0000000001014ab8                XGpioPs_GetDirection
                0x0000000001014b70                XGpioPs_SetOutputEnable
                0x0000000001014c1c                XGpioPs_GetOutputEnable
                0x0000000001014cd4                XGpioPs_GetBankPin
                0x0000000001014e10                XGpioPs_ReadPin
                0x0000000001014ef4                XGpioPs_WritePin
                0x0000000001014ff4                XGpioPs_SetDirectionPin
                0x0000000001015118                XGpioPs_GetDirectionPin
                0x0000000001015200                XGpioPs_SetOutputEnablePin
                0x0000000001015324                XGpioPs_GetOutputEnablePin
 .text          0x000000000101540c       0x1c C:\Users\Tom\Documents\Projects\Scopy_MVP_Platform\scopy-fpga\main\ps7_cortexa9_0\standalone_domain\bsp\ps7_cortexa9_0\lib\libxil.a(xgpiops_sinit.o)
                0x000000000101540c                XGpioPs_LookupConfig
 .text          0x0000000001015428      0xdd4 C:\Users\Tom\Documents\Projects\Scopy_MVP_Platform\scopy-fpga\main\ps7_cortexa9_0\standalone_domain\bsp\ps7_cortexa9_0\lib\libxil.a(xgpiops_intr.o)
                0x0000000001015428                XGpioPs_IntrEnable
                0x00000000010154d4                XGpioPs_IntrEnablePin
                0x00000000010155b0                XGpioPs_IntrDisable
                0x000000000101565c                XGpioPs_IntrDisablePin
                0x0000000001015738                XGpioPs_IntrGetEnabled
                0x00000000010157f4                XGpioPs_IntrGetEnabledPin
                0x00000000010158dc                XGpioPs_IntrGetStatus
                0x0000000001015994                XGpioPs_IntrGetStatusPin
                0x0000000001015a7c                XGpioPs_IntrClear
                0x0000000001015b28                XGpioPs_IntrClearPin
                0x0000000001015c08                XGpioPs_SetIntrType
                0x0000000001015cd0                XGpioPs_GetIntrType
                0x0000000001015da4                XGpioPs_SetIntrTypePin
                0x0000000001015f44                XGpioPs_GetIntrTypePin
                0x0000000001016050                XGpioPs_SetCallbackHandler
                0x00000000010160f0                XGpioPs_IntrHandler
                0x00000000010161d4                StubHandler
 .text          0x00000000010161fc        0x0 C:\Users\Tom\Documents\Projects\Scopy_MVP_Platform\scopy-fpga\main\ps7_cortexa9_0\standalone_domain\bsp\ps7_cortexa9_0\lib\libxil.a(xgpiops_g.o)
 .text          0x00000000010161fc       0x78 C:\Users\Tom\Documents\Projects\Scopy_MVP_Platform\scopy-fpga\main\ps7_cortexa9_0\standalone_domain\bsp\ps7_cortexa9_0\lib\libxil.a(xscugic_intr.o)
                0x00000000010161fc                XScuGic_InterruptHandler
 .text          0x0000000001016274      0xaf4 C:\Users\Tom\Documents\Projects\Scopy_MVP_Platform\scopy-fpga\main\ps7_cortexa9_0\standalone_domain\bsp\ps7_cortexa9_0\lib\libxil.a(xscugic.o)
                0x00000000010162c4                XScuGic_Connect
                0x0000000001016398                XScuGic_Disconnect
                0x0000000001016464                XScuGic_SoftwareIntr
                0x0000000001016548                XScuGic_SetPriorityTriggerType
                0x0000000001016680                XScuGic_GetPriorityTriggerType
                0x00000000010167ac                XScuGic_InterruptMaptoCpu
                0x0000000001016820                XScuGic_Enable
                0x00000000010168f4                XScuGic_InterruptUnmapFromCpu
                0x0000000001016968                XScuGic_Disable
                0x0000000001016a3c                XScuGic_UnmapAllInterruptsFromCpu
                0x0000000001016ab8                XScuGic_Stop
                0x0000000001016b94                XScuGic_CfgInitialize
                0x0000000001016d08                XScuGic_SetCpuID
                0x0000000001016d58                XScuGic_GetCpuID
 .text          0x0000000001016d68       0x1c C:\Users\Tom\Documents\Projects\Scopy_MVP_Platform\scopy-fpga\main\ps7_cortexa9_0\standalone_domain\bsp\ps7_cortexa9_0\lib\libxil.a(xscugic_sinit.o)
                0x0000000001016d68                XScuGic_LookupConfig
 .text          0x0000000001016d84       0xb4 C:\Users\Tom\Documents\Projects\Scopy_MVP_Platform\scopy-fpga\main\ps7_cortexa9_0\standalone_domain\bsp\ps7_cortexa9_0\lib\libxil.a(xscugic_selftest.o)
                0x0000000001016d84                XScuGic_SelfTest
 .text          0x0000000001016e38      0x2d8 C:\Users\Tom\Documents\Projects\Scopy_MVP_Platform\scopy-fpga\main\ps7_cortexa9_0\standalone_domain\bsp\ps7_cortexa9_0\lib\libxil.a(xscutimer.o)
                0x0000000001016e38                XScuTimer_CfgInitialize
                0x0000000001016ee8                XScuTimer_Start
                0x0000000001016f78                XScuTimer_Stop
                0x0000000001017000                XScuTimer_SetPrescaler
                0x0000000001017088                XScuTimer_GetPrescaler
 .text          0x0000000001017110       0xbc C:\Users\Tom\Documents\Projects\Scopy_MVP_Platform\scopy-fpga\main\ps7_cortexa9_0\standalone_domain\bsp\ps7_cortexa9_0\lib\libxil.a(xscutimer_selftest.o)
                0x0000000001017110                XScuTimer_SelfTest
 .text          0x00000000010171cc       0x1c C:\Users\Tom\Documents\Projects\Scopy_MVP_Platform\scopy-fpga\main\ps7_cortexa9_0\standalone_domain\bsp\ps7_cortexa9_0\lib\libxil.a(xscutimer_sinit.o)
                0x00000000010171cc                XScuTimer_LookupConfig
 .text          0x00000000010171e8        0x0 C:\Users\Tom\Documents\Projects\Scopy_MVP_Platform\scopy-fpga\main\ps7_cortexa9_0\standalone_domain\bsp\ps7_cortexa9_0\lib\libxil.a(xscutimer_g.o)
 .text          0x00000000010171e8      0xaf0 C:\Users\Tom\Documents\Projects\Scopy_MVP_Platform\scopy-fpga\main\ps7_cortexa9_0\standalone_domain\bsp\ps7_cortexa9_0\lib\libxil.a(xspips.o)
                0x0000000001017210                XSpiPs_Transfer
                0x00000000010173f0                XSpiPs_PolledTransfer
                0x0000000001017674                XSpiPs_SetSlaveSelect
                0x0000000001017754                XSpiPs_GetSlaveSelect
                0x00000000010177fc                XSpiPs_SetStatusHandler
                0x000000000101789c                XSpiPs_Abort
                0x00000000010178f8                XSpiPs_Reset
                0x000000000101797c                XSpiPs_CfgInitialize
                0x0000000001017a4c                XSpiPs_InterruptHandler
 .text          0x0000000001017cd8       0x1c C:\Users\Tom\Documents\Projects\Scopy_MVP_Platform\scopy-fpga\main\ps7_cortexa9_0\standalone_domain\bsp\ps7_cortexa9_0\lib\libxil.a(xspips_sinit.o)
                0x0000000001017cd8                XSpiPs_LookupConfig
 .text          0x0000000001017cf4        0x0 C:\Users\Tom\Documents\Projects\Scopy_MVP_Platform\scopy-fpga\main\ps7_cortexa9_0\standalone_domain\bsp\ps7_cortexa9_0\lib\libxil.a(xspips_g.o)
 .text          0x0000000001017cf4      0x16c C:\Users\Tom\Documents\Projects\Scopy_MVP_Platform\scopy-fpga\main\ps7_cortexa9_0\standalone_domain\bsp\ps7_cortexa9_0\lib\libxil.a(xspips_selftest.o)
                0x0000000001017cf4                XSpiPs_SelfTest
 .text          0x0000000001017e60       0x70 C:\Users\Tom\Documents\Projects\Scopy_MVP_Platform\scopy-fpga\main\ps7_cortexa9_0\standalone_domain\bsp\ps7_cortexa9_0\lib\libxil.a(xil_assert.o)
                0x0000000001017e60                Xil_Assert
                0x0000000001017ebc                Xil_AssertSetCallback
                0x0000000001017ecc                XNullHandler
 .text          0x0000000001017ed0       0x28 C:\Users\Tom\Documents\Projects\Scopy_MVP_Platform\scopy-fpga\main\ps7_cortexa9_0\standalone_domain\bsp\ps7_cortexa9_0\lib\libxil.a(print.o)
                0x0000000001017ed0                print
 .text          0x0000000001017ef8      0x96c C:\Users\Tom\Documents\Projects\Scopy_MVP_Platform\scopy-fpga\main\ps7_cortexa9_0\standalone_domain\bsp\ps7_cortexa9_0\lib\libxil.a(xil_cache.o)
                0x0000000001017ef8                Xil_DCacheInvalidateLine
                0x0000000001017f30                Xil_DCacheInvalidateRange
                0x0000000001018018                Xil_DCacheFlushLine
                0x0000000001018064                Xil_DCacheFlushRange
                0x00000000010180b8                Xil_DCacheStoreLine
                0x00000000010180f0                Xil_ICacheInvalidateLine
                0x0000000001018128                Xil_ICacheInvalidateRange
                0x0000000001018180                Xil_L1DCacheInvalidate
                0x0000000001018234                Xil_L1DCacheEnable
                0x0000000001018254                Xil_L1DCacheInvalidateLine
                0x000000000101826c                Xil_L1DCacheInvalidateRange
                0x00000000010182b4                Xil_L1DCacheFlush
                0x0000000001018340                Xil_L1DCacheDisable
                0x0000000001018358                Xil_DCacheFlush
                0x00000000010183b4                Xil_L1DCacheFlushLine
                0x00000000010183cc                Xil_L1DCacheFlushRange
                0x0000000001018414                Xil_L1DCacheStoreLine
                0x000000000101842c                Xil_L1ICacheEnable
                0x0000000001018448                Xil_L1ICacheDisable
                0x0000000001018464                Xil_L1ICacheInvalidate
                0x000000000101847c                Xil_L1ICacheInvalidateLine
                0x0000000001018494                Xil_L1ICacheInvalidateRange
                0x00000000010184dc                Xil_L2CacheDisable
                0x0000000001018550                Xil_DCacheDisable
                0x000000000101856c                Xil_ICacheDisable
                0x0000000001018590                Xil_L2CacheInvalidate
                0x00000000010185fc                Xil_DCacheInvalidate
                0x000000000101861c                Xil_ICacheInvalidate
                0x00000000010186a4                Xil_L2CacheEnable
                0x00000000010186bc                Xil_DCacheEnable
                0x00000000010186e0                Xil_ICacheEnable
                0x0000000001018710                Xil_L2CacheInvalidateLine
                0x0000000001018724                Xil_L2CacheInvalidateRange
                0x000000000101878c                Xil_L2CacheFlush
                0x00000000010187d0                Xil_L2CacheFlushLine
                0x00000000010187e8                Xil_L2CacheFlushRange
                0x0000000001018850                Xil_L2CacheStoreLine
 .text          0x0000000001018864       0x10 C:\Users\Tom\Documents\Projects\Scopy_MVP_Platform\scopy-fpga\main\ps7_cortexa9_0\standalone_domain\bsp\ps7_cortexa9_0\lib\libxil.a(outbyte.o)
                0x0000000001018864                outbyte
 .text          0x0000000001018874        0x8 C:\Users\Tom\Documents\Projects\Scopy_MVP_Platform\scopy-fpga\main\ps7_cortexa9_0\standalone_domain\bsp\ps7_cortexa9_0\lib\libxil.a(xplatform_info.o)
                0x0000000001018874                XGetPlatform_Info
 .text          0x000000000101887c      0x6c0 C:\Users\Tom\Documents\Projects\Scopy_MVP_Platform\scopy-fpga\main\ps7_cortexa9_0\standalone_domain\bsp\ps7_cortexa9_0\lib\libxil.a(xil_printf.o)
                0x0000000001018ab0                xil_printf
 .text          0x0000000001018f3c       0xe4 C:\Users\Tom\Documents\Projects\Scopy_MVP_Platform\scopy-fpga\main\ps7_cortexa9_0\standalone_domain\bsp\ps7_cortexa9_0\lib\libxil.a(xil_exception.o)
                0x0000000001018f40                Xil_DataAbortHandler
                0x0000000001018f70                Xil_PrefetchAbortHandler
                0x0000000001018fa0                Xil_UndefinedExceptionHandler
                0x0000000001018fc0                Xil_ExceptionInit
                0x0000000001018fc4                Xil_ExceptionRegisterHandler
                0x0000000001018fdc                Xil_GetExceptionRegisterHandler
                0x0000000001018ffc                Xil_ExceptionRemoveHandler
 .text          0x0000000001019020        0x0 C:\Users\Tom\Documents\Projects\Scopy_MVP_Platform\scopy-fpga\main\ps7_cortexa9_0\standalone_domain\bsp\ps7_cortexa9_0\lib\libxil.a(asm_vectors.o)
 .text          0x0000000001019020      0x5d4 C:\Users\Tom\Documents\Projects\Scopy_MVP_Platform\scopy-fpga\main\ps7_cortexa9_0\standalone_domain\bsp\ps7_cortexa9_0\lib\libxil.a(xttcps.o)
                0x0000000001019048                XTtcPs_CfgInitialize
                0x0000000001019164                XTtcPs_SetMatchValue
                0x0000000001019210                XTtcPs_GetMatchValue
                0x00000000010192cc                XTtcPs_SetPrescaler
                0x000000000101937c                XTtcPs_GetPrescaler
                0x0000000001019414                XTtcPs_CalcIntervalFromFreq
                0x00000000010194f4                XTtcPs_InterruptHandler
                0x0000000001019554                XTtcPs_SetStatusHandler
 .text          0x00000000010195f4       0x40 C:\Users\Tom\Documents\Projects\Scopy_MVP_Platform\scopy-fpga\main\ps7_cortexa9_0\standalone_domain\bsp\ps7_cortexa9_0\lib\libxil.a(xttcps_sinit.o)
                0x00000000010195f4                XTtcPs_LookupConfig
 .text          0x0000000001019634        0x0 C:\Users\Tom\Documents\Projects\Scopy_MVP_Platform\scopy-fpga\main\ps7_cortexa9_0\standalone_domain\bsp\ps7_cortexa9_0\lib\libxil.a(xttcps_g.o)
 .text          0x0000000001019634      0x1ac C:\Users\Tom\Documents\Projects\Scopy_MVP_Platform\scopy-fpga\main\ps7_cortexa9_0\standalone_domain\bsp\ps7_cortexa9_0\lib\libxil.a(xttcps_options.o)
                0x0000000001019634                XTtcPs_SetOptions
                0x0000000001019728                XTtcPs_GetOptions
 .text          0x00000000010197e0       0x88 C:\Users\Tom\Documents\Projects\Scopy_MVP_Platform\scopy-fpga\main\ps7_cortexa9_0\standalone_domain\bsp\ps7_cortexa9_0\lib\libxil.a(xuartps_hw.o)
                0x00000000010197e0                XUartPs_SendByte
                0x00000000010197f8                XUartPs_RecvByte
                0x0000000001019814                XUartPs_ResetHw
 .text          0x0000000001019868        0x0 C:\Users\Tom\Documents\Projects\Scopy_MVP_Platform\scopy-fpga\main\ps7_cortexa9_0\standalone_domain\bsp\ps7_cortexa9_0\lib\libxil.a(xclk_wiz_g.o)
 .text          0x0000000001019868        0x0 C:\Users\Tom\Documents\Projects\Scopy_MVP_Platform\scopy-fpga\main\ps7_cortexa9_0\standalone_domain\bsp\ps7_cortexa9_0\lib\libxil.a(xscugic_g.o)
 .text          0x0000000001019868      0x448 C:\Users\Tom\Documents\Projects\Scopy_MVP_Platform\scopy-fpga\main\ps7_cortexa9_0\standalone_domain\bsp\ps7_cortexa9_0\lib\libxil.a(xspips_options.o)
                0x0000000001019868                XSpiPs_SetOptions
                0x000000000101996c                XSpiPs_GetOptions
                0x0000000001019a20                XSpiPs_SetClkPrescaler
                0x0000000001019ae0                XSpiPs_GetClkPrescaler
                0x0000000001019b68                XSpiPs_SetDelays
                0x0000000001019c14                XSpiPs_GetDelays
 .text          0x0000000001019cb0       0x78 C:\Users\Tom\Documents\Projects\Scopy_MVP_Platform\scopy-fpga\main\ps7_cortexa9_0\standalone_domain\bsp\ps7_cortexa9_0\lib\libxil.a(vectors.o)
                0x0000000001019cb0                FIQInterrupt
                0x0000000001019cc4                IRQInterrupt
                0x0000000001019cd8                UndefinedException
                0x0000000001019cec                SWInterrupt
                0x0000000001019d00                DataAbortInterrupt
                0x0000000001019d14                PrefetchAbortInterrupt
 .text          0x0000000001019d28        0x0 C:\Users\Tom\Documents\Projects\Scopy_MVP_Platform\scopy-fpga\main\ps7_cortexa9_0\standalone_domain\bsp\ps7_cortexa9_0\lib\libxil.a(boot.o)
 .text          0x0000000001019d28       0x78 C:\Users\Tom\Documents\Projects\Scopy_MVP_Platform\scopy-fpga\main\ps7_cortexa9_0\standalone_domain\bsp\ps7_cortexa9_0\lib\libxil.a(xil-crt0.o)
                0x0000000001019d3c                _start
 .text          0x0000000001019da0        0x0 C:\Users\Tom\Documents\Projects\Scopy_MVP_Platform\scopy-fpga\main\ps7_cortexa9_0\standalone_domain\bsp\ps7_cortexa9_0\lib\libxil.a(translation_table.o)
 .text          0x0000000001019da0       0x3c C:\Users\Tom\Documents\Projects\Scopy_MVP_Platform\scopy-fpga\main\ps7_cortexa9_0\standalone_domain\bsp\ps7_cortexa9_0\lib\libxil.a(cpu_init.o)
                0x0000000001019da0                __cpu_init
 .text          0x0000000001019ddc       0x4c C:\Users\Tom\Documents\Projects\Scopy_MVP_Platform\scopy-fpga\main\ps7_cortexa9_0\standalone_domain\bsp\ps7_cortexa9_0\lib\libxil.a(xtime_l.o)
                0x0000000001019ddc                XTime_SetTime
                0x0000000001019e00                XTime_GetTime
 .text          0x0000000001019e28      0x278 g:/xilinx/vitis/2019.2/gnu/aarch32/nt/gcc-arm-none-eabi/bin/../lib/gcc/arm-none-eabi/8.2.0/thumb/v7-a+fp/hard\libgcc.a(_udivsi3.o)
                0x0000000001019e28                __aeabi_uidiv
                0x0000000001019e28                __udivsi3
                0x000000000101a084                __aeabi_uidivmod
 .text          0x000000000101a0a0      0x2b0 g:/xilinx/vitis/2019.2/gnu/aarch32/nt/gcc-arm-none-eabi/bin/../lib/gcc/arm-none-eabi/8.2.0/thumb/v7-a+fp/hard\libgcc.a(_divsi3.o)
                0x000000000101a0a0                __divsi3
                0x000000000101a0a0                __aeabi_idiv
                0x000000000101a334                __aeabi_idivmod
 .text          0x000000000101a350        0x4 g:/xilinx/vitis/2019.2/gnu/aarch32/nt/gcc-arm-none-eabi/bin/../lib/gcc/arm-none-eabi/8.2.0/thumb/v7-a+fp/hard\libgcc.a(_dvmd_tls.o)
                0x000000000101a350                __aeabi_idiv0
                0x000000000101a350                __aeabi_ldiv0
 .text          0x000000000101a354      0x378 g:/xilinx/vitis/2019.2/gnu/aarch32/nt/gcc-arm-none-eabi/bin/../lib/gcc/arm-none-eabi/8.2.0/thumb/v7-a+fp/hard\libgcc.a(_arm_addsubdf3.o)
                0x000000000101a354                __aeabi_drsub
                0x000000000101a35c                __aeabi_dsub
                0x000000000101a35c                __subdf3
                0x000000000101a360                __aeabi_dadd
                0x000000000101a360                __adddf3
                0x000000000101a5d8                __floatunsidf
                0x000000000101a5d8                __aeabi_ui2d
                0x000000000101a5f8                __floatsidf
                0x000000000101a5f8                __aeabi_i2d
                0x000000000101a61c                __aeabi_f2d
                0x000000000101a61c                __extendsfdf2
                0x000000000101a660                __floatundidf
                0x000000000101a660                __aeabi_ul2d
                0x000000000101a670                __floatdidf
                0x000000000101a670                __aeabi_l2d
 .text          0x000000000101a6cc      0x21c g:/xilinx/vitis/2019.2/gnu/aarch32/nt/gcc-arm-none-eabi/bin/../lib/gcc/arm-none-eabi/8.2.0/thumb/v7-a+fp/hard\libgcc.a(_arm_addsubsf3.o)
                0x000000000101a6cc                __aeabi_frsub
                0x000000000101a6d4                __subsf3
                0x000000000101a6d4                __aeabi_fsub
                0x000000000101a6d8                __aeabi_fadd
                0x000000000101a6d8                __addsf3
                0x000000000101a838                __aeabi_ui2f
                0x000000000101a838                __floatunsisf
                0x000000000101a840                __aeabi_i2f
                0x000000000101a840                __floatsisf
                0x000000000101a85c                __aeabi_ul2f
                0x000000000101a85c                __floatundisf
                0x000000000101a86c                __aeabi_l2f
                0x000000000101a86c                __floatdisf
 .text          0x000000000101a8e8       0x30 g:/xilinx/vitis/2019.2/gnu/aarch32/nt/gcc-arm-none-eabi/bin/../lib/gcc/arm-none-eabi/8.2.0/thumb/v7-a+fp/hard\libgcc.a(_aeabi_uldivmod.o)
                0x000000000101a8e8                __aeabi_uldivmod
 .text          0x000000000101a918       0x28 g:/xilinx/vitis/2019.2/gnu/aarch32/nt/gcc-arm-none-eabi/bin/../lib/gcc/arm-none-eabi/8.2.0/thumb/v7-a+fp/hard\libgcc.a(_popcountsi2.o)
                0x000000000101a918                __popcountsi2
 .text          0x000000000101a940       0x40 g:/xilinx/vitis/2019.2/gnu/aarch32/nt/gcc-arm-none-eabi/bin/../lib/gcc/arm-none-eabi/8.2.0/thumb/v7-a+fp/hard\libgcc.a(_fixunssfdi.o)
                0x000000000101a940                __fixunssfdi
                0x000000000101a940                __aeabi_f2ulz
 .text          0x000000000101a980       0x40 g:/xilinx/vitis/2019.2/gnu/aarch32/nt/gcc-arm-none-eabi/bin/../lib/gcc/arm-none-eabi/8.2.0/thumb/v7-a+fp/hard\libgcc.a(_fixunsdfdi.o)
                0x000000000101a980                __fixunsdfdi
                0x000000000101a980                __aeabi_d2ulz
 .text          0x000000000101a9c0      0x118 g:/xilinx/vitis/2019.2/gnu/aarch32/nt/gcc-arm-none-eabi/bin/../lib/gcc/arm-none-eabi/8.2.0/thumb/v7-a+fp/hard\libgcc.a(_udivmoddi4.o)
                0x000000000101a9c0                __udivmoddi4
 .text          0x000000000101aad8       0x14 g:/xilinx/vitis/2019.2/gnu/aarch32/nt/gcc-arm-none-eabi/bin/../arm-none-eabi/libc/usr/lib/thumb/v7-a+fp/hard\libc.a(lib_a-calloc.o)
                0x000000000101aad8                calloc
 .text          0x000000000101aaec       0x64 g:/xilinx/vitis/2019.2/gnu/aarch32/nt/gcc-arm-none-eabi/bin/../arm-none-eabi/libc/usr/lib/thumb/v7-a+fp/hard\libc.a(lib_a-callocr.o)
                0x000000000101aaec                _calloc_r
 .text          0x000000000101ab50       0x20 g:/xilinx/vitis/2019.2/gnu/aarch32/nt/gcc-arm-none-eabi/bin/../arm-none-eabi/libc/usr/lib/thumb/v7-a+fp/hard\libc.a(lib_a-exit.o)
                0x000000000101ab50                exit
 .text          0x000000000101ab70       0x30 g:/xilinx/vitis/2019.2/gnu/aarch32/nt/gcc-arm-none-eabi/bin/../arm-none-eabi/libc/usr/lib/thumb/v7-a+fp/hard\libc.a(lib_a-fini.o)
                0x000000000101ab70                __libc_fini_array
 .text          0x000000000101aba0        0x0 g:/xilinx/vitis/2019.2/gnu/aarch32/nt/gcc-arm-none-eabi/bin/../arm-none-eabi/libc/usr/lib/thumb/v7-a+fp/hard\libc.a(lib_a-impure.o)
 .text          0x000000000101aba0       0x50 g:/xilinx/vitis/2019.2/gnu/aarch32/nt/gcc-arm-none-eabi/bin/../arm-none-eabi/libc/usr/lib/thumb/v7-a+fp/hard\libc.a(lib_a-init.o)
                0x000000000101aba0                __libc_init_array
 .text          0x000000000101abf0      0x9e0 g:/xilinx/vitis/2019.2/gnu/aarch32/nt/gcc-arm-none-eabi/bin/../arm-none-eabi/libc/usr/lib/thumb/v7-a+fp/hard\libc.a(lib_a-locale.o)
                0x000000000101ac5c                __loadlocale
                0x000000000101b2dc                __get_locale_env
                0x000000000101b330                _setlocale_r
                0x000000000101b574                __locale_mb_cur_max
                0x000000000101b594                __locale_ctype_ptr_l
                0x000000000101b59c                __locale_ctype_ptr
                0x000000000101b5bc                setlocale
 .text          0x000000000101b5d0       0x14 g:/xilinx/vitis/2019.2/gnu/aarch32/nt/gcc-arm-none-eabi/bin/../arm-none-eabi/libc/usr/lib/thumb/v7-a+fp/hard\libc.a(lib_a-malign.o)
                0x000000000101b5d0                memalign
 .text          0x000000000101b5e4       0xf4 g:/xilinx/vitis/2019.2/gnu/aarch32/nt/gcc-arm-none-eabi/bin/../arm-none-eabi/libc/usr/lib/thumb/v7-a+fp/hard\libc.a(lib_a-malignr.o)
                0x000000000101b5e4                _memalign_r
 .text          0x000000000101b6d8       0x20 g:/xilinx/vitis/2019.2/gnu/aarch32/nt/gcc-arm-none-eabi/bin/../arm-none-eabi/libc/usr/lib/thumb/v7-a+fp/hard\libc.a(lib_a-malloc.o)
                0x000000000101b6d8                malloc
                0x000000000101b6e8                free
 .text          0x000000000101b6f8      0x564 g:/xilinx/vitis/2019.2/gnu/aarch32/nt/gcc-arm-none-eabi/bin/../arm-none-eabi/libc/usr/lib/thumb/v7-a+fp/hard\libc.a(lib_a-mallocr.o)
                0x000000000101b6f8                _malloc_r
 .text          0x000000000101bc5c      0x4b8 g:/xilinx/vitis/2019.2/gnu/aarch32/nt/gcc-arm-none-eabi/bin/../arm-none-eabi/libc/usr/lib/thumb/v7-a+fp/hard\libc.a(lib_a-mbtowc_r.o)
                0x000000000101bc5c                _mbtowc_r
                0x000000000101bc84                __ascii_mbtowc
                0x000000000101bca8                __utf8_mbtowc
                0x000000000101beb0                __sjis_mbtowc
                0x000000000101bf34                __eucjp_mbtowc
                0x000000000101bfec                __jis_mbtowc
 *fill*         0x000000000101c114       0x2c 
 .text          0x000000000101c140      0x5e0 g:/xilinx/vitis/2019.2/gnu/aarch32/nt/gcc-arm-none-eabi/bin/../arm-none-eabi/libc/usr/lib/thumb/v7-a+fp/hard\libc.a(lib_a-memcpy.o)
                0x000000000101c140                memcpy
 .text          0x000000000101c720       0xd0 g:/xilinx/vitis/2019.2/gnu/aarch32/nt/gcc-arm-none-eabi/bin/../arm-none-eabi/libc/usr/lib/thumb/v7-a+fp/hard\libc.a(lib_a-memmove.o)
                0x000000000101c720                memmove
 .text          0x000000000101c7f0       0xa0 g:/xilinx/vitis/2019.2/gnu/aarch32/nt/gcc-arm-none-eabi/bin/../arm-none-eabi/libc/usr/lib/thumb/v7-a+fp/hard\libc.a(lib_a-memset.o)
                0x000000000101c7f0                memset
 .text          0x000000000101c890        0x8 g:/xilinx/vitis/2019.2/gnu/aarch32/nt/gcc-arm-none-eabi/bin/../arm-none-eabi/libc/usr/lib/thumb/v7-a+fp/hard\libc.a(lib_a-mlock.o)
                0x000000000101c890                __malloc_lock
                0x000000000101c894                __malloc_unlock
 .text          0x000000000101c898       0x4c g:/xilinx/vitis/2019.2/gnu/aarch32/nt/gcc-arm-none-eabi/bin/../arm-none-eabi/libc/usr/lib/thumb/v7-a+fp/hard\libc.a(lib_a-printf.o)
                0x000000000101c898                _printf_r
                0x000000000101c8b8                printf
 .text          0x000000000101c8e4       0x78 g:/xilinx/vitis/2019.2/gnu/aarch32/nt/gcc-arm-none-eabi/bin/../arm-none-eabi/libc/usr/lib/thumb/v7-a+fp/hard\libc.a(lib_a-puts.o)
                0x000000000101c8e4                _puts_r
                0x000000000101c94c                puts
 .text          0x000000000101c95c      0x5b4 g:/xilinx/vitis/2019.2/gnu/aarch32/nt/gcc-arm-none-eabi/bin/../arm-none-eabi/libc/usr/lib/thumb/v7-a+fp/hard\libc.a(lib_a-qsort.o)
                0x000000000101c95c                qsort
 .text          0x000000000101cf10       0x28 g:/xilinx/vitis/2019.2/gnu/aarch32/nt/gcc-arm-none-eabi/bin/../arm-none-eabi/libc/usr/lib/thumb/v7-a+fp/hard\libc.a(lib_a-sbrkr.o)
                0x000000000101cf10                _sbrk_r
 .text          0x000000000101cf38      0x114 g:/xilinx/vitis/2019.2/gnu/aarch32/nt/gcc-arm-none-eabi/bin/../arm-none-eabi/libc/usr/lib/thumb/v7-a+fp/hard\libc.a(lib_a-snprintf.o)
                0x000000000101cf38                _snprintf_r
                0x000000000101cfbc                snprintf
 .text          0x000000000101d04c       0x44 g:/xilinx/vitis/2019.2/gnu/aarch32/nt/gcc-arm-none-eabi/bin/../arm-none-eabi/libc/usr/lib/thumb/v7-a+fp/hard\libc.a(lib_a-strcasecmp.o)
                0x000000000101d04c                strcasecmp
 .text          0x000000000101d090       0x40 g:/xilinx/vitis/2019.2/gnu/aarch32/nt/gcc-arm-none-eabi/bin/../arm-none-eabi/libc/usr/lib/thumb/v7-a+fp/hard\libc.a(lib_a-strcat.o)
                0x000000000101d090                strcat
 .text          0x000000000101d0d0       0xe4 g:/xilinx/vitis/2019.2/gnu/aarch32/nt/gcc-arm-none-eabi/bin/../arm-none-eabi/libc/usr/lib/thumb/v7-a+fp/hard\libc.a(lib_a-strchr.o)
                0x000000000101d0d0                strchr
 *fill*         0x000000000101d1b4        0xc 
 .text          0x000000000101d1c0      0x2dc g:/xilinx/vitis/2019.2/gnu/aarch32/nt/gcc-arm-none-eabi/bin/../arm-none-eabi/libc/usr/lib/thumb/v7-a+fp/hard\libc.a(lib_a-strcmp.o)
                0x000000000101d1c8                strcmp
 .text          0x000000000101d49c       0xc4 g:/xilinx/vitis/2019.2/gnu/aarch32/nt/gcc-arm-none-eabi/bin/../arm-none-eabi/libc/usr/lib/thumb/v7-a+fp/hard\libc.a(lib_a-strcpy.o)
                0x000000000101d49c                strcpy
 .text          0x000000000101d560       0x58 g:/xilinx/vitis/2019.2/gnu/aarch32/nt/gcc-arm-none-eabi/bin/../arm-none-eabi/libc/usr/lib/thumb/v7-a+fp/hard\libc.a(lib_a-strlcpy.o)
                0x000000000101d560                strlcpy
 *fill*         0x000000000101d5b8        0x8 
 .text          0x000000000101d5c0       0xdc g:/xilinx/vitis/2019.2/gnu/aarch32/nt/gcc-arm-none-eabi/bin/../arm-none-eabi/libc/usr/lib/thumb/v7-a+fp/hard\libc.a(lib_a-strlen.o)
                0x000000000101d5c0                strlen
 .text          0x000000000101d69c       0x5c g:/xilinx/vitis/2019.2/gnu/aarch32/nt/gcc-arm-none-eabi/bin/../arm-none-eabi/libc/usr/lib/thumb/v7-a+fp/hard\libc.a(lib_a-strncasecmp.o)
                0x000000000101d69c                strncasecmp
 .text          0x000000000101d6f8       0xa4 g:/xilinx/vitis/2019.2/gnu/aarch32/nt/gcc-arm-none-eabi/bin/../arm-none-eabi/libc/usr/lib/thumb/v7-a+fp/hard\libc.a(lib_a-strncmp.o)
                0x000000000101d6f8                strncmp
 .text          0x000000000101d79c       0x80 g:/xilinx/vitis/2019.2/gnu/aarch32/nt/gcc-arm-none-eabi/bin/../arm-none-eabi/libc/usr/lib/thumb/v7-a+fp/hard\libc.a(lib_a-strncpy.o)
                0x000000000101d79c                strncpy
 .text          0x000000000101d81c      0x198 g:/xilinx/vitis/2019.2/gnu/aarch32/nt/gcc-arm-none-eabi/bin/../arm-none-eabi/libc/usr/lib/thumb/v7-a+fp/hard\libc.a(lib_a-strtol.o)
                0x000000000101d93c                _strtol_r
                0x000000000101d964                strtol_l
                0x000000000101d984                strtol
 *fill*         0x000000000101d9b4        0x4 
 .text          0x000000000101d9b8     0x1b4c g:/xilinx/vitis/2019.2/gnu/aarch32/nt/gcc-arm-none-eabi/bin/../arm-none-eabi/libc/usr/lib/thumb/v7-a+fp/hard\libc.a(lib_a-svfprintf.o)
                0x000000000101d9b8                _svfprintf_r
 *fill*         0x000000000101f504        0x4 
 .text          0x000000000101f508     0x1c28 g:/xilinx/vitis/2019.2/gnu/aarch32/nt/gcc-arm-none-eabi/bin/../arm-none-eabi/libc/usr/lib/thumb/v7-a+fp/hard\libc.a(lib_a-vfprintf.o)
                0x000000000101f508                _vfprintf_r
                0x00000000010210a8                vfprintf
 .text          0x0000000001021130       0x8c g:/xilinx/vitis/2019.2/gnu/aarch32/nt/gcc-arm-none-eabi/bin/../arm-none-eabi/libc/usr/lib/thumb/v7-a+fp/hard\libc.a(lib_a-vsnprintf.o)
                0x0000000001021130                _vsnprintf_r
                0x000000000102119c                vsnprintf
 .text          0x00000000010211bc       0xac g:/xilinx/vitis/2019.2/gnu/aarch32/nt/gcc-arm-none-eabi/bin/../arm-none-eabi/libc/usr/lib/thumb/v7-a+fp/hard\libc.a(lib_a-wcrtomb.o)
                0x00000000010211bc                _wcrtomb_r
                0x0000000001021210                wcrtomb
 .text          0x0000000001021268       0x3c g:/xilinx/vitis/2019.2/gnu/aarch32/nt/gcc-arm-none-eabi/bin/../arm-none-eabi/libc/usr/lib/thumb/v7-a+fp/hard\libc.a(lib_a-wcsrtombs.o)
                0x0000000001021268                _wcsrtombs_r
                0x0000000001021280                wcsrtombs
 .text          0x00000000010212a4      0x22c g:/xilinx/vitis/2019.2/gnu/aarch32/nt/gcc-arm-none-eabi/bin/../arm-none-eabi/libc/usr/lib/thumb/v7-a+fp/hard\libc.a(lib_a-wctomb_r.o)
                0x00000000010212a4                _wctomb_r
                0x00000000010212cc                __ascii_wctomb
                0x00000000010212e4                __utf8_wctomb
                0x0000000001021388                __sjis_wctomb
                0x00000000010213dc                __eucjp_wctomb
                0x000000000102144c                __jis_wctomb
 .text          0x00000000010214d0       0xc8 g:/xilinx/vitis/2019.2/gnu/aarch32/nt/gcc-arm-none-eabi/bin/../arm-none-eabi/libc/usr/lib/thumb/v7-a+fp/hard\libc.a(lib_a-wsetup.o)
                0x00000000010214d0                __swsetup_r
 .text          0x0000000001021598       0xdc g:/xilinx/vitis/2019.2/gnu/aarch32/nt/gcc-arm-none-eabi/bin/../arm-none-eabi/libc/usr/lib/thumb/v7-a+fp/hard\libc.a(lib_a-__call_atexit.o)
                0x0000000001021598                __call_exitprocs
 .text          0x0000000001021674       0x10 g:/xilinx/vitis/2019.2/gnu/aarch32/nt/gcc-arm-none-eabi/bin/../arm-none-eabi/libc/usr/lib/thumb/v7-a+fp/hard\libc.a(lib_a-ctype_.o)
                0x0000000001021674                __set_ctype
 *fill*         0x0000000001021684        0x4 
 .text          0x0000000001021688      0xe54 g:/xilinx/vitis/2019.2/gnu/aarch32/nt/gcc-arm-none-eabi/bin/../arm-none-eabi/libc/usr/lib/thumb/v7-a+fp/hard\libc.a(lib_a-dtoa.o)
                0x00000000010217d0                _dtoa_r
 .text          0x00000000010224dc      0x1a8 g:/xilinx/vitis/2019.2/gnu/aarch32/nt/gcc-arm-none-eabi/bin/../arm-none-eabi/libc/usr/lib/thumb/v7-a+fp/hard\libc.a(lib_a-fflush.o)
                0x00000000010224dc                __sflush_r
                0x0000000001022628                _fflush_r
                0x000000000102265c                fflush
 .text          0x0000000001022684      0x210 g:/xilinx/vitis/2019.2/gnu/aarch32/nt/gcc-arm-none-eabi/bin/../arm-none-eabi/libc/usr/lib/thumb/v7-a+fp/hard\libc.a(lib_a-findfp.o)
                0x0000000001022688                _cleanup_r
                0x000000000102277c                __sfmoreglue
                0x00000000010227ac                __sfp
                0x0000000001022834                _cleanup
                0x000000000102284c                __sinit
                0x0000000001022854                __sfp_lock_acquire
                0x0000000001022858                __sfp_lock_release
                0x000000000102285c                __sinit_lock_acquire
                0x0000000001022860                __sinit_lock_release
                0x0000000001022864                __fp_lock_all
                0x000000000102287c                __fp_unlock_all
 .text          0x0000000001022894      0x29c g:/xilinx/vitis/2019.2/gnu/aarch32/nt/gcc-arm-none-eabi/bin/../arm-none-eabi/libc/usr/lib/thumb/v7-a+fp/hard\libc.a(lib_a-freer.o)
                0x0000000001022894                _malloc_trim_r
                0x0000000001022940                _free_r
 .text          0x0000000001022b30      0x32c g:/xilinx/vitis/2019.2/gnu/aarch32/nt/gcc-arm-none-eabi/bin/../arm-none-eabi/libc/usr/lib/thumb/v7-a+fp/hard\libc.a(lib_a-fvwrite.o)
                0x0000000001022b30                __sfvwrite_r
 .text          0x0000000001022e5c       0x98 g:/xilinx/vitis/2019.2/gnu/aarch32/nt/gcc-arm-none-eabi/bin/../arm-none-eabi/libc/usr/lib/thumb/v7-a+fp/hard\libc.a(lib_a-fwalk.o)
                0x0000000001022e5c                _fwalk
                0x0000000001022ea4                _fwalk_reent
 .text          0x0000000001022ef4       0x98 g:/xilinx/vitis/2019.2/gnu/aarch32/nt/gcc-arm-none-eabi/bin/../arm-none-eabi/libc/usr/lib/thumb/v7-a+fp/hard\libc.a(lib_a-getenv_r.o)
                0x0000000001022ef4                _findenv_r
                0x0000000001022f7c                _getenv_r
 .text          0x0000000001022f8c       0x44 g:/xilinx/vitis/2019.2/gnu/aarch32/nt/gcc-arm-none-eabi/bin/../arm-none-eabi/libc/usr/lib/thumb/v7-a+fp/hard\libc.a(lib_a-localeconv.o)
                0x0000000001022f8c                __localeconv_l
                0x0000000001022f90                _localeconv_r
                0x0000000001022fb0                localeconv
 .text          0x0000000001022fd0       0xf8 g:/xilinx/vitis/2019.2/gnu/aarch32/nt/gcc-arm-none-eabi/bin/../arm-none-eabi/libc/usr/lib/thumb/v7-a+fp/hard\libc.a(lib_a-makebuf.o)
                0x0000000001022fd0                __swhatbuf_r
                0x000000000102302c                __smakebuf_r
 *fill*         0x00000000010230c8        0x8 
 .text          0x00000000010230d0       0xa0 g:/xilinx/vitis/2019.2/gnu/aarch32/nt/gcc-arm-none-eabi/bin/../arm-none-eabi/libc/usr/lib/thumb/v7-a+fp/hard\libc.a(lib_a-memchr.o)
                0x00000000010230d0                memchr
 .text          0x0000000001023170      0x8fc g:/xilinx/vitis/2019.2/gnu/aarch32/nt/gcc-arm-none-eabi/bin/../arm-none-eabi/libc/usr/lib/thumb/v7-a+fp/hard\libc.a(lib_a-mprec.o)
                0x0000000001023170                _Balloc
                0x00000000010231bc                _Bfree
                0x00000000010231d0                __multadd
                0x0000000001023260                __s2b
                0x00000000010232f8                __hi0bits
                0x0000000001023338                __lo0bits
                0x0000000001023394                __i2b
                0x00000000010233a8                __multiply
                0x00000000010234e8                __pow5mult
                0x000000000102358c                __lshift
                0x0000000001023648                __mcmp
                0x0000000001023684                __mdiff
                0x000000000102378c                __ulp
                0x00000000010237dc                __b2d
                0x000000000102388c                __d2b
                0x0000000001023940                __ratio
                0x00000000010239a0                _mprec_log10
                0x00000000010239c8                __copybits
                0x0000000001023a10                __any_on
 .text          0x0000000001023a6c      0x374 g:/xilinx/vitis/2019.2/gnu/aarch32/nt/gcc-arm-none-eabi/bin/../arm-none-eabi/libc/usr/lib/thumb/v7-a+fp/hard\libc.a(lib_a-reallocr.o)
                0x0000000001023a6c                _realloc_r
 .text          0x0000000001023de0       0xa4 g:/xilinx/vitis/2019.2/gnu/aarch32/nt/gcc-arm-none-eabi/bin/../arm-none-eabi/libc/usr/lib/thumb/v7-a+fp/hard\libc.a(lib_a-reent.o)
                0x0000000001023de0                cleanup_glue
                0x0000000001023dfc                _reclaim_reent
 *fill*         0x0000000001023e84        0x4 
 .text          0x0000000001023e88       0x80 g:/xilinx/vitis/2019.2/gnu/aarch32/nt/gcc-arm-none-eabi/bin/../arm-none-eabi/libc/usr/lib/thumb/v7-a+fp/hard\libc.a(lib_a-s_frexp.o)
                0x0000000001023e88                frexp
 .text          0x0000000001023f08       0x90 g:/xilinx/vitis/2019.2/gnu/aarch32/nt/gcc-arm-none-eabi/bin/../arm-none-eabi/libc/usr/lib/thumb/v7-a+fp/hard\libc.a(lib_a-stdio.o)
                0x0000000001023f08                __sread
                0x0000000001023f2c                __seofread
                0x0000000001023f30                __swrite
                0x0000000001023f70                __sseek
                0x0000000001023f90                __sclose
 .text          0x0000000001023f98      0xe90 g:/xilinx/vitis/2019.2/gnu/aarch32/nt/gcc-arm-none-eabi/bin/../arm-none-eabi/libc/usr/lib/thumb/v7-a+fp/hard\libc.a(lib_a-svfiprintf.o)
                0x0000000001023f98                __ssprint_r
                0x0000000001024090                _svfiprintf_r
 .text          0x0000000001024e28     0x108c g:/xilinx/vitis/2019.2/gnu/aarch32/nt/gcc-arm-none-eabi/bin/../arm-none-eabi/libc/usr/lib/thumb/v7-a+fp/hard\libc.a(lib_a-vfiprintf.o)
                0x0000000001024e9c                __sprint_r
                0x0000000001024eb0                _vfiprintf_r
                0x0000000001025e2c                vfiprintf
 .text          0x0000000001025eb4      0x15c g:/xilinx/vitis/2019.2/gnu/aarch32/nt/gcc-arm-none-eabi/bin/../arm-none-eabi/libc/usr/lib/thumb/v7-a+fp/hard\libc.a(lib_a-wcsnrtombs.o)
                0x0000000001025eb4                _wcsnrtombs_l
                0x0000000001025fa8                _wcsnrtombs_r
                0x0000000001025fd8                wcsnrtombs
 .text          0x0000000001026010       0x2c g:/xilinx/vitis/2019.2/gnu/aarch32/nt/gcc-arm-none-eabi/bin/../arm-none-eabi/libc/usr/lib/thumb/v7-a+fp/hard\libc.a(lib_a-writer.o)
                0x0000000001026010                _write_r
 .text          0x000000000102603c       0x28 g:/xilinx/vitis/2019.2/gnu/aarch32/nt/gcc-arm-none-eabi/bin/../arm-none-eabi/libc/usr/lib/thumb/v7-a+fp/hard\libc.a(lib_a-closer.o)
                0x000000000102603c                _close_r
 .text          0x0000000001026064        0x0 g:/xilinx/vitis/2019.2/gnu/aarch32/nt/gcc-arm-none-eabi/bin/../arm-none-eabi/libc/usr/lib/thumb/v7-a+fp/hard\libc.a(lib_a-environ.o)
 .text          0x0000000001026064        0x8 g:/xilinx/vitis/2019.2/gnu/aarch32/nt/gcc-arm-none-eabi/bin/../arm-none-eabi/libc/usr/lib/thumb/v7-a+fp/hard\libc.a(lib_a-envlock.o)
                0x0000000001026064                __env_lock
                0x0000000001026068                __env_unlock
 .text          0x000000000102606c       0x98 g:/xilinx/vitis/2019.2/gnu/aarch32/nt/gcc-arm-none-eabi/bin/../arm-none-eabi/libc/usr/lib/thumb/v7-a+fp/hard\libc.a(lib_a-fclose.o)
                0x000000000102606c                _fclose_r
                0x00000000010260f4                fclose
 .text          0x0000000001026104      0x11c g:/xilinx/vitis/2019.2/gnu/aarch32/nt/gcc-arm-none-eabi/bin/../arm-none-eabi/libc/usr/lib/thumb/v7-a+fp/hard\libc.a(lib_a-fputwc.o)
                0x0000000001026104                __fputwc
                0x00000000010261b4                _fputwc_r
                0x00000000010261dc                fputwc
 .text          0x0000000001026220       0x2c g:/xilinx/vitis/2019.2/gnu/aarch32/nt/gcc-arm-none-eabi/bin/../arm-none-eabi/libc/usr/lib/thumb/v7-a+fp/hard\libc.a(lib_a-fstatr.o)
                0x0000000001026220                _fstat_r
 .text          0x000000000102624c       0x28 g:/xilinx/vitis/2019.2/gnu/aarch32/nt/gcc-arm-none-eabi/bin/../arm-none-eabi/libc/usr/lib/thumb/v7-a+fp/hard\libc.a(lib_a-isattyr.o)
                0x000000000102624c                _isatty_r
 .text          0x0000000001026274       0x2c g:/xilinx/vitis/2019.2/gnu/aarch32/nt/gcc-arm-none-eabi/bin/../arm-none-eabi/libc/usr/lib/thumb/v7-a+fp/hard\libc.a(lib_a-lseekr.o)
                0x0000000001026274                _lseek_r
 .text          0x00000000010262a0       0x2c g:/xilinx/vitis/2019.2/gnu/aarch32/nt/gcc-arm-none-eabi/bin/../arm-none-eabi/libc/usr/lib/thumb/v7-a+fp/hard\libc.a(lib_a-readr.o)
                0x00000000010262a0                _read_r
 .text          0x00000000010262cc       0xc4 g:/xilinx/vitis/2019.2/gnu/aarch32/nt/gcc-arm-none-eabi/bin/../arm-none-eabi/libc/usr/lib/thumb/v7-a+fp/hard\libc.a(lib_a-wbuf.o)
                0x00000000010262cc                __swbuf_r
                0x000000000102637c                __swbuf
 .text          0x0000000001026390       0x40 C:\Users\Tom\Documents\Projects\Scopy_MVP_Platform\scopy-fpga\main\ps7_cortexa9_0\standalone_domain\bsp\ps7_cortexa9_0\lib\libxil.a(_sbrk.o)
                0x0000000001026390                _sbrk
 .text          0x00000000010263d0       0x30 C:\Users\Tom\Documents\Projects\Scopy_MVP_Platform\scopy-fpga\main\ps7_cortexa9_0\standalone_domain\bsp\ps7_cortexa9_0\lib\libxil.a(lseek.o)
                0x00000000010263d0                lseek
                0x00000000010263e8                _lseek
 .text          0x0000000001026400       0x70 C:\Users\Tom\Documents\Projects\Scopy_MVP_Platform\scopy-fpga\main\ps7_cortexa9_0\standalone_domain\bsp\ps7_cortexa9_0\lib\libxil.a(write.o)
                0x0000000001026400                write
                0x000000000102646c                _write
 .text          0x0000000001026470       0x60 C:\Users\Tom\Documents\Projects\Scopy_MVP_Platform\scopy-fpga\main\ps7_cortexa9_0\standalone_domain\bsp\ps7_cortexa9_0\lib\libxil.a(read.o)
                0x0000000001026470                read
                0x00000000010264cc                _read
 .text          0x00000000010264d0       0x10 C:\Users\Tom\Documents\Projects\Scopy_MVP_Platform\scopy-fpga\main\ps7_cortexa9_0\standalone_domain\bsp\ps7_cortexa9_0\lib\libxil.a(fstat.o)
                0x00000000010264d0                _fstat
 .text          0x00000000010264e0       0x10 C:\Users\Tom\Documents\Projects\Scopy_MVP_Platform\scopy-fpga\main\ps7_cortexa9_0\standalone_domain\bsp\ps7_cortexa9_0\lib\libxil.a(errno.o)
                0x00000000010264e0                __errno
 .text          0x00000000010264f0        0x4 C:\Users\Tom\Documents\Projects\Scopy_MVP_Platform\scopy-fpga\main\ps7_cortexa9_0\standalone_domain\bsp\ps7_cortexa9_0\lib\libxil.a(_exit.o)
                0x00000000010264f0                _exit
 .text          0x00000000010264f4       0x10 C:\Users\Tom\Documents\Projects\Scopy_MVP_Platform\scopy-fpga\main\ps7_cortexa9_0\standalone_domain\bsp\ps7_cortexa9_0\lib\libxil.a(isatty.o)
                0x00000000010264f4                isatty
                0x00000000010264fc                _isatty
 .text          0x0000000001026504        0xc C:\Users\Tom\Documents\Projects\Scopy_MVP_Platform\scopy-fpga\main\ps7_cortexa9_0\standalone_domain\bsp\ps7_cortexa9_0\lib\libxil.a(inbyte.o)
                0x0000000001026504                inbyte
 .text          0x0000000001026510        0x8 C:\Users\Tom\Documents\Projects\Scopy_MVP_Platform\scopy-fpga\main\ps7_cortexa9_0\standalone_domain\bsp\ps7_cortexa9_0\lib\libxil.a(close.o)
                0x0000000001026510                _close
 .text          0x0000000001026518        0x0 g:/xilinx/vitis/2019.2/gnu/aarch32/nt/gcc-arm-none-eabi/bin/../lib/gcc/arm-none-eabi/8.2.0/thumb/v7-a+fp/hard/crtend.o
 .text          0x0000000001026518        0x0 g:/xilinx/vitis/2019.2/gnu/aarch32/nt/gcc-arm-none-eabi/bin/../lib/gcc/arm-none-eabi/8.2.0/thumb/v7-a+fp/hard/crtn.o
 *(.text.*)
 .text.startup  0x0000000001026518       0x2c ./src/main.o
                0x0000000001026518                main
 *fill*         0x0000000001026544        0x4 
 .text.startup.__stub
                0x0000000001026548       0x18 linker stubs
 *(.gnu.linkonce.t.*)
 *(.plt)
 *(.gnu_warning)
 *(.gcc_execpt_table)
 *(.glue_7)
 .glue_7        0x0000000001026560        0x0 linker stubs
 *(.glue_7t)
 .glue_7t       0x0000000001026560        0x0 linker stubs
 *(.vfp11_veneer)
 .vfp11_veneer  0x0000000001026560        0x0 linker stubs
 *(.ARM.extab)
 .ARM.extab     0x0000000001026560        0x0 g:/xilinx/vitis/2019.2/gnu/aarch32/nt/gcc-arm-none-eabi/bin/../lib/gcc/arm-none-eabi/8.2.0/thumb/v7-a+fp/hard\libgcc.a(_udivmoddi4.o)
 *(.gnu.linkonce.armextab.*)

.v4_bx          0x0000000001026560        0x0
 .v4_bx         0x0000000001026560        0x0 linker stubs

.iplt           0x0000000001026560        0x0
 .iplt          0x0000000001026560        0x0 g:/xilinx/vitis/2019.2/gnu/aarch32/nt/gcc-arm-none-eabi/bin/../lib/gcc/arm-none-eabi/8.2.0/thumb/v7-a+fp/hard/crtbegin.o

.force_ocm
 *(.force_ocm)

.init           0x0000000001026560        0xc
 *(.init)
 .init          0x0000000001026560        0x4 g:/xilinx/vitis/2019.2/gnu/aarch32/nt/gcc-arm-none-eabi/bin/../lib/gcc/arm-none-eabi/8.2.0/thumb/v7-a+fp/hard/crti.o
                0x0000000001026560                _init
 .init          0x0000000001026564        0x8 g:/xilinx/vitis/2019.2/gnu/aarch32/nt/gcc-arm-none-eabi/bin/../lib/gcc/arm-none-eabi/8.2.0/thumb/v7-a+fp/hard/crtn.o

.fini           0x000000000102656c        0xc
 *(.fini)
 .fini          0x000000000102656c        0x4 g:/xilinx/vitis/2019.2/gnu/aarch32/nt/gcc-arm-none-eabi/bin/../lib/gcc/arm-none-eabi/8.2.0/thumb/v7-a+fp/hard/crti.o
                0x000000000102656c                _fini
 .fini          0x0000000001026570        0x8 g:/xilinx/vitis/2019.2/gnu/aarch32/nt/gcc-arm-none-eabi/bin/../lib/gcc/arm-none-eabi/8.2.0/thumb/v7-a+fp/hard/crtn.o

.rodata         0x0000000001026580    0x447ec
                0x0000000001026580                __rodata_start = .
 *(.rodata)
 .rodata        0x0000000001026580       0x18 ./src/fabric_config.o
                0x0000000001026580                fabcfg_dummy_tests
 .rodata        0x0000000001026598      0x30c ./src/spi_commands.o
                0x0000000001026598                spi_command_defs
 *fill*         0x00000000010268a4       0x1c 
 .rodata        0x00000000010268c0    0x40000 ./src/test_patterns.o
                0x00000000010268c0                testpatt_norway_512x512_grey
 .rodata        0x00000000010668c0       0x54 C:\Users\Tom\Documents\Projects\Scopy_MVP_Platform\scopy-fpga\main\ps7_cortexa9_0\standalone_domain\bsp\ps7_cortexa9_0\lib\libxil.a(xttcps_options.o)
 .rodata        0x0000000001066914       0x30 C:\Users\Tom\Documents\Projects\Scopy_MVP_Platform\scopy-fpga\main\ps7_cortexa9_0\standalone_domain\bsp\ps7_cortexa9_0\lib\libxil.a(xspips_options.o)
 .rodata        0x0000000001066944        0x4 g:/xilinx/vitis/2019.2/gnu/aarch32/nt/gcc-arm-none-eabi/bin/../arm-none-eabi/libc/usr/lib/thumb/v7-a+fp/hard\libc.a(lib_a-impure.o)
                0x0000000001066944                _global_impure_ptr
 .rodata        0x0000000001066948      0x188 g:/xilinx/vitis/2019.2/gnu/aarch32/nt/gcc-arm-none-eabi/bin/../arm-none-eabi/libc/usr/lib/thumb/v7-a+fp/hard\libc.a(lib_a-locale.o)
                0x0000000001066964                __C_locale
 .rodata        0x0000000001066ad0       0x90 g:/xilinx/vitis/2019.2/gnu/aarch32/nt/gcc-arm-none-eabi/bin/../arm-none-eabi/libc/usr/lib/thumb/v7-a+fp/hard\libc.a(lib_a-mbtowc_r.o)
 .rodata        0x0000000001066b60       0x20 g:/xilinx/vitis/2019.2/gnu/aarch32/nt/gcc-arm-none-eabi/bin/../arm-none-eabi/libc/usr/lib/thumb/v7-a+fp/hard\libc.a(lib_a-svfprintf.o)
 .rodata        0x0000000001066b80       0x20 g:/xilinx/vitis/2019.2/gnu/aarch32/nt/gcc-arm-none-eabi/bin/../arm-none-eabi/libc/usr/lib/thumb/v7-a+fp/hard\libc.a(lib_a-vfprintf.o)
 .rodata        0x0000000001066ba0      0x101 g:/xilinx/vitis/2019.2/gnu/aarch32/nt/gcc-arm-none-eabi/bin/../arm-none-eabi/libc/usr/lib/thumb/v7-a+fp/hard\libc.a(lib_a-ctype_.o)
                0x0000000001066ba0                _ctype_
 *fill*         0x0000000001066ca1        0x7 
 .rodata        0x0000000001066ca8      0x128 g:/xilinx/vitis/2019.2/gnu/aarch32/nt/gcc-arm-none-eabi/bin/../arm-none-eabi/libc/usr/lib/thumb/v7-a+fp/hard\libc.a(lib_a-mprec.o)
                0x0000000001066cb8                __mprec_tens
                0x0000000001066d80                __mprec_tinytens
                0x0000000001066da8                __mprec_bigtens
 .rodata        0x0000000001066dd0       0x20 g:/xilinx/vitis/2019.2/gnu/aarch32/nt/gcc-arm-none-eabi/bin/../arm-none-eabi/libc/usr/lib/thumb/v7-a+fp/hard\libc.a(lib_a-svfiprintf.o)
 .rodata        0x0000000001066df0       0x20 g:/xilinx/vitis/2019.2/gnu/aarch32/nt/gcc-arm-none-eabi/bin/../arm-none-eabi/libc/usr/lib/thumb/v7-a+fp/hard\libc.a(lib_a-vfiprintf.o)
 *(.rodata.*)
 .rodata.str1.4
                0x0000000001066e10     0x15d7 ./src/acquire.o
                                       0x15db (size before relaxing)
 *fill*         0x00000000010683e7        0x1 
 .rodata.str1.4
                0x00000000010683e8      0x376 ./src/clkwiz_interface.o
                                        0x3a6 (size before relaxing)
 *fill*         0x000000000106875e        0x2 
 .rodata.str1.4
                0x0000000001068760      0x23a ./src/fabric_config.o
                                        0x23e (size before relaxing)
 *fill*         0x000000000106899a        0x2 
 .rodata.str1.4
                0x000000000106899c      0x455 ./src/hal.o
                                        0x486 (size before relaxing)
 *fill*         0x0000000001068df1        0x3 
 .rodata.str1.4
                0x0000000001068df4      0x7f5 ./src/mipi_csi.o
                                        0x821 (size before relaxing)
 *fill*         0x00000000010695e9        0x3 
 .rodata.str1.4
                0x00000000010695ec      0x2bf ./src/spi.o
                                        0x2eb (size before relaxing)
 *fill*         0x00000000010698ab        0x1 
 .rodata.str1.4
                0x00000000010698ac      0x3fd ./src/spi_commands.o
                                        0x429 (size before relaxing)
 *fill*         0x0000000001069ca9        0x3 
 .rodata.str1.4
                0x0000000001069cac       0xea ./src/system_control.o
                                        0x116 (size before relaxing)
 *fill*         0x0000000001069d96        0x2 
 .rodata.str1.4
                0x0000000001069d98      0x145 ./src/trigger.o
                                        0x149 (size before relaxing)
 *fill*         0x0000000001069edd        0x3 
 .rodata.str1.4
                0x0000000001069ee0      0x1ef C:\Users\Tom\Documents\Projects\Scopy_MVP_Platform\scopy-fpga\main\ps7_cortexa9_0\standalone_domain\bsp\ps7_cortexa9_0\lib\libxil.a(xaxidma.o)
 *fill*         0x000000000106a0cf        0x1 
 .rodata.str1.4
                0x000000000106a0d0       0x13 C:\Users\Tom\Documents\Projects\Scopy_MVP_Platform\scopy-fpga\main\ps7_cortexa9_0\standalone_domain\bsp\ps7_cortexa9_0\lib\libxil.a(xaxidma_selftest.o)
 *fill*         0x000000000106a0e3        0x1 
 .rodata.str1.4
                0x000000000106a0e4      0x24b C:\Users\Tom\Documents\Projects\Scopy_MVP_Platform\scopy-fpga\main\ps7_cortexa9_0\standalone_domain\bsp\ps7_cortexa9_0\lib\libxil.a(xaxidma_bd.o)
                                        0x24f (size before relaxing)
 *fill*         0x000000000106a32f        0x1 
 .rodata.str1.4
                0x000000000106a330      0x6f4 C:\Users\Tom\Documents\Projects\Scopy_MVP_Platform\scopy-fpga\main\ps7_cortexa9_0\standalone_domain\bsp\ps7_cortexa9_0\lib\libxil.a(xaxidma_bdring.o)
                                        0x6f7 (size before relaxing)
 .rodata.str1.4
                0x000000000106aa24        0xb C:\Users\Tom\Documents\Projects\Scopy_MVP_Platform\scopy-fpga\main\ps7_cortexa9_0\standalone_domain\bsp\ps7_cortexa9_0\lib\libxil.a(xclk_wiz.o)
 *fill*         0x000000000106aa2f        0x1 
 .rodata.str1.4
                0x000000000106aa30        0xa C:\Users\Tom\Documents\Projects\Scopy_MVP_Platform\scopy-fpga\main\ps7_cortexa9_0\standalone_domain\bsp\ps7_cortexa9_0\lib\libxil.a(xgpiops.o)
 *fill*         0x000000000106aa3a        0x2 
 .rodata.str1.4
                0x000000000106aa3c        0xf C:\Users\Tom\Documents\Projects\Scopy_MVP_Platform\scopy-fpga\main\ps7_cortexa9_0\standalone_domain\bsp\ps7_cortexa9_0\lib\libxil.a(xgpiops_intr.o)
 *fill*         0x000000000106aa4b        0x1 
 .rodata.str1.4
                0x000000000106aa4c        0xf C:\Users\Tom\Documents\Projects\Scopy_MVP_Platform\scopy-fpga\main\ps7_cortexa9_0\standalone_domain\bsp\ps7_cortexa9_0\lib\libxil.a(xscugic_intr.o)
 *fill*         0x000000000106aa5b        0x1 
 .rodata.str1.4