Archive member included to satisfy reference by file (symbol)

C:/Users/Tom/Documents/Projects/Scopy_MVP_Platform/scopy-fpga/main/export/main/sw/main/standalone_domain/bsplib/lib\libxil.a(xaxidma.o)
                              ./src/acquire.o (XAxiDma_Reset)
C:/Users/Tom/Documents/Projects/Scopy_MVP_Platform/scopy-fpga/main/export/main/sw/main/standalone_domain/bsplib/lib\libxil.a(xaxidma_sinit.o)
                              ./src/acquire.o (XAxiDma_LookupConfig)
C:/Users/Tom/Documents/Projects/Scopy_MVP_Platform/scopy-fpga/main/export/main/sw/main/standalone_domain/bsplib/lib\libxil.a(xaxidma_bdring.o)
                              C:/Users/Tom/Documents/Projects/Scopy_MVP_Platform/scopy-fpga/main/export/main/sw/main/standalone_domain/bsplib/lib\libxil.a(xaxidma.o) (XAxiDma_BdRingStart)
C:/Users/Tom/Documents/Projects/Scopy_MVP_Platform/scopy-fpga/main/export/main/sw/main/standalone_domain/bsplib/lib\libxil.a(xaxidma_g.o)
                              C:/Users/Tom/Documents/Projects/Scopy_MVP_Platform/scopy-fpga/main/export/main/sw/main/standalone_domain/bsplib/lib\libxil.a(xaxidma_sinit.o) (XAxiDma_ConfigTable)
C:/Users/Tom/Documents/Projects/Scopy_MVP_Platform/scopy-fpga/main/export/main/sw/main/standalone_domain/bsplib/lib\libxil.a(xclk_wiz.o)
                              ./src/clkwiz_interface.o (XClk_Wiz_CfgInitialize)
C:/Users/Tom/Documents/Projects/Scopy_MVP_Platform/scopy-fpga/main/export/main/sw/main/standalone_domain/bsplib/lib\libxil.a(xclk_wiz_sinit.o)
                              ./src/clkwiz_interface.o (XClk_Wiz_LookupConfig)
C:/Users/Tom/Documents/Projects/Scopy_MVP_Platform/scopy-fpga/main/export/main/sw/main/standalone_domain/bsplib/lib\libxil.a(xgpiops.o)
                              ./src/hal.o (XGpioPs_CfgInitialize)
C:/Users/Tom/Documents/Projects/Scopy_MVP_Platform/scopy-fpga/main/export/main/sw/main/standalone_domain/bsplib/lib\libxil.a(xgpiops_sinit.o)
                              ./src/hal.o (XGpioPs_LookupConfig)
C:/Users/Tom/Documents/Projects/Scopy_MVP_Platform/scopy-fpga/main/export/main/sw/main/standalone_domain/bsplib/lib\libxil.a(xgpiops_intr.o)
                              C:/Users/Tom/Documents/Projects/Scopy_MVP_Platform/scopy-fpga/main/export/main/sw/main/standalone_domain/bsplib/lib\libxil.a(xgpiops.o) (StubHandler)
C:/Users/Tom/Documents/Projects/Scopy_MVP_Platform/scopy-fpga/main/export/main/sw/main/standalone_domain/bsplib/lib\libxil.a(xgpiops_g.o)
                              C:/Users/Tom/Documents/Projects/Scopy_MVP_Platform/scopy-fpga/main/export/main/sw/main/standalone_domain/bsplib/lib\libxil.a(xgpiops_sinit.o) (XGpioPs_ConfigTable)
C:/Users/Tom/Documents/Projects/Scopy_MVP_Platform/scopy-fpga/main/export/main/sw/main/standalone_domain/bsplib/lib\libxil.a(xscugic_intr.o)
                              ./src/hal.o (XScuGic_InterruptHandler)
C:/Users/Tom/Documents/Projects/Scopy_MVP_Platform/scopy-fpga/main/export/main/sw/main/standalone_domain/bsplib/lib\libxil.a(xscugic.o)
                              ./src/acquire.o (XScuGic_Connect)
C:/Users/Tom/Documents/Projects/Scopy_MVP_Platform/scopy-fpga/main/export/main/sw/main/standalone_domain/bsplib/lib\libxil.a(xscugic_sinit.o)
                              ./src/hal.o (XScuGic_LookupConfig)
C:/Users/Tom/Documents/Projects/Scopy_MVP_Platform/scopy-fpga/main/export/main/sw/main/standalone_domain/bsplib/lib\libxil.a(xscutimer.o)
                              ./src/hal.o (XScuTimer_CfgInitialize)
C:/Users/Tom/Documents/Projects/Scopy_MVP_Platform/scopy-fpga/main/export/main/sw/main/standalone_domain/bsplib/lib\libxil.a(xscutimer_selftest.o)
                              ./src/hal.o (XScuTimer_SelfTest)
C:/Users/Tom/Documents/Projects/Scopy_MVP_Platform/scopy-fpga/main/export/main/sw/main/standalone_domain/bsplib/lib\libxil.a(xscutimer_sinit.o)
                              ./src/hal.o (XScuTimer_LookupConfig)
C:/Users/Tom/Documents/Projects/Scopy_MVP_Platform/scopy-fpga/main/export/main/sw/main/standalone_domain/bsplib/lib\libxil.a(xscutimer_g.o)
                              C:/Users/Tom/Documents/Projects/Scopy_MVP_Platform/scopy-fpga/main/export/main/sw/main/standalone_domain/bsplib/lib\libxil.a(xscutimer_sinit.o) (XScuTimer_ConfigTable)
C:/Users/Tom/Documents/Projects/Scopy_MVP_Platform/scopy-fpga/main/export/main/sw/main/standalone_domain/bsplib/lib\libxil.a(xil_assert.o)
                              C:/Users/Tom/Documents/Projects/Scopy_MVP_Platform/scopy-fpga/main/export/main/sw/main/standalone_domain/bsplib/lib\libxil.a(xclk_wiz.o) (Xil_Assert)
C:/Users/Tom/Documents/Projects/Scopy_MVP_Platform/scopy-fpga/main/export/main/sw/main/standalone_domain/bsplib/lib\libxil.a(print.o)
                              ./src/hal.o (print)
C:/Users/Tom/Documents/Projects/Scopy_MVP_Platform/scopy-fpga/main/export/main/sw/main/standalone_domain/bsplib/lib\libxil.a(xil_cache.o)
                              ./src/acq_hacks.o (Xil_DCacheInvalidateRange)
[...]
Memory Configuration

Name             Origin             Length             Attributes
ps7_ram_0        0x0000000001000000 0x000000000fffffff
ocm2             0x00000000ffff0000 0x000000000000fe00
ocm1             0x0000000000000000 0x0000000000030000
*default*        0x0000000000000000 0xffffffffffffffff

Linker script and memory map

LOAD g:/xilinx/vitis/2019.2/gnu/aarch32/nt/gcc-arm-none-eabi/bin/../lib/gcc/arm-none-eabi/8.2.0/thumb/v7-a+fp/hard/crti.o
LOAD g:/xilinx/vitis/2019.2/gnu/aarch32/nt/gcc-arm-none-eabi/bin/../lib/gcc/arm-none-eabi/8.2.0/thumb/v7-a+fp/hard/crtbegin.o
                0x0000000000010000                _STACK_SIZE = DEFINED (_STACK_SIZE)?_STACK_SIZE:0x10000
                0x000000000c000000                _HEAP_SIZE = DEFINED (_HEAP_SIZE)?_HEAP_SIZE:0xc000000
                0x0000000000000400                _ABORT_STACK_SIZE = DEFINED (_ABORT_STACK_SIZE)?_ABORT_STACK_SIZE:0x400
                0x0000000000000800                _SUPERVISOR_STACK_SIZE = DEFINED (_SUPERVISOR_STACK_SIZE)?_SUPERVISOR_STACK_SIZE:0x800
                0x0000000000000400                _IRQ_STACK_SIZE = DEFINED (_IRQ_STACK_SIZE)?_IRQ_STACK_SIZE:0x400
                0x0000000000000400                _FIQ_STACK_SIZE = DEFINED (_FIQ_STACK_SIZE)?_FIQ_STACK_SIZE:0x400
                0x0000000000000400                _UNDEF_STACK_SIZE = DEFINED (_UNDEF_STACK_SIZE)?_UNDEF_STACK_SIZE:0x400

.text           0x0000000001000000    0x159b0
 *(.vectors)
 .vectors       0x0000000001000000      0x12c C:/Users/Tom/Documents/Projects/Scopy_MVP_Platform/scopy-fpga/main/export/main/sw/main/standalone_domain/bsplib/lib\libxil.a(asm_vectors.o)
                0x0000000001000000                _vector_table
 *(.boot)
 .boot          0x000000000100012c      0x3b0 C:/Users/Tom/Documents/Projects/Scopy_MVP_Platform/scopy-fpga/main/export/main/sw/main/standalone_domain/bsplib/lib\libxil.a(boot.o)
                0x000000000100012c                _prestart
                0x000000000100012c                _boot
 *(.text)
 .text          0x00000000010004dc        0x0 g:/xilinx/vitis/2019.2/gnu/aarch32/nt/gcc-arm-none-eabi/bin/../lib/gcc/arm-none-eabi/8.2.0/thumb/v7-a+fp/hard/crti.o
 .text          0x00000000010004dc       0xa8 g:/xilinx/vitis/2019.2/gnu/aarch32/nt/gcc-arm-none-eabi/bin/../lib/gcc/arm-none-eabi/8.2.0/thumb/v7-a+fp/hard/crtbegin.o
 .text          0x0000000001000584      0x1e4 ./src/acq_hacks.o
                0x0000000001000584                acq_hacks_init
                0x0000000001000588                acq_hacks_run
 .text          0x0000000001000768     0x1f38 ./src/acquire.o
                0x0000000001000768                _acq_irq_error_dma
                0x00000000010007a4                _acq_reset_PL_fifo
                0x0000000001000828                _acq_reset_trigger
                0x000000000100088c                _acq_wait_for_ndone
                0x00000000010008a4                acq_init
                0x0000000001000b98                acq_get_next_alloc
                0x0000000001000c50                acq_append_next_alloc
                0x0000000001000d88                acq_free_all_alloc
                0x0000000001000dd4                acq_prepare_triggered
                0x00000000010011d8                acq_start
                0x0000000001001388                _acq_irq_rx_handler
                0x0000000001001b10                acq_is_done
                0x0000000001001b2c                acq_force_stop
                0x0000000001001b9c                acq_debug_dump
                0x00000000010020f0                acq_debug_dump_waveraw
                0x0000000001002190                acq_get_ll_pointer
                0x00000000010021f8                acq_debug_dump_wave
                0x00000000010024d0                acq_copy_slow_mipi
 .text          0x00000000010026a0      0x6d0 ./src/clkwiz_interface.o
                0x00000000010026a0                clkwiz_init
                0x0000000001002774                clkwiz_change_mipi_freq
                0x0000000001002a64                clkwiz_dump_state
                0x0000000001002cdc                clkwiz_commit
 .text          0x0000000001002d70        0x0 ./src/demo_norway.o
 .text          0x0000000001002d70      0x190 ./src/fabric_config.o
                0x0000000001002d70                fabcfg_init
 .text          0x0000000001002f00      0xe30 ./src/hal.o
                0x0000000001002f00                irq_xscutimer
                0x00000000010031c0                d_xilinx_assert
                0x00000000010031d8                bogo_calibrate
                0x0000000001003380                bogo_delay
                0x00000000010033e4                gpio_led_write
                0x0000000001003418                d_printf
                0x00000000010035f0                hal_init
                0x0000000001003ac0                d_waitkey
                0x0000000001003acc                d_iskeypress
                0x0000000001003aec                d_read_global_timer
                0x0000000001003b14                d_start_timing
                0x0000000001003b84                d_stop_timing
                0x0000000001003c04                d_read_timing
                0x0000000001003c28                d_read_timing_us
                0x0000000001003ca0                d_dump_timing
                0x0000000001003d20                d_dump_timing_ex
 .text          0x0000000001003d30        0x0 ./src/main.o
 .text          0x0000000001003d30      0x2e8 ./src/mipi_csi_hacks.o
                0x0000000001003d30                csi_hack_init
                0x0000000001003e88                csi_hack_start_frame
                0x0000000001003f20                csi_hack_stop_frame
                0x0000000001003f7c                csi_hack_send_line_data
 .text          0x0000000001004018       0x14 ./src/platform.o
                0x0000000001004018                enable_caches
                0x000000000100401c                disable_caches
                0x0000000001004020                init_uart
                0x0000000001004024                init_platform
                0x0000000001004028                cleanup_platform
 .text          0x000000000100402c      0x91c C:/Users/Tom/Documents/Projects/Scopy_MVP_Platform/scopy-fpga/main/export/main/sw/main/standalone_domain/bsplib/lib\libxil.a(xaxidma.o)
                0x000000000100402c                XAxiDma_Reset
                0x0000000001004140                XAxiDma_ResetIsDone
                0x000000000100418c                XAxiDma_CfgInitialize
                0x00000000010043c8                XAxiDma_Pause
                0x0000000001004478                XAxiDma_Resume
                0x0000000001004730                XAxiDma_Busy
                0x000000000100474c                XAxiDma_SelectKeyHole
                0x0000000001004774                XAxiDma_SelectCyclicMode
                0x000000000100479c                XAxiDma_SimpleTransfer
 .text          0x0000000001004948       0x60 C:/Users/Tom/Documents/Projects/Scopy_MVP_Platform/scopy-fpga/main/export/main/sw/main/standalone_domain/bsplib/lib\libxil.a(xaxidma_sinit.o)
                0x0000000001004948                XAxiDma_LookupConfig
                0x0000000001004978                XAxiDma_LookupConfigBaseAddr
 .text          0x00000000010049a8      0xfd4 C:/Users/Tom/Documents/Projects/Scopy_MVP_Platform/scopy-fpga/main/export/main/sw/main/standalone_domain/bsplib/lib\libxil.a(xaxidma_bdring.o)
                0x00000000010049a8                XAxiDma_UpdateBdRingCDesc
                0x0000000001004b2c                XAxiDma_BdRingCreate
                0x0000000001004d44                XAxiDma_BdRingClone
                0x0000000001004e7c                XAxiDma_StartBdRingHw
                0x0000000001004fa8                XAxiDma_BdRingStart
                0x0000000001004ffc                XAxiDma_BdRingSetCoalesce
                0x0000000001005070                XAxiDma_BdRingGetCoalesce
                0x000000000100508c                XAxiDma_BdRingAlloc
                0x000000000100512c                XAxiDma_BdRingUnAlloc
                0x0000000001005204                XAxiDma_BdRingToHw
                0x00000000010054a4                XAxiDma_BdRingFromHw
                0x00000000010055f8                XAxiDma_BdRingFree
                0x00000000010056ac                XAxiDma_BdRingCheck
                0x00000000010058c4                XAxiDma_BdRingDumpRegs
 .text          0x000000000100597c        0x0 C:/Users/Tom/Documents/Projects/Scopy_MVP_Platform/scopy-fpga/main/export/main/sw/main/standalone_domain/bsplib/lib\libxil.a(xaxidma_g.o)
 .text          0x000000000100597c      0x150 C:/Users/Tom/Documents/Projects/Scopy_MVP_Platform/scopy-fpga/main/export/main/sw/main/standalone_domain/bsplib/lib\libxil.a(xclk_wiz.o)
                0x00000000010059a4                XClk_Wiz_CfgInitialize
                0x0000000001005a6c                XClk_Wiz_GetInterruptSettings
 .text          0x0000000001005acc       0x1c C:/Users/Tom/Documents/Projects/Scopy_MVP_Platform/scopy-fpga/main/export/main/sw/main/standalone_domain/bsplib/lib\libxil.a(xclk_wiz_sinit.o)
                0x0000000001005acc                XClk_Wiz_LookupConfig
 .text          0x0000000001005ae8      0xcd8 C:/Users/Tom/Documents/Projects/Scopy_MVP_Platform/scopy-fpga/main/export/main/sw/main/standalone_domain/bsplib/lib\libxil.a(xgpiops.o)
                0x0000000001005ae8                XGpioPs_CfgInitialize
                0x0000000001005c64                XGpioPs_Read
                0x0000000001005d18                XGpioPs_Write
                0x0000000001005dc0                XGpioPs_SetDirection
                0x0000000001005e6c                XGpioPs_GetDirection
                0x0000000001005f24                XGpioPs_SetOutputEnable
                0x0000000001005fd0                XGpioPs_GetOutputEnable
                0x0000000001006088                XGpioPs_GetBankPin
                0x00000000010061c4                XGpioPs_ReadPin
                0x00000000010062a8                XGpioPs_WritePin
                0x00000000010063a8                XGpioPs_SetDirectionPin
                0x00000000010064cc                XGpioPs_GetDirectionPin
                0x00000000010065b4                XGpioPs_SetOutputEnablePin
                0x00000000010066d8                XGpioPs_GetOutputEnablePin
 .text          0x00000000010067c0       0x1c C:/Users/Tom/Documents/Projects/Scopy_MVP_Platform/scopy-fpga/main/export/main/sw/main/standalone_domain/bsplib/lib\libxil.a(xgpiops_sinit.o)
                0x00000000010067c0                XGpioPs_LookupConfig
 .text          0x00000000010067dc      0xdd4 C:/Users/Tom/Documents/Projects/Scopy_MVP_Platform/scopy-fpga/main/export/main/sw/main/standalone_domain/bsplib/lib\libxil.a(xgpiops_intr.o)
                0x00000000010067dc                XGpioPs_IntrEnable
                0x0000000001006888                XGpioPs_IntrEnablePin
                0x0000000001006964                XGpioPs_IntrDisable
                0x0000000001006a10                XGpioPs_IntrDisablePin
                0x0000000001006aec                XGpioPs_IntrGetEnabled
                0x0000000001006ba8                XGpioPs_IntrGetEnabledPin
                0x0000000001006c90                XGpioPs_IntrGetStatus
                0x0000000001006d48                XGpioPs_IntrGetStatusPin
                0x0000000001006e30                XGpioPs_IntrClear
                0x0000000001006edc                XGpioPs_IntrClearPin
                0x0000000001006fbc                XGpioPs_SetIntrType
                0x0000000001007084                XGpioPs_GetIntrType
                0x0000000001007158                XGpioPs_SetIntrTypePin
                0x00000000010072f8                XGpioPs_GetIntrTypePin
                0x0000000001007404                XGpioPs_SetCallbackHandler
                0x00000000010074a4                XGpioPs_IntrHandler
                0x0000000001007588                StubHandler
 .text          0x00000000010075b0        0x0 C:/Users/Tom/Documents/Projects/Scopy_MVP_Platform/scopy-fpga/main/export/main/sw/main/standalone_domain/bsplib/lib\libxil.a(xgpiops_g.o)
 .text          0x00000000010075b0       0x78 C:/Users/Tom/Documents/Projects/Scopy_MVP_Platform/scopy-fpga/main/export/main/sw/main/standalone_domain/bsplib/lib\libxil.a(xscugic_intr.o)
                0x00000000010075b0                XScuGic_InterruptHandler
 .text          0x0000000001007628      0xaf4 C:/Users/Tom/Documents/Projects/Scopy_MVP_Platform/scopy-fpga/main/export/main/sw/main/standalone_domain/bsplib/lib\libxil.a(xscugic.o)
                0x0000000001007678                XScuGic_Connect
                0x000000000100774c                XScuGic_Disconnect
                0x0000000001007818                XScuGic_SoftwareIntr
                0x00000000010078fc                XScuGic_SetPriorityTriggerType
                0x0000000001007a34                XScuGic_GetPriorityTriggerType
                0x0000000001007b60                XScuGic_InterruptMaptoCpu
                0x0000000001007bd4                XScuGic_Enable
                0x0000000001007ca8                XScuGic_InterruptUnmapFromCpu
                0x0000000001007d1c                XScuGic_Disable
                0x0000000001007df0                XScuGic_UnmapAllInterruptsFromCpu
                0x0000000001007e6c                XScuGic_Stop
                0x0000000001007f48                XScuGic_CfgInitialize
                0x00000000010080bc                XScuGic_SetCpuID
                0x000000000100810c                XScuGic_GetCpuID
 .text          0x000000000100811c       0x1c C:/Users/Tom/Documents/Projects/Scopy_MVP_Platform/scopy-fpga/main/export/main/sw/main/standalone_domain/bsplib/lib\libxil.a(xscugic_sinit.o)
                0x000000000100811c                XScuGic_LookupConfig
 .text          0x0000000001008138      0x2d8 C:/Users/Tom/Documents/Projects/Scopy_MVP_Platform/scopy-fpga/main/export/main/sw/main/standalone_domain/bsplib/lib\libxil.a(xscutimer.o)
                0x0000000001008138                XScuTimer_CfgInitialize
                0x00000000010081e8                XScuTimer_Start
                0x0000000001008278                XScuTimer_Stop
                0x0000000001008300                XScuTimer_SetPrescaler
                0x0000000001008388                XScuTimer_GetPrescaler
 .text          0x0000000001008410       0xbc C:/Users/Tom/Documents/Projects/Scopy_MVP_Platform/scopy-fpga/main/export/main/sw/main/standalone_domain/bsplib/lib\libxil.a(xscutimer_selftest.o)
                0x0000000001008410                XScuTimer_SelfTest
 .text          0x00000000010084cc       0x1c C:/Users/Tom/Documents/Projects/Scopy_MVP_Platform/scopy-fpga/main/export/main/sw/main/standalone_domain/bsplib/lib\libxil.a(xscutimer_sinit.o)
                0x00000000010084cc                XScuTimer_LookupConfig
 .text          0x00000000010084e8        0x0 C:/Users/Tom/Documents/Projects/Scopy_MVP_Platform/scopy-fpga/main/export/main/sw/main/standalone_domain/bsplib/lib\libxil.a(xscutimer_g.o)
 .text          0x00000000010084e8       0x70 C:/Users/Tom/Documents/Projects/Scopy_MVP_Platform/scopy-fpga/main/export/main/sw/main/standalone_domain/bsplib/lib\libxil.a(xil_assert.o)
                0x00000000010084e8                Xil_Assert
                0x0000000001008544                Xil_AssertSetCallback
                0x0000000001008554                XNullHandler
 .text          0x0000000001008558       0x28 C:/Users/Tom/Documents/Projects/Scopy_MVP_Platform/scopy-fpga/main/export/main/sw/main/standalone_domain/bsplib/lib\libxil.a(print.o)
                0x0000000001008558                print
 .text          0x0000000001008580      0x96c C:/Users/Tom/Documents/Projects/Scopy_MVP_Platform/scopy-fpga/main/export/main/sw/main/standalone_domain/bsplib/lib\libxil.a(xil_cache.o)
                0x0000000001008580                Xil_DCacheInvalidateLine
                0x00000000010085b8                Xil_DCacheInvalidateRange
                0x00000000010086a0                Xil_DCacheFlushLine
                0x00000000010086ec                Xil_DCacheFlushRange
                0x0000000001008740                Xil_DCacheStoreLine
                0x0000000001008778                Xil_ICacheInvalidateLine
                0x00000000010087b0                Xil_ICacheInvalidateRange
                0x0000000001008808                Xil_L1DCacheInvalidate
                0x00000000010088bc                Xil_L1DCacheEnable
                0x00000000010088dc                Xil_L1DCacheInvalidateLine
                0x00000000010088f4                Xil_L1DCacheInvalidateRange
                0x000000000100893c                Xil_L1DCacheFlush
                0x00000000010089c8                Xil_L1DCacheDisable
                0x00000000010089e0                Xil_DCacheFlush
                0x0000000001008a3c                Xil_L1DCacheFlushLine
                0x0000000001008a54                Xil_L1DCacheFlushRange
                0x0000000001008a9c                Xil_L1DCacheStoreLine
                0x0000000001008ab4                Xil_L1ICacheEnable
                0x0000000001008ad0                Xil_L1ICacheDisable
                0x0000000001008aec                Xil_L1ICacheInvalidate
                0x0000000001008b04                Xil_L1ICacheInvalidateLine
                0x0000000001008b1c                Xil_L1ICacheInvalidateRange
                0x0000000001008b64                Xil_L2CacheDisable
                0x0000000001008bd8                Xil_DCacheDisable
                0x0000000001008bf4                Xil_ICacheDisable
                0x0000000001008c18                Xil_L2CacheInvalidate
                0x0000000001008c84                Xil_DCacheInvalidate
                0x0000000001008ca4                Xil_ICacheInvalidate
                0x0000000001008d2c                Xil_L2CacheEnable
                0x0000000001008d44                Xil_DCacheEnable
                0x0000000001008d68                Xil_ICacheEnable
                0x0000000001008d98                Xil_L2CacheInvalidateLine
                0x0000000001008dac                Xil_L2CacheInvalidateRange
                0x0000000001008e14                Xil_L2CacheFlush
                0x0000000001008e58                Xil_L2CacheFlushLine
                0x0000000001008e70                Xil_L2CacheFlushRange
                0x0000000001008ed8                Xil_L2CacheStoreLine
 .text          0x0000000001008eec       0x10 C:/Users/Tom/Documents/Projects/Scopy_MVP_Platform/scopy-fpga/main/export/main/sw/main/standalone_domain/bsplib/lib\libxil.a(outbyte.o)
                0x0000000001008eec                outbyte
 .text          0x0000000001008efc        0x8 C:/Users/Tom/Documents/Projects/Scopy_MVP_Platform/scopy-fpga/main/export/main/sw/main/standalone_domain/bsplib/lib\libxil.a(xplatform_info.o)
                0x0000000001008efc                XGetPlatform_Info
 .text          0x0000000001008f04      0x6c0 C:/Users/Tom/Documents/Projects/Scopy_MVP_Platform/scopy-fpga/main/export/main/sw/main/standalone_domain/bsplib/lib\libxil.a(xil_printf.o)
                0x0000000001009138                xil_printf
 .text          0x00000000010095c4       0xe4 C:/Users/Tom/Documents/Projects/Scopy_MVP_Platform/scopy-fpga/main/export/main/sw/main/standalone_domain/bsplib/lib\libxil.a(xil_exception.o)
                0x00000000010095c8                Xil_DataAbortHandler
                0x00000000010095f8                Xil_PrefetchAbortHandler
                0x0000000001009628                Xil_UndefinedExceptionHandler
                0x0000000001009648                Xil_ExceptionInit
                0x000000000100964c                Xil_ExceptionRegisterHandler
                0x0000000001009664                Xil_GetExceptionRegisterHandler
                0x0000000001009684                Xil_ExceptionRemoveHandler
 .text          0x00000000010096a8        0x0 C:/Users/Tom/Documents/Projects/Scopy_MVP_Platform/scopy-fpga/main/export/main/sw/main/standalone_domain/bsplib/lib\libxil.a(asm_vectors.o)
 .text          0x00000000010096a8       0x88 C:/Users/Tom/Documents/Projects/Scopy_MVP_Platform/scopy-fpga/main/export/main/sw/main/standalone_domain/bsplib/lib\libxil.a(xuartps_hw.o)
                0x00000000010096a8                XUartPs_SendByte
                0x00000000010096c0                XUartPs_RecvByte
                0x00000000010096dc                XUartPs_ResetHw
 .text          0x0000000001009730        0x0 C:/Users/Tom/Documents/Projects/Scopy_MVP_Platform/scopy-fpga/main/export/main/sw/main/standalone_domain/bsplib/lib\libxil.a(xclk_wiz_g.o)
 .text          0x0000000001009730        0x0 C:/Users/Tom/Documents/Projects/Scopy_MVP_Platform/scopy-fpga/main/export/main/sw/main/standalone_domain/bsplib/lib\libxil.a(xscugic_g.o)
 .text          0x0000000001009730       0x78 C:/Users/Tom/Documents/Projects/Scopy_MVP_Platform/scopy-fpga/main/export/main/sw/main/standalone_domain/bsplib/lib\libxil.a(vectors.o)
                0x0000000001009730                FIQInterrupt
                0x0000000001009744                IRQInterrupt
                0x0000000001009758                UndefinedException
                0x000000000100976c                SWInterrupt
                0x0000000001009780                DataAbortInterrupt
                0x0000000001009794                PrefetchAbortInterrupt
 .text          0x00000000010097a8        0x0 C:/Users/Tom/Documents/Projects/Scopy_MVP_Platform/scopy-fpga/main/export/main/sw/main/standalone_domain/bsplib/lib\libxil.a(boot.o)
 .text          0x00000000010097a8       0x78 C:/Users/Tom/Documents/Projects/Scopy_MVP_Platform/scopy-fpga/main/export/main/sw/main/standalone_domain/bsplib/lib\libxil.a(xil-crt0.o)
                0x00000000010097bc                _start
 .text          0x0000000001009820        0x0 C:/Users/Tom/Documents/Projects/Scopy_MVP_Platform/scopy-fpga/main/export/main/sw/main/standalone_domain/bsplib/lib\libxil.a(translation_table.o)
 .text          0x0000000001009820       0x3c C:/Users/Tom/Documents/Projects/Scopy_MVP_Platform/scopy-fpga/main/export/main/sw/main/standalone_domain/bsplib/lib\libxil.a(cpu_init.o)
                0x0000000001009820                __cpu_init
 .text          0x000000000100985c       0x4c C:/Users/Tom/Documents/Projects/Scopy_MVP_Platform/scopy-fpga/main/export/main/sw/main/standalone_domain/bsplib/lib\libxil.a(xtime_l.o)
                0x000000000100985c                XTime_SetTime
                0x0000000001009880                XTime_GetTime
 .text          0x00000000010098a8      0x278 g:/xilinx/vitis/2019.2/gnu/aarch32/nt/gcc-arm-none-eabi/bin/../lib/gcc/arm-none-eabi/8.2.0/thumb/v7-a+fp/hard\libgcc.a(_udivsi3.o)
                0x00000000010098a8                __aeabi_uidiv
                0x00000000010098a8                __udivsi3
                0x0000000001009b04                __aeabi_uidivmod
 .text          0x0000000001009b20      0x2b0 g:/xilinx/vitis/2019.2/gnu/aarch32/nt/gcc-arm-none-eabi/bin/../lib/gcc/arm-none-eabi/8.2.0/thumb/v7-a+fp/hard\libgcc.a(_divsi3.o)
                0x0000000001009b20                __divsi3
                0x0000000001009b20                __aeabi_idiv
                0x0000000001009db4                __aeabi_idivmod
 .text          0x0000000001009dd0        0x4 g:/xilinx/vitis/2019.2/gnu/aarch32/nt/gcc-arm-none-eabi/bin/../lib/gcc/arm-none-eabi/8.2.0/thumb/v7-a+fp/hard\libgcc.a(_dvmd_tls.o)
                0x0000000001009dd0                __aeabi_idiv0
                0x0000000001009dd0                __aeabi_ldiv0
 .text          0x0000000001009dd4      0x378 g:/xilinx/vitis/2019.2/gnu/aarch32/nt/gcc-arm-none-eabi/bin/../lib/gcc/arm-none-eabi/8.2.0/thumb/v7-a+fp/hard\libgcc.a(_arm_addsubdf3.o)
                0x0000000001009dd4                __aeabi_drsub
                0x0000000001009ddc                __aeabi_dsub
                0x0000000001009ddc                __subdf3
                0x0000000001009de0                __aeabi_dadd
                0x0000000001009de0                __adddf3
                0x000000000100a058                __floatunsidf
                0x000000000100a058                __aeabi_ui2d
                0x000000000100a078                __floatsidf
                0x000000000100a078                __aeabi_i2d
                0x000000000100a09c                __aeabi_f2d
                0x000000000100a09c                __extendsfdf2
                0x000000000100a0e0                __floatundidf
                0x000000000100a0e0                __aeabi_ul2d
                0x000000000100a0f0                __floatdidf
                0x000000000100a0f0                __aeabi_l2d
 .text          0x000000000100a14c      0x21c g:/xilinx/vitis/2019.2/gnu/aarch32/nt/gcc-arm-none-eabi/bin/../lib/gcc/arm-none-eabi/8.2.0/thumb/v7-a+fp/hard\libgcc.a(_arm_addsubsf3.o)
                0x000000000100a14c                __aeabi_frsub
                0x000000000100a154                __subsf3
                0x000000000100a154                __aeabi_fsub
                0x000000000100a158                __aeabi_fadd
                0x000000000100a158                __addsf3
                0x000000000100a2b8                __aeabi_ui2f
                0x000000000100a2b8                __floatunsisf
                0x000000000100a2c0                __aeabi_i2f
                0x000000000100a2c0                __floatsisf
                0x000000000100a2dc                __aeabi_ul2f
                0x000000000100a2dc                __floatundisf
                0x000000000100a2ec                __aeabi_l2f
                0x000000000100a2ec                __floatdisf
 .text          0x000000000100a368       0x30 g:/xilinx/vitis/2019.2/gnu/aarch32/nt/gcc-arm-none-eabi/bin/../lib/gcc/arm-none-eabi/8.2.0/thumb/v7-a+fp/hard\libgcc.a(_aeabi_uldivmod.o)
                0x000000000100a368                __aeabi_uldivmod
 .text          0x000000000100a398       0x40 g:/xilinx/vitis/2019.2/gnu/aarch32/nt/gcc-arm-none-eabi/bin/../lib/gcc/arm-none-eabi/8.2.0/thumb/v7-a+fp/hard\libgcc.a(_fixunssfdi.o)
                0x000000000100a398                __fixunssfdi
                0x000000000100a398                __aeabi_f2ulz
 .text          0x000000000100a3d8       0x40 g:/xilinx/vitis/2019.2/gnu/aarch32/nt/gcc-arm-none-eabi/bin/../lib/gcc/arm-none-eabi/8.2.0/thumb/v7-a+fp/hard\libgcc.a(_fixunsdfdi.o)
                0x000000000100a3d8                __fixunsdfdi
                0x000000000100a3d8                __aeabi_d2ulz
 .text          0x000000000100a418      0x118 g:/xilinx/vitis/2019.2/gnu/aarch32/nt/gcc-arm-none-eabi/bin/../lib/gcc/arm-none-eabi/8.2.0/thumb/v7-a+fp/hard\libgcc.a(_udivmoddi4.o)
                0x000000000100a418                __udivmoddi4
 .text          0x000000000100a530       0x20 g:/xilinx/vitis/2019.2/gnu/aarch32/nt/gcc-arm-none-eabi/bin/../arm-none-eabi/libc/usr/lib/thumb/v7-a+fp/hard\libc.a(lib_a-exit.o)
                0x000000000100a530                exit
 .text          0x000000000100a550       0x30 g:/xilinx/vitis/2019.2/gnu/aarch32/nt/gcc-arm-none-eabi/bin/../arm-none-eabi/libc/usr/lib/thumb/v7-a+fp/hard\libc.a(lib_a-fini.o)
                0x000000000100a550                __libc_fini_array
 .text          0x000000000100a580        0x0 g:/xilinx/vitis/2019.2/gnu/aarch32/nt/gcc-arm-none-eabi/bin/../arm-none-eabi/libc/usr/lib/thumb/v7-a+fp/hard\libc.a(lib_a-impure.o)
 .text          0x000000000100a580       0x50 g:/xilinx/vitis/2019.2/gnu/aarch32/nt/gcc-arm-none-eabi/bin/../arm-none-eabi/libc/usr/lib/thumb/v7-a+fp/hard\libc.a(lib_a-init.o)
                0x000000000100a580                __libc_init_array
 .text          0x000000000100a5d0      0x9e0 g:/xilinx/vitis/2019.2/gnu/aarch32/nt/gcc-arm-none-eabi/bin/../arm-none-eabi/libc/usr/lib/thumb/v7-a+fp/hard\libc.a(lib_a-locale.o)
                0x000000000100a63c                __loadlocale
                0x000000000100acbc                __get_locale_env
                0x000000000100ad10                _setlocale_r
                0x000000000100af54                __locale_mb_cur_max
                0x000000000100af74                __locale_ctype_ptr_l
                0x000000000100af7c                __locale_ctype_ptr
                0x000000000100af9c                setlocale
 .text          0x000000000100afb0       0x14 g:/xilinx/vitis/2019.2/gnu/aarch32/nt/gcc-arm-none-eabi/bin/../arm-none-eabi/libc/usr/lib/thumb/v7-a+fp/hard\libc.a(lib_a-malign.o)
                0x000000000100afb0                memalign
 .text          0x000000000100afc4       0xf4 g:/xilinx/vitis/2019.2/gnu/aarch32/nt/gcc-arm-none-eabi/bin/../arm-none-eabi/libc/usr/lib/thumb/v7-a+fp/hard\libc.a(lib_a-malignr.o)
                0x000000000100afc4                _memalign_r
 .text          0x000000000100b0b8       0x20 g:/xilinx/vitis/2019.2/gnu/aarch32/nt/gcc-arm-none-eabi/bin/../arm-none-eabi/libc/usr/lib/thumb/v7-a+fp/hard\libc.a(lib_a-malloc.o)
                0x000000000100b0b8                malloc
                0x000000000100b0c8                free
 .text          0x000000000100b0d8      0x564 g:/xilinx/vitis/2019.2/gnu/aarch32/nt/gcc-arm-none-eabi/bin/../arm-none-eabi/libc/usr/lib/thumb/v7-a+fp/hard\libc.a(lib_a-mallocr.o)
                0x000000000100b0d8                _malloc_r
 .text          0x000000000100b63c      0x4b8 g:/xilinx/vitis/2019.2/gnu/aarch32/nt/gcc-arm-none-eabi/bin/../arm-none-eabi/libc/usr/lib/thumb/v7-a+fp/hard\libc.a(lib_a-mbtowc_r.o)
                0x000000000100b63c                _mbtowc_r
                0x000000000100b664                __ascii_mbtowc
                0x000000000100b688                __utf8_mbtowc
                0x000000000100b890                __sjis_mbtowc
                0x000000000100b914                __eucjp_mbtowc
                0x000000000100b9cc                __jis_mbtowc
 *fill*         0x000000000100baf4        0xc 
 .text          0x000000000100bb00      0x5e0 g:/xilinx/vitis/2019.2/gnu/aarch32/nt/gcc-arm-none-eabi/bin/../arm-none-eabi/libc/usr/lib/thumb/v7-a+fp/hard\libc.a(lib_a-memcpy.o)
                0x000000000100bb00                memcpy
 .text          0x000000000100c0e0       0xa0 g:/xilinx/vitis/2019.2/gnu/aarch32/nt/gcc-arm-none-eabi/bin/../arm-none-eabi/libc/usr/lib/thumb/v7-a+fp/hard\libc.a(lib_a-memset.o)
                0x000000000100c0e0                memset
 .text          0x000000000100c180        0x8 g:/xilinx/vitis/2019.2/gnu/aarch32/nt/gcc-arm-none-eabi/bin/../arm-none-eabi/libc/usr/lib/thumb/v7-a+fp/hard\libc.a(lib_a-mlock.o)
                0x000000000100c180                __malloc_lock
                0x000000000100c184                __malloc_unlock
 .text          0x000000000100c188       0x4c g:/xilinx/vitis/2019.2/gnu/aarch32/nt/gcc-arm-none-eabi/bin/../arm-none-eabi/libc/usr/lib/thumb/v7-a+fp/hard\libc.a(lib_a-printf.o)
                0x000000000100c188                _printf_r
                0x000000000100c1a8                printf
 .text          0x000000000100c1d4       0x78 g:/xilinx/vitis/2019.2/gnu/aarch32/nt/gcc-arm-none-eabi/bin/../arm-none-eabi/libc/usr/lib/thumb/v7-a+fp/hard\libc.a(lib_a-puts.o)
                0x000000000100c1d4                _puts_r
                0x000000000100c23c                puts
 .text          0x000000000100c24c       0x28 g:/xilinx/vitis/2019.2/gnu/aarch32/nt/gcc-arm-none-eabi/bin/../arm-none-eabi/libc/usr/lib/thumb/v7-a+fp/hard\libc.a(lib_a-sbrkr.o)
                0x000000000100c24c                _sbrk_r
 .text          0x000000000100c274      0x114 g:/xilinx/vitis/2019.2/gnu/aarch32/nt/gcc-arm-none-eabi/bin/../arm-none-eabi/libc/usr/lib/thumb/v7-a+fp/hard\libc.a(lib_a-snprintf.o)
                0x000000000100c274                _snprintf_r
                0x000000000100c2f8                snprintf
 .text          0x000000000100c388       0x44 g:/xilinx/vitis/2019.2/gnu/aarch32/nt/gcc-arm-none-eabi/bin/../arm-none-eabi/libc/usr/lib/thumb/v7-a+fp/hard\libc.a(lib_a-strcasecmp.o)
                0x000000000100c388                strcasecmp
 .text          0x000000000100c3cc       0x40 g:/xilinx/vitis/2019.2/gnu/aarch32/nt/gcc-arm-none-eabi/bin/../arm-none-eabi/libc/usr/lib/thumb/v7-a+fp/hard\libc.a(lib_a-strcat.o)
                0x000000000100c3cc                strcat
 .text          0x000000000100c40c       0xe4 g:/xilinx/vitis/2019.2/gnu/aarch32/nt/gcc-arm-none-eabi/bin/../arm-none-eabi/libc/usr/lib/thumb/v7-a+fp/hard\libc.a(lib_a-strchr.o)
                0x000000000100c40c                strchr
 *fill*         0x000000000100c4f0       0x10 
 .text          0x000000000100c500      0x2dc g:/xilinx/vitis/2019.2/gnu/aarch32/nt/gcc-arm-none-eabi/bin/../arm-none-eabi/libc/usr/lib/thumb/v7-a+fp/hard\libc.a(lib_a-strcmp.o)
                0x000000000100c508                strcmp
 .text          0x000000000100c7dc       0xc4 g:/xilinx/vitis/2019.2/gnu/aarch32/nt/gcc-arm-none-eabi/bin/../arm-none-eabi/libc/usr/lib/thumb/v7-a+fp/hard\libc.a(lib_a-strcpy.o)
                0x000000000100c7dc                strcpy
 .text          0x000000000100c8a0       0x58 g:/xilinx/vitis/2019.2/gnu/aarch32/nt/gcc-arm-none-eabi/bin/../arm-none-eabi/libc/usr/lib/thumb/v7-a+fp/hard\libc.a(lib_a-strlcpy.o)
                0x000000000100c8a0                strlcpy
 *fill*         0x000000000100c8f8        0x8 
 .text          0x000000000100c900       0xdc g:/xilinx/vitis/2019.2/gnu/aarch32/nt/gcc-arm-none-eabi/bin/../arm-none-eabi/libc/usr/lib/thumb/v7-a+fp/hard\libc.a(lib_a-strlen.o)
                0x000000000100c900                strlen
 .text          0x000000000100c9dc       0x5c g:/xilinx/vitis/2019.2/gnu/aarch32/nt/gcc-arm-none-eabi/bin/../arm-none-eabi/libc/usr/lib/thumb/v7-a+fp/hard\libc.a(lib_a-strncasecmp.o)
                0x000000000100c9dc                strncasecmp
 .text          0x000000000100ca38       0xa4 g:/xilinx/vitis/2019.2/gnu/aarch32/nt/gcc-arm-none-eabi/bin/../arm-none-eabi/libc/usr/lib/thumb/v7-a+fp/hard\libc.a(lib_a-strncmp.o)
                0x000000000100ca38                strncmp
 .text          0x000000000100cadc       0x80 g:/xilinx/vitis/2019.2/gnu/aarch32/nt/gcc-arm-none-eabi/bin/../arm-none-eabi/libc/usr/lib/thumb/v7-a+fp/hard\libc.a(lib_a-strncpy.o)
                0x000000000100cadc                strncpy
 .text          0x000000000100cb5c      0x198 g:/xilinx/vitis/2019.2/gnu/aarch32/nt/gcc-arm-none-eabi/bin/../arm-none-eabi/libc/usr/lib/thumb/v7-a+fp/hard\libc.a(lib_a-strtol.o)
                0x000000000100cc7c                _strtol_r
                0x000000000100cca4                strtol_l
                0x000000000100ccc4                strtol
 *fill*         0x000000000100ccf4        0x4 
 .text          0x000000000100ccf8     0x1b4c g:/xilinx/vitis/2019.2/gnu/aarch32/nt/gcc-arm-none-eabi/bin/../arm-none-eabi/libc/usr/lib/thumb/v7-a+fp/hard\libc.a(lib_a-svfprintf.o)
                0x000000000100ccf8                _svfprintf_r
 *fill*         0x000000000100e844        0x4 
 .text          0x000000000100e848     0x1c28 g:/xilinx/vitis/2019.2/gnu/aarch32/nt/gcc-arm-none-eabi/bin/../arm-none-eabi/libc/usr/lib/thumb/v7-a+fp/hard\libc.a(lib_a-vfprintf.o)
                0x000000000100e848                _vfprintf_r
                0x00000000010103e8                vfprintf
 .text          0x0000000001010470       0x8c g:/xilinx/vitis/2019.2/gnu/aarch32/nt/gcc-arm-none-eabi/bin/../arm-none-eabi/libc/usr/lib/thumb/v7-a+fp/hard\libc.a(lib_a-vsnprintf.o)
                0x0000000001010470                _vsnprintf_r
                0x00000000010104dc                vsnprintf
 .text          0x00000000010104fc       0xac g:/xilinx/vitis/2019.2/gnu/aarch32/nt/gcc-arm-none-eabi/bin/../arm-none-eabi/libc/usr/lib/thumb/v7-a+fp/hard\libc.a(lib_a-wcrtomb.o)
                0x00000000010104fc                _wcrtomb_r
                0x0000000001010550                wcrtomb
 .text          0x00000000010105a8       0x3c g:/xilinx/vitis/2019.2/gnu/aarch32/nt/gcc-arm-none-eabi/bin/../arm-none-eabi/libc/usr/lib/thumb/v7-a+fp/hard\libc.a(lib_a-wcsrtombs.o)
                0x00000000010105a8                _wcsrtombs_r
                0x00000000010105c0                wcsrtombs
 .text          0x00000000010105e4      0x22c g:/xilinx/vitis/2019.2/gnu/aarch32/nt/gcc-arm-none-eabi/bin/../arm-none-eabi/libc/usr/lib/thumb/v7-a+fp/hard\libc.a(lib_a-wctomb_r.o)
                0x00000000010105e4                _wctomb_r
                0x000000000101060c                __ascii_wctomb
                0x0000000001010624                __utf8_wctomb
                0x00000000010106c8                __sjis_wctomb
                0x000000000101071c                __eucjp_wctomb
                0x000000000101078c                __jis_wctomb
 .text          0x0000000001010810       0xc8 g:/xilinx/vitis/2019.2/gnu/aarch32/nt/gcc-arm-none-eabi/bin/../arm-none-eabi/libc/usr/lib/thumb/v7-a+fp/hard\libc.a(lib_a-wsetup.o)
                0x0000000001010810                __swsetup_r
 .text          0x00000000010108d8       0xdc g:/xilinx/vitis/2019.2/gnu/aarch32/nt/gcc-arm-none-eabi/bin/../arm-none-eabi/libc/usr/lib/thumb/v7-a+fp/hard\libc.a(lib_a-__call_atexit.o)
                0x00000000010108d8                __call_exitprocs
 .text          0x00000000010109b4       0x10 g:/xilinx/vitis/2019.2/gnu/aarch32/nt/gcc-arm-none-eabi/bin/../arm-none-eabi/libc/usr/lib/thumb/v7-a+fp/hard\libc.a(lib_a-ctype_.o)
                0x00000000010109b4                __set_ctype
 *fill*         0x00000000010109c4        0x4 
 .text          0x00000000010109c8      0xe54 g:/xilinx/vitis/2019.2/gnu/aarch32/nt/gcc-arm-none-eabi/bin/../arm-none-eabi/libc/usr/lib/thumb/v7-a+fp/hard\libc.a(lib_a-dtoa.o)
                0x0000000001010b10                _dtoa_r
 .text          0x000000000101181c      0x1a8 g:/xilinx/vitis/2019.2/gnu/aarch32/nt/gcc-arm-none-eabi/bin/../arm-none-eabi/libc/usr/lib/thumb/v7-a+fp/hard\libc.a(lib_a-fflush.o)
                0x000000000101181c                __sflush_r
                0x0000000001011968                _fflush_r
                0x000000000101199c                fflush
 .text          0x00000000010119c4      0x210 g:/xilinx/vitis/2019.2/gnu/aarch32/nt/gcc-arm-none-eabi/bin/../arm-none-eabi/libc/usr/lib/thumb/v7-a+fp/hard\libc.a(lib_a-findfp.o)
                0x00000000010119c8                _cleanup_r
                0x0000000001011abc                __sfmoreglue
                0x0000000001011aec                __sfp
                0x0000000001011b74                _cleanup
                0x0000000001011b8c                __sinit
                0x0000000001011b94                __sfp_lock_acquire
                0x0000000001011b98                __sfp_lock_release
                0x0000000001011b9c                __sinit_lock_acquire
                0x0000000001011ba0                __sinit_lock_release
                0x0000000001011ba4                __fp_lock_all
                0x0000000001011bbc                __fp_unlock_all
 .text          0x0000000001011bd4      0x29c g:/xilinx/vitis/2019.2/gnu/aarch32/nt/gcc-arm-none-eabi/bin/../arm-none-eabi/libc/usr/lib/thumb/v7-a+fp/hard\libc.a(lib_a-freer.o)
                0x0000000001011bd4                _malloc_trim_r
                0x0000000001011c80                _free_r
 .text          0x0000000001011e70      0x32c g:/xilinx/vitis/2019.2/gnu/aarch32/nt/gcc-arm-none-eabi/bin/../arm-none-eabi/libc/usr/lib/thumb/v7-a+fp/hard\libc.a(lib_a-fvwrite.o)
                0x0000000001011e70                __sfvwrite_r
 .text          0x000000000101219c       0x98 g:/xilinx/vitis/2019.2/gnu/aarch32/nt/gcc-arm-none-eabi/bin/../arm-none-eabi/libc/usr/lib/thumb/v7-a+fp/hard\libc.a(lib_a-fwalk.o)
                0x000000000101219c                _fwalk
                0x00000000010121e4                _fwalk_reent
 .text          0x0000000001012234       0x98 g:/xilinx/vitis/2019.2/gnu/aarch32/nt/gcc-arm-none-eabi/bin/../arm-none-eabi/libc/usr/lib/thumb/v7-a+fp/hard\libc.a(lib_a-getenv_r.o)
                0x0000000001012234                _findenv_r
                0x00000000010122bc                _getenv_r
 .text          0x00000000010122cc       0x44 g:/xilinx/vitis/2019.2/gnu/aarch32/nt/gcc-arm-none-eabi/bin/../arm-none-eabi/libc/usr/lib/thumb/v7-a+fp/hard\libc.a(lib_a-localeconv.o)
                0x00000000010122cc                __localeconv_l
                0x00000000010122d0                _localeconv_r
                0x00000000010122f0                localeconv
 .text          0x0000000001012310       0xf8 g:/xilinx/vitis/2019.2/gnu/aarch32/nt/gcc-arm-none-eabi/bin/../arm-none-eabi/libc/usr/lib/thumb/v7-a+fp/hard\libc.a(lib_a-makebuf.o)
                0x0000000001012310                __swhatbuf_r
                0x000000000101236c                __smakebuf_r
 *fill*         0x0000000001012408        0x8 
 .text          0x0000000001012410       0xa0 g:/xilinx/vitis/2019.2/gnu/aarch32/nt/gcc-arm-none-eabi/bin/../arm-none-eabi/libc/usr/lib/thumb/v7-a+fp/hard\libc.a(lib_a-memchr.o)
                0x0000000001012410                memchr
 .text          0x00000000010124b0       0xd0 g:/xilinx/vitis/2019.2/gnu/aarch32/nt/gcc-arm-none-eabi/bin/../arm-none-eabi/libc/usr/lib/thumb/v7-a+fp/hard\libc.a(lib_a-memmove.o)
                0x00000000010124b0                memmove
 .text          0x0000000001012580      0x8fc g:/xilinx/vitis/2019.2/gnu/aarch32/nt/gcc-arm-none-eabi/bin/../arm-none-eabi/libc/usr/lib/thumb/v7-a+fp/hard\libc.a(lib_a-mprec.o)
                0x0000000001012580                _Balloc
                0x00000000010125cc                _Bfree
                0x00000000010125e0                __multadd
                0x0000000001012670                __s2b
                0x0000000001012708                __hi0bits
                0x0000000001012748                __lo0bits
                0x00000000010127a4                __i2b
                0x00000000010127b8                __multiply
                0x00000000010128f8                __pow5mult
                0x000000000101299c                __lshift
                0x0000000001012a58                __mcmp
                0x0000000001012a94                __mdiff
                0x0000000001012b9c                __ulp
                0x0000000001012bec                __b2d
                0x0000000001012c9c                __d2b
                0x0000000001012d50                __ratio
                0x0000000001012db0                _mprec_log10
                0x0000000001012dd8                __copybits
                0x0000000001012e20                __any_on
 .text          0x0000000001012e7c      0x374 g:/xilinx/vitis/2019.2/gnu/aarch32/nt/gcc-arm-none-eabi/bin/../arm-none-eabi/libc/usr/lib/thumb/v7-a+fp/hard\libc.a(lib_a-reallocr.o)
                0x0000000001012e7c                _realloc_r
 .text          0x00000000010131f0       0xa4 g:/xilinx/vitis/2019.2/gnu/aarch32/nt/gcc-arm-none-eabi/bin/../arm-none-eabi/libc/usr/lib/thumb/v7-a+fp/hard\libc.a(lib_a-reent.o)
                0x00000000010131f0                cleanup_glue
                0x000000000101320c                _reclaim_reent
 *fill*         0x0000000001013294        0x4 
 .text          0x0000000001013298       0x80 g:/xilinx/vitis/2019.2/gnu/aarch32/nt/gcc-arm-none-eabi/bin/../arm-none-eabi/libc/usr/lib/thumb/v7-a+fp/hard\libc.a(lib_a-s_frexp.o)
                0x0000000001013298                frexp
 .text          0x0000000001013318       0x90 g:/xilinx/vitis/2019.2/gnu/aarch32/nt/gcc-arm-none-eabi/bin/../arm-none-eabi/libc/usr/lib/thumb/v7-a+fp/hard\libc.a(lib_a-stdio.o)
                0x0000000001013318                __sread
                0x000000000101333c                __seofread
                0x0000000001013340                __swrite
                0x0000000001013380                __sseek
                0x00000000010133a0                __sclose
 .text          0x00000000010133a8      0xe90 g:/xilinx/vitis/2019.2/gnu/aarch32/nt/gcc-arm-none-eabi/bin/../arm-none-eabi/libc/usr/lib/thumb/v7-a+fp/hard\libc.a(lib_a-svfiprintf.o)
                0x00000000010133a8                __ssprint_r
                0x00000000010134a0                _svfiprintf_r
 .text          0x0000000001014238     0x108c g:/xilinx/vitis/2019.2/gnu/aarch32/nt/gcc-arm-none-eabi/bin/../arm-none-eabi/libc/usr/lib/thumb/v7-a+fp/hard\libc.a(lib_a-vfiprintf.o)
                0x00000000010142ac                __sprint_r
                0x00000000010142c0                _vfiprintf_r
                0x000000000101523c                vfiprintf
 .text          0x00000000010152c4      0x15c g:/xilinx/vitis/2019.2/gnu/aarch32/nt/gcc-arm-none-eabi/bin/../arm-none-eabi/libc/usr/lib/thumb/v7-a+fp/hard\libc.a(lib_a-wcsnrtombs.o)
                0x00000000010152c4                _wcsnrtombs_l
                0x00000000010153b8                _wcsnrtombs_r
                0x00000000010153e8                wcsnrtombs
 .text          0x0000000001015420       0x2c g:/xilinx/vitis/2019.2/gnu/aarch32/nt/gcc-arm-none-eabi/bin/../arm-none-eabi/libc/usr/lib/thumb/v7-a+fp/hard\libc.a(lib_a-writer.o)
                0x0000000001015420                _write_r
 .text          0x000000000101544c       0x64 g:/xilinx/vitis/2019.2/gnu/aarch32/nt/gcc-arm-none-eabi/bin/../arm-none-eabi/libc/usr/lib/thumb/v7-a+fp/hard\libc.a(lib_a-callocr.o)
                0x000000000101544c                _calloc_r
 .text          0x00000000010154b0       0x28 g:/xilinx/vitis/2019.2/gnu/aarch32/nt/gcc-arm-none-eabi/bin/../arm-none-eabi/libc/usr/lib/thumb/v7-a+fp/hard\libc.a(lib_a-closer.o)
                0x00000000010154b0                _close_r
 .text          0x00000000010154d8        0x0 g:/xilinx/vitis/2019.2/gnu/aarch32/nt/gcc-arm-none-eabi/bin/../arm-none-eabi/libc/usr/lib/thumb/v7-a+fp/hard\libc.a(lib_a-environ.o)
 .text          0x00000000010154d8        0x8 g:/xilinx/vitis/2019.2/gnu/aarch32/nt/gcc-arm-none-eabi/bin/../arm-none-eabi/libc/usr/lib/thumb/v7-a+fp/hard\libc.a(lib_a-envlock.o)
                0x00000000010154d8                __env_lock
                0x00000000010154dc                __env_unlock
 .text          0x00000000010154e0       0x98 g:/xilinx/vitis/2019.2/gnu/aarch32/nt/gcc-arm-none-eabi/bin/../arm-none-eabi/libc/usr/lib/thumb/v7-a+fp/hard\libc.a(lib_a-fclose.o)
                0x00000000010154e0                _fclose_r
                0x0000000001015568                fclose
 .text          0x0000000001015578      0x11c g:/xilinx/vitis/2019.2/gnu/aarch32/nt/gcc-arm-none-eabi/bin/../arm-none-eabi/libc/usr/lib/thumb/v7-a+fp/hard\libc.a(lib_a-fputwc.o)
                0x0000000001015578                __fputwc
                0x0000000001015628                _fputwc_r
                0x0000000001015650                fputwc
 .text          0x0000000001015694       0x2c g:/xilinx/vitis/2019.2/gnu/aarch32/nt/gcc-arm-none-eabi/bin/../arm-none-eabi/libc/usr/lib/thumb/v7-a+fp/hard\libc.a(lib_a-fstatr.o)
                0x0000000001015694                _fstat_r
 .text          0x00000000010156c0       0x28 g:/xilinx/vitis/2019.2/gnu/aarch32/nt/gcc-arm-none-eabi/bin/../arm-none-eabi/libc/usr/lib/thumb/v7-a+fp/hard\libc.a(lib_a-isattyr.o)
                0x00000000010156c0                _isatty_r
 .text          0x00000000010156e8       0x2c g:/xilinx/vitis/2019.2/gnu/aarch32/nt/gcc-arm-none-eabi/bin/../arm-none-eabi/libc/usr/lib/thumb/v7-a+fp/hard\libc.a(lib_a-lseekr.o)
                0x00000000010156e8                _lseek_r
 .text          0x0000000001015714       0x2c g:/xilinx/vitis/2019.2/gnu/aarch32/nt/gcc-arm-none-eabi/bin/../arm-none-eabi/libc/usr/lib/thumb/v7-a+fp/hard\libc.a(lib_a-readr.o)
                0x0000000001015714                _read_r
 .text          0x0000000001015740       0xc4 g:/xilinx/vitis/2019.2/gnu/aarch32/nt/gcc-arm-none-eabi/bin/../arm-none-eabi/libc/usr/lib/thumb/v7-a+fp/hard\libc.a(lib_a-wbuf.o)
                0x0000000001015740                __swbuf_r
                0x00000000010157f0                __swbuf
 .text          0x0000000001015804       0x40 C:/Users/Tom/Documents/Projects/Scopy_MVP_Platform/scopy-fpga/main/export/main/sw/main/standalone_domain/bsplib/lib\libxil.a(_sbrk.o)
                0x0000000001015804                _sbrk
 .text          0x0000000001015844       0x30 C:/Users/Tom/Documents/Projects/Scopy_MVP_Platform/scopy-fpga/main/export/main/sw/main/standalone_domain/bsplib/lib\libxil.a(lseek.o)
                0x0000000001015844                lseek
                0x000000000101585c                _lseek
 .text          0x0000000001015874       0x70 C:/Users/Tom/Documents/Projects/Scopy_MVP_Platform/scopy-fpga/main/export/main/sw/main/standalone_domain/bsplib/lib\libxil.a(write.o)
                0x0000000001015874                write
                0x00000000010158e0                _write
 .text          0x00000000010158e4       0x60 C:/Users/Tom/Documents/Projects/Scopy_MVP_Platform/scopy-fpga/main/export/main/sw/main/standalone_domain/bsplib/lib\libxil.a(read.o)
                0x00000000010158e4                read
                0x0000000001015940                _read
 .text          0x0000000001015944       0x10 C:/Users/Tom/Documents/Projects/Scopy_MVP_Platform/scopy-fpga/main/export/main/sw/main/standalone_domain/bsplib/lib\libxil.a(fstat.o)
                0x0000000001015944                _fstat
 .text          0x0000000001015954       0x10 C:/Users/Tom/Documents/Projects/Scopy_MVP_Platform/scopy-fpga/main/export/main/sw/main/standalone_domain/bsplib/lib\libxil.a(errno.o)
                0x0000000001015954                __errno
 .text          0x0000000001015964        0x4 C:/Users/Tom/Documents/Projects/Scopy_MVP_Platform/scopy-fpga/main/export/main/sw/main/standalone_domain/bsplib/lib\libxil.a(_exit.o)
                0x0000000001015964                _exit
 .text          0x0000000001015968       0x10 C:/Users/Tom/Documents/Projects/Scopy_MVP_Platform/scopy-fpga/main/export/main/sw/main/standalone_domain/bsplib/lib\libxil.a(isatty.o)
                0x0000000001015968                isatty
                0x0000000001015970                _isatty
 .text          0x0000000001015978        0xc C:/Users/Tom/Documents/Projects/Scopy_MVP_Platform/scopy-fpga/main/export/main/sw/main/standalone_domain/bsplib/lib\libxil.a(inbyte.o)
                0x0000000001015978                inbyte
 .text          0x0000000001015984        0x8 C:/Users/Tom/Documents/Projects/Scopy_MVP_Platform/scopy-fpga/main/export/main/sw/main/standalone_domain/bsplib/lib\libxil.a(close.o)
                0x0000000001015984                _close
 .text          0x000000000101598c        0x0 g:/xilinx/vitis/2019.2/gnu/aarch32/nt/gcc-arm-none-eabi/bin/../lib/gcc/arm-none-eabi/8.2.0/thumb/v7-a+fp/hard/crtend.o
 .text          0x000000000101598c        0x0 g:/xilinx/vitis/2019.2/gnu/aarch32/nt/gcc-arm-none-eabi/bin/../lib/gcc/arm-none-eabi/8.2.0/thumb/v7-a+fp/hard/crtn.o
 *(.text.*)
 .text.startup  0x000000000101598c       0x24 ./src/main.o
                0x000000000101598c                main
 *(.gnu.linkonce.t.*)
 *(.plt)
 *(.gnu_warning)
 *(.gcc_execpt_table)
 *(.glue_7)
 .glue_7        0x00000000010159b0        0x0 linker stubs
 *(.glue_7t)
 .glue_7t       0x00000000010159b0        0x0 linker stubs
 *(.vfp11_veneer)
 .vfp11_veneer  0x00000000010159b0        0x0 linker stubs
 *(.ARM.extab)
 .ARM.extab     0x00000000010159b0        0x0 g:/xilinx/vitis/2019.2/gnu/aarch32/nt/gcc-arm-none-eabi/bin/../lib/gcc/arm-none-eabi/8.2.0/thumb/v7-a+fp/hard\libgcc.a(_udivmoddi4.o)
 *(.gnu.linkonce.armextab.*)

.v4_bx          0x00000000010159b0        0x0
 .v4_bx         0x00000000010159b0        0x0 linker stubs

.iplt           0x00000000010159b0        0x0
 .iplt          0x00000000010159b0        0x0 g:/xilinx/vitis/2019.2/gnu/aarch32/nt/gcc-arm-none-eabi/bin/../lib/gcc/arm-none-eabi/8.2.0/thumb/v7-a+fp/hard/crtbegin.o

.force_ocm
 *(.force_ocm)

.init           0x00000000010159b0        0xc
 *(.init)
 .init          0x00000000010159b0        0x4 g:/xilinx/vitis/2019.2/gnu/aarch32/nt/gcc-arm-none-eabi/bin/../lib/gcc/arm-none-eabi/8.2.0/thumb/v7-a+fp/hard/crti.o
                0x00000000010159b0                _init
 .init          0x00000000010159b4        0x8 g:/xilinx/vitis/2019.2/gnu/aarch32/nt/gcc-arm-none-eabi/bin/../lib/gcc/arm-none-eabi/8.2.0/thumb/v7-a+fp/hard/crtn.o

.fini           0x00000000010159bc        0xc
 *(.fini)
 .fini          0x00000000010159bc        0x4 g:/xilinx/vitis/2019.2/gnu/aarch32/nt/gcc-arm-none-eabi/bin/../lib/gcc/arm-none-eabi/8.2.0/thumb/v7-a+fp/hard/crti.o
                0x00000000010159bc                _fini
 .fini          0x00000000010159c0        0x8 g:/xilinx/vitis/2019.2/gnu/aarch32/nt/gcc-arm-none-eabi/bin/../lib/gcc/arm-none-eabi/8.2.0/thumb/v7-a+fp/hard/crtn.o

.rodata         0x00000000010159c8    0x42924
                0x00000000010159c8                __rodata_start = .
 *(.rodata)
 .rodata        0x00000000010159c8    0x40000 ./src/demo_norway.o
                0x00000000010159c8                norway_512x512_grey
 .rodata        0x00000000010559c8       0x18 ./src/fabric_config.o
                0x00000000010559c8                fabcfg_dummy_tests
 .rodata        0x00000000010559e0        0x4 g:/xilinx/vitis/2019.2/gnu/aarch32/nt/gcc-arm-none-eabi/bin/../arm-none-eabi/libc/usr/lib/thumb/v7-a+fp/hard\libc.a(lib_a-impure.o)
                0x00000000010559e0                _global_impure_ptr
 .rodata        0x00000000010559e4      0x188 g:/xilinx/vitis/2019.2/gnu/aarch32/nt/gcc-arm-none-eabi/bin/../arm-none-eabi/libc/usr/lib/thumb/v7-a+fp/hard\libc.a(lib_a-locale.o)
                0x0000000001055a00                __C_locale
 .rodata        0x0000000001055b6c       0x90 g:/xilinx/vitis/2019.2/gnu/aarch32/nt/gcc-arm-none-eabi/bin/../arm-none-eabi/libc/usr/lib/thumb/v7-a+fp/hard\libc.a(lib_a-mbtowc_r.o)
 .rodata        0x0000000001055bfc       0x20 g:/xilinx/vitis/2019.2/gnu/aarch32/nt/gcc-arm-none-eabi/bin/../arm-none-eabi/libc/usr/lib/thumb/v7-a+fp/hard\libc.a(lib_a-svfprintf.o)
 .rodata        0x0000000001055c1c       0x20 g:/xilinx/vitis/2019.2/gnu/aarch32/nt/gcc-arm-none-eabi/bin/../arm-none-eabi/libc/usr/lib/thumb/v7-a+fp/hard\libc.a(lib_a-vfprintf.o)
 .rodata        0x0000000001055c3c      0x101 g:/xilinx/vitis/2019.2/gnu/aarch32/nt/gcc-arm-none-eabi/bin/../arm-none-eabi/libc/usr/lib/thumb/v7-a+fp/hard\libc.a(lib_a-ctype_.o)
                0x0000000001055c3c                _ctype_
 *fill*         0x0000000001055d3d        0x3 
 .rodata        0x0000000001055d40      0x128 g:/xilinx/vitis/2019.2/gnu/aarch32/nt/gcc-arm-none-eabi/bin/../arm-none-eabi/libc/usr/lib/thumb/v7-a+fp/hard\libc.a(lib_a-mprec.o)
                0x0000000001055d50                __mprec_tens
                0x0000000001055e18                __mprec_tinytens
                0x0000000001055e40                __mprec_bigtens
 .rodata        0x0000000001055e68       0x20 g:/xilinx/vitis/2019.2/gnu/aarch32/nt/gcc-arm-none-eabi/bin/../arm-none-eabi/libc/usr/lib/thumb/v7-a+fp/hard\libc.a(lib_a-svfiprintf.o)
 .rodata        0x0000000001055e88       0x20 g:/xilinx/vitis/2019.2/gnu/aarch32/nt/gcc-arm-none-eabi/bin/../arm-none-eabi/libc/usr/lib/thumb/v7-a+fp/hard\libc.a(lib_a-vfiprintf.o)
 *(.rodata.*)
 .rodata.str1.4
                0x0000000001055ea8       0xe5 ./src/acq_hacks.o
 *fill*         0x0000000001055f8d        0x3 
 .rodata.str1.4
                0x0000000001055f90      0xd5e ./src/acquire.o
                                        0xd62 (size before relaxing)
 *fill*         0x0000000001056cee        0x2 
 .rodata.str1.4
                0x0000000001056cf0      0x3a2 ./src/clkwiz_interface.o
                                        0x3a6 (size before relaxing)
 *fill*         0x0000000001057092        0x2 
 .rodata.str1.4
                0x0000000001057094      0x1aa ./src/fabric_config.o
 *fill*         0x000000000105723e        0x2 
 .rodata.str1.4
                0x0000000001057240      0x433 ./src/hal.o
                                        0x463 (size before relaxing)
 *fill*         0x0000000001057673        0x1 
 .rodata.str1.4
                0x0000000001057674       0xaa ./src/mipi_csi_hacks.o
 *fill*         0x000000000105771e        0x2 
 .rodata.str1.4
                0x0000000001057720      0x1ef C:/Users/Tom/Documents/Projects/Scopy_MVP_Platform/scopy-fpga/main/export/main/sw/main/standalone_domain/bsplib/lib\libxil.a(xaxidma.o)
 *fill*         0x000000000105790f        0x1 
 .rodata.str1.4
                0x0000000001057910      0x6f4 C:/Users/Tom/Documents/Projects/Scopy_MVP_Platform/scopy-fpga/main/export/main/sw/main/standalone_domain/bsplib/lib\libxil.a(xaxidma_bdring.o)
                                        0x6f7 (size before relaxing)
 .rodata.str1.4
                0x0000000001058004        0xb C:/Users/Tom/Documents/Projects/Scopy_MVP_Platform/scopy-fpga/main/export/main/sw/main/standalone_domain/bsplib/lib\libxil.a(xclk_wiz.o)
 *fill*         0x000000000105800f        0x1 
 .rodata.str1.4
                0x0000000001058010        0xa C:/Users/Tom/Documents/Projects/Scopy_MVP_Platform/scopy-fpga/main/export/main/sw/main/standalone_domain/bsplib/lib\libxil.a(xgpiops.o)
 *fill*         0x000000000105801a        0x2 
 .rodata.str1.4
                0x000000000105801c        0xf C:/Users/Tom/Documents/Projects/Scopy_MVP_Platform/scopy-fpga/main/export/main/sw/main/standalone_domain/bsplib/lib\libxil.a(xgpiops_intr.o)
 *fill*         0x000000000105802b        0x1 
 .rodata.str1.4
                0x000000000105802c        0xf C:/Users/Tom/Documents/Projects/Scopy_MVP_Platform/scopy-fpga/main/export/main/sw/main/standalone_domain/bsplib/lib\libxil.a(xscugic_intr.o)
 *fill*         0x000000000105803b        0x1 
 .rodata.str1.4
                0x000000000105803c        0xa C:/Users/Tom/Documents/Projects/Scopy_MVP_Platform/scopy-fpga/main/export/main/sw/main/standalone_domain/bsplib/lib\libxil.a(xscugic.o)
 *fill*         0x0000000001058046        0x2 
 .rodata.str1.4
                0x0000000001058048        0xc C:/Users/Tom/Documents/Projects/Scopy_MVP_Platform/scopy-fpga/main/export/main/sw/main/standalone_domain/bsplib/lib\libxil.a(xscutimer.o)
 .rodata.str1.4
                0x0000000001058054       0x15 C:/Users/Tom/Documents/Projects/Scopy_MVP_Platform/scopy-fpga/main/export/main/sw/main/standalone_domain/bsplib/lib\libxil.a(xscutimer_selftest.o)
 *fill*         0x0000000001058069        0x3 
 .rodata.str1.4
                0x000000000105806c       0x11 C:/Users/Tom/Documents/Projects/Scopy_MVP_Platform/scopy-fpga/main/export/main/sw/main/standalone_domain/bsplib/lib\libxil.a(xil_printf.o)
 *fill*         0x000000000105807d        0x3 
 .rodata.str1.4
                0x0000000001058080       0xfe C:/Users/Tom/Documents/Projects/Scopy_MVP_Platform/scopy-fpga/main/export/main/sw/main/standalone_domain/bsplib/lib\libxil.a(xil_exception.o)
 *fill*         0x000000000105817e        0x2 
 .rodata.str1.4
                0x0000000001058180      0x12c g:/xilinx/vitis/2019.2/gnu/aarch32/nt/gcc-arm-none-eabi/bin/../arm-none-eabi/libc/usr/lib/thumb/v7-a+fp/hard\libc.a(lib_a-locale.o)
                                        0x130 (size before relaxing)
 .rodata.str1.4
                0x00000000010582ac      0x12c g:/xilinx/vitis/2019.2/gnu/aarch32/nt/gcc-arm-none-eabi/bin/../arm-none-eabi/libc/usr/lib/thumb/v7-a+fp/hard\libc.a(lib_a-puts.o)
                                          0x2 (size before relaxing)
 .rodata.str1.4
                0x00000000010582ac       0x2e g:/xilinx/vitis/2019.2/gnu/aarch32/nt/gcc-arm-none-eabi/bin/../arm-none-eabi/libc/usr/lib/thumb/v7-a+fp/hard\libc.a(lib_a-svfprintf.o)
                                         0x42 (size before relaxing)
 .rodata.str1.4
                0x00000000010582da       0x42 g:/xilinx/vitis/2019.2/gnu/aarch32/nt/gcc-arm-none-eabi/bin/../arm-none-eabi/libc/usr/lib/thumb/v7-a+fp/hard\libc.a(lib_a-vfprintf.o)
 *fill*         0x00000000010582da        0x2 
 .rodata.str1.4
                0x00000000010582dc       0x10 g:/xilinx/vitis/2019.2/gnu/aarch32/nt/gcc-arm-none-eabi/bin/../arm-none-eabi/libc/usr/lib/thumb/v7-a+fp/hard\libc.a(lib_a-dtoa.o)
                                         0x12 (size before relaxing)
 .rodata.str1.4
                0x00000000010582ec       0x2f g:/xilinx/vitis/2019.2/gnu/aarch32/nt/gcc-arm-none-eabi/bin/../arm-none-eabi/libc/usr/lib/thumb/v7-a+fp/hard\libc.a(lib_a-svfiprintf.o)
 .rodata.str1.4
                0x00000000010582ec       0x2f g:/xilinx/vitis/2019.2/gnu/aarch32/nt/gcc-arm-none-eabi/bin/../arm-none-eabi/libc/usr/lib/thumb/v7-a+fp/hard\libc.a(lib_a-vfiprintf.o)
 *(.gnu.linkonce.r.*)
                0x000000000105831b                __rodata_end = .

.rodata1        0x00000000010582ec        0x0
                0x00000000010582ec                __rodata1_start = .
 *(.rodata1)
 *(.rodata1.*)
                0x00000000010582ec                __rodata1_end = .

.sdata2         0x00000000010582ec        0x0
                0x00000000010582ec                __sdata2_start = .
 *(.sdata2)
 *(.sdata2.*)
 *(.gnu.linkonce.s2.*)
                0x00000000010582ec                __sdata2_end = .

.sbss2          0x00000000010582ec        0x0
                0x00000000010582ec                __sbss2_start = .
 *(.sbss2)
 *(.sbss2.*)
 *(.gnu.linkonce.sb2.*)
                0x00000000010582ec                __sbss2_end = .

.data           0x00000000010582f0      0xe38
                0x00000000010582f0                __data_start = .
 *(.data)
 .data          0x00000000010582f0        0x0 g:/xilinx/vitis/2019.2/gnu/aarch32/nt/gcc-arm-none-eabi/bin/../lib/gcc/arm-none-eabi/8.2.0/thumb/v7-a+fp/hard/crti.o
 .data          0x00000000010582f0        0x4 g:/xilinx/vitis/2019.2/gnu/aarch32/nt/gcc-arm-none-eabi/bin/../lib/gcc/arm-none-eabi/8.2.0/thumb/v7-a+fp/hard/crtbegin.o
                0x00000000010582f0                __dso_handle
 .data          0x00000000010582f4        0x0 ./src/acq_hacks.o
 .data          0x00000000010582f4       0x30 ./src/acquire.o
                0x00000000010582f4                acq_state_to_str
                0x000000000105830c                acq_substate_to_str
 .data          0x0000000001058324        0x0 ./src/clkwiz_interface.o
 .data          0x0000000001058324        0x0 ./src/demo_norway.o
 .data          0x0000000001058324        0x0 ./src/fabric_config.o
 .data          0x0000000001058324        0x0 ./src/hal.o
 .data          0x0000000001058324        0x0 ./src/main.o
 .data          0x0000000001058324        0x0 ./src/mipi_csi_hacks.o
 .data          0x0000000001058324        0x0 ./src/platform.o
 .data          0x0000000001058324        0x0 C:/Users/Tom/Documents/Projects/Scopy_MVP_Platform/scopy-fpga/main/export/main/sw/main/standalone_domain/bsplib/lib\libxil.a(xaxidma.o)
 .data          0x0000000001058324        0x0 C:/Users/Tom/Documents/Projects/Scopy_MVP_Platform/scopy-fpga/main/export/main/sw/main/standalone_domain/bsplib/lib\libxil.a(xaxidma_sinit.o)
 .data          0x0000000001058324        0x0 C:/Users/Tom/Documents/Projects/Scopy_MVP_Platform/scopy-fpga/main/export/main/sw/main/standalone_domain/bsplib/lib\libxil.a(xaxidma_bdring.o)
 .data          0x0000000001058324       0x88 C:/Users/Tom/Documents/Projects/Scopy_MVP_Platform/scopy-fpga/main/export/main/sw/main/standalone_domain/bsplib/lib\libxil.a(xaxidma_g.o)
                0x0000000001058324                XAxiDma_ConfigTable
 .data          0x00000000010583ac        0x0 C:/Users/Tom/Documents/Projects/Scopy_MVP_Platform/scopy-fpga/main/export/main/sw/main/standalone_domain/bsplib/lib\libxil.a(xclk_wiz.o)
 .data          0x00000000010583ac        0x0 C:/Users/Tom/Documents/Projects/Scopy_MVP_Platform/scopy-fpga/main/export/main/sw/main/standalone_domain/bsplib/lib\libxil.a(xclk_wiz_sinit.o)
 .data          0x00000000010583ac        0x0 C:/Users/Tom/Documents/Projects/Scopy_MVP_Platform/scopy-fpga/main/export/main/sw/main/standalone_domain/bsplib/lib\libxil.a(xgpiops.o)
 .data          0x00000000010583ac        0x0 C:/Users/Tom/Documents/Projects/Scopy_MVP_Platform/scopy-fpga/main/export/main/sw/main/standalone_domain/bsplib/lib\libxil.a(xgpiops_sinit.o)
 .data          0x00000000010583ac        0x0 C:/Users/Tom/Documents/Projects/Scopy_MVP_Platform/scopy-fpga/main/export/main/sw/main/standalone_domain/bsplib/lib\libxil.a(xgpiops_intr.o)
 .data          0x00000000010583ac        0x8 C:/Users/Tom/Documents/Projects/Scopy_MVP_Platform/scopy-fpga/main/export/main/sw/main/standalone_domain/bsplib/lib\libxil.a(xgpiops_g.o)
                0x00000000010583ac                XGpioPs_ConfigTable
 .data          0x00000000010583b4        0x0 C:/Users/Tom/Documents/Projects/Scopy_MVP_Platform/scopy-fpga/main/export/main/sw/main/standalone_domain/bsplib/lib\libxil.a(xscugic_intr.o)
 .data          0x00000000010583b4        0x0 C:/Users/Tom/Documents/Projects/Scopy_MVP_Platform/scopy-fpga/main/export/main/sw/main/standalone_domain/bsplib/lib\libxil.a(xscugic.o)
 .data          0x00000000010583b4        0x0 C:/Users/Tom/Documents/Projects/Scopy_MVP_Platform/scopy-fpga/main/export/main/sw/main/standalone_domain/bsplib/lib\libxil.a(xscugic_sinit.o)
 .data          0x00000000010583b4        0x0 C:/Users/Tom/Documents/Projects/Scopy_MVP_Platform/scopy-fpga/main/export/main/sw/main/standalone_domain/bsplib/lib\libxil.a(xscutimer.o)
 .data          0x00000000010583b4        0x0 C:/Users/Tom/Documents/Projects/Scopy_MVP_Platform/scopy-fpga/main/export/main/sw/main/standalone_domain/bsplib/lib\libxil.a(xscutimer_selftest.o)
 .data          0x00000000010583b4        0x0 C:/Users/Tom/Documents/Projects/Scopy_MVP_Platform/scopy-fpga/main/export/main/sw/main/standalone_domain/bsplib/lib\libxil.a(xscutimer_sinit.o)
 .data          0x00000000010583b4        0x8 C:/Users/Tom/Documents/Projects/Scopy_MVP_Platform/scopy-fpga/main/export/main/sw/main/standalone_domain/bsplib/lib\libxil.a(xscutimer_g.o)
                0x00000000010583b4                XScuTimer_ConfigTable
 .data          0x00000000010583bc        0x4 C:/Users/Tom/Documents/Projects/Scopy_MVP_Platform/scopy-fpga/main/export/main/sw/main/standalone_domain/bsplib/lib\libxil.a(xil_assert.o)
                0x00000000010583bc                Xil_AssertWait
 .data          0x00000000010583c0        0x0 C:/Users/Tom/Documents/Projects/Scopy_MVP_Platform/scopy-fpga/main/export/main/sw/main/standalone_domain/bsplib/lib\libxil.a(print.o)
 .data          0x00000000010583c0        0x0 C:/Users/Tom/Documents/Projects/Scopy_MVP_Platform/scopy-fpga/main/export/main/sw/main/standalone_domain/bsplib/lib\libxil.a(xil_cache.o)
 .data          0x00000000010583c0        0x0 C:/Users/Tom/Documents/Projects/Scopy_MVP_Platform/scopy-fpga/main/export/main/sw/main/standalone_domain/bsplib/lib\libxil.a(outbyte.o)
 .data          0x00000000010583c0        0x0 C:/Users/Tom/Documents/Projects/Scopy_MVP_Platform/scopy-fpga/main/export/main/sw/main/standalone_domain/bsplib/lib\libxil.a(xplatform_info.o)
 .data          0x00000000010583c0        0x0 C:/Users/Tom/Documents/Projects/Scopy_MVP_Platform/scopy-fpga/main/export/main/sw/main/standalone_domain/bsplib/lib\libxil.a(xil_printf.o)
 .data          0x00000000010583c0       0x38 C:/Users/Tom/Documents/Projects/Scopy_MVP_Platform/scopy-fpga/main/export/main/sw/main/standalone_domain/bsplib/lib\libxil.a(xil_exception.o)
                0x00000000010583c0                XExc_VectorTable
 .data          0x00000000010583f8        0x0 C:/Users/Tom/Documents/Projects/Scopy_MVP_Platform/scopy-fpga/main/export/main/sw/main/standalone_domain/bsplib/lib\libxil.a(asm_vectors.o)
 .data          0x00000000010583f8        0x0 C:/Users/Tom/Documents/Projects/Scopy_MVP_Platform/scopy-fpga/main/export/main/sw/main/standalone_domain/bsplib/lib\libxil.a(xuartps_hw.o)
 .data          0x00000000010583f8       0x58 C:/Users/Tom/Documents/Projects/Scopy_MVP_Platform/scopy-fpga/main/export/main/sw/main/standalone_domain/bsplib/lib\libxil.a(xclk_wiz_g.o)
                0x00000000010583f8                XClk_Wiz_ConfigTable
 .data          0x0000000001058450      0x304 C:/Users/Tom/Documents/Projects/Scopy_MVP_Platform/scopy-fpga/main/export/main/sw/main/standalone_domain/bsplib/lib\libxil.a(xscugic_g.o)
                0x0000000001058450                XScuGic_ConfigTable
 .data          0x0000000001058754        0x0 C:/Users/Tom/Documents/Projects/Scopy_MVP_Platform/scopy-fpga/main/export/main/sw/main/standalone_domain/bsplib/lib\libxil.a(vectors.o)
 .data          0x0000000001058754        0x0 C:/Users/Tom/Documents/Projects/Scopy_MVP_Platform/scopy-fpga/main/export/main/sw/main/standalone_domain/bsplib/lib\libxil.a(boot.o)
 .data          0x0000000001058754        0x0 C:/Users/Tom/Documents/Projects/Scopy_MVP_Platform/scopy-fpga/main/export/main/sw/main/standalone_domain/bsplib/lib\libxil.a(xil-crt0.o)
 .data          0x0000000001058754        0x0 C:/Users/Tom/Documents/Projects/Scopy_MVP_Platform/scopy-fpga/main/export/main/sw/main/standalone_domain/bsplib/lib\libxil.a(translation_table.o)
 .data          0x0000000001058754        0x0 C:/Users/Tom/Documents/Projects/Scopy_MVP_Platform/scopy-fpga/main/export/main/sw/main/standalone_domain/bsplib/lib\libxil.a(cpu_init.o)
 .data          0x0000000001058754        0x0 C:/Users/Tom/Documents/Projects/Scopy_MVP_Platform/scopy-fpga/main/export/main/sw/main/standalone_domain/bsplib/lib\libxil.a(xtime_l.o)
 .data          0x0000000001058754        0x0 g:/xilinx/vitis/2019.2/gnu/aarch32/nt/gcc-arm-none-eabi/bin/../lib/gcc/arm-none-eabi/8.2.0/thumb/v7-a+fp/hard\libgcc.a(_udivsi3.o)
 .data          0x0000000001058754        0x0 g:/xilinx/vitis/2019.2/gnu/aarch32/nt/gcc-arm-none-eabi/bin/../lib/gcc/arm-none-eabi/8.2.0/thumb/v7-a+fp/hard\libgcc.a(_divsi3.o)
 .data          0x0000000001058754        0x0 g:/xilinx/vitis/2019.2/gnu/aarch32/nt/gcc-arm-none-eabi/bin/../lib/gcc/arm-none-eabi/8.2.0/thumb/v7-a+fp/hard\libgcc.a(_dvmd_tls.o)
 .data          0x0000000001058754        0x0 g:/xilinx/vitis/2019.2/gnu/aarch32/nt/gcc-arm-none-eabi/bin/../lib/gcc/arm-none-eabi/8.2.0/thumb/v7-a+fp/hard\libgcc.a(_arm_addsubdf3.o)
 .data          0x0000000001058754        0x0 g:/xilinx/vitis/2019.2/gnu/aarch32/nt/gcc-arm-none-eabi/bin/../lib/gcc/arm-none-eabi/8.2.0/thumb/v7-a+fp/hard\libgcc.a(_arm_addsubsf3.o)
 .data          0x0000000001058754        0x0 g:/xilinx/vitis/2019.2/gnu/aarch32/nt/gcc-arm-none-eabi/bin/../lib/gcc/arm-none-eabi/8.2.0/thumb/v7-a+fp/hard\libgcc.a(_aeabi_uldivmod.o)
 .data          0x0000000001058754        0x0 g:/xilinx/vitis/2019.2/gnu/aarch32/nt/gcc-arm-none-eabi/bin/../lib/gcc/arm-none-eabi/8.2.0/thumb/v7-a+fp/hard\libgcc.a(_fixunssfdi.o)
 .data          0x0000000001058754        0x0 g:/xilinx/vitis/2019.2/gnu/aarch32/nt/gcc-arm-none-eabi/bin/../lib/gcc/arm-none-eabi/8.2.0/thumb/v7-a+fp/hard\libgcc.a(_fixunsdfdi.o)
 .data          0x0000000001058754        0x0 g:/xilinx/vitis/2019.2/gnu/aarch32/nt/gcc-arm-none-eabi/bin/../lib/gcc/arm-none-eabi/8.2.0/thumb/v7-a+fp/hard\libgcc.a(_udivmoddi4.o)
 .data          0x0000000001058754        0x0 g:/xilinx/vitis/2019.2/gnu/aarch32/nt/gcc-arm-none-eabi/bin/../arm-none-eabi/libc/usr/lib/thumb/v7-a+fp/hard\libc.a(lib_a-exit.o)
 .data          0x0000000001058754        0x0 g:/xilinx/vitis/2019.2/gnu/aarch32/nt/gcc-arm-none-eabi/bin/../arm-none-eabi/libc/usr/lib/thumb/v7-a+fp/hard\libc.a(lib_a-fini.o)
 *fill*         0x0000000001058754        0x4 
 .data          0x0000000001058758      0x430 g:/xilinx/vitis/2019.2/gnu/aarch32/nt/gcc-arm-none-eabi/bin/../arm-none-eabi/libc/usr/lib/thumb/v7-a+fp/hard\libc.a(lib_a-impure.o)
                0x0000000001058758                _impure_ptr
 .data          0x0000000001058b88        0x0 g:/xilinx/vitis/2019.2/gnu/aarch32/nt/gcc-arm-none-eabi/bin/../arm-none-eabi/libc/usr/lib/thumb/v7-a+fp/hard\libc.a(lib_a-init.o)
 .data          0x0000000001058b88      0x18c g:/xilinx/vitis/2019.2/gnu/aarch32/nt/gcc-arm-none-eabi/bin/../arm-none-eabi/libc/usr/lib/thumb/v7-a+fp/hard\libc.a(lib_a-locale.o)
                0x0000000001058b88                __global_locale
                0x0000000001058cf4                __default_locale
 .data          0x0000000001058d14        0x0 g:/xilinx/vitis/2019.2/gnu/aarch32/nt/gcc-arm-none-eabi/bin/../arm-none-eabi/libc/usr/lib/thumb/v7-a+fp/hard\libc.a(lib_a-malign.o)
 .data          0x0000000001058d14        0x0 g:/xilinx/vitis/2019.2/gnu/aarch32/nt/gcc-arm-none-eabi/bin/../arm-none-eabi/libc/usr/lib/thumb/v7-a+fp/hard\libc.a(lib_a-malignr.o)
 .data          0x0000000001058d14        0x0 g:/xilinx/vitis/2019.2/gnu/aarch32/nt/gcc-arm-none-eabi/bin/../arm-none-eabi/libc/usr/lib/thumb/v7-a+fp/hard\libc.a(lib_a-malloc.o)
 .data          0x0000000001058d14      0x410 g:/xilinx/vitis/2019.2/gnu/aarch32/nt/gcc-arm-none-eabi/bin/../arm-none-eabi/libc/usr/lib/thumb/v7-a+fp/hard\libc.a(lib_a-mallocr.o)
                0x0000000001058d14                __malloc_av_
                0x000000000105911c                __malloc_sbrk_base
                0x0000000001059120                __malloc_trim_threshold
 .data          0x0000000001059124        0x0 g:/xilinx/vitis/2019.2/gnu/aarch32/nt/gcc-arm-none-eabi/bin/../arm-none-eabi/libc/usr/lib/thumb/v7-a+fp/hard\libc.a(lib_a-mbtowc_r.o)
 .data          0x0000000001059124        0x0 g:/xilinx/vitis/2019.2/gnu/aarch32/nt/gcc-arm-none-eabi/bin/../arm-none-eabi/libc/usr/lib/thumb/v7-a+fp/hard\libc.a(lib_a-memcpy.o)
 .data          0x0000000001059124        0x0 g:/xilinx/vitis/2019.2/gnu/aarch32/nt/gcc-arm-none-eabi/bin/../arm-none-eabi/libc/usr/lib/thumb/v7-a+fp/hard\libc.a(lib_a-memset.o)
 .data          0x0000000001059124        0x0 g:/xilinx/vitis/2019.2/gnu/aarch32/nt/gcc-arm-none-eabi/bin/../arm-none-eabi/libc/usr/lib/thumb/v7-a+fp/hard\libc.a(lib_a-mlock.o)
 .data          0x0000000001059124        0x0 g:/xilinx/vitis/2019.2/gnu/aarch32/nt/gcc-arm-none-eabi/bin/../arm-none-eabi/libc/usr/lib/thumb/v7-a+fp/hard\libc.a(lib_a-printf.o)
 .data          0x0000000001059124        0x0 g:/xilinx/vitis/2019.2/gnu/aarch32/nt/gcc-arm-none-eabi/bin/../arm-none-eabi/libc/usr/lib/thumb/v7-a+fp/hard\libc.a(lib_a-puts.o)
 .data          0x0000000001059124        0x0 g:/xilinx/vitis/2019.2/gnu/aarch32/nt/gcc-arm-none-eabi/bin/../arm-none-eabi/libc/usr/lib/thumb/v7-a+fp/hard\libc.a(lib_a-sbrkr.o)
 .data          0x0000000001059124        0x0 g:/xilinx/vitis/2019.2/gnu/aarch32/nt/gcc-arm-none-eabi/bin/../arm-none-eabi/libc/usr/lib/thumb/v7-a+fp/hard\libc.a(lib_a-snprintf.o)
 .data          0x0000000001059124        0x0 g:/xilinx/vitis/2019.2/gnu/aarch32/nt/gcc-arm-none-eabi/bin/../arm-none-eabi/libc/usr/lib/thumb/v7-a+fp/hard\libc.a(lib_a-strcasecmp.o)
 .data          0x0000000001059124        0x0 g:/xilinx/vitis/2019.2/gnu/aarch32/nt/gcc-arm-none-eabi/bin/../arm-none-eabi/libc/usr/lib/thumb/v7-a+fp/hard\libc.a(lib_a-strcat.o)
 .data          0x0000000001059124        0x0 g:/xilinx/vitis/2019.2/gnu/aarch32/nt/gcc-arm-none-eabi/bin/../arm-none-eabi/libc/usr/lib/thumb/v7-a+fp/hard\libc.a(lib_a-strchr.o)
 .data          0x0000000001059124        0x0 g:/xilinx/vitis/2019.2/gnu/aarch32/nt/gcc-arm-none-eabi/bin/../arm-none-eabi/libc/usr/lib/thumb/v7-a+fp/hard\libc.a(lib_a-strcmp.o)
 .data          0x0000000001059124        0x0 g:/xilinx/vitis/2019.2/gnu/aarch32/nt/gcc-arm-none-eabi/bin/../arm-none-eabi/libc/usr/lib/thumb/v7-a+fp/hard\libc.a(lib_a-strcpy.o)
 .data          0x0000000001059124        0x0 g:/xilinx/vitis/2019.2/gnu/aarch32/nt/gcc-arm-none-eabi/bin/../arm-none-eabi/libc/usr/lib/thumb/v7-a+fp/hard\libc.a(lib_a-strlcpy.o)
 .data          0x0000000001059124        0x0 g:/xilinx/vitis/2019.2/gnu/aarch32/nt/gcc-arm-none-eabi/bin/../arm-none-eabi/libc/usr/lib/thumb/v7-a+fp/hard\libc.a(lib_a-strlen.o)
 .data          0x0000000001059124        0x0 g:/xilinx/vitis/2019.2/gnu/aarch32/nt/gcc-arm-none-eabi/bin/../arm-none-eabi/libc/usr/lib/thumb/v7-a+fp/hard\libc.a(lib_a-strncasecmp.o)
 .data          0x0000000001059124        0x0 g:/xilinx/vitis/2019.2/gnu/aarch32/nt/gcc-arm-none-eabi/bin/../arm-none-eabi/libc/usr/lib/thumb/v7-a+fp/hard\libc.a(lib_a-strncmp.o)
 .data          0x0000000001059124        0x0 g:/xilinx/vitis/2019.2/gnu/aarch32/nt/gcc-arm-none-eabi/bin/../arm-none-eabi/libc/usr/lib/thumb/v7-a+fp/hard\libc.a(lib_a-strncpy.o)
 .data          0x0000000001059124        0x0 g:/xilinx/vitis/2019.2/gnu/aarch32/nt/gcc-arm-none-eabi/bin/../arm-none-eabi/libc/usr/lib/thumb/v7-a+fp/hard\libc.a(lib_a-strtol.o)
 .data          0x0000000001059124        0x0 g:/xilinx/vitis/2019.2/gnu/aarch32/nt/gcc-arm-none-eabi/bin/../arm-none-eabi/libc/usr/lib/thumb/v7-a+fp/hard\libc.a(lib_a-svfprintf.o)
 .data          0x0000000001059124        0x0 g:/xilinx/vitis/2019.2/gnu/aarch32/nt/gcc-arm-none-eabi/bin/../arm-none-eabi/libc/usr/lib/thumb/v7-a+fp/hard\libc.a(lib_a-vfprintf.o)
 .data          0x0000000001059124        0x0 g:/xilinx/vitis/2019.2/gnu/aarch32/nt/gcc-arm-none-eabi/bin/../arm-none-eabi/libc/usr/lib/thumb/v7-a+fp/hard\libc.a(lib_a-vsnprintf.o)
 .data          0x0000000001059124        0x0 g:/xilinx/vitis/2019.2/gnu/aarch32/nt/gcc-arm-none-eabi/bin/../arm-none-eabi/libc/usr/lib/thumb/v7-a+fp/hard\libc.a(lib_a-wcrtomb.o)
 .data          0x0000000001059124        0x0 g:/xilinx/vitis/2019.2/gnu/aarch32/nt/gcc-arm-none-eabi/bin/../arm-none-eabi/libc/usr/lib/thumb/v7-a+fp/hard\libc.a(lib_a-wcsrtombs.o)
 .data          0x0000000001059124        0x0 g:/xilinx/vitis/2019.2/gnu/aarch32/nt/gcc-arm-none-eabi/bin/../arm-none-eabi/libc/usr/lib/thumb/v7-a+fp/hard\libc.a(lib_a-wctomb_r.o)
 .data          0x0000000001059124        0x0 g:/xilinx/vitis/2019.2/gnu/aarch32/nt/gcc-arm-none-eabi/bin/../arm-none-eabi/libc/usr/lib/thumb/v7-a+fp/hard\libc.a(lib_a-wsetup.o)
 .data          0x0000000001059124        0x0 g:/xilinx/vitis/2019.2/gnu/aarch32/nt/gcc-arm-none-eabi/bin/../arm-none-eabi/libc/usr/lib/thumb/v7-a+fp/hard\libc.a(lib_a-__call_atexit.o)
 .data          0x0000000001059124        0x0 g:/xilinx/vitis/2019.2/gnu/aarch32/nt/gcc-arm-none-eabi/bin/../arm-none-eabi/libc/usr/lib/thumb/v7-a+fp/hard\libc.a(lib_a-ctype_.o)
 .data          0x0000000001059124        0x0 g:/xilinx/vitis/2019.2/gnu/aarch32/nt/gcc-arm-none-eabi/bin/../arm-none-eabi/libc/usr/lib/thumb/v7-a+fp/hard\libc.a(lib_a-dtoa.o)
 .data          0x0000000001059124        0x0 g:/xilinx/vitis/2019.2/gnu/aarch32/nt/gcc-arm-none-eabi/bin/../arm-none-eabi/libc/usr/lib/thumb/v7-a+fp/hard\libc.a(lib_a-fflush.o)
 .data          0x0000000001059124        0x0 g:/xilinx/vitis/2019.2/gnu/aarch32/nt/gcc-arm-none-eabi/bin/../arm-none-eabi/libc/usr/lib/thumb/v7-a+fp/hard\libc.a(lib_a-findfp.o)
 .data          0x0000000001059124        0x0 g:/xilinx/vitis/2019.2/gnu/aarch32/nt/gcc-arm-none-eabi/bin/../arm-none-eabi/libc/usr/lib/thumb/v7-a+fp/hard\libc.a(lib_a-freer.o)
 .data          0x0000000001059124        0x0 g:/xilinx/vitis/2019.2/gnu/aarch32/nt/gcc-arm-none-eabi/bin/../arm-none-eabi/libc/usr/lib/thumb/v7-a+fp/hard\libc.a(lib_a-fvwrite.o)
 .data          0x0000000001059124        0x0 g:/xilinx/vitis/2019.2/gnu/aarch32/nt/gcc-arm-none-eabi/bin/../arm-none-eabi/libc/usr/lib/thumb/v7-a+fp/hard\libc.a(lib_a-fwalk.o)
 .data          0x0000000001059124        0x0 g:/xilinx/vitis/2019.2/gnu/aarch32/nt/gcc-arm-none-eabi/bin/../arm-none-eabi/libc/usr/lib/thumb/v7-a+fp/hard\libc.a(lib_a-getenv_r.o)
 .data          0x0000000001059124        0x0 g:/xilinx/vitis/2019.2/gnu/aarch32/nt/gcc-arm-none-eabi/bin/../arm-none-eabi/libc/usr/lib/thumb/v7-a+fp/hard\libc.a(lib_a-localeconv.o)
 .data          0x0000000001059124        0x0 g:/xilinx/vitis/2019.2/gnu/aarch32/nt/gcc-arm-none-eabi/bin/../arm-none-eabi/libc/usr/lib/thumb/v7-a+fp/hard\libc.a(lib_a-makebuf.o)
 .data          0x0000000001059124        0x0 g:/xilinx/vitis/2019.2/gnu/aarch32/nt/gcc-arm-none-eabi/bin/../arm-none-eabi/libc/usr/lib/thumb/v7-a+fp/hard\libc.a(lib_a-memchr.o)
 .data          0x0000000001059124        0x0 g:/xilinx/vitis/2019.2/gnu/aarch32/nt/gcc-arm-none-eabi/bin/../arm-none-eabi/libc/usr/lib/thumb/v7-a+fp/hard\libc.a(lib_a-memmove.o)
 .data          0x0000000001059124        0x0 g:/xilinx/vitis/2019.2/gnu/aarch32/nt/gcc-arm-none-eabi/bin/../arm-none-eabi/libc/usr/lib/thumb/v7-a+fp/hard\libc.a(lib_a-mprec.o)
 .data          0x0000000001059124        0x0 g:/xilinx/vitis/2019.2/gnu/aarch32/nt/gcc-arm-none-eabi/bin/../arm-none-eabi/libc/usr/lib/thumb/v7-a+fp/hard\libc.a(lib_a-reallocr.o)
 .data          0x0000000001059124        0x0 g:/xilinx/vitis/2019.2/gnu/aarch32/nt/gcc-arm-none-eabi/bin/../arm-none-eabi/libc/usr/lib/thumb/v7-a+fp/hard\libc.a(lib_a-reent.o)
 .data          0x0000000001059124        0x0 g:/xilinx/vitis/2019.2/gnu/aarch32/nt/gcc-arm-none-eabi/bin/../arm-none-eabi/libc/usr/lib/thumb/v7-a+fp/hard\libc.a(lib_a-s_frexp.o)
 .data          0x0000000001059124        0x0 g:/xilinx/vitis/2019.2/gnu/aarch32/nt/gcc-arm-none-eabi/bin/../arm-none-eabi/libc/usr/lib/thumb/v7-a+fp/hard\libc.a(lib_a-stdio.o)
 .data          0x0000000001059124        0x0 g:/xilinx/vitis/2019.2/gnu/aarch32/nt/gcc-arm-none-eabi/bin/../arm-none-eabi/libc/usr/lib/thumb/v7-a+fp/hard\libc.a(lib_a-svfiprintf.o)
 .data          0x0000000001059124        0x0 g:/xilinx/vitis/2019.2/gnu/aarch32/nt/gcc-arm-none-eabi/bin/../arm-none-eabi/libc/usr/lib/thumb/v7-a+fp/hard\libc.a(lib_a-vfiprintf.o)
 .data          0x0000000001059124        0x0 g:/xilinx/vitis/2019.2/gnu/aarch32/nt/gcc-arm-none-eabi/bin/../arm-none-eabi/libc/usr/lib/thumb/v7-a+fp/hard\libc.a(lib_a-wcsnrtombs.o)
 .data          0x0000000001059124        0x0 g:/xilinx/vitis/2019.2/gnu/aarch32/nt/gcc-arm-none-eabi/bin/../arm-none-eabi/libc/usr/lib/thumb/v7-a+fp/hard\libc.a(lib_a-writer.o)
 .data          0x0000000001059124        0x0 g:/xilinx/vitis/2019.2/gnu/aarch32/nt/gcc-arm-none-eabi/bin/../arm-none-eabi/libc/usr/lib/thumb/v7-a+fp/hard\libc.a(lib_a-callocr.o)
 .data          0x0000000001059124        0x0 g:/xilinx/vitis/2019.2/gnu/aarch32/nt/gcc-arm-none-eabi/bin/../arm-none-eabi/libc/usr/lib/thumb/v7-a+fp/hard\libc.a(lib_a-closer.o)
 .data          0x0000000001059124        0x4 g:/xilinx/vitis/2019.2/gnu/aarch32/nt/gcc-arm-none-eabi/bin/../arm-none-eabi/libc/usr/lib/thumb/v7-a+fp/hard\libc.a(lib_a-environ.o)
                0x0000000001059124                environ
 .data          0x0000000001059128        0x0 g:/xilinx/vitis/2019.2/gnu/aarch32/nt/gcc-arm-none-eabi/bin/../arm-none-eabi/libc/usr/lib/thumb/v7-a+fp/hard\libc.a(lib_a-envlock.o)
 .data          0x0000000001059128        0x0 g:/xilinx/vitis/2019.2/gnu/aarch32/nt/gcc-arm-none-eabi/bin/../arm-none-eabi/libc/usr/lib/thumb/v7-a+fp/hard\libc.a(lib_a-fclose.o)
 .data          0x0000000001059128        0x0 g:/xilinx/vitis/2019.2/gnu/aarch32/nt/gcc-arm-none-eabi/bin/../arm-none-eabi/libc/usr/lib/thumb/v7-a+fp/hard\libc.a(lib_a-fputwc.o)
 .data          0x0000000001059128        0x0 g:/xilinx/vitis/2019.2/gnu/aarch32/nt/gcc-arm-none-eabi/bin/../arm-none-eabi/libc/usr/lib/thumb/v7-a+fp/hard\libc.a(lib_a-fstatr.o)
 .data          0x0000000001059128        0x0 g:/xilinx/vitis/2019.2/gnu/aarch32/nt/gcc-arm-none-eabi/bin/../arm-none-eabi/libc/usr/lib/thumb/v7-a+fp/hard\libc.a(lib_a-isattyr.o)
 .data          0x0000000001059128        0x0 g:/xilinx/vitis/2019.2/gnu/aarch32/nt/gcc-arm-none-eabi/bin/../arm-none-eabi/libc/usr/lib/thumb/v7-a+fp/hard\libc.a(lib_a-lseekr.o)
 .data          0x0000000001059128        0x0 g:/xilinx/vitis/2019.2/gnu/aarch32/nt/gcc-arm-none-eabi/bin/../arm-none-eabi/libc/usr/lib/thumb/v7-a+fp/hard\libc.a(lib_a-readr.o)
 .data          0x0000000001059128        0x0 g:/xilinx/vitis/2019.2/gnu/aarch32/nt/gcc-arm-none-eabi/bin/../arm-none-eabi/libc/usr/lib/thumb/v7-a+fp/hard\libc.a(lib_a-wbuf.o)
 .data          0x0000000001059128        0x0 C:/Users/Tom/Documents/Projects/Scopy_MVP_Platform/scopy-fpga/main/export/main/sw/main/standalone_domain/bsplib/lib\libxil.a(_sbrk.o)
 .data          0x0000000001059128        0x0 C:/Users/Tom/Documents/Projects/Scopy_MVP_Platform/scopy-fpga/main/export/main/sw/main/standalone_domain/bsplib/lib\libxil.a(lseek.o)
 .data          0x0000000001059128        0x0 C:/Users/Tom/Documents/Projects/Scopy_MVP_Platform/scopy-fpga/main/export/main/sw/main/standalone_domain/bsplib/lib\libxil.a(write.o)
 .data          0x0000000001059128        0x0 C:/Users/Tom/Documents/Projects/Scopy_MVP_Platform/scopy-fpga/main/export/main/sw/main/standalone_domain/bsplib/lib\libxil.a(read.o)
 .data          0x0000000001059128        0x0 C:/Users/Tom/Documents/Projects/Scopy_MVP_Platform/scopy-fpga/main/export/main/sw/main/standalone_domain/bsplib/lib\libxil.a(fstat.o)
 .data          0x0000000001059128        0x0 C:/Users/Tom/Documents/Projects/Scopy_MVP_Platform/scopy-fpga/main/export/main/sw/main/standalone_domain/bsplib/lib\libxil.a(errno.o)
 .data          0x0000000001059128        0x0 C:/Users/Tom/Documents/Projects/Scopy_MVP_Platform/scopy-fpga/main/export/main/sw/main/standalone_domain/bsplib/lib\libxil.a(_exit.o)
 .data          0x0000000001059128        0x0 C:/Users/Tom/Documents/Projects/Scopy_MVP_Platform/scopy-fpga/main/export/main/sw/main/standalone_domain/bsplib/lib\libxil.a(isatty.o)
 .data          0x0000000001059128        0x0 C:/Users/Tom/Documents/Projects/Scopy_MVP_Platform/scopy-fpga/main/export/main/sw/main/standalone_domain/bsplib/lib\libxil.a(inbyte.o)
 .data          0x0000000001059128        0x0 C:/Users/Tom/Documents/Projects/Scopy_MVP_Platform/scopy-fpga/main/export/main/sw/main/standalone_domain/bsplib/lib\libxil.a(close.o)
 .data          0x0000000001059128        0x0 g:/xilinx/vitis/2019.2/gnu/aarch32/nt/gcc-arm-none-eabi/bin/../lib/gcc/arm-none-eabi/8.2.0/thumb/v7-a+fp/hard/crtend.o
 .data          0x0000000001059128        0x0 g:/xilinx/vitis/2019.2/gnu/aarch32/nt/gcc-arm-none-eabi/bin/../lib/gcc/arm-none-eabi/8.2.0/thumb/v7-a+fp/hard/crtn.o
 *(.data.*)
 *(.gnu.linkonce.d.*)
 *(.jcr)
 *(.got)
 *(.got.plt)
                0x0000000001059128                __data_end = .

.tm_clone_table
                0x0000000001059128        0x0
 .tm_clone_table
                0x0000000001059128        0x0 g:/xilinx/vitis/2019.2/gnu/aarch32/nt/gcc-arm-none-eabi/bin/../lib/gcc/arm-none-eabi/8.2.0/thumb/v7-a+fp/hard/crtbegin.o
 .tm_clone_table
                0x0000000001059128        0x0 g:/xilinx/vitis/2019.2/gnu/aarch32/nt/gcc-arm-none-eabi/bin/../lib/gcc/arm-none-eabi/8.2.0/thumb/v7-a+fp/hard/crtend.o

.igot.plt       0x0000000001059128        0x0
 .igot.plt      0x0000000001059128        0x0 g:/xilinx/vitis/2019.2/gnu/aarch32/nt/gcc-arm-none-eabi/bin/../lib/gcc/arm-none-eabi/8.2.0/thumb/v7-a+fp/hard/crtbegin.o

.got2           0x0000000001059128        0x0
 .got2          0x0000000001059128        0x0 C:/Users/Tom/Documents/Projects/Scopy_MVP_Platform/scopy-fpga/main/export/main/sw/main/standalone_domain/bsplib/lib\libxil.a(xil-crt0.o)

.data1          0x0000000001059128        0x0
                0x0000000001059128                __data1_start = .
 *(.data1)
 *(.data1.*)
                0x0000000001059128                __data1_end = .

.got
 *(.got)

.ctors          0x0000000001059128        0x0
                0x0000000001059128                __CTOR_LIST__ = .
                0x0000000001059128                ___CTORS_LIST___ = .
 *crtbegin.o(.ctors)
 *(EXCLUDE_FILE(*crtend.o) .ctors)
 *(SORT_BY_NAME(.ctors.*))
 *(.ctors)
                0x0000000001059128                __CTOR_END__ = .
                0x0000000001059128                ___CTORS_END___ = .

.dtors          0x0000000001059128        0x0
                0x0000000001059128                __DTOR_LIST__ = .
                0x0000000001059128                ___DTORS_LIST___ = .
 *crtbegin.o(.dtors)
 *(EXCLUDE_FILE(*crtend.o) .dtors)
 *(SORT_BY_NAME(.dtors.*))
 *(.dtors)
                0x0000000001059128                __DTOR_END__ = .
                0x0000000001059128                ___DTORS_END___ = .

.fixup          0x0000000001059128        0x0
                0x0000000001059128                __fixup_start = .
 *(.fixup)
                0x0000000001059128                __fixup_end = .

.eh_frame       0x0000000001059128        0x4
 *(.eh_frame)
 .eh_frame      0x0000000001059128        0x0 g:/xilinx/vitis/2019.2/gnu/aarch32/nt/gcc-arm-none-eabi/bin/../lib/gcc/arm-none-eabi/8.2.0/thumb/v7-a+fp/hard/crtbegin.o
 .eh_frame      0x0000000001059128        0x4 g:/xilinx/vitis/2019.2/gnu/aarch32/nt/gcc-arm-none-eabi/bin/../lib/gcc/arm-none-eabi/8.2.0/thumb/v7-a+fp/hard/crtend.o

.eh_framehdr    0x000000000105912c        0x0
                0x000000000105912c                __eh_framehdr_start = .
 *(.eh_framehdr)
                0x000000000105912c                __eh_framehdr_end = .

.gcc_except_table
 *(.gcc_except_table)

.mmu_tbl        0x000000000105c000     0x4000
                0x000000000105c000                __mmu_tbl_start = .
 *(.mmu_tbl)
 .mmu_tbl       0x000000000105c000     0x4000 C:/Users/Tom/Documents/Projects/Scopy_MVP_Platform/scopy-fpga/main/export/main/sw/main/standalone_domain/bsplib/lib\libxil.a(translation_table.o)
                0x000000000105c000                MMUTable
                0x0000000001060000                __mmu_tbl_end = .

.ARM.exidx      0x0000000001060000        0x8
                0x0000000001060000                __exidx_start = .
 *(.ARM.exidx*)
 .ARM.exidx     0x0000000001060000        0x8 g:/xilinx/vitis/2019.2/gnu/aarch32/nt/gcc-arm-none-eabi/bin/../lib/gcc/arm-none-eabi/8.2.0/thumb/v7-a+fp/hard\libgcc.a(_udivmoddi4.o)
 *(.gnu.linkonce.armexidix.*.*)
                0x0000000001060008                __exidx_end = .

.rel.dyn        0x0000000001060008        0x0
 .rel.iplt      0x0000000001060008        0x0 g:/xilinx/vitis/2019.2/gnu/aarch32/nt/gcc-arm-none-eabi/bin/../lib/gcc/arm-none-eabi/8.2.0/thumb/v7-a+fp/hard/crtbegin.o

.preinit_array  0x0000000001060008        0x0
                0x0000000001060008                __preinit_array_start = .
 *(SORT_BY_NAME(.preinit_array.*))
 *(.preinit_array)
                0x0000000001060008                __preinit_array_end = .

.init_array     0x0000000001060008        0x4
                0x0000000001060008                __init_array_start = .
 *(SORT_BY_NAME(.init_array.*))
 *(.init_array)
 .init_array    0x0000000001060008        0x4 g:/xilinx/vitis/2019.2/gnu/aarch32/nt/gcc-arm-none-eabi/bin/../lib/gcc/arm-none-eabi/8.2.0/thumb/v7-a+fp/hard/crtbegin.o
                0x000000000106000c                __init_array_end = .

.fini_array     0x000000000106000c        0x4
                0x000000000106000c                __fini_array_start = .
 *(SORT_BY_NAME(.fini_array.*))
 *(.fini_array)
 .fini_array    0x000000000106000c        0x4 g:/xilinx/vitis/2019.2/gnu/aarch32/nt/gcc-arm-none-eabi/bin/../lib/gcc/arm-none-eabi/8.2.0/thumb/v7-a+fp/hard/crtbegin.o
                0x0000000001060010                __fini_array_end = .

.ARM.attributes
                0x0000000001060010       0x33
                0x0000000001060010                __ARM.attributes_start = .
 *(.ARM.attributes)
 .ARM.attributes
                0x0000000001060010       0x1f g:/xilinx/vitis/2019.2/gnu/aarch32/nt/gcc-arm-none-eabi/bin/../lib/gcc/arm-none-eabi/8.2.0/thumb/v7-a+fp/hard/crti.o
 .ARM.attributes
                0x000000000106002f       0x33 g:/xilinx/vitis/2019.2/gnu/aarch32/nt/gcc-arm-none-eabi/bin/../lib/gcc/arm-none-eabi/8.2.0/thumb/v7-a+fp/hard/crtbegin.o
 .ARM.attributes
                0x0000000001060062       0x33 ./src/acq_hacks.o
 .ARM.attributes
                0x0000000001060095       0x33 ./src/acquire.o
 .ARM.attributes
                0x00000000010600c8       0x33 ./src/clkwiz_interface.o
 .ARM.attributes
                0x00000000010600fb       0x3d ./src/demo_norway.o
 .ARM.attributes
                0x0000000001060138       0x33 ./src/fabric_config.o
 .ARM.attributes
                0x000000000106016b       0x33 ./src/hal.o
 .ARM.attributes
                0x000000000106019e       0x33 ./src/main.o
 .ARM.attributes
                0x00000000010601d1       0x33 ./src/mipi_csi_hacks.o
 .ARM.attributes
                0x0000000001060204       0x33 ./src/platform.o
 .ARM.attributes
                0x0000000001060237       0x33 C:/Users/Tom/Documents/Projects/Scopy_MVP_Platform/scopy-fpga/main/export/main/sw/main/standalone_domain/bsplib/lib\libxil.a(xaxidma.o)
 .ARM.attributes
                0x000000000106026a       0x33 C:/Users/Tom/Documents/Projects/Scopy_MVP_Platform/scopy-fpga/main/export/main/sw/main/standalone_domain/bsplib/lib\libxil.a(xaxidma_sinit.o)
 .ARM.attributes
                0x000000000106029d       0x33 C:/Users/Tom/Documents/Projects/Scopy_MVP_Platform/scopy-fpga/main/export/main/sw/main/standalone_domain/bsplib/lib\libxil.a(xaxidma_bdring.o)
 .ARM.attributes
                0x00000000010602d0       0x3d C:/Users/Tom/Documents/Projects/Scopy_MVP_Platform/scopy-fpga/main/export/main/sw/main/standalone_domain/bsplib/lib\libxil.a(xaxidma_g.o)
 .ARM.attributes
                0x000000000106030d       0x33 C:/Users/Tom/Documents/Projects/Scopy_MVP_Platform/scopy-fpga/main/export/main/sw/main/standalone_domain/bsplib/lib\libxil.a(xclk_wiz.o)
 .ARM.attributes
                0x0000000001060340       0x33 C:/Users/Tom/Documents/Projects/Scopy_MVP_Platform/scopy-fpga/main/export/main/sw/main/standalone_domain/bsplib/lib\libxil.a(xclk_wiz_sinit.o)
 .ARM.attributes
                0x0000000001060373       0x33 C:/Users/Tom/Documents/Projects/Scopy_MVP_Platform/scopy-fpga/main/export/main/sw/main/standalone_domain/bsplib/lib\libxil.a(xgpiops.o)
 .ARM.attributes
                0x00000000010603a6       0x33 C:/Users/Tom/Documents/Projects/Scopy_MVP_Platform/scopy-fpga/main/export/main/sw/main/standalone_domain/bsplib/lib\libxil.a(xgpiops_sinit.o)
 .ARM.attributes
                0x00000000010603d9       0x33 C:/Users/Tom/Documents/Projects/Scopy_MVP_Platform/scopy-fpga/main/export/main/sw/main/standalone_domain/bsplib/lib\libxil.a(xgpiops_intr.o)
 .ARM.attributes
                0x000000000106040c       0x3d C:/Users/Tom/Documents/Projects/Scopy_MVP_Platform/scopy-fpga/main/export/main/sw/main/standalone_domain/bsplib/lib\libxil.a(xgpiops_g.o)
 .ARM.attributes
                0x0000000001060449       0x33 C:/Users/Tom/Documents/Projects/Scopy_MVP_Platform/scopy-fpga/main/export/main/sw/main/standalone_domain/bsplib/lib\libxil.a(xscugic_intr.o)
 .ARM.attributes