Archive member included to satisfy reference by file (symbol)

C:/Users/Tom/Documents/Projects/Scopy_MVP_Platform/scopy-fpga/main/export/main/sw/main/standalone_domain/bsplib/lib\libxil.a(xaxidma.o)
                              ./src/acquire.o (XAxiDma_Reset)
C:/Users/Tom/Documents/Projects/Scopy_MVP_Platform/scopy-fpga/main/export/main/sw/main/standalone_domain/bsplib/lib\libxil.a(xaxidma_sinit.o)
                              ./src/acquire.o (XAxiDma_LookupConfig)
C:/Users/Tom/Documents/Projects/Scopy_MVP_Platform/scopy-fpga/main/export/main/sw/main/standalone_domain/bsplib/lib\libxil.a(xaxidma_bdring.o)
                              C:/Users/Tom/Documents/Projects/Scopy_MVP_Platform/scopy-fpga/main/export/main/sw/main/standalone_domain/bsplib/lib\libxil.a(xaxidma.o) (XAxiDma_BdRingStart)
C:/Users/Tom/Documents/Projects/Scopy_MVP_Platform/scopy-fpga/main/export/main/sw/main/standalone_domain/bsplib/lib\libxil.a(xaxidma_g.o)
                              C:/Users/Tom/Documents/Projects/Scopy_MVP_Platform/scopy-fpga/main/export/main/sw/main/standalone_domain/bsplib/lib\libxil.a(xaxidma_sinit.o) (XAxiDma_ConfigTable)
C:/Users/Tom/Documents/Projects/Scopy_MVP_Platform/scopy-fpga/main/export/main/sw/main/standalone_domain/bsplib/lib\libxil.a(xclk_wiz.o)
                              ./src/clkwiz_interface.o (XClk_Wiz_CfgInitialize)
C:/Users/Tom/Documents/Projects/Scopy_MVP_Platform/scopy-fpga/main/export/main/sw/main/standalone_domain/bsplib/lib\libxil.a(xclk_wiz_sinit.o)
                              ./src/clkwiz_interface.o (XClk_Wiz_LookupConfig)
C:/Users/Tom/Documents/Projects/Scopy_MVP_Platform/scopy-fpga/main/export/main/sw/main/standalone_domain/bsplib/lib\libxil.a(xgpiops.o)
                              ./src/hal.o (XGpioPs_CfgInitialize)
C:/Users/Tom/Documents/Projects/Scopy_MVP_Platform/scopy-fpga/main/export/main/sw/main/standalone_domain/bsplib/lib\libxil.a(xgpiops_sinit.o)
                              ./src/hal.o (XGpioPs_LookupConfig)
C:/Users/Tom/Documents/Projects/Scopy_MVP_Platform/scopy-fpga/main/export/main/sw/main/standalone_domain/bsplib/lib\libxil.a(xgpiops_intr.o)
                              C:/Users/Tom/Documents/Projects/Scopy_MVP_Platform/scopy-fpga/main/export/main/sw/main/standalone_domain/bsplib/lib\libxil.a(xgpiops.o) (StubHandler)
C:/Users/Tom/Documents/Projects/Scopy_MVP_Platform/scopy-fpga/main/export/main/sw/main/standalone_domain/bsplib/lib\libxil.a(xgpiops_g.o)
                              C:/Users/Tom/Documents/Projects/Scopy_MVP_Platform/scopy-fpga/main/export/main/sw/main/standalone_domain/bsplib/lib\libxil.a(xgpiops_sinit.o) (XGpioPs_ConfigTable)
C:/Users/Tom/Documents/Projects/Scopy_MVP_Platform/scopy-fpga/main/export/main/sw/main/standalone_domain/bsplib/lib\libxil.a(xscugic_intr.o)
                              ./src/hal.o (XScuGic_InterruptHandler)
C:/Users/Tom/Documents/Projects/Scopy_MVP_Platform/scopy-fpga/main/export/main/sw/main/standalone_domain/bsplib/lib\libxil.a(xscugic.o)
                              ./src/acquire.o (XScuGic_Connect)
C:/Users/Tom/Documents/Projects/Scopy_MVP_Platform/scopy-fpga/main/export/main/sw/main/standalone_domain/bsplib/lib\libxil.a(xscugic_sinit.o)
                              ./src/hal.o (XScuGic_LookupConfig)
C:/Users/Tom/Documents/Projects/Scopy_MVP_Platform/scopy-fpga/main/export/main/sw/main/standalone_domain/bsplib/lib\libxil.a(xscugic_selftest.o)
                              ./src/hal.o (XScuGic_SelfTest)
C:/Users/Tom/Documents/Projects/Scopy_MVP_Platform/scopy-fpga/main/export/main/sw/main/standalone_domain/bsplib/lib\libxil.a(xscutimer.o)
                              ./src/hal.o (XScuTimer_CfgInitialize)
C:/Users/Tom/Documents/Projects/Scopy_MVP_Platform/scopy-fpga/main/export/main/sw/main/standalone_domain/bsplib/lib\libxil.a(xscutimer_selftest.o)
                              ./src/hal.o (XScuTimer_SelfTest)
C:/Users/Tom/Documents/Projects/Scopy_MVP_Platform/scopy-fpga/main/export/main/sw/main/standalone_domain/bsplib/lib\libxil.a(xscutimer_sinit.o)
                              ./src/hal.o (XScuTimer_LookupConfig)
C:/Users/Tom/Documents/Projects/Scopy_MVP_Platform/scopy-fpga/main/export/main/sw/main/standalone_domain/bsplib/lib\libxil.a(xscutimer_g.o)
                              C:/Users/Tom/Documents/Projects/Scopy_MVP_Platform/scopy-fpga/main/export/main/sw/main/standalone_domain/bsplib/lib\libxil.a(xscutimer_sinit.o) (XScuTimer_ConfigTable)
C:/Users/Tom/Documents/Projects/Scopy_MVP_Platform/scopy-fpga/main/export/main/sw/main/standalone_domain/bsplib/lib\libxil.a(xspips.o)
                              ./src/spi.o (XSpiPs_Reset)
C:/Users/Tom/Documents/Projects/Scopy_MVP_Platform/scopy-fpga/main/export/main/sw/main/standalone_domain/bsplib/lib\libxil.a(xspips_sinit.o)
                              ./src/spi.o (XSpiPs_LookupConfig)
C:/Users/Tom/Documents/Projects/Scopy_MVP_Platform/scopy-fpga/main/export/main/sw/main/standalone_domain/bsplib/lib\libxil.a(xspips_g.o)
[...]
Memory Configuration

Name             Origin             Length             Attributes
ps7_ram_0        0x0000000001000000 0x000000000fffffff
ocm2             0x00000000ffff0000 0x000000000000fe00
ocm1             0x0000000000000000 0x0000000000030000
*default*        0x0000000000000000 0xffffffffffffffff

Linker script and memory map

LOAD g:/xilinx/vitis/2019.2/gnu/aarch32/nt/gcc-arm-none-eabi/bin/../lib/gcc/arm-none-eabi/8.2.0/thumb/v7-a+fp/hard/crti.o
LOAD g:/xilinx/vitis/2019.2/gnu/aarch32/nt/gcc-arm-none-eabi/bin/../lib/gcc/arm-none-eabi/8.2.0/thumb/v7-a+fp/hard/crtbegin.o
                0x0000000000010000                _STACK_SIZE = DEFINED (_STACK_SIZE)?_STACK_SIZE:0x10000
                0x000000000c000000                _HEAP_SIZE = DEFINED (_HEAP_SIZE)?_HEAP_SIZE:0xc000000
                0x0000000000000400                _ABORT_STACK_SIZE = DEFINED (_ABORT_STACK_SIZE)?_ABORT_STACK_SIZE:0x400
                0x0000000000000800                _SUPERVISOR_STACK_SIZE = DEFINED (_SUPERVISOR_STACK_SIZE)?_SUPERVISOR_STACK_SIZE:0x800
                0x0000000000000400                _IRQ_STACK_SIZE = DEFINED (_IRQ_STACK_SIZE)?_IRQ_STACK_SIZE:0x400
                0x0000000000000400                _FIQ_STACK_SIZE = DEFINED (_FIQ_STACK_SIZE)?_FIQ_STACK_SIZE:0x400
                0x0000000000000400                _UNDEF_STACK_SIZE = DEFINED (_UNDEF_STACK_SIZE)?_UNDEF_STACK_SIZE:0x400

.text           0x0000000001000000    0x240a0
 *(.vectors)
 .vectors       0x0000000001000000      0x12c C:/Users/Tom/Documents/Projects/Scopy_MVP_Platform/scopy-fpga/main/export/main/sw/main/standalone_domain/bsplib/lib\libxil.a(asm_vectors.o)
                0x0000000001000000                _vector_table
 *(.boot)
 .boot          0x000000000100012c      0x3b0 C:/Users/Tom/Documents/Projects/Scopy_MVP_Platform/scopy-fpga/main/export/main/sw/main/standalone_domain/bsplib/lib\libxil.a(boot.o)
                0x000000000100012c                _prestart
                0x000000000100012c                _boot
 *(.text)
 .text          0x00000000010004dc        0x0 g:/xilinx/vitis/2019.2/gnu/aarch32/nt/gcc-arm-none-eabi/bin/../lib/gcc/arm-none-eabi/8.2.0/thumb/v7-a+fp/hard/crti.o
 .text          0x00000000010004dc       0xa8 g:/xilinx/vitis/2019.2/gnu/aarch32/nt/gcc-arm-none-eabi/bin/../lib/gcc/arm-none-eabi/8.2.0/thumb/v7-a+fp/hard/crtbegin.o
 .text          0x0000000001000584     0x150c ./src/Collections-C/src/array.o
                0x0000000001000584                array_new
                0x0000000001000608                array_new_conf
                0x00000000010006e0                array_conf_init
                0x0000000001000718                array_destroy
                0x000000000100073c                array_destroy_cb
                0x0000000001000790                array_add
                0x000000000100083c                array_add_at
                0x00000000010009d8                array_replace_at
                0x0000000001000a1c                array_swap_at
                0x0000000001000a64                array_remove
                0x0000000001000b10                array_remove_at
                0x0000000001000b84                array_remove_last
                0x0000000001000bbc                array_remove_all
                0x0000000001000bc8                array_remove_all_free
                0x0000000001000c08                array_get_at
                0x0000000001000c28                array_get_last
                0x0000000001000c4c                array_get_buffer
                0x0000000001000c54                array_index_of
                0x0000000001000cac                array_subarray
                0x0000000001000d70                array_copy_shallow
                0x0000000001000e10                array_copy_deep
                0x0000000001000edc                array_filter_mut
                0x0000000001000fac                array_filter
                0x00000000010010bc                array_reverse
                0x0000000001001110                array_trim_capacity
                0x0000000001001188                array_contains
                0x00000000010011bc                array_contains_value
                0x0000000001001210                array_size
                0x0000000001001218                array_capacity
                0x0000000001001220                array_sort
                0x0000000001001238                array_map
                0x0000000001001274                array_reduce
                0x00000000010012f0                array_iter_init
                0x0000000001001300                array_iter_next
                0x0000000001001348                array_iter_remove
                0x00000000010013d4                array_iter_add
                0x0000000001001574                array_iter_replace
                0x00000000010015c4                array_iter_index
                0x00000000010015d0                array_zip_iter_init
                0x00000000010015e0                array_zip_iter_next
                0x0000000001001648                array_zip_iter_remove
                0x0000000001001744                array_zip_iter_add
                0x00000000010019e4                array_zip_iter_replace
                0x0000000001001a84                array_zip_iter_index
 .text          0x0000000001001a90        0x4 ./src/Collections-C/src/common.o
                0x0000000001001a90                cc_common_cmp_str
 .text          0x0000000001001a94     0x19a0 ./src/Collections-C/src/deque.o
                0x0000000001001b4c                deque_new
                0x0000000001001bd8                deque_new_conf
                0x0000000001001c8c                deque_conf_init
                0x0000000001001cb4                deque_destroy
                0x0000000001001cd8                deque_destroy_cb
                0x0000000001001d4c                deque_add
                0x0000000001001db0                deque_add_first
                0x0000000001001e90                deque_add_last
                0x0000000001001ef4                deque_add_at
                0x0000000001002180                deque_replace_at
                0x00000000010021d8                deque_remove_at
                0x00000000010023d4                deque_remove
                0x0000000001002440                deque_remove_first
                0x0000000001002490                deque_remove_last
                0x00000000010024e0                deque_remove_all
                0x00000000010024f4                deque_remove_all_cb
                0x0000000001002550                deque_get_at
                0x0000000001002594                deque_get_first
                0x00000000010025bc                deque_get_last
                0x00000000010025f4                deque_copy_shallow
                0x00000000010026cc                deque_copy_deep
                0x0000000001002810                deque_trim_capacity
                0x0000000001002900                deque_reverse
                0x000000000100295c                deque_contains
                0x00000000010029a8                deque_contains_value
                0x0000000001002a10                deque_index_of
                0x0000000001002a7c                deque_size
                0x0000000001002a84                deque_capacity
                0x0000000001002a8c                deque_get_buffer
                0x0000000001002a94                deque_foreach
                0x0000000001002ae0                deque_filter_mut
                0x0000000001002d04                deque_filter
                0x0000000001002e38                deque_iter_init
                0x0000000001002e48                deque_iter_next
                0x0000000001002eb4                deque_iter_remove
                0x00000000010030c4                deque_iter_add
                0x00000000010030e8                deque_iter_replace
                0x0000000001003148                deque_iter_index
                0x0000000001003154                deque_zip_iter_init
                0x0000000001003164                deque_zip_iter_next
                0x0000000001003210                deque_zip_iter_add
                0x00000000010032cc                deque_zip_iter_remove
                0x000000000100335c                deque_zip_iter_replace
                0x0000000001003428                deque_zip_iter_index
 .text          0x0000000001003434      0x1b0 ./src/Collections-C/src/hashset.o
                0x0000000001003434                hashset_conf_init
                0x0000000001003438                hashset_new
                0x00000000010034c4                hashset_new_conf
                0x000000000100354c                hashset_destroy
                0x000000000100356c                hashset_add
                0x0000000001003574                hashset_remove
                0x000000000100357c                hashset_remove_all
                0x0000000001003584                hashset_contains
                0x000000000100358c                hashset_size
                0x0000000001003594                hashset_capacity
                0x000000000100359c                hashset_foreach
                0x00000000010035a4                hashset_iter_init
                0x00000000010035ac                hashset_iter_next
                0x00000000010035e0                hashset_iter_remove
 .text          0x00000000010035e4      0xde0 ./src/Collections-C/src/hashtable.o
                0x00000000010035e4                hashtable_hash_string
                0x0000000001003618                hashtable_new
                0x00000000010036d4                hashtable_new_conf
                0x00000000010037c0                hashtable_conf_init
                0x0000000001003820                hashtable_destroy
                0x000000000100388c                hashtable_add
                0x0000000001003a94                hashtable_get
                0x0000000001003b54                hashtable_remove
                0x0000000001003cc8                hashtable_remove_all
                0x0000000001003d3c                hashtable_size
                0x0000000001003d44                hashtable_capacity
                0x0000000001003d4c                hashtable_contains_key
                0x0000000001003dc0                hashtable_get_values
                0x0000000001003e84                hashtable_get_keys
                0x0000000001003f48                hashtable_foreach_key
                0x0000000001003f9c                hashtable_foreach_value
                0x0000000001003ff0                hashtable_iter_init
                0x0000000001004050                hashtable_iter_next
                0x00000000010040e4                hashtable_iter_remove
                0x00000000010040f8                hashtable_hash
                0x0000000001004360                hashtable_hash_ptr
 .text          0x00000000010043c4     0x2068 ./src/Collections-C/src/list.o
                0x0000000001004724                list_conf_init
                0x0000000001004744                list_new
                0x0000000001004798                list_new_conf
                0x00000000010047dc                list_destroy
                0x0000000001004894                list_destroy_cb
                0x000000000100499c                list_add
                0x00000000010049f8                list_add_first
                0x0000000001004a58                list_add_last
                0x0000000001004ab4                list_add_at
                0x0000000001004b9c                list_add_all
                0x0000000001004c80                list_add_all_at
                0x0000000001004cb8                list_splice
                0x0000000001004d7c                list_splice_at
                0x0000000001004f04                list_remove
                0x0000000001004f88                list_remove_at
                0x0000000001005040                list_remove_first
                0x00000000010050b4                list_remove_last
                0x0000000001005128                list_remove_all
                0x00000000010051d0                list_remove_all_cb
                0x00000000010052d8                list_replace_at
                0x0000000001005364                list_get_first
                0x0000000001005384                list_get_last
                0x00000000010053a4                list_get_at
                0x000000000100541c                list_reverse
                0x000000000100550c                list_sublist
                0x0000000001005704                list_copy_shallow
                0x0000000001005870                list_copy_deep
                0x00000000010059e8                list_to_array
                0x0000000001005a5c                list_contains
                0x0000000001005a90                list_contains_value
                0x0000000001005ae0                list_index_of
                0x0000000001005b38                list_size
                0x0000000001005b40                list_sort
                0x0000000001005bf8                list_sort_in_place
                0x0000000001005c08                list_foreach
                0x0000000001005c34                list_filter_mut
                0x0000000001005cc8                list_filter
                0x0000000001005da4                list_iter_init
                0x0000000001005dc0                list_iter_remove
                0x0000000001005e44                list_iter_add
                0x0000000001005ee8                list_iter_replace
                0x0000000001005f14                list_iter_index
                0x0000000001005f20                list_iter_next
                0x0000000001005f64                list_diter_init
                0x0000000001005f84                list_diter_add
                0x0000000001006018                list_diter_remove
                0x000000000100609c                list_diter_replace
                0x00000000010060c8                list_diter_index
                0x00000000010060d4                list_diter_next
                0x0000000001006118                list_zip_iter_init
                0x0000000001006148                list_zip_iter_next
                0x00000000010061b4                list_zip_iter_add
                0x00000000010062f4                list_zip_iter_remove
                0x00000000010063d0                list_zip_iter_replace
                0x0000000001006420                list_zip_iter_index
 .text          0x000000000100642c      0x4e0 ./src/Collections-C/src/pqueue.o
                0x000000000100642c                pqueue_conf_init
                0x0000000001006468                pqueue_new
                0x00000000010064f4                pqueue_new_conf
                0x00000000010065dc                pqueue_destroy
                0x0000000001006600                pqueue_destroy_cb
                0x0000000001006654                pqueue_push
                0x0000000001006770                pqueue_top
                0x0000000001006790                pqueue_pop
 .text          0x000000000100690c      0x184 ./src/Collections-C/src/queue.o
                0x000000000100690c                queue_conf_init
                0x0000000001006910                queue_new
                0x0000000001006990                queue_new_conf
                0x0000000001006a08                queue_destroy
                0x0000000001006a28                queue_destroy_cb
                0x0000000001006a44                queue_peek
                0x0000000001006a4c                queue_poll
                0x0000000001006a54                queue_enqueue
                0x0000000001006a5c                queue_size
                0x0000000001006a64                queue_foreach
                0x0000000001006a6c                queue_iter_init
                0x0000000001006a74                queue_iter_next
                0x0000000001006a78                queue_iter_replace
                0x0000000001006a7c                queue_zip_iter_init
                0x0000000001006a88                queue_zip_iter_next
                0x0000000001006a8c                queue_zip_iter_replace
 .text          0x0000000001006a90      0x258 ./src/Collections-C/src/ring_buffer.o
                0x0000000001006a90                rbuf_new
                0x0000000001006b20                rbuf_conf_new
                0x0000000001006bb4                rbuf_conf_init
                0x0000000001006bdc                rbuf_destroy
                0x0000000001006c00                rbuf_is_empty
                0x0000000001006c10                rbuf_size
                0x0000000001006c18                rbuf_enqueue
                0x0000000001006c80                rbuf_dequeue
                0x0000000001006cd8                rbuf_peek
 .text          0x0000000001006ce8     0x16e0 ./src/Collections-C/src/slist.o
                0x0000000001006ce8                slist_conf_init
                0x0000000001006d08                slist_new
                0x0000000001006d5c                slist_new_conf
                0x0000000001006da0                slist_destroy
                0x0000000001006dfc                slist_destroy_cb
                0x0000000001006e94                slist_add
                0x0000000001006eec                slist_add_first
                0x0000000001006f48                slist_add_last
                0x0000000001006fa0                slist_add_at
                0x0000000001007054                slist_add_all
                0x0000000001007138                slist_add_all_at
                0x0000000001007260                slist_splice
                0x00000000010072b8                slist_splice_at
                0x0000000001007358                slist_remove
                0x000000000100741c                slist_remove_at
                0x00000000010074c0                slist_remove_first
                0x0000000001007520                slist_remove_last
                0x00000000010075c4                slist_remove_all
                0x0000000001007620                slist_remove_all_cb
                0x00000000010076b8                slist_replace_at
                0x0000000001007704                slist_get_first
                0x0000000001007724                slist_get_last
                0x0000000001007744                slist_get_at
                0x0000000001007788                slist_size
                0x0000000001007790                slist_reverse
                0x00000000010077d4                slist_sublist
                0x00000000010079ac                slist_copy_shallow
                0x0000000001007ad0                slist_copy_deep
                0x0000000001007bfc                slist_contains
                0x0000000001007c30                slist_contains_value
                0x0000000001007c80                slist_index_of
                0x0000000001007cd0                slist_to_array
                0x0000000001007d34                slist_sort
                0x0000000001007de8                slist_foreach
                0x0000000001007e14                slist_filter
                0x0000000001007ee8                slist_filter_mut
                0x0000000001007f70                slist_iter_init
                0x0000000001007f8c                slist_iter_remove
                0x0000000001008018                slist_iter_add
                0x0000000001008088                slist_iter_replace
                0x00000000010080b4                slist_iter_next
                0x0000000001008104                slist_iter_index
                0x0000000001008110                slist_zip_iter_init
                0x0000000001008140                slist_zip_iter_next
                0x00000000010081bc                slist_zip_iter_add
                0x0000000001008290                slist_zip_iter_remove
                0x000000000100836c                slist_zip_iter_replace
                0x00000000010083bc                slist_zip_iter_index
 .text          0x00000000010083c8      0x194 ./src/Collections-C/src/stack.o
                0x00000000010083c8                stack_conf_init
                0x00000000010083cc                stack_new
                0x0000000001008454                stack_new_conf
                0x00000000010084d4                stack_destroy
                0x00000000010084f4                stack_destroy_cb
                0x0000000001008510                stack_push
                0x0000000001008518                stack_peek
                0x0000000001008520                stack_pop
                0x0000000001008528                stack_size
                0x0000000001008530                stack_map
                0x0000000001008538                stack_iter_init
                0x0000000001008540                stack_iter_next
                0x0000000001008544                stack_iter_replace
                0x0000000001008548                stack_zip_iter_init
                0x0000000001008554                stack_zip_iter_next
                0x0000000001008558                stack_zip_iter_replace
 .text          0x000000000100855c      0x22c ./src/Collections-C/src/treeset.o
                0x000000000100855c                treeset_conf_init
                0x0000000001008560                treeset_new
                0x00000000010085f4                treeset_new_conf
                0x000000000100867c                treeset_destroy
                0x000000000100869c                treeset_add
                0x00000000010086a4                treeset_remove
                0x00000000010086c0                treeset_remove_all
                0x00000000010086c8                treeset_get_first
                0x00000000010086e4                treeset_get_last
                0x0000000001008700                treeset_get_greater_than
                0x000000000100871c                treeset_get_lesser_than
                0x0000000001008738                treeset_contains
                0x0000000001008740                treeset_size
                0x0000000001008748                treeset_foreach
                0x0000000001008750                treeset_iter_init
                0x0000000001008758                treeset_iter_next
                0x0000000001008784                treeset_iter_remove
 .text          0x0000000001008788     0x1ec0 ./src/Collections-C/src/treetable.o
                0x0000000001008d08                treetable_conf_init
                0x0000000001008d30                treetable_new
                0x0000000001008dc4                treetable_new_conf
                0x0000000001008e5c                treetable_destroy
                0x0000000001009470                treetable_get
                0x00000000010094ec                treetable_get_first_value
                0x0000000001009520                treetable_get_last_value
                0x0000000001009554                treetable_get_first_key
                0x0000000001009588                treetable_get_last_key
                0x00000000010095bc                treetable_get_greater_than
                0x00000000010096b4                treetable_get_lesser_than
                0x00000000010097a8                treetable_size
                0x00000000010097b0                treetable_contains_key
                0x0000000001009824                treetable_contains_value
                0x00000000010098dc                treetable_add
                0x0000000001009bd8                treetable_remove
                0x0000000001009c68                treetable_remove_first
                0x0000000001009cb4                treetable_remove_last
                0x0000000001009cec                treetable_remove_all
                0x000000000100a2f4                treetable_foreach_key
                0x000000000100a3a0                treetable_foreach_value
                0x000000000100a44c                treetable_iter_init
                0x000000000100a47c                treetable_iter_next
                0x000000000100a520                treetable_iter_remove
                0x000000000100a564                treetable_assert_rb_rules
 .text          0x000000000100a648      0x528 ./src/acq_hacks.o
                0x000000000100a648                acq_hacks_init
                0x000000000100a64c                acq_hacks_run
 .text          0x000000000100ab70     0x2324 ./src/acquire.o
                0x000000000100ab70                _acq_irq_fifo_gen_rst
                0x000000000100acf4                _acq_irq_error_dma
                0x000000000100ad78                _acq_reset_PL_fifo
                0x000000000100ada4                _acq_reset_trigger
                0x000000000100add0                _acq_wait_for_ndone
                0x000000000100ade8                _acq_fast_dma_start
                0x000000000100ae10                _acq_core_dma_start
                0x000000000100ae64                acq_write_training
                0x000000000100af1c                acq_init
                0x000000000100b0dc                acq_get_next_alloc
                0x000000000100b194                acq_append_next_alloc
                0x000000000100b2cc                acq_free_all_alloc
                0x000000000100b318                acq_dealloc_rewind
                0x000000000100b36c                acq_prepare_triggered
                0x000000000100b798                acq_start
                0x000000000100b900                acq_stop
                0x000000000100b968                acq_abort_done
                0x000000000100b988                acq_is_done
                0x000000000100b9a4                acq_make_status
                0x000000000100ba44                acq_debug_dump
                0x000000000100c088                _acq_irq_rx_handler
                0x000000000100c908                acq_debug_dump_waveraw
                0x000000000100c9a8                acq_get_ll_pointer
                0x000000000100ca10                acq_debug_dump_wave
                0x000000000100cce8                acq_copy_slow_mipi
 *fill*         0x000000000100ce94        0x4 
 .text          0x000000000100ce98      0x6d0 ./src/clkwiz_interface.o
                0x000000000100ce98                clkwiz_init
                0x000000000100cf6c                clkwiz_change_mipi_freq
                0x000000000100d25c                clkwiz_dump_state
                0x000000000100d4d4                clkwiz_commit
 .text          0x000000000100d568        0x0 ./src/demo_norway.o
 .text          0x000000000100d568      0x328 ./src/fabric_config.o
                0x000000000100d568                fabcfg_dump_state
                0x000000000100d72c                fabcfg_init
 .text          0x000000000100d890      0xe48 ./src/hal.o
                0x000000000100d890                irq_xscutimer
                0x000000000100db50                d_xilinx_assert
                0x000000000100db68                bogo_calibrate
                0x000000000100dd10                bogo_delay
                0x000000000100dd74                d_printf
                0x000000000100df48                hal_init
                0x000000000100e448                d_waitkey
                0x000000000100e454                d_iskeypress
                0x000000000100e474                d_getkey
                0x000000000100e494                d_read_global_timer
                0x000000000100e4bc                d_start_timing
                0x000000000100e52c                d_stop_timing
                0x000000000100e5ac                d_read_timing
                0x000000000100e5d0                d_read_timing_us
                0x000000000100e648                d_dump_timing
                0x000000000100e6c8                d_dump_timing_ex
 .text          0x000000000100e6d8        0x0 ./src/main.o
 .text          0x000000000100e6d8      0x2c8 ./src/mipi_csi_hacks.o
                0x000000000100e6d8                csi_hack_init
                0x000000000100e818                csi_hack_start_frame
                0x000000000100e8a8                csi_hack_stop_frame
                0x000000000100e904                csi_hack_send_line_data
 .text          0x000000000100e9a0       0x14 ./src/platform.o
                0x000000000100e9a0                enable_caches
                0x000000000100e9a4                disable_caches
                0x000000000100e9a8                init_uart
                0x000000000100e9ac                init_platform
                0x000000000100e9b0                cleanup_platform
 .text          0x000000000100e9b4     0x1094 ./src/spi.o
                0x000000000100e9b4                spi_isr_handler
                0x000000000100edb8                spi_init
                0x000000000100f1f0                spi_reset_hw
                0x000000000100f224                spi_crc_lut_gen
                0x000000000100f2ac                spi_command_lut_gen
                0x000000000100f374                spi_transmit_packet_nonblock
                0x000000000100f4c4                spi_command_find_free_slot
                0x000000000100f534                spi_command_count_allocated
                0x000000000100f574                spi_command_pack_response_simple
                0x000000000100f604                spi_command_tick
 .text          0x000000000100fa48      0x1e4 ./src/spi_commands.o
                0x000000000100fa48                spicmd_hello
                0x000000000100fa80                spicmd_version
                0x000000000100fa90                spicmd_stats
                0x000000000100faf8                spicmd_acq_setup_trigd
                0x000000000100fb70                spicmd_acq_start
                0x000000000100fb9c                spicmd_acq_stop
                0x000000000100fbc0                spicmd_acq_rewind
                0x000000000100fbc4                spicmd_acq_status
                0x000000000100fbf0                spicmd_trig_configure_edge
                0x000000000100fc1c                spicmd_trig_configure_always
                0x000000000100fc20                spicmd_trig_force
                0x000000000100fc24                spicmd_trig_arm
                0x000000000100fc28                spicmd_trig_disarm
 *fill*         0x000000000100fc2c        0x4 
 .text          0x000000000100fc30      0x3a0 ./src/system_control.o
                0x000000000100fc30                sysctrl_tick_irq
                0x000000000100fc80                sysctrl_init
                0x000000000100fdac                sysctrl_led_mode
                0x000000000100fe14                sysctrl_led_tick
                0x000000000100fea0                sysctrl_xadc_tick
                0x000000000100fea4                sysctrl_main_loop
 .text          0x000000000100ffd0      0x744 ./src/trigger.o
                0x000000000100ffd0                trig_zero_levels
                0x0000000001010004                trig_write_levels
                0x0000000001010154                trig_configure_always
                0x0000000001010194                trig_configure_edge
                0x00000000010103d8                trig_configure_holdoff
                0x0000000001010454                trig_dump_state
                0x0000000001010600                trig_init
                0x0000000001010694                trig_has_trigd
                0x00000000010106c0                trig_arm
                0x00000000010106d8                trig_disarm
                0x00000000010106f0                trig_force
 .text          0x0000000001010714      0x91c C:/Users/Tom/Documents/Projects/Scopy_MVP_Platform/scopy-fpga/main/export/main/sw/main/standalone_domain/bsplib/lib\libxil.a(xaxidma.o)
                0x0000000001010714                XAxiDma_Reset
                0x0000000001010828                XAxiDma_ResetIsDone
                0x0000000001010874                XAxiDma_CfgInitialize
                0x0000000001010ab0                XAxiDma_Pause
                0x0000000001010b60                XAxiDma_Resume
                0x0000000001010e18                XAxiDma_Busy
                0x0000000001010e34                XAxiDma_SelectKeyHole
                0x0000000001010e5c                XAxiDma_SelectCyclicMode
                0x0000000001010e84                XAxiDma_SimpleTransfer
 .text          0x0000000001011030       0x60 C:/Users/Tom/Documents/Projects/Scopy_MVP_Platform/scopy-fpga/main/export/main/sw/main/standalone_domain/bsplib/lib\libxil.a(xaxidma_sinit.o)
                0x0000000001011030                XAxiDma_LookupConfig
                0x0000000001011060                XAxiDma_LookupConfigBaseAddr
 .text          0x0000000001011090      0xfd4 C:/Users/Tom/Documents/Projects/Scopy_MVP_Platform/scopy-fpga/main/export/main/sw/main/standalone_domain/bsplib/lib\libxil.a(xaxidma_bdring.o)
                0x0000000001011090                XAxiDma_UpdateBdRingCDesc
                0x0000000001011214                XAxiDma_BdRingCreate
                0x000000000101142c                XAxiDma_BdRingClone
                0x0000000001011564                XAxiDma_StartBdRingHw
                0x0000000001011690                XAxiDma_BdRingStart
                0x00000000010116e4                XAxiDma_BdRingSetCoalesce
                0x0000000001011758                XAxiDma_BdRingGetCoalesce
                0x0000000001011774                XAxiDma_BdRingAlloc
                0x0000000001011814                XAxiDma_BdRingUnAlloc
                0x00000000010118ec                XAxiDma_BdRingToHw
                0x0000000001011b8c                XAxiDma_BdRingFromHw
                0x0000000001011ce0                XAxiDma_BdRingFree
                0x0000000001011d94                XAxiDma_BdRingCheck
                0x0000000001011fac                XAxiDma_BdRingDumpRegs
 .text          0x0000000001012064        0x0 C:/Users/Tom/Documents/Projects/Scopy_MVP_Platform/scopy-fpga/main/export/main/sw/main/standalone_domain/bsplib/lib\libxil.a(xaxidma_g.o)
 .text          0x0000000001012064      0x150 C:/Users/Tom/Documents/Projects/Scopy_MVP_Platform/scopy-fpga/main/export/main/sw/main/standalone_domain/bsplib/lib\libxil.a(xclk_wiz.o)
                0x000000000101208c                XClk_Wiz_CfgInitialize
                0x0000000001012154                XClk_Wiz_GetInterruptSettings
 .text          0x00000000010121b4       0x1c C:/Users/Tom/Documents/Projects/Scopy_MVP_Platform/scopy-fpga/main/export/main/sw/main/standalone_domain/bsplib/lib\libxil.a(xclk_wiz_sinit.o)
                0x00000000010121b4                XClk_Wiz_LookupConfig
 .text          0x00000000010121d0      0xcd8 C:/Users/Tom/Documents/Projects/Scopy_MVP_Platform/scopy-fpga/main/export/main/sw/main/standalone_domain/bsplib/lib\libxil.a(xgpiops.o)
                0x00000000010121d0                XGpioPs_CfgInitialize
                0x000000000101234c                XGpioPs_Read
                0x0000000001012400                XGpioPs_Write
                0x00000000010124a8                XGpioPs_SetDirection
                0x0000000001012554                XGpioPs_GetDirection
                0x000000000101260c                XGpioPs_SetOutputEnable
                0x00000000010126b8                XGpioPs_GetOutputEnable
                0x0000000001012770                XGpioPs_GetBankPin
                0x00000000010128ac                XGpioPs_ReadPin
                0x0000000001012990                XGpioPs_WritePin
                0x0000000001012a90                XGpioPs_SetDirectionPin
                0x0000000001012bb4                XGpioPs_GetDirectionPin
                0x0000000001012c9c                XGpioPs_SetOutputEnablePin
                0x0000000001012dc0                XGpioPs_GetOutputEnablePin
 .text          0x0000000001012ea8       0x1c C:/Users/Tom/Documents/Projects/Scopy_MVP_Platform/scopy-fpga/main/export/main/sw/main/standalone_domain/bsplib/lib\libxil.a(xgpiops_sinit.o)
                0x0000000001012ea8                XGpioPs_LookupConfig
 .text          0x0000000001012ec4      0xdd4 C:/Users/Tom/Documents/Projects/Scopy_MVP_Platform/scopy-fpga/main/export/main/sw/main/standalone_domain/bsplib/lib\libxil.a(xgpiops_intr.o)
                0x0000000001012ec4                XGpioPs_IntrEnable
                0x0000000001012f70                XGpioPs_IntrEnablePin
                0x000000000101304c                XGpioPs_IntrDisable
                0x00000000010130f8                XGpioPs_IntrDisablePin
                0x00000000010131d4                XGpioPs_IntrGetEnabled
                0x0000000001013290                XGpioPs_IntrGetEnabledPin
                0x0000000001013378                XGpioPs_IntrGetStatus
                0x0000000001013430                XGpioPs_IntrGetStatusPin
                0x0000000001013518                XGpioPs_IntrClear
                0x00000000010135c4                XGpioPs_IntrClearPin
                0x00000000010136a4                XGpioPs_SetIntrType
                0x000000000101376c                XGpioPs_GetIntrType
                0x0000000001013840                XGpioPs_SetIntrTypePin
                0x00000000010139e0                XGpioPs_GetIntrTypePin
                0x0000000001013aec                XGpioPs_SetCallbackHandler
                0x0000000001013b8c                XGpioPs_IntrHandler
                0x0000000001013c70                StubHandler
 .text          0x0000000001013c98        0x0 C:/Users/Tom/Documents/Projects/Scopy_MVP_Platform/scopy-fpga/main/export/main/sw/main/standalone_domain/bsplib/lib\libxil.a(xgpiops_g.o)
 .text          0x0000000001013c98       0x78 C:/Users/Tom/Documents/Projects/Scopy_MVP_Platform/scopy-fpga/main/export/main/sw/main/standalone_domain/bsplib/lib\libxil.a(xscugic_intr.o)
                0x0000000001013c98                XScuGic_InterruptHandler
 .text          0x0000000001013d10      0xaf4 C:/Users/Tom/Documents/Projects/Scopy_MVP_Platform/scopy-fpga/main/export/main/sw/main/standalone_domain/bsplib/lib\libxil.a(xscugic.o)
                0x0000000001013d60                XScuGic_Connect
                0x0000000001013e34                XScuGic_Disconnect
                0x0000000001013f00                XScuGic_SoftwareIntr
                0x0000000001013fe4                XScuGic_SetPriorityTriggerType
                0x000000000101411c                XScuGic_GetPriorityTriggerType
                0x0000000001014248                XScuGic_InterruptMaptoCpu
                0x00000000010142bc                XScuGic_Enable
                0x0000000001014390                XScuGic_InterruptUnmapFromCpu
                0x0000000001014404                XScuGic_Disable
                0x00000000010144d8                XScuGic_UnmapAllInterruptsFromCpu
                0x0000000001014554                XScuGic_Stop
                0x0000000001014630                XScuGic_CfgInitialize
                0x00000000010147a4                XScuGic_SetCpuID
                0x00000000010147f4                XScuGic_GetCpuID
 .text          0x0000000001014804       0x1c C:/Users/Tom/Documents/Projects/Scopy_MVP_Platform/scopy-fpga/main/export/main/sw/main/standalone_domain/bsplib/lib\libxil.a(xscugic_sinit.o)
                0x0000000001014804                XScuGic_LookupConfig
 .text          0x0000000001014820       0xb4 C:/Users/Tom/Documents/Projects/Scopy_MVP_Platform/scopy-fpga/main/export/main/sw/main/standalone_domain/bsplib/lib\libxil.a(xscugic_selftest.o)
                0x0000000001014820                XScuGic_SelfTest
 .text          0x00000000010148d4      0x2d8 C:/Users/Tom/Documents/Projects/Scopy_MVP_Platform/scopy-fpga/main/export/main/sw/main/standalone_domain/bsplib/lib\libxil.a(xscutimer.o)
                0x00000000010148d4                XScuTimer_CfgInitialize
                0x0000000001014984                XScuTimer_Start
                0x0000000001014a14                XScuTimer_Stop
                0x0000000001014a9c                XScuTimer_SetPrescaler
                0x0000000001014b24                XScuTimer_GetPrescaler
 .text          0x0000000001014bac       0xbc C:/Users/Tom/Documents/Projects/Scopy_MVP_Platform/scopy-fpga/main/export/main/sw/main/standalone_domain/bsplib/lib\libxil.a(xscutimer_selftest.o)
                0x0000000001014bac                XScuTimer_SelfTest
 .text          0x0000000001014c68       0x1c C:/Users/Tom/Documents/Projects/Scopy_MVP_Platform/scopy-fpga/main/export/main/sw/main/standalone_domain/bsplib/lib\libxil.a(xscutimer_sinit.o)
                0x0000000001014c68                XScuTimer_LookupConfig
 .text          0x0000000001014c84        0x0 C:/Users/Tom/Documents/Projects/Scopy_MVP_Platform/scopy-fpga/main/export/main/sw/main/standalone_domain/bsplib/lib\libxil.a(xscutimer_g.o)
 .text          0x0000000001014c84      0xaf0 C:/Users/Tom/Documents/Projects/Scopy_MVP_Platform/scopy-fpga/main/export/main/sw/main/standalone_domain/bsplib/lib\libxil.a(xspips.o)
                0x0000000001014cac                XSpiPs_Transfer
                0x0000000001014e8c                XSpiPs_PolledTransfer
                0x0000000001015110                XSpiPs_SetSlaveSelect
                0x00000000010151f0                XSpiPs_GetSlaveSelect
                0x0000000001015298                XSpiPs_SetStatusHandler
                0x0000000001015338                XSpiPs_Abort
                0x0000000001015394                XSpiPs_Reset
                0x0000000001015418                XSpiPs_CfgInitialize
                0x00000000010154e8                XSpiPs_InterruptHandler
 .text          0x0000000001015774       0x1c C:/Users/Tom/Documents/Projects/Scopy_MVP_Platform/scopy-fpga/main/export/main/sw/main/standalone_domain/bsplib/lib\libxil.a(xspips_sinit.o)
                0x0000000001015774                XSpiPs_LookupConfig
 .text          0x0000000001015790        0x0 C:/Users/Tom/Documents/Projects/Scopy_MVP_Platform/scopy-fpga/main/export/main/sw/main/standalone_domain/bsplib/lib\libxil.a(xspips_g.o)
 .text          0x0000000001015790      0x16c C:/Users/Tom/Documents/Projects/Scopy_MVP_Platform/scopy-fpga/main/export/main/sw/main/standalone_domain/bsplib/lib\libxil.a(xspips_selftest.o)
                0x0000000001015790                XSpiPs_SelfTest
 .text          0x00000000010158fc       0x70 C:/Users/Tom/Documents/Projects/Scopy_MVP_Platform/scopy-fpga/main/export/main/sw/main/standalone_domain/bsplib/lib\libxil.a(xil_assert.o)
                0x00000000010158fc                Xil_Assert
                0x0000000001015958                Xil_AssertSetCallback
                0x0000000001015968                XNullHandler
 .text          0x000000000101596c       0x28 C:/Users/Tom/Documents/Projects/Scopy_MVP_Platform/scopy-fpga/main/export/main/sw/main/standalone_domain/bsplib/lib\libxil.a(print.o)
                0x000000000101596c                print
 .text          0x0000000001015994      0x96c C:/Users/Tom/Documents/Projects/Scopy_MVP_Platform/scopy-fpga/main/export/main/sw/main/standalone_domain/bsplib/lib\libxil.a(xil_cache.o)
                0x0000000001015994                Xil_DCacheInvalidateLine
                0x00000000010159cc                Xil_DCacheInvalidateRange
                0x0000000001015ab4                Xil_DCacheFlushLine
                0x0000000001015b00                Xil_DCacheFlushRange
                0x0000000001015b54                Xil_DCacheStoreLine
                0x0000000001015b8c                Xil_ICacheInvalidateLine
                0x0000000001015bc4                Xil_ICacheInvalidateRange
                0x0000000001015c1c                Xil_L1DCacheInvalidate
                0x0000000001015cd0                Xil_L1DCacheEnable
                0x0000000001015cf0                Xil_L1DCacheInvalidateLine
                0x0000000001015d08                Xil_L1DCacheInvalidateRange
                0x0000000001015d50                Xil_L1DCacheFlush
                0x0000000001015ddc                Xil_L1DCacheDisable
                0x0000000001015df4                Xil_DCacheFlush
                0x0000000001015e50                Xil_L1DCacheFlushLine
                0x0000000001015e68                Xil_L1DCacheFlushRange
                0x0000000001015eb0                Xil_L1DCacheStoreLine
                0x0000000001015ec8                Xil_L1ICacheEnable
                0x0000000001015ee4                Xil_L1ICacheDisable
                0x0000000001015f00                Xil_L1ICacheInvalidate
                0x0000000001015f18                Xil_L1ICacheInvalidateLine
                0x0000000001015f30                Xil_L1ICacheInvalidateRange
                0x0000000001015f78                Xil_L2CacheDisable
                0x0000000001015fec                Xil_DCacheDisable
                0x0000000001016008                Xil_ICacheDisable
                0x000000000101602c                Xil_L2CacheInvalidate
                0x0000000001016098                Xil_DCacheInvalidate
                0x00000000010160b8                Xil_ICacheInvalidate
                0x0000000001016140                Xil_L2CacheEnable
                0x0000000001016158                Xil_DCacheEnable
                0x000000000101617c                Xil_ICacheEnable
                0x00000000010161ac                Xil_L2CacheInvalidateLine
                0x00000000010161c0                Xil_L2CacheInvalidateRange
                0x0000000001016228                Xil_L2CacheFlush
                0x000000000101626c                Xil_L2CacheFlushLine
                0x0000000001016284                Xil_L2CacheFlushRange
                0x00000000010162ec                Xil_L2CacheStoreLine
 .text          0x0000000001016300       0x10 C:/Users/Tom/Documents/Projects/Scopy_MVP_Platform/scopy-fpga/main/export/main/sw/main/standalone_domain/bsplib/lib\libxil.a(outbyte.o)
                0x0000000001016300                outbyte
 .text          0x0000000001016310        0x8 C:/Users/Tom/Documents/Projects/Scopy_MVP_Platform/scopy-fpga/main/export/main/sw/main/standalone_domain/bsplib/lib\libxil.a(xplatform_info.o)
                0x0000000001016310                XGetPlatform_Info
 .text          0x0000000001016318      0x6c0 C:/Users/Tom/Documents/Projects/Scopy_MVP_Platform/scopy-fpga/main/export/main/sw/main/standalone_domain/bsplib/lib\libxil.a(xil_printf.o)
                0x000000000101654c                xil_printf
 .text          0x00000000010169d8       0xe4 C:/Users/Tom/Documents/Projects/Scopy_MVP_Platform/scopy-fpga/main/export/main/sw/main/standalone_domain/bsplib/lib\libxil.a(xil_exception.o)
                0x00000000010169dc                Xil_DataAbortHandler
                0x0000000001016a0c                Xil_PrefetchAbortHandler
                0x0000000001016a3c                Xil_UndefinedExceptionHandler
                0x0000000001016a5c                Xil_ExceptionInit
                0x0000000001016a60                Xil_ExceptionRegisterHandler
                0x0000000001016a78                Xil_GetExceptionRegisterHandler
                0x0000000001016a98                Xil_ExceptionRemoveHandler
 .text          0x0000000001016abc        0x0 C:/Users/Tom/Documents/Projects/Scopy_MVP_Platform/scopy-fpga/main/export/main/sw/main/standalone_domain/bsplib/lib\libxil.a(asm_vectors.o)
 .text          0x0000000001016abc      0x5d4 C:/Users/Tom/Documents/Projects/Scopy_MVP_Platform/scopy-fpga/main/export/main/sw/main/standalone_domain/bsplib/lib\libxil.a(xttcps.o)
                0x0000000001016ae4                XTtcPs_CfgInitialize
                0x0000000001016c00                XTtcPs_SetMatchValue
                0x0000000001016cac                XTtcPs_GetMatchValue
                0x0000000001016d68                XTtcPs_SetPrescaler
                0x0000000001016e18                XTtcPs_GetPrescaler
                0x0000000001016eb0                XTtcPs_CalcIntervalFromFreq
                0x0000000001016f90                XTtcPs_InterruptHandler
                0x0000000001016ff0                XTtcPs_SetStatusHandler
 .text          0x0000000001017090       0x44 C:/Users/Tom/Documents/Projects/Scopy_MVP_Platform/scopy-fpga/main/export/main/sw/main/standalone_domain/bsplib/lib\libxil.a(xttcps_sinit.o)
                0x0000000001017090                XTtcPs_LookupConfig
 .text          0x00000000010170d4        0x0 C:/Users/Tom/Documents/Projects/Scopy_MVP_Platform/scopy-fpga/main/export/main/sw/main/standalone_domain/bsplib/lib\libxil.a(xttcps_g.o)
 .text          0x00000000010170d4      0x1ac C:/Users/Tom/Documents/Projects/Scopy_MVP_Platform/scopy-fpga/main/export/main/sw/main/standalone_domain/bsplib/lib\libxil.a(xttcps_options.o)
                0x00000000010170d4                XTtcPs_SetOptions
                0x00000000010171c8                XTtcPs_GetOptions
 .text          0x0000000001017280       0x88 C:/Users/Tom/Documents/Projects/Scopy_MVP_Platform/scopy-fpga/main/export/main/sw/main/standalone_domain/bsplib/lib\libxil.a(xuartps_hw.o)
                0x0000000001017280                XUartPs_SendByte
                0x0000000001017298                XUartPs_RecvByte
                0x00000000010172b4                XUartPs_ResetHw
 .text          0x0000000001017308        0x0 C:/Users/Tom/Documents/Projects/Scopy_MVP_Platform/scopy-fpga/main/export/main/sw/main/standalone_domain/bsplib/lib\libxil.a(xclk_wiz_g.o)
 .text          0x0000000001017308        0x0 C:/Users/Tom/Documents/Projects/Scopy_MVP_Platform/scopy-fpga/main/export/main/sw/main/standalone_domain/bsplib/lib\libxil.a(xscugic_g.o)
 .text          0x0000000001017308      0x448 C:/Users/Tom/Documents/Projects/Scopy_MVP_Platform/scopy-fpga/main/export/main/sw/main/standalone_domain/bsplib/lib\libxil.a(xspips_options.o)
                0x0000000001017308                XSpiPs_SetOptions
                0x000000000101740c                XSpiPs_GetOptions
                0x00000000010174c0                XSpiPs_SetClkPrescaler
                0x0000000001017580                XSpiPs_GetClkPrescaler
                0x0000000001017608                XSpiPs_SetDelays
                0x00000000010176b4                XSpiPs_GetDelays
 .text          0x0000000001017750       0x78 C:/Users/Tom/Documents/Projects/Scopy_MVP_Platform/scopy-fpga/main/export/main/sw/main/standalone_domain/bsplib/lib\libxil.a(vectors.o)
                0x0000000001017750                FIQInterrupt
                0x0000000001017764                IRQInterrupt
                0x0000000001017778                UndefinedException
                0x000000000101778c                SWInterrupt
                0x00000000010177a0                DataAbortInterrupt
                0x00000000010177b4                PrefetchAbortInterrupt
 .text          0x00000000010177c8        0x0 C:/Users/Tom/Documents/Projects/Scopy_MVP_Platform/scopy-fpga/main/export/main/sw/main/standalone_domain/bsplib/lib\libxil.a(boot.o)
 .text          0x00000000010177c8       0x78 C:/Users/Tom/Documents/Projects/Scopy_MVP_Platform/scopy-fpga/main/export/main/sw/main/standalone_domain/bsplib/lib\libxil.a(xil-crt0.o)
                0x00000000010177dc                _start
 .text          0x0000000001017840        0x0 C:/Users/Tom/Documents/Projects/Scopy_MVP_Platform/scopy-fpga/main/export/main/sw/main/standalone_domain/bsplib/lib\libxil.a(translation_table.o)
 .text          0x0000000001017840       0x3c C:/Users/Tom/Documents/Projects/Scopy_MVP_Platform/scopy-fpga/main/export/main/sw/main/standalone_domain/bsplib/lib\libxil.a(cpu_init.o)
                0x0000000001017840                __cpu_init
 .text          0x000000000101787c       0x4c C:/Users/Tom/Documents/Projects/Scopy_MVP_Platform/scopy-fpga/main/export/main/sw/main/standalone_domain/bsplib/lib\libxil.a(xtime_l.o)
                0x000000000101787c                XTime_SetTime
                0x00000000010178a0                XTime_GetTime
 .text          0x00000000010178c8      0x278 g:/xilinx/vitis/2019.2/gnu/aarch32/nt/gcc-arm-none-eabi/bin/../lib/gcc/arm-none-eabi/8.2.0/thumb/v7-a+fp/hard\libgcc.a(_udivsi3.o)
                0x00000000010178c8                __aeabi_uidiv
                0x00000000010178c8                __udivsi3
                0x0000000001017b24                __aeabi_uidivmod
 .text          0x0000000001017b40      0x2b0 g:/xilinx/vitis/2019.2/gnu/aarch32/nt/gcc-arm-none-eabi/bin/../lib/gcc/arm-none-eabi/8.2.0/thumb/v7-a+fp/hard\libgcc.a(_divsi3.o)
                0x0000000001017b40                __divsi3
                0x0000000001017b40                __aeabi_idiv
                0x0000000001017dd4                __aeabi_idivmod
 .text          0x0000000001017df0        0x4 g:/xilinx/vitis/2019.2/gnu/aarch32/nt/gcc-arm-none-eabi/bin/../lib/gcc/arm-none-eabi/8.2.0/thumb/v7-a+fp/hard\libgcc.a(_dvmd_tls.o)
                0x0000000001017df0                __aeabi_idiv0
                0x0000000001017df0                __aeabi_ldiv0
 .text          0x0000000001017df4      0x378 g:/xilinx/vitis/2019.2/gnu/aarch32/nt/gcc-arm-none-eabi/bin/../lib/gcc/arm-none-eabi/8.2.0/thumb/v7-a+fp/hard\libgcc.a(_arm_addsubdf3.o)
                0x0000000001017df4                __aeabi_drsub
                0x0000000001017dfc                __aeabi_dsub
                0x0000000001017dfc                __subdf3
                0x0000000001017e00                __aeabi_dadd
                0x0000000001017e00                __adddf3
                0x0000000001018078                __floatunsidf
                0x0000000001018078                __aeabi_ui2d
                0x0000000001018098                __floatsidf
                0x0000000001018098                __aeabi_i2d
                0x00000000010180bc                __aeabi_f2d
                0x00000000010180bc                __extendsfdf2
                0x0000000001018100                __floatundidf
                0x0000000001018100                __aeabi_ul2d
                0x0000000001018110                __floatdidf
                0x0000000001018110                __aeabi_l2d
 .text          0x000000000101816c      0x21c g:/xilinx/vitis/2019.2/gnu/aarch32/nt/gcc-arm-none-eabi/bin/../lib/gcc/arm-none-eabi/8.2.0/thumb/v7-a+fp/hard\libgcc.a(_arm_addsubsf3.o)
                0x000000000101816c                __aeabi_frsub
                0x0000000001018174                __subsf3
                0x0000000001018174                __aeabi_fsub
                0x0000000001018178                __aeabi_fadd
                0x0000000001018178                __addsf3
                0x00000000010182d8                __aeabi_ui2f
                0x00000000010182d8                __floatunsisf
                0x00000000010182e0                __aeabi_i2f
                0x00000000010182e0                __floatsisf
                0x00000000010182fc                __aeabi_ul2f
                0x00000000010182fc                __floatundisf
                0x000000000101830c                __aeabi_l2f
                0x000000000101830c                __floatdisf
 .text          0x0000000001018388       0xa0 g:/xilinx/vitis/2019.2/gnu/aarch32/nt/gcc-arm-none-eabi/bin/../lib/gcc/arm-none-eabi/8.2.0/thumb/v7-a+fp/hard\libgcc.a(_aeabi_ldivmod.o)
                0x0000000001018388                __aeabi_ldivmod
 .text          0x0000000001018428       0x30 g:/xilinx/vitis/2019.2/gnu/aarch32/nt/gcc-arm-none-eabi/bin/../lib/gcc/arm-none-eabi/8.2.0/thumb/v7-a+fp/hard\libgcc.a(_aeabi_uldivmod.o)
                0x0000000001018428                __aeabi_uldivmod
 .text          0x0000000001018458       0x28 g:/xilinx/vitis/2019.2/gnu/aarch32/nt/gcc-arm-none-eabi/bin/../lib/gcc/arm-none-eabi/8.2.0/thumb/v7-a+fp/hard\libgcc.a(_popcountsi2.o)
                0x0000000001018458                __popcountsi2
 .text          0x0000000001018480       0x40 g:/xilinx/vitis/2019.2/gnu/aarch32/nt/gcc-arm-none-eabi/bin/../lib/gcc/arm-none-eabi/8.2.0/thumb/v7-a+fp/hard\libgcc.a(_fixunssfdi.o)
                0x0000000001018480                __fixunssfdi
                0x0000000001018480                __aeabi_f2ulz
 .text          0x00000000010184c0       0x40 g:/xilinx/vitis/2019.2/gnu/aarch32/nt/gcc-arm-none-eabi/bin/../lib/gcc/arm-none-eabi/8.2.0/thumb/v7-a+fp/hard\libgcc.a(_fixunsdfdi.o)
                0x00000000010184c0                __fixunsdfdi
                0x00000000010184c0                __aeabi_d2ulz
 .text          0x0000000001018500      0x118 g:/xilinx/vitis/2019.2/gnu/aarch32/nt/gcc-arm-none-eabi/bin/../lib/gcc/arm-none-eabi/8.2.0/thumb/v7-a+fp/hard\libgcc.a(_udivmoddi4.o)
                0x0000000001018500                __udivmoddi4
 .text          0x0000000001018618       0x14 g:/xilinx/vitis/2019.2/gnu/aarch32/nt/gcc-arm-none-eabi/bin/../arm-none-eabi/libc/usr/lib/thumb/v7-a+fp/hard\libc.a(lib_a-calloc.o)
                0x0000000001018618                calloc
 .text          0x000000000101862c       0x64 g:/xilinx/vitis/2019.2/gnu/aarch32/nt/gcc-arm-none-eabi/bin/../arm-none-eabi/libc/usr/lib/thumb/v7-a+fp/hard\libc.a(lib_a-callocr.o)
                0x000000000101862c                _calloc_r
 .text          0x0000000001018690       0x20 g:/xilinx/vitis/2019.2/gnu/aarch32/nt/gcc-arm-none-eabi/bin/../arm-none-eabi/libc/usr/lib/thumb/v7-a+fp/hard\libc.a(lib_a-exit.o)
                0x0000000001018690                exit
 .text          0x00000000010186b0       0x30 g:/xilinx/vitis/2019.2/gnu/aarch32/nt/gcc-arm-none-eabi/bin/../arm-none-eabi/libc/usr/lib/thumb/v7-a+fp/hard\libc.a(lib_a-fini.o)
                0x00000000010186b0                __libc_fini_array
 .text          0x00000000010186e0        0x0 g:/xilinx/vitis/2019.2/gnu/aarch32/nt/gcc-arm-none-eabi/bin/../arm-none-eabi/libc/usr/lib/thumb/v7-a+fp/hard\libc.a(lib_a-impure.o)
 .text          0x00000000010186e0       0x50 g:/xilinx/vitis/2019.2/gnu/aarch32/nt/gcc-arm-none-eabi/bin/../arm-none-eabi/libc/usr/lib/thumb/v7-a+fp/hard\libc.a(lib_a-init.o)
                0x00000000010186e0                __libc_init_array
 .text          0x0000000001018730      0x9e0 g:/xilinx/vitis/2019.2/gnu/aarch32/nt/gcc-arm-none-eabi/bin/../arm-none-eabi/libc/usr/lib/thumb/v7-a+fp/hard\libc.a(lib_a-locale.o)
                0x000000000101879c                __loadlocale
                0x0000000001018e1c                __get_locale_env
                0x0000000001018e70                _setlocale_r
                0x00000000010190b4                __locale_mb_cur_max
                0x00000000010190d4                __locale_ctype_ptr_l
                0x00000000010190dc                __locale_ctype_ptr
                0x00000000010190fc                setlocale
 .text          0x0000000001019110       0x14 g:/xilinx/vitis/2019.2/gnu/aarch32/nt/gcc-arm-none-eabi/bin/../arm-none-eabi/libc/usr/lib/thumb/v7-a+fp/hard\libc.a(lib_a-malign.o)
                0x0000000001019110                memalign
 .text          0x0000000001019124       0xf4 g:/xilinx/vitis/2019.2/gnu/aarch32/nt/gcc-arm-none-eabi/bin/../arm-none-eabi/libc/usr/lib/thumb/v7-a+fp/hard\libc.a(lib_a-malignr.o)
                0x0000000001019124                _memalign_r
 .text          0x0000000001019218       0x20 g:/xilinx/vitis/2019.2/gnu/aarch32/nt/gcc-arm-none-eabi/bin/../arm-none-eabi/libc/usr/lib/thumb/v7-a+fp/hard\libc.a(lib_a-malloc.o)
                0x0000000001019218                malloc
                0x0000000001019228                free
 .text          0x0000000001019238      0x564 g:/xilinx/vitis/2019.2/gnu/aarch32/nt/gcc-arm-none-eabi/bin/../arm-none-eabi/libc/usr/lib/thumb/v7-a+fp/hard\libc.a(lib_a-mallocr.o)
                0x0000000001019238                _malloc_r
 .text          0x000000000101979c      0x4b8 g:/xilinx/vitis/2019.2/gnu/aarch32/nt/gcc-arm-none-eabi/bin/../arm-none-eabi/libc/usr/lib/thumb/v7-a+fp/hard\libc.a(lib_a-mbtowc_r.o)
                0x000000000101979c                _mbtowc_r
                0x00000000010197c4                __ascii_mbtowc
                0x00000000010197e8                __utf8_mbtowc
                0x00000000010199f0                __sjis_mbtowc
                0x0000000001019a74                __eucjp_mbtowc
                0x0000000001019b2c                __jis_mbtowc
 *fill*         0x0000000001019c54       0x2c 
 .text          0x0000000001019c80      0x5e0 g:/xilinx/vitis/2019.2/gnu/aarch32/nt/gcc-arm-none-eabi/bin/../arm-none-eabi/libc/usr/lib/thumb/v7-a+fp/hard\libc.a(lib_a-memcpy.o)
                0x0000000001019c80                memcpy
 .text          0x000000000101a260       0xd0 g:/xilinx/vitis/2019.2/gnu/aarch32/nt/gcc-arm-none-eabi/bin/../arm-none-eabi/libc/usr/lib/thumb/v7-a+fp/hard\libc.a(lib_a-memmove.o)
                0x000000000101a260                memmove
 .text          0x000000000101a330       0xa0 g:/xilinx/vitis/2019.2/gnu/aarch32/nt/gcc-arm-none-eabi/bin/../arm-none-eabi/libc/usr/lib/thumb/v7-a+fp/hard\libc.a(lib_a-memset.o)
                0x000000000101a330                memset
 .text          0x000000000101a3d0        0x8 g:/xilinx/vitis/2019.2/gnu/aarch32/nt/gcc-arm-none-eabi/bin/../arm-none-eabi/libc/usr/lib/thumb/v7-a+fp/hard\libc.a(lib_a-mlock.o)
                0x000000000101a3d0                __malloc_lock
                0x000000000101a3d4                __malloc_unlock
 .text          0x000000000101a3d8       0x4c g:/xilinx/vitis/2019.2/gnu/aarch32/nt/gcc-arm-none-eabi/bin/../arm-none-eabi/libc/usr/lib/thumb/v7-a+fp/hard\libc.a(lib_a-printf.o)
                0x000000000101a3d8                _printf_r
                0x000000000101a3f8                printf
 .text          0x000000000101a424       0x78 g:/xilinx/vitis/2019.2/gnu/aarch32/nt/gcc-arm-none-eabi/bin/../arm-none-eabi/libc/usr/lib/thumb/v7-a+fp/hard\libc.a(lib_a-puts.o)
                0x000000000101a424                _puts_r
                0x000000000101a48c                puts
 .text          0x000000000101a49c      0x5b4 g:/xilinx/vitis/2019.2/gnu/aarch32/nt/gcc-arm-none-eabi/bin/../arm-none-eabi/libc/usr/lib/thumb/v7-a+fp/hard\libc.a(lib_a-qsort.o)
                0x000000000101a49c                qsort
 .text          0x000000000101aa50       0x28 g:/xilinx/vitis/2019.2/gnu/aarch32/nt/gcc-arm-none-eabi/bin/../arm-none-eabi/libc/usr/lib/thumb/v7-a+fp/hard\libc.a(lib_a-sbrkr.o)
                0x000000000101aa50                _sbrk_r
 .text          0x000000000101aa78      0x114 g:/xilinx/vitis/2019.2/gnu/aarch32/nt/gcc-arm-none-eabi/bin/../arm-none-eabi/libc/usr/lib/thumb/v7-a+fp/hard\libc.a(lib_a-snprintf.o)
                0x000000000101aa78                _snprintf_r
                0x000000000101aafc                snprintf
 .text          0x000000000101ab8c       0x44 g:/xilinx/vitis/2019.2/gnu/aarch32/nt/gcc-arm-none-eabi/bin/../arm-none-eabi/libc/usr/lib/thumb/v7-a+fp/hard\libc.a(lib_a-strcasecmp.o)
                0x000000000101ab8c                strcasecmp
 .text          0x000000000101abd0       0x40 g:/xilinx/vitis/2019.2/gnu/aarch32/nt/gcc-arm-none-eabi/bin/../arm-none-eabi/libc/usr/lib/thumb/v7-a+fp/hard\libc.a(lib_a-strcat.o)
                0x000000000101abd0                strcat
 .text          0x000000000101ac10       0xe4 g:/xilinx/vitis/2019.2/gnu/aarch32/nt/gcc-arm-none-eabi/bin/../arm-none-eabi/libc/usr/lib/thumb/v7-a+fp/hard\libc.a(lib_a-strchr.o)
                0x000000000101ac10                strchr
 *fill*         0x000000000101acf4        0xc 
 .text          0x000000000101ad00      0x2dc g:/xilinx/vitis/2019.2/gnu/aarch32/nt/gcc-arm-none-eabi/bin/../arm-none-eabi/libc/usr/lib/thumb/v7-a+fp/hard\libc.a(lib_a-strcmp.o)
                0x000000000101ad08                strcmp
 .text          0x000000000101afdc       0xc4 g:/xilinx/vitis/2019.2/gnu/aarch32/nt/gcc-arm-none-eabi/bin/../arm-none-eabi/libc/usr/lib/thumb/v7-a+fp/hard\libc.a(lib_a-strcpy.o)
                0x000000000101afdc                strcpy
 .text          0x000000000101b0a0       0x58 g:/xilinx/vitis/2019.2/gnu/aarch32/nt/gcc-arm-none-eabi/bin/../arm-none-eabi/libc/usr/lib/thumb/v7-a+fp/hard\libc.a(lib_a-strlcpy.o)
                0x000000000101b0a0                strlcpy
 *fill*         0x000000000101b0f8        0x8 
 .text          0x000000000101b100       0xdc g:/xilinx/vitis/2019.2/gnu/aarch32/nt/gcc-arm-none-eabi/bin/../arm-none-eabi/libc/usr/lib/thumb/v7-a+fp/hard\libc.a(lib_a-strlen.o)
                0x000000000101b100                strlen
 .text          0x000000000101b1dc       0x5c g:/xilinx/vitis/2019.2/gnu/aarch32/nt/gcc-arm-none-eabi/bin/../arm-none-eabi/libc/usr/lib/thumb/v7-a+fp/hard\libc.a(lib_a-strncasecmp.o)
                0x000000000101b1dc                strncasecmp
 .text          0x000000000101b238       0xa4 g:/xilinx/vitis/2019.2/gnu/aarch32/nt/gcc-arm-none-eabi/bin/../arm-none-eabi/libc/usr/lib/thumb/v7-a+fp/hard\libc.a(lib_a-strncmp.o)
                0x000000000101b238                strncmp
 .text          0x000000000101b2dc       0x80 g:/xilinx/vitis/2019.2/gnu/aarch32/nt/gcc-arm-none-eabi/bin/../arm-none-eabi/libc/usr/lib/thumb/v7-a+fp/hard\libc.a(lib_a-strncpy.o)
                0x000000000101b2dc                strncpy
 .text          0x000000000101b35c      0x198 g:/xilinx/vitis/2019.2/gnu/aarch32/nt/gcc-arm-none-eabi/bin/../arm-none-eabi/libc/usr/lib/thumb/v7-a+fp/hard\libc.a(lib_a-strtol.o)
                0x000000000101b47c                _strtol_r
                0x000000000101b4a4                strtol_l
                0x000000000101b4c4                strtol
 *fill*         0x000000000101b4f4        0x4 
 .text          0x000000000101b4f8     0x1b4c g:/xilinx/vitis/2019.2/gnu/aarch32/nt/gcc-arm-none-eabi/bin/../arm-none-eabi/libc/usr/lib/thumb/v7-a+fp/hard\libc.a(lib_a-svfprintf.o)
                0x000000000101b4f8                _svfprintf_r
 *fill*         0x000000000101d044        0x4 
 .text          0x000000000101d048     0x1c28 g:/xilinx/vitis/2019.2/gnu/aarch32/nt/gcc-arm-none-eabi/bin/../arm-none-eabi/libc/usr/lib/thumb/v7-a+fp/hard\libc.a(lib_a-vfprintf.o)
                0x000000000101d048                _vfprintf_r
                0x000000000101ebe8                vfprintf
 .text          0x000000000101ec70       0x8c g:/xilinx/vitis/2019.2/gnu/aarch32/nt/gcc-arm-none-eabi/bin/../arm-none-eabi/libc/usr/lib/thumb/v7-a+fp/hard\libc.a(lib_a-vsnprintf.o)
                0x000000000101ec70                _vsnprintf_r
                0x000000000101ecdc                vsnprintf
 .text          0x000000000101ecfc       0xac g:/xilinx/vitis/2019.2/gnu/aarch32/nt/gcc-arm-none-eabi/bin/../arm-none-eabi/libc/usr/lib/thumb/v7-a+fp/hard\libc.a(lib_a-wcrtomb.o)
                0x000000000101ecfc                _wcrtomb_r
                0x000000000101ed50                wcrtomb
 .text          0x000000000101eda8       0x3c g:/xilinx/vitis/2019.2/gnu/aarch32/nt/gcc-arm-none-eabi/bin/../arm-none-eabi/libc/usr/lib/thumb/v7-a+fp/hard\libc.a(lib_a-wcsrtombs.o)
                0x000000000101eda8                _wcsrtombs_r
                0x000000000101edc0                wcsrtombs
 .text          0x000000000101ede4      0x22c g:/xilinx/vitis/2019.2/gnu/aarch32/nt/gcc-arm-none-eabi/bin/../arm-none-eabi/libc/usr/lib/thumb/v7-a+fp/hard\libc.a(lib_a-wctomb_r.o)
                0x000000000101ede4                _wctomb_r
                0x000000000101ee0c                __ascii_wctomb
                0x000000000101ee24                __utf8_wctomb
                0x000000000101eec8                __sjis_wctomb
                0x000000000101ef1c                __eucjp_wctomb
                0x000000000101ef8c                __jis_wctomb
 .text          0x000000000101f010       0xc8 g:/xilinx/vitis/2019.2/gnu/aarch32/nt/gcc-arm-none-eabi/bin/../arm-none-eabi/libc/usr/lib/thumb/v7-a+fp/hard\libc.a(lib_a-wsetup.o)
                0x000000000101f010                __swsetup_r
 .text          0x000000000101f0d8       0xdc g:/xilinx/vitis/2019.2/gnu/aarch32/nt/gcc-arm-none-eabi/bin/../arm-none-eabi/libc/usr/lib/thumb/v7-a+fp/hard\libc.a(lib_a-__call_atexit.o)
                0x000000000101f0d8                __call_exitprocs
 .text          0x000000000101f1b4       0x10 g:/xilinx/vitis/2019.2/gnu/aarch32/nt/gcc-arm-none-eabi/bin/../arm-none-eabi/libc/usr/lib/thumb/v7-a+fp/hard\libc.a(lib_a-ctype_.o)
                0x000000000101f1b4                __set_ctype
 *fill*         0x000000000101f1c4        0x4 
 .text          0x000000000101f1c8      0xe54 g:/xilinx/vitis/2019.2/gnu/aarch32/nt/gcc-arm-none-eabi/bin/../arm-none-eabi/libc/usr/lib/thumb/v7-a+fp/hard\libc.a(lib_a-dtoa.o)
                0x000000000101f310                _dtoa_r
 .text          0x000000000102001c      0x1a8 g:/xilinx/vitis/2019.2/gnu/aarch32/nt/gcc-arm-none-eabi/bin/../arm-none-eabi/libc/usr/lib/thumb/v7-a+fp/hard\libc.a(lib_a-fflush.o)
                0x000000000102001c                __sflush_r
                0x0000000001020168                _fflush_r
                0x000000000102019c                fflush
 .text          0x00000000010201c4      0x210 g:/xilinx/vitis/2019.2/gnu/aarch32/nt/gcc-arm-none-eabi/bin/../arm-none-eabi/libc/usr/lib/thumb/v7-a+fp/hard\libc.a(lib_a-findfp.o)
                0x00000000010201c8                _cleanup_r
                0x00000000010202bc                __sfmoreglue
                0x00000000010202ec                __sfp
                0x0000000001020374                _cleanup
                0x000000000102038c                __sinit
                0x0000000001020394                __sfp_lock_acquire
                0x0000000001020398                __sfp_lock_release
                0x000000000102039c                __sinit_lock_acquire
                0x00000000010203a0                __sinit_lock_release
                0x00000000010203a4                __fp_lock_all
                0x00000000010203bc                __fp_unlock_all
 .text          0x00000000010203d4      0x29c g:/xilinx/vitis/2019.2/gnu/aarch32/nt/gcc-arm-none-eabi/bin/../arm-none-eabi/libc/usr/lib/thumb/v7-a+fp/hard\libc.a(lib_a-freer.o)
                0x00000000010203d4                _malloc_trim_r
                0x0000000001020480                _free_r
 .text          0x0000000001020670      0x32c g:/xilinx/vitis/2019.2/gnu/aarch32/nt/gcc-arm-none-eabi/bin/../arm-none-eabi/libc/usr/lib/thumb/v7-a+fp/hard\libc.a(lib_a-fvwrite.o)
                0x0000000001020670                __sfvwrite_r
 .text          0x000000000102099c       0x98 g:/xilinx/vitis/2019.2/gnu/aarch32/nt/gcc-arm-none-eabi/bin/../arm-none-eabi/libc/usr/lib/thumb/v7-a+fp/hard\libc.a(lib_a-fwalk.o)
                0x000000000102099c                _fwalk
                0x00000000010209e4                _fwalk_reent
 .text          0x0000000001020a34       0x98 g:/xilinx/vitis/2019.2/gnu/aarch32/nt/gcc-arm-none-eabi/bin/../arm-none-eabi/libc/usr/lib/thumb/v7-a+fp/hard\libc.a(lib_a-getenv_r.o)
                0x0000000001020a34                _findenv_r
                0x0000000001020abc                _getenv_r
 .text          0x0000000001020acc       0x44 g:/xilinx/vitis/2019.2/gnu/aarch32/nt/gcc-arm-none-eabi/bin/../arm-none-eabi/libc/usr/lib/thumb/v7-a+fp/hard\libc.a(lib_a-localeconv.o)
                0x0000000001020acc                __localeconv_l
                0x0000000001020ad0                _localeconv_r
                0x0000000001020af0                localeconv
 .text          0x0000000001020b10       0xf8 g:/xilinx/vitis/2019.2/gnu/aarch32/nt/gcc-arm-none-eabi/bin/../arm-none-eabi/libc/usr/lib/thumb/v7-a+fp/hard\libc.a(lib_a-makebuf.o)
                0x0000000001020b10                __swhatbuf_r
                0x0000000001020b6c                __smakebuf_r
 *fill*         0x0000000001020c08        0x8 
 .text          0x0000000001020c10       0xa0 g:/xilinx/vitis/2019.2/gnu/aarch32/nt/gcc-arm-none-eabi/bin/../arm-none-eabi/libc/usr/lib/thumb/v7-a+fp/hard\libc.a(lib_a-memchr.o)
                0x0000000001020c10                memchr
 .text          0x0000000001020cb0      0x8fc g:/xilinx/vitis/2019.2/gnu/aarch32/nt/gcc-arm-none-eabi/bin/../arm-none-eabi/libc/usr/lib/thumb/v7-a+fp/hard\libc.a(lib_a-mprec.o)
                0x0000000001020cb0                _Balloc
                0x0000000001020cfc                _Bfree
                0x0000000001020d10                __multadd
                0x0000000001020da0                __s2b
                0x0000000001020e38                __hi0bits
                0x0000000001020e78                __lo0bits
                0x0000000001020ed4                __i2b
                0x0000000001020ee8                __multiply
                0x0000000001021028                __pow5mult
                0x00000000010210cc                __lshift
                0x0000000001021188                __mcmp
                0x00000000010211c4                __mdiff
                0x00000000010212cc                __ulp
                0x000000000102131c                __b2d
                0x00000000010213cc                __d2b
                0x0000000001021480                __ratio
                0x00000000010214e0                _mprec_log10
                0x0000000001021508                __copybits
                0x0000000001021550                __any_on
 .text          0x00000000010215ac      0x374 g:/xilinx/vitis/2019.2/gnu/aarch32/nt/gcc-arm-none-eabi/bin/../arm-none-eabi/libc/usr/lib/thumb/v7-a+fp/hard\libc.a(lib_a-reallocr.o)
                0x00000000010215ac                _realloc_r
 .text          0x0000000001021920       0xa4 g:/xilinx/vitis/2019.2/gnu/aarch32/nt/gcc-arm-none-eabi/bin/../arm-none-eabi/libc/usr/lib/thumb/v7-a+fp/hard\libc.a(lib_a-reent.o)
                0x0000000001021920                cleanup_glue
                0x000000000102193c                _reclaim_reent
 *fill*         0x00000000010219c4        0x4 
 .text          0x00000000010219c8       0x80 g:/xilinx/vitis/2019.2/gnu/aarch32/nt/gcc-arm-none-eabi/bin/../arm-none-eabi/libc/usr/lib/thumb/v7-a+fp/hard\libc.a(lib_a-s_frexp.o)
                0x00000000010219c8                frexp
 .text          0x0000000001021a48       0x90 g:/xilinx/vitis/2019.2/gnu/aarch32/nt/gcc-arm-none-eabi/bin/../arm-none-eabi/libc/usr/lib/thumb/v7-a+fp/hard\libc.a(lib_a-stdio.o)
                0x0000000001021a48                __sread
                0x0000000001021a6c                __seofread
                0x0000000001021a70                __swrite
                0x0000000001021ab0                __sseek
                0x0000000001021ad0                __sclose
 .text          0x0000000001021ad8      0xe90 g:/xilinx/vitis/2019.2/gnu/aarch32/nt/gcc-arm-none-eabi/bin/../arm-none-eabi/libc/usr/lib/thumb/v7-a+fp/hard\libc.a(lib_a-svfiprintf.o)
                0x0000000001021ad8                __ssprint_r
                0x0000000001021bd0                _svfiprintf_r
 .text          0x0000000001022968     0x108c g:/xilinx/vitis/2019.2/gnu/aarch32/nt/gcc-arm-none-eabi/bin/../arm-none-eabi/libc/usr/lib/thumb/v7-a+fp/hard\libc.a(lib_a-vfiprintf.o)
                0x00000000010229dc                __sprint_r
                0x00000000010229f0                _vfiprintf_r
                0x000000000102396c                vfiprintf
 .text          0x00000000010239f4      0x15c g:/xilinx/vitis/2019.2/gnu/aarch32/nt/gcc-arm-none-eabi/bin/../arm-none-eabi/libc/usr/lib/thumb/v7-a+fp/hard\libc.a(lib_a-wcsnrtombs.o)
                0x00000000010239f4                _wcsnrtombs_l
                0x0000000001023ae8                _wcsnrtombs_r
                0x0000000001023b18                wcsnrtombs
 .text          0x0000000001023b50       0x2c g:/xilinx/vitis/2019.2/gnu/aarch32/nt/gcc-arm-none-eabi/bin/../arm-none-eabi/libc/usr/lib/thumb/v7-a+fp/hard\libc.a(lib_a-writer.o)
                0x0000000001023b50                _write_r
 .text          0x0000000001023b7c       0x28 g:/xilinx/vitis/2019.2/gnu/aarch32/nt/gcc-arm-none-eabi/bin/../arm-none-eabi/libc/usr/lib/thumb/v7-a+fp/hard\libc.a(lib_a-closer.o)
                0x0000000001023b7c                _close_r
 .text          0x0000000001023ba4        0x0 g:/xilinx/vitis/2019.2/gnu/aarch32/nt/gcc-arm-none-eabi/bin/../arm-none-eabi/libc/usr/lib/thumb/v7-a+fp/hard\libc.a(lib_a-environ.o)
 .text          0x0000000001023ba4        0x8 g:/xilinx/vitis/2019.2/gnu/aarch32/nt/gcc-arm-none-eabi/bin/../arm-none-eabi/libc/usr/lib/thumb/v7-a+fp/hard\libc.a(lib_a-envlock.o)
                0x0000000001023ba4                __env_lock
                0x0000000001023ba8                __env_unlock
 .text          0x0000000001023bac       0x98 g:/xilinx/vitis/2019.2/gnu/aarch32/nt/gcc-arm-none-eabi/bin/../arm-none-eabi/libc/usr/lib/thumb/v7-a+fp/hard\libc.a(lib_a-fclose.o)
                0x0000000001023bac                _fclose_r
                0x0000000001023c34                fclose
 .text          0x0000000001023c44      0x11c g:/xilinx/vitis/2019.2/gnu/aarch32/nt/gcc-arm-none-eabi/bin/../arm-none-eabi/libc/usr/lib/thumb/v7-a+fp/hard\libc.a(lib_a-fputwc.o)
                0x0000000001023c44                __fputwc
                0x0000000001023cf4                _fputwc_r
                0x0000000001023d1c                fputwc
 .text          0x0000000001023d60       0x2c g:/xilinx/vitis/2019.2/gnu/aarch32/nt/gcc-arm-none-eabi/bin/../arm-none-eabi/libc/usr/lib/thumb/v7-a+fp/hard\libc.a(lib_a-fstatr.o)
                0x0000000001023d60                _fstat_r
 .text          0x0000000001023d8c       0x28 g:/xilinx/vitis/2019.2/gnu/aarch32/nt/gcc-arm-none-eabi/bin/../arm-none-eabi/libc/usr/lib/thumb/v7-a+fp/hard\libc.a(lib_a-isattyr.o)
                0x0000000001023d8c                _isatty_r
 .text          0x0000000001023db4       0x2c g:/xilinx/vitis/2019.2/gnu/aarch32/nt/gcc-arm-none-eabi/bin/../arm-none-eabi/libc/usr/lib/thumb/v7-a+fp/hard\libc.a(lib_a-lseekr.o)
                0x0000000001023db4                _lseek_r
 .text          0x0000000001023de0       0x2c g:/xilinx/vitis/2019.2/gnu/aarch32/nt/gcc-arm-none-eabi/bin/../arm-none-eabi/libc/usr/lib/thumb/v7-a+fp/hard\libc.a(lib_a-readr.o)
                0x0000000001023de0                _read_r
 .text          0x0000000001023e0c       0xc4 g:/xilinx/vitis/2019.2/gnu/aarch32/nt/gcc-arm-none-eabi/bin/../arm-none-eabi/libc/usr/lib/thumb/v7-a+fp/hard\libc.a(lib_a-wbuf.o)
                0x0000000001023e0c                __swbuf_r
                0x0000000001023ebc                __swbuf
 .text          0x0000000001023ed0       0x40 C:/Users/Tom/Documents/Projects/Scopy_MVP_Platform/scopy-fpga/main/export/main/sw/main/standalone_domain/bsplib/lib\libxil.a(_sbrk.o)
                0x0000000001023ed0                _sbrk
 .text          0x0000000001023f10       0x30 C:/Users/Tom/Documents/Projects/Scopy_MVP_Platform/scopy-fpga/main/export/main/sw/main/standalone_domain/bsplib/lib\libxil.a(lseek.o)
                0x0000000001023f10                lseek
                0x0000000001023f28                _lseek
 .text          0x0000000001023f40       0x70 C:/Users/Tom/Documents/Projects/Scopy_MVP_Platform/scopy-fpga/main/export/main/sw/main/standalone_domain/bsplib/lib\libxil.a(write.o)
                0x0000000001023f40                write
                0x0000000001023fac                _write
 .text          0x0000000001023fb0       0x60 C:/Users/Tom/Documents/Projects/Scopy_MVP_Platform/scopy-fpga/main/export/main/sw/main/standalone_domain/bsplib/lib\libxil.a(read.o)
                0x0000000001023fb0                read
                0x000000000102400c                _read
 .text          0x0000000001024010       0x10 C:/Users/Tom/Documents/Projects/Scopy_MVP_Platform/scopy-fpga/main/export/main/sw/main/standalone_domain/bsplib/lib\libxil.a(fstat.o)
                0x0000000001024010                _fstat
 .text          0x0000000001024020       0x10 C:/Users/Tom/Documents/Projects/Scopy_MVP_Platform/scopy-fpga/main/export/main/sw/main/standalone_domain/bsplib/lib\libxil.a(errno.o)
                0x0000000001024020                __errno
 .text          0x0000000001024030        0x4 C:/Users/Tom/Documents/Projects/Scopy_MVP_Platform/scopy-fpga/main/export/main/sw/main/standalone_domain/bsplib/lib\libxil.a(_exit.o)
                0x0000000001024030                _exit
 .text          0x0000000001024034       0x10 C:/Users/Tom/Documents/Projects/Scopy_MVP_Platform/scopy-fpga/main/export/main/sw/main/standalone_domain/bsplib/lib\libxil.a(isatty.o)
                0x0000000001024034                isatty
                0x000000000102403c                _isatty
 .text          0x0000000001024044        0xc C:/Users/Tom/Documents/Projects/Scopy_MVP_Platform/scopy-fpga/main/export/main/sw/main/standalone_domain/bsplib/lib\libxil.a(inbyte.o)
                0x0000000001024044                inbyte
 .text          0x0000000001024050        0x8 C:/Users/Tom/Documents/Projects/Scopy_MVP_Platform/scopy-fpga/main/export/main/sw/main/standalone_domain/bsplib/lib\libxil.a(close.o)
                0x0000000001024050                _close
 .text          0x0000000001024058        0x0 g:/xilinx/vitis/2019.2/gnu/aarch32/nt/gcc-arm-none-eabi/bin/../lib/gcc/arm-none-eabi/8.2.0/thumb/v7-a+fp/hard/crtend.o
 .text          0x0000000001024058        0x0 g:/xilinx/vitis/2019.2/gnu/aarch32/nt/gcc-arm-none-eabi/bin/../lib/gcc/arm-none-eabi/8.2.0/thumb/v7-a+fp/hard/crtn.o
 *(.text.*)
 .text.startup  0x0000000001024058       0x2c ./src/main.o
                0x0000000001024058                main
 *fill*         0x0000000001024084        0x4 
 .text.startup.__stub
                0x0000000001024088       0x18 linker stubs
 *(.gnu.linkonce.t.*)
 *(.plt)
 *(.gnu_warning)
 *(.gcc_execpt_table)
 *(.glue_7)
 .glue_7        0x00000000010240a0        0x0 linker stubs
 *(.glue_7t)
 .glue_7t       0x00000000010240a0        0x0 linker stubs
 *(.vfp11_veneer)
 .vfp11_veneer  0x00000000010240a0        0x0 linker stubs
 *(.ARM.extab)
 .ARM.extab     0x00000000010240a0        0x0 g:/xilinx/vitis/2019.2/gnu/aarch32/nt/gcc-arm-none-eabi/bin/../lib/gcc/arm-none-eabi/8.2.0/thumb/v7-a+fp/hard\libgcc.a(_udivmoddi4.o)
 *(.gnu.linkonce.armextab.*)

.v4_bx          0x00000000010240a0        0x0
 .v4_bx         0x00000000010240a0        0x0 linker stubs

.iplt           0x00000000010240a0        0x0
 .iplt          0x00000000010240a0        0x0 g:/xilinx/vitis/2019.2/gnu/aarch32/nt/gcc-arm-none-eabi/bin/../lib/gcc/arm-none-eabi/8.2.0/thumb/v7-a+fp/hard/crtbegin.o

.force_ocm
 *(.force_ocm)

.init           0x00000000010240a0        0xc
 *(.init)
 .init          0x00000000010240a0        0x4 g:/xilinx/vitis/2019.2/gnu/aarch32/nt/gcc-arm-none-eabi/bin/../lib/gcc/arm-none-eabi/8.2.0/thumb/v7-a+fp/hard/crti.o
                0x00000000010240a0                _init
 .init          0x00000000010240a4        0x8 g:/xilinx/vitis/2019.2/gnu/aarch32/nt/gcc-arm-none-eabi/bin/../lib/gcc/arm-none-eabi/8.2.0/thumb/v7-a+fp/hard/crtn.o

.fini           0x00000000010240ac        0xc
 *(.fini)
 .fini          0x00000000010240ac        0x4 g:/xilinx/vitis/2019.2/gnu/aarch32/nt/gcc-arm-none-eabi/bin/../lib/gcc/arm-none-eabi/8.2.0/thumb/v7-a+fp/hard/crti.o
                0x00000000010240ac                _fini
 .fini          0x00000000010240b0        0x8 g:/xilinx/vitis/2019.2/gnu/aarch32/nt/gcc-arm-none-eabi/bin/../lib/gcc/arm-none-eabi/8.2.0/thumb/v7-a+fp/hard/crtn.o

.rodata         0x00000000010240b8    0x43a9c
                0x00000000010240b8                __rodata_start = .
 *(.rodata)
 .rodata        0x00000000010240b8    0x40000 ./src/demo_norway.o
                0x00000000010240b8                norway_512x512_grey
 .rodata        0x00000000010640b8       0x18 ./src/fabric_config.o
                0x00000000010640b8                fabcfg_dummy_tests
 .rodata        0x00000000010640d0      0x258 ./src/spi_commands.o
                0x00000000010640d0                spi_command_defs
 .rodata        0x0000000001064328       0x54 C:/Users/Tom/Documents/Projects/Scopy_MVP_Platform/scopy-fpga/main/export/main/sw/main/standalone_domain/bsplib/lib\libxil.a(xttcps_options.o)
 .rodata        0x000000000106437c       0x30 C:/Users/Tom/Documents/Projects/Scopy_MVP_Platform/scopy-fpga/main/export/main/sw/main/standalone_domain/bsplib/lib\libxil.a(xspips_options.o)
 .rodata        0x00000000010643ac        0x4 g:/xilinx/vitis/2019.2/gnu/aarch32/nt/gcc-arm-none-eabi/bin/../arm-none-eabi/libc/usr/lib/thumb/v7-a+fp/hard\libc.a(lib_a-impure.o)
                0x00000000010643ac                _global_impure_ptr
 .rodata        0x00000000010643b0      0x188 g:/xilinx/vitis/2019.2/gnu/aarch32/nt/gcc-arm-none-eabi/bin/../arm-none-eabi/libc/usr/lib/thumb/v7-a+fp/hard\libc.a(lib_a-locale.o)
                0x00000000010643cc                __C_locale
 .rodata        0x0000000001064538       0x90 g:/xilinx/vitis/2019.2/gnu/aarch32/nt/gcc-arm-none-eabi/bin/../arm-none-eabi/libc/usr/lib/thumb/v7-a+fp/hard\libc.a(lib_a-mbtowc_r.o)
 .rodata        0x00000000010645c8       0x20 g:/xilinx/vitis/2019.2/gnu/aarch32/nt/gcc-arm-none-eabi/bin/../arm-none-eabi/libc/usr/lib/thumb/v7-a+fp/hard\libc.a(lib_a-svfprintf.o)
 .rodata        0x00000000010645e8       0x20 g:/xilinx/vitis/2019.2/gnu/aarch32/nt/gcc-arm-none-eabi/bin/../arm-none-eabi/libc/usr/lib/thumb/v7-a+fp/hard\libc.a(lib_a-vfprintf.o)
 .rodata        0x0000000001064608      0x101 g:/xilinx/vitis/2019.2/gnu/aarch32/nt/gcc-arm-none-eabi/bin/../arm-none-eabi/libc/usr/lib/thumb/v7-a+fp/hard\libc.a(lib_a-ctype_.o)
                0x0000000001064608                _ctype_
 *fill*         0x0000000001064709        0x7 
 .rodata        0x0000000001064710      0x128 g:/xilinx/vitis/2019.2/gnu/aarch32/nt/gcc-arm-none-eabi/bin/../arm-none-eabi/libc/usr/lib/thumb/v7-a+fp/hard\libc.a(lib_a-mprec.o)
                0x0000000001064720                __mprec_tens
                0x00000000010647e8                __mprec_tinytens
                0x0000000001064810                __mprec_bigtens
 .rodata        0x0000000001064838       0x20 g:/xilinx/vitis/2019.2/gnu/aarch32/nt/gcc-arm-none-eabi/bin/../arm-none-eabi/libc/usr/lib/thumb/v7-a+fp/hard\libc.a(lib_a-svfiprintf.o)
 .rodata        0x0000000001064858       0x20 g:/xilinx/vitis/2019.2/gnu/aarch32/nt/gcc-arm-none-eabi/bin/../arm-none-eabi/libc/usr/lib/thumb/v7-a+fp/hard\libc.a(lib_a-vfiprintf.o)
 *(.rodata.*)
 .rodata.str1.4
                0x0000000001064878      0x176 ./src/acq_hacks.o
 *fill*         0x00000000010649ee        0x2 
 .rodata.str1.4
                0x00000000010649f0     0x1353 ./src/acquire.o
                                       0x1357 (size before relaxing)
 *fill*         0x0000000001065d43        0x1 
 .rodata.str1.4
                0x0000000001065d44      0x3a2 ./src/clkwiz_interface.o
                                        0x3a6 (size before relaxing)
 *fill*         0x00000000010660e6        0x2 
 .rodata.str1.4
                0x00000000010660e8      0x23a ./src/fabric_config.o
                                        0x23e (size before relaxing)
 *fill*         0x0000000001066322        0x2 
 .rodata.str1.4
                0x0000000001066324      0x457 ./src/hal.o
                                        0x487 (size before relaxing)
 *fill*         0x000000000106677b        0x1 
 .rodata.str1.4
                0x000000000106677c       0xaa ./src/mipi_csi_hacks.o
 *fill*         0x0000000001066826        0x2 
 .rodata.str1.4
                0x0000000001066828      0x261 ./src/spi.o
                                        0x28d (size before relaxing)
 *fill*         0x0000000001066a89        0x3 
 .rodata.str1.4
                0x0000000001066a8c      0x28b ./src/spi_commands.o
 *fill*         0x0000000001066d17        0x1 
 .rodata.str1.4
                0x0000000001066d18       0xc6 ./src/system_control.o
                                         0xf2 (size before relaxing)
 *fill*         0x0000000001066dde        0x2 
 .rodata.str1.4
                0x0000000001066de0      0x145 ./src/trigger.o
                                        0x149 (size before relaxing)
 *fill*         0x0000000001066f25        0x3 
 .rodata.str1.4
                0x0000000001066f28      0x1ef C:/Users/Tom/Documents/Projects/Scopy_MVP_Platform/scopy-fpga/main/export/main/sw/main/standalone_domain/bsplib/lib\libxil.a(xaxidma.o)
 *fill*         0x0000000001067117        0x1 
 .rodata.str1.4
                0x0000000001067118      0x6f4 C:/Users/Tom/Documents/Projects/Scopy_MVP_Platform/scopy-fpga/main/export/main/sw/main/standalone_domain/bsplib/lib\libxil.a(xaxidma_bdring.o)
                                        0x6f7 (size before relaxing)
 .rodata.str1.4
                0x000000000106780c        0xb C:/Users/Tom/Documents/Projects/Scopy_MVP_Platform/scopy-fpga/main/export/main/sw/main/standalone_domain/bsplib/lib\libxil.a(xclk_wiz.o)
 *fill*         0x0000000001067817        0x1 
 .rodata.str1.4
                0x0000000001067818        0xa C:/Users/Tom/Documents/Projects/Scopy_MVP_Platform/scopy-fpga/main/export/main/sw/main/standalone_domain/bsplib/lib\libxil.a(xgpiops.o)
 *fill*         0x0000000001067822        0x2 
 .rodata.str1.4
                0x0000000001067824        0xf C:/Users/Tom/Documents/Projects/Scopy_MVP_Platform/scopy-fpga/main/export/main/sw/main/standalone_domain/bsplib/lib\libxil.a(xgpiops_intr.o)
 *fill*         0x0000000001067833        0x1 
 .rodata.str1.4
                0x0000000001067834        0xf C:/Users/Tom/Documents/Projects/Scopy_MVP_Platform/scopy-fpga/main/export/main/sw/main/standalone_domain/bsplib/lib\libxil.a(xscugic_intr.o)
 *fill*         0x0000000001067843        0x1 
 .rodata.str1.4
                0x0000000001067844        0xa C:/Users/Tom/Documents/Projects/Scopy_MVP_Platform/scopy-fpga/main/export/main/sw/main/standalone_domain/bsplib/lib\libxil.a(xscugic.o)
 *fill*         0x000000000106784e        0x2 
 .rodata.str1.4
                0x0000000001067850       0x13 C:/Users/Tom/Documents/Projects/Scopy_MVP_Platform/scopy-fpga/main/export/main/sw/main/standalone_domain/bsplib/lib\libxil.a(xscugic_selftest.o)
 *fill*         0x0000000001067863        0x1 
 .rodata.str1.4
                0x0000000001067864        0xc C:/Users/Tom/Documents/Projects/Scopy_MVP_Platform/scopy-fpga/main/export/main/sw/main/standalone_domain/bsplib/lib\libxil.a(xscutimer.o)
 .rodata.str1.4
                0x0000000001067870       0x15 C:/Users/Tom/Documents/Projects/Scopy_MVP_Platform/scopy-fpga/main/export/main/sw/main/standalone_domain/bsplib/lib\libxil.a(xscutimer_selftest.o)
 *fill*         0x0000000001067885        0x3 
 .rodata.str1.4
                0x0000000001067888        0x9 C:/Users/Tom/Documents/Projects/Scopy_MVP_Platform/scopy-fpga/main/export/main/sw/main/standalone_domain/bsplib/lib\libxil.a(xspips.o)
 *fill*         0x0000000001067891        0x3 
 .rodata.str1.4
                0x0000000001067894       0x12 C:/Users/Tom/Documents/Projects/Scopy_MVP_Platform/scopy-fpga/main/export/main/sw/main/standalone_domain/bsplib/lib\libxil.a(xspips_selftest.o)
 *fill*         0x00000000010678a6        0x2 
 .rodata.str1.4
                0x00000000010678a8       0x11 C:/Users/Tom/Documents/Projects/Scopy_MVP_Platform/scopy-fpga/main/export/main/sw/main/standalone_domain/bsplib/lib\libxil.a(xil_printf.o)
 *fill*         0x00000000010678b9        0x3 
 .rodata.str1.4
                0x00000000010678bc       0xfe C:/Users/Tom/Documents/Projects/Scopy_MVP_Platform/scopy-fpga/main/export/main/sw/main/standalone_domain/bsplib/lib\libxil.a(xil_exception.o)
 *fill*         0x00000000010679ba        0x2 
 .rodata.str1.4
                0x00000000010679bc        0x9 C:/Users/Tom/Documents/Projects/Scopy_MVP_Platform/scopy-fpga/main/export/main/sw/main/standalone_domain/bsplib/lib\libxil.a(xttcps.o)
 *fill*         0x00000000010679c5        0x3 
 .rodata.str1.4
                0x00000000010679c8       0x11 C:/Users/Tom/Documents/Projects/Scopy_MVP_Platform/scopy-fpga/main/export/main/sw/main/standalone_domain/bsplib/lib\libxil.a(xttcps_options.o)
 *fill*         0x00000000010679d9        0x3 
 .rodata.str1.4
                0x00000000010679dc       0x11 C:/Users/Tom/Documents/Projects/Scopy_MVP_Platform/scopy-fpga/main/export/main/sw/main/standalone_domain/bsplib/lib\libxil.a(xspips_options.o)
 *fill*         0x00000000010679ed        0x3 
 .rodata.str1.4
                0x00000000010679f0      0x128 g:/xilinx/vitis/2019.2/gnu/aarch32/nt/gcc-arm-none-eabi/bin/../arm-none-eabi/libc/usr/lib/thumb/v7-a+fp/hard\libc.a(lib_a-locale.o)
                                        0x130 (size before relaxing)
 .rodata.str1.4
                0x0000000001067b18      0x128 g:/xilinx/vitis/2019.2/gnu/aarch32/nt/gcc-arm-none-eabi/bin/../arm-none-eabi/libc/usr/lib/thumb/v7-a+fp/hard\libc.a(lib_a-puts.o)
                                          0x2 (size before relaxing)
 .rodata.str1.4
                0x0000000001067b18       0x2b g:/xilinx/vitis/2019.2/gnu/aarch32/nt/gcc-arm-none-eabi/bin/../arm-none-eabi/libc/usr/lib/thumb/v7-a+fp/hard\libc.a(lib_a-svfprintf.o)
                                         0x42 (size before relaxing)
 .rodata.str1.4
                0x0000000001067b43       0x42 g:/xilinx/vitis/2019.2/gnu/aarch32/nt/gcc-arm-none-eabi/bin/../arm-none-eabi/libc/usr/lib/thumb/v7-a+fp/hard\libc.a(lib_a-vfprintf.o)
 *fill*         0x0000000001067b43        0x1 
 .rodata.str1.4
                0x0000000001067b44       0x10 g:/xilinx/vitis/2019.2/gnu/aarch32/nt/gcc-arm-none-eabi/bin/../arm-none-eabi/libc/usr/lib/thumb/v7-a+fp/hard\libc.a(lib_a-dtoa.o)
                                         0x12 (size before relaxing)
 .rodata.str1.4
                0x0000000001067b54       0x2f g:/xilinx/vitis/2019.2/gnu/aarch32/nt/gcc-arm-none-eabi/bin/../arm-none-eabi/libc/usr/lib/thumb/v7-a+fp/hard\libc.a(lib_a-svfiprintf.o)
 .rodata.str1.4
                0x0000000001067b54       0x2f g:/xilinx/vitis/2019.2/gnu/aarch32/nt/gcc-arm-none-eabi/bin/../arm-none-eabi/libc/usr/lib/thumb/v7-a+fp/hard\libc.a(lib_a-vfiprintf.o)
 *(.gnu.linkonce.r.*)
                0x0000000001067b83                __rodata_end = .

.rodata1        0x0000000001067b54        0x0
                0x0000000001067b54                __rodata1_start = .
 *(.rodata1)
 *(.rodata1.*)
                0x0000000001067b54                __rodata1_end = .

.sdata2         0x0000000001067b54        0x0