Archive member included to satisfy reference by file (symbol)

C:/Users/Tom/Documents/Projects/Scopy_MVP_Platform/scopy-fpga/main/export/main/sw/main/standalone_domain/bsplib/lib\libxil.a(xaxidma.o)
                              ./src/acquire.o (XAxiDma_Reset)
C:/Users/Tom/Documents/Projects/Scopy_MVP_Platform/scopy-fpga/main/export/main/sw/main/standalone_domain/bsplib/lib\libxil.a(xaxidma_sinit.o)
                              ./src/acquire.o (XAxiDma_LookupConfig)
C:/Users/Tom/Documents/Projects/Scopy_MVP_Platform/scopy-fpga/main/export/main/sw/main/standalone_domain/bsplib/lib\libxil.a(xaxidma_bdring.o)
                              C:/Users/Tom/Documents/Projects/Scopy_MVP_Platform/scopy-fpga/main/export/main/sw/main/standalone_domain/bsplib/lib\libxil.a(xaxidma.o) (XAxiDma_BdRingStart)
C:/Users/Tom/Documents/Projects/Scopy_MVP_Platform/scopy-fpga/main/export/main/sw/main/standalone_domain/bsplib/lib\libxil.a(xaxidma_g.o)
                              C:/Users/Tom/Documents/Projects/Scopy_MVP_Platform/scopy-fpga/main/export/main/sw/main/standalone_domain/bsplib/lib\libxil.a(xaxidma_sinit.o) (XAxiDma_ConfigTable)
C:/Users/Tom/Documents/Projects/Scopy_MVP_Platform/scopy-fpga/main/export/main/sw/main/standalone_domain/bsplib/lib\libxil.a(xclk_wiz.o)
                              ./src/clkwiz_interface.o (XClk_Wiz_CfgInitialize)
C:/Users/Tom/Documents/Projects/Scopy_MVP_Platform/scopy-fpga/main/export/main/sw/main/standalone_domain/bsplib/lib\libxil.a(xclk_wiz_sinit.o)
                              ./src/clkwiz_interface.o (XClk_Wiz_LookupConfig)
C:/Users/Tom/Documents/Projects/Scopy_MVP_Platform/scopy-fpga/main/export/main/sw/main/standalone_domain/bsplib/lib\libxil.a(xgpiops.o)
                              ./src/hal.o (XGpioPs_CfgInitialize)
C:/Users/Tom/Documents/Projects/Scopy_MVP_Platform/scopy-fpga/main/export/main/sw/main/standalone_domain/bsplib/lib\libxil.a(xgpiops_sinit.o)
                              ./src/hal.o (XGpioPs_LookupConfig)
C:/Users/Tom/Documents/Projects/Scopy_MVP_Platform/scopy-fpga/main/export/main/sw/main/standalone_domain/bsplib/lib\libxil.a(xgpiops_intr.o)
                              C:/Users/Tom/Documents/Projects/Scopy_MVP_Platform/scopy-fpga/main/export/main/sw/main/standalone_domain/bsplib/lib\libxil.a(xgpiops.o) (StubHandler)
C:/Users/Tom/Documents/Projects/Scopy_MVP_Platform/scopy-fpga/main/export/main/sw/main/standalone_domain/bsplib/lib\libxil.a(xgpiops_g.o)
                              C:/Users/Tom/Documents/Projects/Scopy_MVP_Platform/scopy-fpga/main/export/main/sw/main/standalone_domain/bsplib/lib\libxil.a(xgpiops_sinit.o) (XGpioPs_ConfigTable)
C:/Users/Tom/Documents/Projects/Scopy_MVP_Platform/scopy-fpga/main/export/main/sw/main/standalone_domain/bsplib/lib\libxil.a(xscugic_intr.o)
                              ./src/hal.o (XScuGic_InterruptHandler)
C:/Users/Tom/Documents/Projects/Scopy_MVP_Platform/scopy-fpga/main/export/main/sw/main/standalone_domain/bsplib/lib\libxil.a(xscugic.o)
                              ./src/acquire.o (XScuGic_Connect)
C:/Users/Tom/Documents/Projects/Scopy_MVP_Platform/scopy-fpga/main/export/main/sw/main/standalone_domain/bsplib/lib\libxil.a(xscugic_sinit.o)
                              ./src/hal.o (XScuGic_LookupConfig)
C:/Users/Tom/Documents/Projects/Scopy_MVP_Platform/scopy-fpga/main/export/main/sw/main/standalone_domain/bsplib/lib\libxil.a(xscugic_selftest.o)
                              ./src/hal.o (XScuGic_SelfTest)
C:/Users/Tom/Documents/Projects/Scopy_MVP_Platform/scopy-fpga/main/export/main/sw/main/standalone_domain/bsplib/lib\libxil.a(xscutimer.o)
                              ./src/hal.o (XScuTimer_CfgInitialize)
C:/Users/Tom/Documents/Projects/Scopy_MVP_Platform/scopy-fpga/main/export/main/sw/main/standalone_domain/bsplib/lib\libxil.a(xscutimer_selftest.o)
                              ./src/hal.o (XScuTimer_SelfTest)
C:/Users/Tom/Documents/Projects/Scopy_MVP_Platform/scopy-fpga/main/export/main/sw/main/standalone_domain/bsplib/lib\libxil.a(xscutimer_sinit.o)
                              ./src/hal.o (XScuTimer_LookupConfig)
C:/Users/Tom/Documents/Projects/Scopy_MVP_Platform/scopy-fpga/main/export/main/sw/main/standalone_domain/bsplib/lib\libxil.a(xscutimer_g.o)
                              C:/Users/Tom/Documents/Projects/Scopy_MVP_Platform/scopy-fpga/main/export/main/sw/main/standalone_domain/bsplib/lib\libxil.a(xscutimer_sinit.o) (XScuTimer_ConfigTable)
C:/Users/Tom/Documents/Projects/Scopy_MVP_Platform/scopy-fpga/main/export/main/sw/main/standalone_domain/bsplib/lib\libxil.a(xspips_options.o)
                              ./src/spi.o (XSpiPs_SetOptions)
C:/Users/Tom/Documents/Projects/Scopy_MVP_Platform/scopy-fpga/main/export/main/sw/main/standalone_domain/bsplib/lib\libxil.a(xspips.o)
                              ./src/spi.o (XSpiPs_CfgInitialize)
C:/Users/Tom/Documents/Projects/Scopy_MVP_Platform/scopy-fpga/main/export/main/sw/main/standalone_domain/bsplib/lib\libxil.a(xspips_sinit.o)
[...]
Memory Configuration

Name             Origin             Length             Attributes
ps7_ram_0        0x0000000001000000 0x000000000fffffff
ocm2             0x00000000ffff0000 0x000000000000fe00
ocm1             0x0000000000000000 0x0000000000030000
*default*        0x0000000000000000 0xffffffffffffffff

Linker script and memory map

LOAD g:/xilinx/vitis/2019.2/gnu/aarch32/nt/gcc-arm-none-eabi/bin/../lib/gcc/arm-none-eabi/8.2.0/thumb/v7-a+fp/hard/crti.o
LOAD g:/xilinx/vitis/2019.2/gnu/aarch32/nt/gcc-arm-none-eabi/bin/../lib/gcc/arm-none-eabi/8.2.0/thumb/v7-a+fp/hard/crtbegin.o
                0x0000000000010000                _STACK_SIZE = DEFINED (_STACK_SIZE)?_STACK_SIZE:0x10000
                0x000000000c000000                _HEAP_SIZE = DEFINED (_HEAP_SIZE)?_HEAP_SIZE:0xc000000
                0x0000000000000400                _ABORT_STACK_SIZE = DEFINED (_ABORT_STACK_SIZE)?_ABORT_STACK_SIZE:0x400
                0x0000000000000800                _SUPERVISOR_STACK_SIZE = DEFINED (_SUPERVISOR_STACK_SIZE)?_SUPERVISOR_STACK_SIZE:0x800
                0x0000000000000400                _IRQ_STACK_SIZE = DEFINED (_IRQ_STACK_SIZE)?_IRQ_STACK_SIZE:0x400
                0x0000000000000400                _FIQ_STACK_SIZE = DEFINED (_FIQ_STACK_SIZE)?_FIQ_STACK_SIZE:0x400
                0x0000000000000400                _UNDEF_STACK_SIZE = DEFINED (_UNDEF_STACK_SIZE)?_UNDEF_STACK_SIZE:0x400

.text           0x0000000001000000    0x21e68
 *(.vectors)
 .vectors       0x0000000001000000      0x12c C:/Users/Tom/Documents/Projects/Scopy_MVP_Platform/scopy-fpga/main/export/main/sw/main/standalone_domain/bsplib/lib\libxil.a(asm_vectors.o)
                0x0000000001000000                _vector_table
 *(.boot)
 .boot          0x000000000100012c      0x3b0 C:/Users/Tom/Documents/Projects/Scopy_MVP_Platform/scopy-fpga/main/export/main/sw/main/standalone_domain/bsplib/lib\libxil.a(boot.o)
                0x000000000100012c                _prestart
                0x000000000100012c                _boot
 *(.text)
 .text          0x00000000010004dc        0x0 g:/xilinx/vitis/2019.2/gnu/aarch32/nt/gcc-arm-none-eabi/bin/../lib/gcc/arm-none-eabi/8.2.0/thumb/v7-a+fp/hard/crti.o
 .text          0x00000000010004dc       0xa8 g:/xilinx/vitis/2019.2/gnu/aarch32/nt/gcc-arm-none-eabi/bin/../lib/gcc/arm-none-eabi/8.2.0/thumb/v7-a+fp/hard/crtbegin.o
 .text          0x0000000001000584     0x150c ./src/Collections-C/src/array.o
                0x0000000001000584                array_new
                0x0000000001000608                array_new_conf
                0x00000000010006e0                array_conf_init
                0x0000000001000718                array_destroy
                0x000000000100073c                array_destroy_cb
                0x0000000001000790                array_add
                0x000000000100083c                array_add_at
                0x00000000010009d8                array_replace_at
                0x0000000001000a1c                array_swap_at
                0x0000000001000a64                array_remove
                0x0000000001000b10                array_remove_at
                0x0000000001000b84                array_remove_last
                0x0000000001000bbc                array_remove_all
                0x0000000001000bc8                array_remove_all_free
                0x0000000001000c08                array_get_at
                0x0000000001000c28                array_get_last
                0x0000000001000c4c                array_get_buffer
                0x0000000001000c54                array_index_of
                0x0000000001000cac                array_subarray
                0x0000000001000d70                array_copy_shallow
                0x0000000001000e10                array_copy_deep
                0x0000000001000edc                array_filter_mut
                0x0000000001000fac                array_filter
                0x00000000010010bc                array_reverse
                0x0000000001001110                array_trim_capacity
                0x0000000001001188                array_contains
                0x00000000010011bc                array_contains_value
                0x0000000001001210                array_size
                0x0000000001001218                array_capacity
                0x0000000001001220                array_sort
                0x0000000001001238                array_map
                0x0000000001001274                array_reduce
                0x00000000010012f0                array_iter_init
                0x0000000001001300                array_iter_next
                0x0000000001001348                array_iter_remove
                0x00000000010013d4                array_iter_add
                0x0000000001001574                array_iter_replace
                0x00000000010015c4                array_iter_index
                0x00000000010015d0                array_zip_iter_init
                0x00000000010015e0                array_zip_iter_next
                0x0000000001001648                array_zip_iter_remove
                0x0000000001001744                array_zip_iter_add
                0x00000000010019e4                array_zip_iter_replace
                0x0000000001001a84                array_zip_iter_index
 .text          0x0000000001001a90        0x4 ./src/Collections-C/src/common.o
                0x0000000001001a90                cc_common_cmp_str
 .text          0x0000000001001a94     0x19a0 ./src/Collections-C/src/deque.o
                0x0000000001001b4c                deque_new
                0x0000000001001bd8                deque_new_conf
                0x0000000001001c8c                deque_conf_init
                0x0000000001001cb4                deque_destroy
                0x0000000001001cd8                deque_destroy_cb
                0x0000000001001d4c                deque_add
                0x0000000001001db0                deque_add_first
                0x0000000001001e90                deque_add_last
                0x0000000001001ef4                deque_add_at
                0x0000000001002180                deque_replace_at
                0x00000000010021d8                deque_remove_at
                0x00000000010023d4                deque_remove
                0x0000000001002440                deque_remove_first
                0x0000000001002490                deque_remove_last
                0x00000000010024e0                deque_remove_all
                0x00000000010024f4                deque_remove_all_cb
                0x0000000001002550                deque_get_at
                0x0000000001002594                deque_get_first
                0x00000000010025bc                deque_get_last
                0x00000000010025f4                deque_copy_shallow
                0x00000000010026cc                deque_copy_deep
                0x0000000001002810                deque_trim_capacity
                0x0000000001002900                deque_reverse
                0x000000000100295c                deque_contains
                0x00000000010029a8                deque_contains_value
                0x0000000001002a10                deque_index_of
                0x0000000001002a7c                deque_size
                0x0000000001002a84                deque_capacity
                0x0000000001002a8c                deque_get_buffer
                0x0000000001002a94                deque_foreach
                0x0000000001002ae0                deque_filter_mut
                0x0000000001002d04                deque_filter
                0x0000000001002e38                deque_iter_init
                0x0000000001002e48                deque_iter_next
                0x0000000001002eb4                deque_iter_remove
                0x00000000010030c4                deque_iter_add
                0x00000000010030e8                deque_iter_replace
                0x0000000001003148                deque_iter_index
                0x0000000001003154                deque_zip_iter_init
                0x0000000001003164                deque_zip_iter_next
                0x0000000001003210                deque_zip_iter_add
                0x00000000010032cc                deque_zip_iter_remove
                0x000000000100335c                deque_zip_iter_replace
                0x0000000001003428                deque_zip_iter_index
 .text          0x0000000001003434      0x1b0 ./src/Collections-C/src/hashset.o
                0x0000000001003434                hashset_conf_init
                0x0000000001003438                hashset_new
                0x00000000010034c4                hashset_new_conf
                0x000000000100354c                hashset_destroy
                0x000000000100356c                hashset_add
                0x0000000001003574                hashset_remove
                0x000000000100357c                hashset_remove_all
                0x0000000001003584                hashset_contains
                0x000000000100358c                hashset_size
                0x0000000001003594                hashset_capacity
                0x000000000100359c                hashset_foreach
                0x00000000010035a4                hashset_iter_init
                0x00000000010035ac                hashset_iter_next
                0x00000000010035e0                hashset_iter_remove
 .text          0x00000000010035e4      0xde0 ./src/Collections-C/src/hashtable.o
                0x00000000010035e4                hashtable_hash_string
                0x0000000001003618                hashtable_new
                0x00000000010036d4                hashtable_new_conf
                0x00000000010037c0                hashtable_conf_init
                0x0000000001003820                hashtable_destroy
                0x000000000100388c                hashtable_add
                0x0000000001003a94                hashtable_get
                0x0000000001003b54                hashtable_remove
                0x0000000001003cc8                hashtable_remove_all
                0x0000000001003d3c                hashtable_size
                0x0000000001003d44                hashtable_capacity
                0x0000000001003d4c                hashtable_contains_key
                0x0000000001003dc0                hashtable_get_values
                0x0000000001003e84                hashtable_get_keys
                0x0000000001003f48                hashtable_foreach_key
                0x0000000001003f9c                hashtable_foreach_value
                0x0000000001003ff0                hashtable_iter_init
                0x0000000001004050                hashtable_iter_next
                0x00000000010040e4                hashtable_iter_remove
                0x00000000010040f8                hashtable_hash
                0x0000000001004360                hashtable_hash_ptr
 .text          0x00000000010043c4     0x2068 ./src/Collections-C/src/list.o
                0x0000000001004724                list_conf_init
                0x0000000001004744                list_new
                0x0000000001004798                list_new_conf
                0x00000000010047dc                list_destroy
                0x0000000001004894                list_destroy_cb
                0x000000000100499c                list_add
                0x00000000010049f8                list_add_first
                0x0000000001004a58                list_add_last
                0x0000000001004ab4                list_add_at
                0x0000000001004b9c                list_add_all
                0x0000000001004c80                list_add_all_at
                0x0000000001004cb8                list_splice
                0x0000000001004d7c                list_splice_at
                0x0000000001004f04                list_remove
                0x0000000001004f88                list_remove_at
                0x0000000001005040                list_remove_first
                0x00000000010050b4                list_remove_last
                0x0000000001005128                list_remove_all
                0x00000000010051d0                list_remove_all_cb
                0x00000000010052d8                list_replace_at
                0x0000000001005364                list_get_first
                0x0000000001005384                list_get_last
                0x00000000010053a4                list_get_at
                0x000000000100541c                list_reverse
                0x000000000100550c                list_sublist
                0x0000000001005704                list_copy_shallow
                0x0000000001005870                list_copy_deep
                0x00000000010059e8                list_to_array
                0x0000000001005a5c                list_contains
                0x0000000001005a90                list_contains_value
                0x0000000001005ae0                list_index_of
                0x0000000001005b38                list_size
                0x0000000001005b40                list_sort
                0x0000000001005bf8                list_sort_in_place
                0x0000000001005c08                list_foreach
                0x0000000001005c34                list_filter_mut
                0x0000000001005cc8                list_filter
                0x0000000001005da4                list_iter_init
                0x0000000001005dc0                list_iter_remove
                0x0000000001005e44                list_iter_add
                0x0000000001005ee8                list_iter_replace
                0x0000000001005f14                list_iter_index
                0x0000000001005f20                list_iter_next
                0x0000000001005f64                list_diter_init
                0x0000000001005f84                list_diter_add
                0x0000000001006018                list_diter_remove
                0x000000000100609c                list_diter_replace
                0x00000000010060c8                list_diter_index
                0x00000000010060d4                list_diter_next
                0x0000000001006118                list_zip_iter_init
                0x0000000001006148                list_zip_iter_next
                0x00000000010061b4                list_zip_iter_add
                0x00000000010062f4                list_zip_iter_remove
                0x00000000010063d0                list_zip_iter_replace
                0x0000000001006420                list_zip_iter_index
 .text          0x000000000100642c      0x4e0 ./src/Collections-C/src/pqueue.o
                0x000000000100642c                pqueue_conf_init
                0x0000000001006468                pqueue_new
                0x00000000010064f4                pqueue_new_conf
                0x00000000010065dc                pqueue_destroy
                0x0000000001006600                pqueue_destroy_cb
                0x0000000001006654                pqueue_push
                0x0000000001006770                pqueue_top
                0x0000000001006790                pqueue_pop
 .text          0x000000000100690c      0x184 ./src/Collections-C/src/queue.o
                0x000000000100690c                queue_conf_init
                0x0000000001006910                queue_new
                0x0000000001006990                queue_new_conf
                0x0000000001006a08                queue_destroy
                0x0000000001006a28                queue_destroy_cb
                0x0000000001006a44                queue_peek
                0x0000000001006a4c                queue_poll
                0x0000000001006a54                queue_enqueue
                0x0000000001006a5c                queue_size
                0x0000000001006a64                queue_foreach
                0x0000000001006a6c                queue_iter_init
                0x0000000001006a74                queue_iter_next
                0x0000000001006a78                queue_iter_replace
                0x0000000001006a7c                queue_zip_iter_init
                0x0000000001006a88                queue_zip_iter_next
                0x0000000001006a8c                queue_zip_iter_replace
 .text          0x0000000001006a90      0x258 ./src/Collections-C/src/ring_buffer.o
                0x0000000001006a90                rbuf_new
                0x0000000001006b20                rbuf_conf_new
                0x0000000001006bb4                rbuf_conf_init
                0x0000000001006bdc                rbuf_destroy
                0x0000000001006c00                rbuf_is_empty
                0x0000000001006c10                rbuf_size
                0x0000000001006c18                rbuf_enqueue
                0x0000000001006c80                rbuf_dequeue
                0x0000000001006cd8                rbuf_peek
 .text          0x0000000001006ce8     0x16e0 ./src/Collections-C/src/slist.o
                0x0000000001006ce8                slist_conf_init
                0x0000000001006d08                slist_new
                0x0000000001006d5c                slist_new_conf
                0x0000000001006da0                slist_destroy
                0x0000000001006dfc                slist_destroy_cb
                0x0000000001006e94                slist_add
                0x0000000001006eec                slist_add_first
                0x0000000001006f48                slist_add_last
                0x0000000001006fa0                slist_add_at
                0x0000000001007054                slist_add_all
                0x0000000001007138                slist_add_all_at
                0x0000000001007260                slist_splice
                0x00000000010072b8                slist_splice_at
                0x0000000001007358                slist_remove
                0x000000000100741c                slist_remove_at
                0x00000000010074c0                slist_remove_first
                0x0000000001007520                slist_remove_last
                0x00000000010075c4                slist_remove_all
                0x0000000001007620                slist_remove_all_cb
                0x00000000010076b8                slist_replace_at
                0x0000000001007704                slist_get_first
                0x0000000001007724                slist_get_last
                0x0000000001007744                slist_get_at
                0x0000000001007788                slist_size
                0x0000000001007790                slist_reverse
                0x00000000010077d4                slist_sublist
                0x00000000010079ac                slist_copy_shallow
                0x0000000001007ad0                slist_copy_deep
                0x0000000001007bfc                slist_contains
                0x0000000001007c30                slist_contains_value
                0x0000000001007c80                slist_index_of
                0x0000000001007cd0                slist_to_array
                0x0000000001007d34                slist_sort
                0x0000000001007de8                slist_foreach
                0x0000000001007e14                slist_filter
                0x0000000001007ee8                slist_filter_mut
                0x0000000001007f70                slist_iter_init
                0x0000000001007f8c                slist_iter_remove
                0x0000000001008018                slist_iter_add
                0x0000000001008088                slist_iter_replace
                0x00000000010080b4                slist_iter_next
                0x0000000001008104                slist_iter_index
                0x0000000001008110                slist_zip_iter_init
                0x0000000001008140                slist_zip_iter_next
                0x00000000010081bc                slist_zip_iter_add
                0x0000000001008290                slist_zip_iter_remove
                0x000000000100836c                slist_zip_iter_replace
                0x00000000010083bc                slist_zip_iter_index
 .text          0x00000000010083c8      0x194 ./src/Collections-C/src/stack.o
                0x00000000010083c8                stack_conf_init
                0x00000000010083cc                stack_new
                0x0000000001008454                stack_new_conf
                0x00000000010084d4                stack_destroy
                0x00000000010084f4                stack_destroy_cb
                0x0000000001008510                stack_push
                0x0000000001008518                stack_peek
                0x0000000001008520                stack_pop
                0x0000000001008528                stack_size
                0x0000000001008530                stack_map
                0x0000000001008538                stack_iter_init
                0x0000000001008540                stack_iter_next
                0x0000000001008544                stack_iter_replace
                0x0000000001008548                stack_zip_iter_init
                0x0000000001008554                stack_zip_iter_next
                0x0000000001008558                stack_zip_iter_replace
 .text          0x000000000100855c      0x22c ./src/Collections-C/src/treeset.o
                0x000000000100855c                treeset_conf_init
                0x0000000001008560                treeset_new
                0x00000000010085f4                treeset_new_conf
                0x000000000100867c                treeset_destroy
                0x000000000100869c                treeset_add
                0x00000000010086a4                treeset_remove
                0x00000000010086c0                treeset_remove_all
                0x00000000010086c8                treeset_get_first
                0x00000000010086e4                treeset_get_last
                0x0000000001008700                treeset_get_greater_than
                0x000000000100871c                treeset_get_lesser_than
                0x0000000001008738                treeset_contains
                0x0000000001008740                treeset_size
                0x0000000001008748                treeset_foreach
                0x0000000001008750                treeset_iter_init
                0x0000000001008758                treeset_iter_next
                0x0000000001008784                treeset_iter_remove
 .text          0x0000000001008788     0x1ec0 ./src/Collections-C/src/treetable.o
                0x0000000001008d08                treetable_conf_init
                0x0000000001008d30                treetable_new
                0x0000000001008dc4                treetable_new_conf
                0x0000000001008e5c                treetable_destroy
                0x0000000001009470                treetable_get
                0x00000000010094ec                treetable_get_first_value
                0x0000000001009520                treetable_get_last_value
                0x0000000001009554                treetable_get_first_key
                0x0000000001009588                treetable_get_last_key
                0x00000000010095bc                treetable_get_greater_than
                0x00000000010096b4                treetable_get_lesser_than
                0x00000000010097a8                treetable_size
                0x00000000010097b0                treetable_contains_key
                0x0000000001009824                treetable_contains_value
                0x00000000010098dc                treetable_add
                0x0000000001009bd8                treetable_remove
                0x0000000001009c68                treetable_remove_first
                0x0000000001009cb4                treetable_remove_last
                0x0000000001009cec                treetable_remove_all
                0x000000000100a2f4                treetable_foreach_key
                0x000000000100a3a0                treetable_foreach_value
                0x000000000100a44c                treetable_iter_init
                0x000000000100a47c                treetable_iter_next
                0x000000000100a520                treetable_iter_remove
                0x000000000100a564                treetable_assert_rb_rules
 .text          0x000000000100a648      0x32c ./src/acq_hacks.o
                0x000000000100a648                acq_hacks_init
                0x000000000100a64c                acq_hacks_run
 *fill*         0x000000000100a974        0x4 
 .text          0x000000000100a978     0x1f7c ./src/acquire.o
                0x000000000100a978                _acq_irq_fifo_gen_rst
                0x000000000100aafc                _acq_irq_error_dma
                0x000000000100ab50                _acq_reset_PL_fifo
                0x000000000100ab7c                _acq_reset_trigger
                0x000000000100aba8                _acq_wait_for_ndone
                0x000000000100abc0                _acq_fast_dma_start
                0x000000000100abe8                _acq_core_dma_start
                0x000000000100ac40                acq_write_training
                0x000000000100acf8                acq_init
                0x000000000100aebc                acq_get_next_alloc
                0x000000000100af74                acq_append_next_alloc
                0x000000000100b0ac                acq_free_all_alloc
                0x000000000100b0f8                acq_dealloc_rewind
                0x000000000100b14c                acq_prepare_triggered
                0x000000000100b534                acq_start
                0x000000000100b668                acq_is_done
                0x000000000100b684                acq_force_stop
                0x000000000100b6f0                acq_debug_dump
                0x000000000100bd30                _acq_irq_rx_handler
                0x000000000100c368                acq_debug_dump_waveraw
                0x000000000100c408                acq_get_ll_pointer
                0x000000000100c470                acq_debug_dump_wave
                0x000000000100c748                acq_copy_slow_mipi
 *fill*         0x000000000100c8f4        0x4 
 .text          0x000000000100c8f8      0x6d0 ./src/clkwiz_interface.o
                0x000000000100c8f8                clkwiz_init
                0x000000000100c9cc                clkwiz_change_mipi_freq
                0x000000000100ccbc                clkwiz_dump_state
                0x000000000100cf34                clkwiz_commit
 .text          0x000000000100cfc8        0x0 ./src/demo_norway.o
 .text          0x000000000100cfc8      0x328 ./src/fabric_config.o
                0x000000000100cfc8                fabcfg_dump_state
                0x000000000100d18c                fabcfg_init
 .text          0x000000000100d2f0      0xdec ./src/hal.o
                0x000000000100d2f0                irq_xscutimer
                0x000000000100d5b0                d_xilinx_assert
                0x000000000100d5c8                bogo_calibrate
                0x000000000100d770                bogo_delay
                0x000000000100d7d4                gpio_led_write
                0x000000000100d808                d_printf
                0x000000000100d9e0                d_waitkey
                0x000000000100d9ec                d_iskeypress
                0x000000000100da0c                d_getkey
                0x000000000100da2c                d_read_global_timer
                0x000000000100da54                d_start_timing
                0x000000000100dac4                d_stop_timing
                0x000000000100db44                d_read_timing
                0x000000000100db68                d_read_timing_us
                0x000000000100dbe0                d_dump_timing
                0x000000000100dc60                hal_init
                0x000000000100e0cc                d_dump_timing_ex
 .text          0x000000000100e0dc        0x0 ./src/main.o
 .text          0x000000000100e0dc      0x2c8 ./src/mipi_csi_hacks.o
                0x000000000100e0dc                csi_hack_init
                0x000000000100e21c                csi_hack_start_frame
                0x000000000100e2ac                csi_hack_stop_frame
                0x000000000100e308                csi_hack_send_line_data
 .text          0x000000000100e3a4       0x14 ./src/platform.o
                0x000000000100e3a4                enable_caches
                0x000000000100e3a8                disable_caches
                0x000000000100e3ac                init_uart
                0x000000000100e3b0                init_platform
                0x000000000100e3b4                cleanup_platform
 .text          0x000000000100e3b8      0x30c ./src/spi.o
                0x000000000100e3b8                spi_isr_handler
                0x000000000100e3c8                spi_init
                0x000000000100e610                spi_command_lut_gen
                0x000000000100e6c0                spi_command_tick
 .text          0x000000000100e6c4      0x6c4 ./src/trigger.o
                0x000000000100e6c4                trig_zero_levels
                0x000000000100e6f8                trig_write_levels
                0x000000000100e848                trig_configure_always
                0x000000000100e888                trig_configure_edge
                0x000000000100eacc                trig_configure_holdoff
                0x000000000100eb48                trig_dump_state
                0x000000000100ecf4                trig_init
 .text          0x000000000100ed88      0x91c C:/Users/Tom/Documents/Projects/Scopy_MVP_Platform/scopy-fpga/main/export/main/sw/main/standalone_domain/bsplib/lib\libxil.a(xaxidma.o)
                0x000000000100ed88                XAxiDma_Reset
                0x000000000100ee9c                XAxiDma_ResetIsDone
                0x000000000100eee8                XAxiDma_CfgInitialize
                0x000000000100f124                XAxiDma_Pause
                0x000000000100f1d4                XAxiDma_Resume
                0x000000000100f48c                XAxiDma_Busy
                0x000000000100f4a8                XAxiDma_SelectKeyHole
                0x000000000100f4d0                XAxiDma_SelectCyclicMode
                0x000000000100f4f8                XAxiDma_SimpleTransfer
 .text          0x000000000100f6a4       0x60 C:/Users/Tom/Documents/Projects/Scopy_MVP_Platform/scopy-fpga/main/export/main/sw/main/standalone_domain/bsplib/lib\libxil.a(xaxidma_sinit.o)
                0x000000000100f6a4                XAxiDma_LookupConfig
                0x000000000100f6d4                XAxiDma_LookupConfigBaseAddr
 .text          0x000000000100f704      0xfd4 C:/Users/Tom/Documents/Projects/Scopy_MVP_Platform/scopy-fpga/main/export/main/sw/main/standalone_domain/bsplib/lib\libxil.a(xaxidma_bdring.o)
                0x000000000100f704                XAxiDma_UpdateBdRingCDesc
                0x000000000100f888                XAxiDma_BdRingCreate
                0x000000000100faa0                XAxiDma_BdRingClone
                0x000000000100fbd8                XAxiDma_StartBdRingHw
                0x000000000100fd04                XAxiDma_BdRingStart
                0x000000000100fd58                XAxiDma_BdRingSetCoalesce
                0x000000000100fdcc                XAxiDma_BdRingGetCoalesce
                0x000000000100fde8                XAxiDma_BdRingAlloc
                0x000000000100fe88                XAxiDma_BdRingUnAlloc
                0x000000000100ff60                XAxiDma_BdRingToHw
                0x0000000001010200                XAxiDma_BdRingFromHw
                0x0000000001010354                XAxiDma_BdRingFree
                0x0000000001010408                XAxiDma_BdRingCheck
                0x0000000001010620                XAxiDma_BdRingDumpRegs
 .text          0x00000000010106d8        0x0 C:/Users/Tom/Documents/Projects/Scopy_MVP_Platform/scopy-fpga/main/export/main/sw/main/standalone_domain/bsplib/lib\libxil.a(xaxidma_g.o)
 .text          0x00000000010106d8      0x150 C:/Users/Tom/Documents/Projects/Scopy_MVP_Platform/scopy-fpga/main/export/main/sw/main/standalone_domain/bsplib/lib\libxil.a(xclk_wiz.o)
                0x0000000001010700                XClk_Wiz_CfgInitialize
                0x00000000010107c8                XClk_Wiz_GetInterruptSettings
 .text          0x0000000001010828       0x1c C:/Users/Tom/Documents/Projects/Scopy_MVP_Platform/scopy-fpga/main/export/main/sw/main/standalone_domain/bsplib/lib\libxil.a(xclk_wiz_sinit.o)
                0x0000000001010828                XClk_Wiz_LookupConfig
 .text          0x0000000001010844      0xcd8 C:/Users/Tom/Documents/Projects/Scopy_MVP_Platform/scopy-fpga/main/export/main/sw/main/standalone_domain/bsplib/lib\libxil.a(xgpiops.o)
                0x0000000001010844                XGpioPs_CfgInitialize
                0x00000000010109c0                XGpioPs_Read
                0x0000000001010a74                XGpioPs_Write
                0x0000000001010b1c                XGpioPs_SetDirection
                0x0000000001010bc8                XGpioPs_GetDirection
                0x0000000001010c80                XGpioPs_SetOutputEnable
                0x0000000001010d2c                XGpioPs_GetOutputEnable
                0x0000000001010de4                XGpioPs_GetBankPin
                0x0000000001010f20                XGpioPs_ReadPin
                0x0000000001011004                XGpioPs_WritePin
                0x0000000001011104                XGpioPs_SetDirectionPin
                0x0000000001011228                XGpioPs_GetDirectionPin
                0x0000000001011310                XGpioPs_SetOutputEnablePin
                0x0000000001011434                XGpioPs_GetOutputEnablePin
 .text          0x000000000101151c       0x1c C:/Users/Tom/Documents/Projects/Scopy_MVP_Platform/scopy-fpga/main/export/main/sw/main/standalone_domain/bsplib/lib\libxil.a(xgpiops_sinit.o)
                0x000000000101151c                XGpioPs_LookupConfig
 .text          0x0000000001011538      0xdd4 C:/Users/Tom/Documents/Projects/Scopy_MVP_Platform/scopy-fpga/main/export/main/sw/main/standalone_domain/bsplib/lib\libxil.a(xgpiops_intr.o)
                0x0000000001011538                XGpioPs_IntrEnable
                0x00000000010115e4                XGpioPs_IntrEnablePin
                0x00000000010116c0                XGpioPs_IntrDisable
                0x000000000101176c                XGpioPs_IntrDisablePin
                0x0000000001011848                XGpioPs_IntrGetEnabled
                0x0000000001011904                XGpioPs_IntrGetEnabledPin
                0x00000000010119ec                XGpioPs_IntrGetStatus
                0x0000000001011aa4                XGpioPs_IntrGetStatusPin
                0x0000000001011b8c                XGpioPs_IntrClear
                0x0000000001011c38                XGpioPs_IntrClearPin
                0x0000000001011d18                XGpioPs_SetIntrType
                0x0000000001011de0                XGpioPs_GetIntrType
                0x0000000001011eb4                XGpioPs_SetIntrTypePin
                0x0000000001012054                XGpioPs_GetIntrTypePin
                0x0000000001012160                XGpioPs_SetCallbackHandler
                0x0000000001012200                XGpioPs_IntrHandler
                0x00000000010122e4                StubHandler
 .text          0x000000000101230c        0x0 C:/Users/Tom/Documents/Projects/Scopy_MVP_Platform/scopy-fpga/main/export/main/sw/main/standalone_domain/bsplib/lib\libxil.a(xgpiops_g.o)
 .text          0x000000000101230c       0x78 C:/Users/Tom/Documents/Projects/Scopy_MVP_Platform/scopy-fpga/main/export/main/sw/main/standalone_domain/bsplib/lib\libxil.a(xscugic_intr.o)
                0x000000000101230c                XScuGic_InterruptHandler
 .text          0x0000000001012384      0xaf4 C:/Users/Tom/Documents/Projects/Scopy_MVP_Platform/scopy-fpga/main/export/main/sw/main/standalone_domain/bsplib/lib\libxil.a(xscugic.o)
                0x00000000010123d4                XScuGic_Connect
                0x00000000010124a8                XScuGic_Disconnect
                0x0000000001012574                XScuGic_SoftwareIntr
                0x0000000001012658                XScuGic_SetPriorityTriggerType
                0x0000000001012790                XScuGic_GetPriorityTriggerType
                0x00000000010128bc                XScuGic_InterruptMaptoCpu
                0x0000000001012930                XScuGic_Enable
                0x0000000001012a04                XScuGic_InterruptUnmapFromCpu
                0x0000000001012a78                XScuGic_Disable
                0x0000000001012b4c                XScuGic_UnmapAllInterruptsFromCpu
                0x0000000001012bc8                XScuGic_Stop
                0x0000000001012ca4                XScuGic_CfgInitialize
                0x0000000001012e18                XScuGic_SetCpuID
                0x0000000001012e68                XScuGic_GetCpuID
 .text          0x0000000001012e78       0x1c C:/Users/Tom/Documents/Projects/Scopy_MVP_Platform/scopy-fpga/main/export/main/sw/main/standalone_domain/bsplib/lib\libxil.a(xscugic_sinit.o)
                0x0000000001012e78                XScuGic_LookupConfig
 .text          0x0000000001012e94       0xb4 C:/Users/Tom/Documents/Projects/Scopy_MVP_Platform/scopy-fpga/main/export/main/sw/main/standalone_domain/bsplib/lib\libxil.a(xscugic_selftest.o)
                0x0000000001012e94                XScuGic_SelfTest
 .text          0x0000000001012f48      0x2d8 C:/Users/Tom/Documents/Projects/Scopy_MVP_Platform/scopy-fpga/main/export/main/sw/main/standalone_domain/bsplib/lib\libxil.a(xscutimer.o)
                0x0000000001012f48                XScuTimer_CfgInitialize
                0x0000000001012ff8                XScuTimer_Start
                0x0000000001013088                XScuTimer_Stop
                0x0000000001013110                XScuTimer_SetPrescaler
                0x0000000001013198                XScuTimer_GetPrescaler
 .text          0x0000000001013220       0xbc C:/Users/Tom/Documents/Projects/Scopy_MVP_Platform/scopy-fpga/main/export/main/sw/main/standalone_domain/bsplib/lib\libxil.a(xscutimer_selftest.o)
                0x0000000001013220                XScuTimer_SelfTest
 .text          0x00000000010132dc       0x1c C:/Users/Tom/Documents/Projects/Scopy_MVP_Platform/scopy-fpga/main/export/main/sw/main/standalone_domain/bsplib/lib\libxil.a(xscutimer_sinit.o)
                0x00000000010132dc                XScuTimer_LookupConfig
 .text          0x00000000010132f8        0x0 C:/Users/Tom/Documents/Projects/Scopy_MVP_Platform/scopy-fpga/main/export/main/sw/main/standalone_domain/bsplib/lib\libxil.a(xscutimer_g.o)
 .text          0x00000000010132f8      0x448 C:/Users/Tom/Documents/Projects/Scopy_MVP_Platform/scopy-fpga/main/export/main/sw/main/standalone_domain/bsplib/lib\libxil.a(xspips_options.o)
                0x00000000010132f8                XSpiPs_SetOptions
                0x00000000010133fc                XSpiPs_GetOptions
                0x00000000010134b0                XSpiPs_SetClkPrescaler
                0x0000000001013570                XSpiPs_GetClkPrescaler
                0x00000000010135f8                XSpiPs_SetDelays
                0x00000000010136a4                XSpiPs_GetDelays
 .text          0x0000000001013740      0xaf0 C:/Users/Tom/Documents/Projects/Scopy_MVP_Platform/scopy-fpga/main/export/main/sw/main/standalone_domain/bsplib/lib\libxil.a(xspips.o)
                0x0000000001013768                XSpiPs_Transfer
                0x0000000001013948                XSpiPs_PolledTransfer
                0x0000000001013bcc                XSpiPs_SetSlaveSelect
                0x0000000001013cac                XSpiPs_GetSlaveSelect
                0x0000000001013d54                XSpiPs_SetStatusHandler
                0x0000000001013df4                XSpiPs_Abort
                0x0000000001013e50                XSpiPs_Reset
                0x0000000001013ed4                XSpiPs_CfgInitialize
                0x0000000001013fa4                XSpiPs_InterruptHandler
 .text          0x0000000001014230       0x1c C:/Users/Tom/Documents/Projects/Scopy_MVP_Platform/scopy-fpga/main/export/main/sw/main/standalone_domain/bsplib/lib\libxil.a(xspips_sinit.o)
                0x0000000001014230                XSpiPs_LookupConfig
 .text          0x000000000101424c        0x0 C:/Users/Tom/Documents/Projects/Scopy_MVP_Platform/scopy-fpga/main/export/main/sw/main/standalone_domain/bsplib/lib\libxil.a(xspips_g.o)
 .text          0x000000000101424c      0x16c C:/Users/Tom/Documents/Projects/Scopy_MVP_Platform/scopy-fpga/main/export/main/sw/main/standalone_domain/bsplib/lib\libxil.a(xspips_selftest.o)
                0x000000000101424c                XSpiPs_SelfTest
 .text          0x00000000010143b8       0x70 C:/Users/Tom/Documents/Projects/Scopy_MVP_Platform/scopy-fpga/main/export/main/sw/main/standalone_domain/bsplib/lib\libxil.a(xil_assert.o)
                0x00000000010143b8                Xil_Assert
                0x0000000001014414                Xil_AssertSetCallback
                0x0000000001014424                XNullHandler
 .text          0x0000000001014428       0x28 C:/Users/Tom/Documents/Projects/Scopy_MVP_Platform/scopy-fpga/main/export/main/sw/main/standalone_domain/bsplib/lib\libxil.a(print.o)
                0x0000000001014428                print
 .text          0x0000000001014450      0x96c C:/Users/Tom/Documents/Projects/Scopy_MVP_Platform/scopy-fpga/main/export/main/sw/main/standalone_domain/bsplib/lib\libxil.a(xil_cache.o)
                0x0000000001014450                Xil_DCacheInvalidateLine
                0x0000000001014488                Xil_DCacheInvalidateRange
                0x0000000001014570                Xil_DCacheFlushLine
                0x00000000010145bc                Xil_DCacheFlushRange
                0x0000000001014610                Xil_DCacheStoreLine
                0x0000000001014648                Xil_ICacheInvalidateLine
                0x0000000001014680                Xil_ICacheInvalidateRange
                0x00000000010146d8                Xil_L1DCacheInvalidate
                0x000000000101478c                Xil_L1DCacheEnable
                0x00000000010147ac                Xil_L1DCacheInvalidateLine
                0x00000000010147c4                Xil_L1DCacheInvalidateRange
                0x000000000101480c                Xil_L1DCacheFlush
                0x0000000001014898                Xil_L1DCacheDisable
                0x00000000010148b0                Xil_DCacheFlush
                0x000000000101490c                Xil_L1DCacheFlushLine
                0x0000000001014924                Xil_L1DCacheFlushRange
                0x000000000101496c                Xil_L1DCacheStoreLine
                0x0000000001014984                Xil_L1ICacheEnable
                0x00000000010149a0                Xil_L1ICacheDisable
                0x00000000010149bc                Xil_L1ICacheInvalidate
                0x00000000010149d4                Xil_L1ICacheInvalidateLine
                0x00000000010149ec                Xil_L1ICacheInvalidateRange
                0x0000000001014a34                Xil_L2CacheDisable
                0x0000000001014aa8                Xil_DCacheDisable
                0x0000000001014ac4                Xil_ICacheDisable
                0x0000000001014ae8                Xil_L2CacheInvalidate
                0x0000000001014b54                Xil_DCacheInvalidate
                0x0000000001014b74                Xil_ICacheInvalidate
                0x0000000001014bfc                Xil_L2CacheEnable
                0x0000000001014c14                Xil_DCacheEnable
                0x0000000001014c38                Xil_ICacheEnable
                0x0000000001014c68                Xil_L2CacheInvalidateLine
                0x0000000001014c7c                Xil_L2CacheInvalidateRange
                0x0000000001014ce4                Xil_L2CacheFlush
                0x0000000001014d28                Xil_L2CacheFlushLine
                0x0000000001014d40                Xil_L2CacheFlushRange
                0x0000000001014da8                Xil_L2CacheStoreLine
 .text          0x0000000001014dbc       0x10 C:/Users/Tom/Documents/Projects/Scopy_MVP_Platform/scopy-fpga/main/export/main/sw/main/standalone_domain/bsplib/lib\libxil.a(outbyte.o)
                0x0000000001014dbc                outbyte
 .text          0x0000000001014dcc        0x8 C:/Users/Tom/Documents/Projects/Scopy_MVP_Platform/scopy-fpga/main/export/main/sw/main/standalone_domain/bsplib/lib\libxil.a(xplatform_info.o)
                0x0000000001014dcc                XGetPlatform_Info
 .text          0x0000000001014dd4      0x6c0 C:/Users/Tom/Documents/Projects/Scopy_MVP_Platform/scopy-fpga/main/export/main/sw/main/standalone_domain/bsplib/lib\libxil.a(xil_printf.o)
                0x0000000001015008                xil_printf
 .text          0x0000000001015494       0xe4 C:/Users/Tom/Documents/Projects/Scopy_MVP_Platform/scopy-fpga/main/export/main/sw/main/standalone_domain/bsplib/lib\libxil.a(xil_exception.o)
                0x0000000001015498                Xil_DataAbortHandler
                0x00000000010154c8                Xil_PrefetchAbortHandler
                0x00000000010154f8                Xil_UndefinedExceptionHandler
                0x0000000001015518                Xil_ExceptionInit
                0x000000000101551c                Xil_ExceptionRegisterHandler
                0x0000000001015534                Xil_GetExceptionRegisterHandler
                0x0000000001015554                Xil_ExceptionRemoveHandler
 .text          0x0000000001015578        0x0 C:/Users/Tom/Documents/Projects/Scopy_MVP_Platform/scopy-fpga/main/export/main/sw/main/standalone_domain/bsplib/lib\libxil.a(asm_vectors.o)
 .text          0x0000000001015578       0x88 C:/Users/Tom/Documents/Projects/Scopy_MVP_Platform/scopy-fpga/main/export/main/sw/main/standalone_domain/bsplib/lib\libxil.a(xuartps_hw.o)
                0x0000000001015578                XUartPs_SendByte
                0x0000000001015590                XUartPs_RecvByte
                0x00000000010155ac                XUartPs_ResetHw
 .text          0x0000000001015600        0x0 C:/Users/Tom/Documents/Projects/Scopy_MVP_Platform/scopy-fpga/main/export/main/sw/main/standalone_domain/bsplib/lib\libxil.a(xclk_wiz_g.o)
 .text          0x0000000001015600        0x0 C:/Users/Tom/Documents/Projects/Scopy_MVP_Platform/scopy-fpga/main/export/main/sw/main/standalone_domain/bsplib/lib\libxil.a(xscugic_g.o)
 .text          0x0000000001015600       0x78 C:/Users/Tom/Documents/Projects/Scopy_MVP_Platform/scopy-fpga/main/export/main/sw/main/standalone_domain/bsplib/lib\libxil.a(vectors.o)
                0x0000000001015600                FIQInterrupt
                0x0000000001015614                IRQInterrupt
                0x0000000001015628                UndefinedException
                0x000000000101563c                SWInterrupt
                0x0000000001015650                DataAbortInterrupt
                0x0000000001015664                PrefetchAbortInterrupt
 .text          0x0000000001015678        0x0 C:/Users/Tom/Documents/Projects/Scopy_MVP_Platform/scopy-fpga/main/export/main/sw/main/standalone_domain/bsplib/lib\libxil.a(boot.o)
 .text          0x0000000001015678       0x78 C:/Users/Tom/Documents/Projects/Scopy_MVP_Platform/scopy-fpga/main/export/main/sw/main/standalone_domain/bsplib/lib\libxil.a(xil-crt0.o)
                0x000000000101568c                _start
 .text          0x00000000010156f0        0x0 C:/Users/Tom/Documents/Projects/Scopy_MVP_Platform/scopy-fpga/main/export/main/sw/main/standalone_domain/bsplib/lib\libxil.a(translation_table.o)
 .text          0x00000000010156f0       0x3c C:/Users/Tom/Documents/Projects/Scopy_MVP_Platform/scopy-fpga/main/export/main/sw/main/standalone_domain/bsplib/lib\libxil.a(cpu_init.o)
                0x00000000010156f0                __cpu_init
 .text          0x000000000101572c       0x4c C:/Users/Tom/Documents/Projects/Scopy_MVP_Platform/scopy-fpga/main/export/main/sw/main/standalone_domain/bsplib/lib\libxil.a(xtime_l.o)
                0x000000000101572c                XTime_SetTime
                0x0000000001015750                XTime_GetTime
 .text          0x0000000001015778      0x278 g:/xilinx/vitis/2019.2/gnu/aarch32/nt/gcc-arm-none-eabi/bin/../lib/gcc/arm-none-eabi/8.2.0/thumb/v7-a+fp/hard\libgcc.a(_udivsi3.o)
                0x0000000001015778                __aeabi_uidiv
                0x0000000001015778                __udivsi3
                0x00000000010159d4                __aeabi_uidivmod
 .text          0x00000000010159f0      0x2b0 g:/xilinx/vitis/2019.2/gnu/aarch32/nt/gcc-arm-none-eabi/bin/../lib/gcc/arm-none-eabi/8.2.0/thumb/v7-a+fp/hard\libgcc.a(_divsi3.o)
                0x00000000010159f0                __divsi3
                0x00000000010159f0                __aeabi_idiv
                0x0000000001015c84                __aeabi_idivmod
 .text          0x0000000001015ca0        0x4 g:/xilinx/vitis/2019.2/gnu/aarch32/nt/gcc-arm-none-eabi/bin/../lib/gcc/arm-none-eabi/8.2.0/thumb/v7-a+fp/hard\libgcc.a(_dvmd_tls.o)
                0x0000000001015ca0                __aeabi_idiv0
                0x0000000001015ca0                __aeabi_ldiv0
 .text          0x0000000001015ca4      0x378 g:/xilinx/vitis/2019.2/gnu/aarch32/nt/gcc-arm-none-eabi/bin/../lib/gcc/arm-none-eabi/8.2.0/thumb/v7-a+fp/hard\libgcc.a(_arm_addsubdf3.o)
                0x0000000001015ca4                __aeabi_drsub
                0x0000000001015cac                __aeabi_dsub
                0x0000000001015cac                __subdf3
                0x0000000001015cb0                __aeabi_dadd
                0x0000000001015cb0                __adddf3
                0x0000000001015f28                __floatunsidf
                0x0000000001015f28                __aeabi_ui2d
                0x0000000001015f48                __floatsidf
                0x0000000001015f48                __aeabi_i2d
                0x0000000001015f6c                __aeabi_f2d
                0x0000000001015f6c                __extendsfdf2
                0x0000000001015fb0                __floatundidf
                0x0000000001015fb0                __aeabi_ul2d
                0x0000000001015fc0                __floatdidf
                0x0000000001015fc0                __aeabi_l2d
 .text          0x000000000101601c      0x21c g:/xilinx/vitis/2019.2/gnu/aarch32/nt/gcc-arm-none-eabi/bin/../lib/gcc/arm-none-eabi/8.2.0/thumb/v7-a+fp/hard\libgcc.a(_arm_addsubsf3.o)
                0x000000000101601c                __aeabi_frsub
                0x0000000001016024                __subsf3
                0x0000000001016024                __aeabi_fsub
                0x0000000001016028                __aeabi_fadd
                0x0000000001016028                __addsf3
                0x0000000001016188                __aeabi_ui2f
                0x0000000001016188                __floatunsisf
                0x0000000001016190                __aeabi_i2f
                0x0000000001016190                __floatsisf
                0x00000000010161ac                __aeabi_ul2f
                0x00000000010161ac                __floatundisf
                0x00000000010161bc                __aeabi_l2f
                0x00000000010161bc                __floatdisf
 .text          0x0000000001016238       0x30 g:/xilinx/vitis/2019.2/gnu/aarch32/nt/gcc-arm-none-eabi/bin/../lib/gcc/arm-none-eabi/8.2.0/thumb/v7-a+fp/hard\libgcc.a(_aeabi_uldivmod.o)
                0x0000000001016238                __aeabi_uldivmod
 .text          0x0000000001016268       0x40 g:/xilinx/vitis/2019.2/gnu/aarch32/nt/gcc-arm-none-eabi/bin/../lib/gcc/arm-none-eabi/8.2.0/thumb/v7-a+fp/hard\libgcc.a(_fixunssfdi.o)
                0x0000000001016268                __fixunssfdi
                0x0000000001016268                __aeabi_f2ulz
 .text          0x00000000010162a8       0x40 g:/xilinx/vitis/2019.2/gnu/aarch32/nt/gcc-arm-none-eabi/bin/../lib/gcc/arm-none-eabi/8.2.0/thumb/v7-a+fp/hard\libgcc.a(_fixunsdfdi.o)
                0x00000000010162a8                __fixunsdfdi
                0x00000000010162a8                __aeabi_d2ulz
 .text          0x00000000010162e8      0x118 g:/xilinx/vitis/2019.2/gnu/aarch32/nt/gcc-arm-none-eabi/bin/../lib/gcc/arm-none-eabi/8.2.0/thumb/v7-a+fp/hard\libgcc.a(_udivmoddi4.o)
                0x00000000010162e8                __udivmoddi4
 .text          0x0000000001016400       0x14 g:/xilinx/vitis/2019.2/gnu/aarch32/nt/gcc-arm-none-eabi/bin/../arm-none-eabi/libc/usr/lib/thumb/v7-a+fp/hard\libc.a(lib_a-calloc.o)
                0x0000000001016400                calloc
 .text          0x0000000001016414       0x64 g:/xilinx/vitis/2019.2/gnu/aarch32/nt/gcc-arm-none-eabi/bin/../arm-none-eabi/libc/usr/lib/thumb/v7-a+fp/hard\libc.a(lib_a-callocr.o)
                0x0000000001016414                _calloc_r
 .text          0x0000000001016478       0x20 g:/xilinx/vitis/2019.2/gnu/aarch32/nt/gcc-arm-none-eabi/bin/../arm-none-eabi/libc/usr/lib/thumb/v7-a+fp/hard\libc.a(lib_a-exit.o)
                0x0000000001016478                exit
 .text          0x0000000001016498       0x30 g:/xilinx/vitis/2019.2/gnu/aarch32/nt/gcc-arm-none-eabi/bin/../arm-none-eabi/libc/usr/lib/thumb/v7-a+fp/hard\libc.a(lib_a-fini.o)
                0x0000000001016498                __libc_fini_array
 .text          0x00000000010164c8        0x0 g:/xilinx/vitis/2019.2/gnu/aarch32/nt/gcc-arm-none-eabi/bin/../arm-none-eabi/libc/usr/lib/thumb/v7-a+fp/hard\libc.a(lib_a-impure.o)
 .text          0x00000000010164c8       0x50 g:/xilinx/vitis/2019.2/gnu/aarch32/nt/gcc-arm-none-eabi/bin/../arm-none-eabi/libc/usr/lib/thumb/v7-a+fp/hard\libc.a(lib_a-init.o)
                0x00000000010164c8                __libc_init_array
 .text          0x0000000001016518      0x9e0 g:/xilinx/vitis/2019.2/gnu/aarch32/nt/gcc-arm-none-eabi/bin/../arm-none-eabi/libc/usr/lib/thumb/v7-a+fp/hard\libc.a(lib_a-locale.o)
                0x0000000001016584                __loadlocale
                0x0000000001016c04                __get_locale_env
                0x0000000001016c58                _setlocale_r
                0x0000000001016e9c                __locale_mb_cur_max
                0x0000000001016ebc                __locale_ctype_ptr_l
                0x0000000001016ec4                __locale_ctype_ptr
                0x0000000001016ee4                setlocale
 .text          0x0000000001016ef8       0x14 g:/xilinx/vitis/2019.2/gnu/aarch32/nt/gcc-arm-none-eabi/bin/../arm-none-eabi/libc/usr/lib/thumb/v7-a+fp/hard\libc.a(lib_a-malign.o)
                0x0000000001016ef8                memalign
 .text          0x0000000001016f0c       0xf4 g:/xilinx/vitis/2019.2/gnu/aarch32/nt/gcc-arm-none-eabi/bin/../arm-none-eabi/libc/usr/lib/thumb/v7-a+fp/hard\libc.a(lib_a-malignr.o)
                0x0000000001016f0c                _memalign_r
 .text          0x0000000001017000       0x20 g:/xilinx/vitis/2019.2/gnu/aarch32/nt/gcc-arm-none-eabi/bin/../arm-none-eabi/libc/usr/lib/thumb/v7-a+fp/hard\libc.a(lib_a-malloc.o)
                0x0000000001017000                malloc
                0x0000000001017010                free
 .text          0x0000000001017020      0x564 g:/xilinx/vitis/2019.2/gnu/aarch32/nt/gcc-arm-none-eabi/bin/../arm-none-eabi/libc/usr/lib/thumb/v7-a+fp/hard\libc.a(lib_a-mallocr.o)
                0x0000000001017020                _malloc_r
 .text          0x0000000001017584      0x4b8 g:/xilinx/vitis/2019.2/gnu/aarch32/nt/gcc-arm-none-eabi/bin/../arm-none-eabi/libc/usr/lib/thumb/v7-a+fp/hard\libc.a(lib_a-mbtowc_r.o)
                0x0000000001017584                _mbtowc_r
                0x00000000010175ac                __ascii_mbtowc
                0x00000000010175d0                __utf8_mbtowc
                0x00000000010177d8                __sjis_mbtowc
                0x000000000101785c                __eucjp_mbtowc
                0x0000000001017914                __jis_mbtowc
 *fill*         0x0000000001017a3c        0x4 
 .text          0x0000000001017a40      0x5e0 g:/xilinx/vitis/2019.2/gnu/aarch32/nt/gcc-arm-none-eabi/bin/../arm-none-eabi/libc/usr/lib/thumb/v7-a+fp/hard\libc.a(lib_a-memcpy.o)
                0x0000000001017a40                memcpy
 .text          0x0000000001018020       0xd0 g:/xilinx/vitis/2019.2/gnu/aarch32/nt/gcc-arm-none-eabi/bin/../arm-none-eabi/libc/usr/lib/thumb/v7-a+fp/hard\libc.a(lib_a-memmove.o)
                0x0000000001018020                memmove
 .text          0x00000000010180f0       0xa0 g:/xilinx/vitis/2019.2/gnu/aarch32/nt/gcc-arm-none-eabi/bin/../arm-none-eabi/libc/usr/lib/thumb/v7-a+fp/hard\libc.a(lib_a-memset.o)
                0x00000000010180f0                memset
 .text          0x0000000001018190        0x8 g:/xilinx/vitis/2019.2/gnu/aarch32/nt/gcc-arm-none-eabi/bin/../arm-none-eabi/libc/usr/lib/thumb/v7-a+fp/hard\libc.a(lib_a-mlock.o)
                0x0000000001018190                __malloc_lock
                0x0000000001018194                __malloc_unlock
 .text          0x0000000001018198       0x4c g:/xilinx/vitis/2019.2/gnu/aarch32/nt/gcc-arm-none-eabi/bin/../arm-none-eabi/libc/usr/lib/thumb/v7-a+fp/hard\libc.a(lib_a-printf.o)
                0x0000000001018198                _printf_r
                0x00000000010181b8                printf
 .text          0x00000000010181e4       0x78 g:/xilinx/vitis/2019.2/gnu/aarch32/nt/gcc-arm-none-eabi/bin/../arm-none-eabi/libc/usr/lib/thumb/v7-a+fp/hard\libc.a(lib_a-puts.o)
                0x00000000010181e4                _puts_r
                0x000000000101824c                puts
 .text          0x000000000101825c      0x5b4 g:/xilinx/vitis/2019.2/gnu/aarch32/nt/gcc-arm-none-eabi/bin/../arm-none-eabi/libc/usr/lib/thumb/v7-a+fp/hard\libc.a(lib_a-qsort.o)
                0x000000000101825c                qsort
 .text          0x0000000001018810       0x28 g:/xilinx/vitis/2019.2/gnu/aarch32/nt/gcc-arm-none-eabi/bin/../arm-none-eabi/libc/usr/lib/thumb/v7-a+fp/hard\libc.a(lib_a-sbrkr.o)
                0x0000000001018810                _sbrk_r
 .text          0x0000000001018838      0x114 g:/xilinx/vitis/2019.2/gnu/aarch32/nt/gcc-arm-none-eabi/bin/../arm-none-eabi/libc/usr/lib/thumb/v7-a+fp/hard\libc.a(lib_a-snprintf.o)
                0x0000000001018838                _snprintf_r
                0x00000000010188bc                snprintf
 .text          0x000000000101894c       0x44 g:/xilinx/vitis/2019.2/gnu/aarch32/nt/gcc-arm-none-eabi/bin/../arm-none-eabi/libc/usr/lib/thumb/v7-a+fp/hard\libc.a(lib_a-strcasecmp.o)
                0x000000000101894c                strcasecmp
 .text          0x0000000001018990       0x40 g:/xilinx/vitis/2019.2/gnu/aarch32/nt/gcc-arm-none-eabi/bin/../arm-none-eabi/libc/usr/lib/thumb/v7-a+fp/hard\libc.a(lib_a-strcat.o)
                0x0000000001018990                strcat
 .text          0x00000000010189d0       0xe4 g:/xilinx/vitis/2019.2/gnu/aarch32/nt/gcc-arm-none-eabi/bin/../arm-none-eabi/libc/usr/lib/thumb/v7-a+fp/hard\libc.a(lib_a-strchr.o)
                0x00000000010189d0                strchr
 *fill*         0x0000000001018ab4        0xc 
 .text          0x0000000001018ac0      0x2dc g:/xilinx/vitis/2019.2/gnu/aarch32/nt/gcc-arm-none-eabi/bin/../arm-none-eabi/libc/usr/lib/thumb/v7-a+fp/hard\libc.a(lib_a-strcmp.o)
                0x0000000001018ac8                strcmp
 .text          0x0000000001018d9c       0xc4 g:/xilinx/vitis/2019.2/gnu/aarch32/nt/gcc-arm-none-eabi/bin/../arm-none-eabi/libc/usr/lib/thumb/v7-a+fp/hard\libc.a(lib_a-strcpy.o)
                0x0000000001018d9c                strcpy
 .text          0x0000000001018e60       0x58 g:/xilinx/vitis/2019.2/gnu/aarch32/nt/gcc-arm-none-eabi/bin/../arm-none-eabi/libc/usr/lib/thumb/v7-a+fp/hard\libc.a(lib_a-strlcpy.o)
                0x0000000001018e60                strlcpy
 *fill*         0x0000000001018eb8        0x8 
 .text          0x0000000001018ec0       0xdc g:/xilinx/vitis/2019.2/gnu/aarch32/nt/gcc-arm-none-eabi/bin/../arm-none-eabi/libc/usr/lib/thumb/v7-a+fp/hard\libc.a(lib_a-strlen.o)
                0x0000000001018ec0                strlen
 .text          0x0000000001018f9c       0x5c g:/xilinx/vitis/2019.2/gnu/aarch32/nt/gcc-arm-none-eabi/bin/../arm-none-eabi/libc/usr/lib/thumb/v7-a+fp/hard\libc.a(lib_a-strncasecmp.o)
                0x0000000001018f9c                strncasecmp
 .text          0x0000000001018ff8       0xa4 g:/xilinx/vitis/2019.2/gnu/aarch32/nt/gcc-arm-none-eabi/bin/../arm-none-eabi/libc/usr/lib/thumb/v7-a+fp/hard\libc.a(lib_a-strncmp.o)
                0x0000000001018ff8                strncmp
 .text          0x000000000101909c       0x80 g:/xilinx/vitis/2019.2/gnu/aarch32/nt/gcc-arm-none-eabi/bin/../arm-none-eabi/libc/usr/lib/thumb/v7-a+fp/hard\libc.a(lib_a-strncpy.o)
                0x000000000101909c                strncpy
 .text          0x000000000101911c      0x198 g:/xilinx/vitis/2019.2/gnu/aarch32/nt/gcc-arm-none-eabi/bin/../arm-none-eabi/libc/usr/lib/thumb/v7-a+fp/hard\libc.a(lib_a-strtol.o)
                0x000000000101923c                _strtol_r
                0x0000000001019264                strtol_l
                0x0000000001019284                strtol
 *fill*         0x00000000010192b4        0x4 
 .text          0x00000000010192b8     0x1b4c g:/xilinx/vitis/2019.2/gnu/aarch32/nt/gcc-arm-none-eabi/bin/../arm-none-eabi/libc/usr/lib/thumb/v7-a+fp/hard\libc.a(lib_a-svfprintf.o)
                0x00000000010192b8                _svfprintf_r
 *fill*         0x000000000101ae04        0x4 
 .text          0x000000000101ae08     0x1c28 g:/xilinx/vitis/2019.2/gnu/aarch32/nt/gcc-arm-none-eabi/bin/../arm-none-eabi/libc/usr/lib/thumb/v7-a+fp/hard\libc.a(lib_a-vfprintf.o)
                0x000000000101ae08                _vfprintf_r
                0x000000000101c9a8                vfprintf
 .text          0x000000000101ca30       0x8c g:/xilinx/vitis/2019.2/gnu/aarch32/nt/gcc-arm-none-eabi/bin/../arm-none-eabi/libc/usr/lib/thumb/v7-a+fp/hard\libc.a(lib_a-vsnprintf.o)
                0x000000000101ca30                _vsnprintf_r
                0x000000000101ca9c                vsnprintf
 .text          0x000000000101cabc       0xac g:/xilinx/vitis/2019.2/gnu/aarch32/nt/gcc-arm-none-eabi/bin/../arm-none-eabi/libc/usr/lib/thumb/v7-a+fp/hard\libc.a(lib_a-wcrtomb.o)
                0x000000000101cabc                _wcrtomb_r
                0x000000000101cb10                wcrtomb
 .text          0x000000000101cb68       0x3c g:/xilinx/vitis/2019.2/gnu/aarch32/nt/gcc-arm-none-eabi/bin/../arm-none-eabi/libc/usr/lib/thumb/v7-a+fp/hard\libc.a(lib_a-wcsrtombs.o)
                0x000000000101cb68                _wcsrtombs_r
                0x000000000101cb80                wcsrtombs
 .text          0x000000000101cba4      0x22c g:/xilinx/vitis/2019.2/gnu/aarch32/nt/gcc-arm-none-eabi/bin/../arm-none-eabi/libc/usr/lib/thumb/v7-a+fp/hard\libc.a(lib_a-wctomb_r.o)
                0x000000000101cba4                _wctomb_r
                0x000000000101cbcc                __ascii_wctomb
                0x000000000101cbe4                __utf8_wctomb
                0x000000000101cc88                __sjis_wctomb
                0x000000000101ccdc                __eucjp_wctomb
                0x000000000101cd4c                __jis_wctomb
 .text          0x000000000101cdd0       0xc8 g:/xilinx/vitis/2019.2/gnu/aarch32/nt/gcc-arm-none-eabi/bin/../arm-none-eabi/libc/usr/lib/thumb/v7-a+fp/hard\libc.a(lib_a-wsetup.o)
                0x000000000101cdd0                __swsetup_r
 .text          0x000000000101ce98       0xdc g:/xilinx/vitis/2019.2/gnu/aarch32/nt/gcc-arm-none-eabi/bin/../arm-none-eabi/libc/usr/lib/thumb/v7-a+fp/hard\libc.a(lib_a-__call_atexit.o)
                0x000000000101ce98                __call_exitprocs
 .text          0x000000000101cf74       0x10 g:/xilinx/vitis/2019.2/gnu/aarch32/nt/gcc-arm-none-eabi/bin/../arm-none-eabi/libc/usr/lib/thumb/v7-a+fp/hard\libc.a(lib_a-ctype_.o)
                0x000000000101cf74                __set_ctype
 *fill*         0x000000000101cf84        0x4 
 .text          0x000000000101cf88      0xe54 g:/xilinx/vitis/2019.2/gnu/aarch32/nt/gcc-arm-none-eabi/bin/../arm-none-eabi/libc/usr/lib/thumb/v7-a+fp/hard\libc.a(lib_a-dtoa.o)
                0x000000000101d0d0                _dtoa_r
 .text          0x000000000101dddc      0x1a8 g:/xilinx/vitis/2019.2/gnu/aarch32/nt/gcc-arm-none-eabi/bin/../arm-none-eabi/libc/usr/lib/thumb/v7-a+fp/hard\libc.a(lib_a-fflush.o)
                0x000000000101dddc                __sflush_r
                0x000000000101df28                _fflush_r
                0x000000000101df5c                fflush
 .text          0x000000000101df84      0x210 g:/xilinx/vitis/2019.2/gnu/aarch32/nt/gcc-arm-none-eabi/bin/../arm-none-eabi/libc/usr/lib/thumb/v7-a+fp/hard\libc.a(lib_a-findfp.o)
                0x000000000101df88                _cleanup_r
                0x000000000101e07c                __sfmoreglue
                0x000000000101e0ac                __sfp
                0x000000000101e134                _cleanup
                0x000000000101e14c                __sinit
                0x000000000101e154                __sfp_lock_acquire
                0x000000000101e158                __sfp_lock_release
                0x000000000101e15c                __sinit_lock_acquire
                0x000000000101e160                __sinit_lock_release
                0x000000000101e164                __fp_lock_all
                0x000000000101e17c                __fp_unlock_all
 .text          0x000000000101e194      0x29c g:/xilinx/vitis/2019.2/gnu/aarch32/nt/gcc-arm-none-eabi/bin/../arm-none-eabi/libc/usr/lib/thumb/v7-a+fp/hard\libc.a(lib_a-freer.o)
                0x000000000101e194                _malloc_trim_r
                0x000000000101e240                _free_r
 .text          0x000000000101e430      0x32c g:/xilinx/vitis/2019.2/gnu/aarch32/nt/gcc-arm-none-eabi/bin/../arm-none-eabi/libc/usr/lib/thumb/v7-a+fp/hard\libc.a(lib_a-fvwrite.o)
                0x000000000101e430                __sfvwrite_r
 .text          0x000000000101e75c       0x98 g:/xilinx/vitis/2019.2/gnu/aarch32/nt/gcc-arm-none-eabi/bin/../arm-none-eabi/libc/usr/lib/thumb/v7-a+fp/hard\libc.a(lib_a-fwalk.o)
                0x000000000101e75c                _fwalk
                0x000000000101e7a4                _fwalk_reent
 .text          0x000000000101e7f4       0x98 g:/xilinx/vitis/2019.2/gnu/aarch32/nt/gcc-arm-none-eabi/bin/../arm-none-eabi/libc/usr/lib/thumb/v7-a+fp/hard\libc.a(lib_a-getenv_r.o)
                0x000000000101e7f4                _findenv_r
                0x000000000101e87c                _getenv_r
 .text          0x000000000101e88c       0x44 g:/xilinx/vitis/2019.2/gnu/aarch32/nt/gcc-arm-none-eabi/bin/../arm-none-eabi/libc/usr/lib/thumb/v7-a+fp/hard\libc.a(lib_a-localeconv.o)
                0x000000000101e88c                __localeconv_l
                0x000000000101e890                _localeconv_r
                0x000000000101e8b0                localeconv
 .text          0x000000000101e8d0       0xf8 g:/xilinx/vitis/2019.2/gnu/aarch32/nt/gcc-arm-none-eabi/bin/../arm-none-eabi/libc/usr/lib/thumb/v7-a+fp/hard\libc.a(lib_a-makebuf.o)
                0x000000000101e8d0                __swhatbuf_r
                0x000000000101e92c                __smakebuf_r
 *fill*         0x000000000101e9c8        0x8 
 .text          0x000000000101e9d0       0xa0 g:/xilinx/vitis/2019.2/gnu/aarch32/nt/gcc-arm-none-eabi/bin/../arm-none-eabi/libc/usr/lib/thumb/v7-a+fp/hard\libc.a(lib_a-memchr.o)
                0x000000000101e9d0                memchr
 .text          0x000000000101ea70      0x8fc g:/xilinx/vitis/2019.2/gnu/aarch32/nt/gcc-arm-none-eabi/bin/../arm-none-eabi/libc/usr/lib/thumb/v7-a+fp/hard\libc.a(lib_a-mprec.o)
                0x000000000101ea70                _Balloc
                0x000000000101eabc                _Bfree
                0x000000000101ead0                __multadd
                0x000000000101eb60                __s2b
                0x000000000101ebf8                __hi0bits
                0x000000000101ec38                __lo0bits
                0x000000000101ec94                __i2b
                0x000000000101eca8                __multiply
                0x000000000101ede8                __pow5mult
                0x000000000101ee8c                __lshift
                0x000000000101ef48                __mcmp
                0x000000000101ef84                __mdiff
                0x000000000101f08c                __ulp
                0x000000000101f0dc                __b2d
                0x000000000101f18c                __d2b
                0x000000000101f240                __ratio
                0x000000000101f2a0                _mprec_log10
                0x000000000101f2c8                __copybits
                0x000000000101f310                __any_on
 .text          0x000000000101f36c      0x374 g:/xilinx/vitis/2019.2/gnu/aarch32/nt/gcc-arm-none-eabi/bin/../arm-none-eabi/libc/usr/lib/thumb/v7-a+fp/hard\libc.a(lib_a-reallocr.o)
                0x000000000101f36c                _realloc_r
 .text          0x000000000101f6e0       0xa4 g:/xilinx/vitis/2019.2/gnu/aarch32/nt/gcc-arm-none-eabi/bin/../arm-none-eabi/libc/usr/lib/thumb/v7-a+fp/hard\libc.a(lib_a-reent.o)
                0x000000000101f6e0                cleanup_glue
                0x000000000101f6fc                _reclaim_reent
 *fill*         0x000000000101f784        0x4 
 .text          0x000000000101f788       0x80 g:/xilinx/vitis/2019.2/gnu/aarch32/nt/gcc-arm-none-eabi/bin/../arm-none-eabi/libc/usr/lib/thumb/v7-a+fp/hard\libc.a(lib_a-s_frexp.o)
                0x000000000101f788                frexp
 .text          0x000000000101f808       0x90 g:/xilinx/vitis/2019.2/gnu/aarch32/nt/gcc-arm-none-eabi/bin/../arm-none-eabi/libc/usr/lib/thumb/v7-a+fp/hard\libc.a(lib_a-stdio.o)
                0x000000000101f808                __sread
                0x000000000101f82c                __seofread
                0x000000000101f830                __swrite
                0x000000000101f870                __sseek
                0x000000000101f890                __sclose
 .text          0x000000000101f898      0xe90 g:/xilinx/vitis/2019.2/gnu/aarch32/nt/gcc-arm-none-eabi/bin/../arm-none-eabi/libc/usr/lib/thumb/v7-a+fp/hard\libc.a(lib_a-svfiprintf.o)
                0x000000000101f898                __ssprint_r
                0x000000000101f990                _svfiprintf_r
 .text          0x0000000001020728     0x108c g:/xilinx/vitis/2019.2/gnu/aarch32/nt/gcc-arm-none-eabi/bin/../arm-none-eabi/libc/usr/lib/thumb/v7-a+fp/hard\libc.a(lib_a-vfiprintf.o)
                0x000000000102079c                __sprint_r
                0x00000000010207b0                _vfiprintf_r
                0x000000000102172c                vfiprintf
 .text          0x00000000010217b4      0x15c g:/xilinx/vitis/2019.2/gnu/aarch32/nt/gcc-arm-none-eabi/bin/../arm-none-eabi/libc/usr/lib/thumb/v7-a+fp/hard\libc.a(lib_a-wcsnrtombs.o)
                0x00000000010217b4                _wcsnrtombs_l
                0x00000000010218a8                _wcsnrtombs_r
                0x00000000010218d8                wcsnrtombs
 .text          0x0000000001021910       0x2c g:/xilinx/vitis/2019.2/gnu/aarch32/nt/gcc-arm-none-eabi/bin/../arm-none-eabi/libc/usr/lib/thumb/v7-a+fp/hard\libc.a(lib_a-writer.o)
                0x0000000001021910                _write_r
 .text          0x000000000102193c       0x28 g:/xilinx/vitis/2019.2/gnu/aarch32/nt/gcc-arm-none-eabi/bin/../arm-none-eabi/libc/usr/lib/thumb/v7-a+fp/hard\libc.a(lib_a-closer.o)
                0x000000000102193c                _close_r
 .text          0x0000000001021964        0x0 g:/xilinx/vitis/2019.2/gnu/aarch32/nt/gcc-arm-none-eabi/bin/../arm-none-eabi/libc/usr/lib/thumb/v7-a+fp/hard\libc.a(lib_a-environ.o)
 .text          0x0000000001021964        0x8 g:/xilinx/vitis/2019.2/gnu/aarch32/nt/gcc-arm-none-eabi/bin/../arm-none-eabi/libc/usr/lib/thumb/v7-a+fp/hard\libc.a(lib_a-envlock.o)
                0x0000000001021964                __env_lock
                0x0000000001021968                __env_unlock
 .text          0x000000000102196c       0x98 g:/xilinx/vitis/2019.2/gnu/aarch32/nt/gcc-arm-none-eabi/bin/../arm-none-eabi/libc/usr/lib/thumb/v7-a+fp/hard\libc.a(lib_a-fclose.o)
                0x000000000102196c                _fclose_r
                0x00000000010219f4                fclose
 .text          0x0000000001021a04      0x11c g:/xilinx/vitis/2019.2/gnu/aarch32/nt/gcc-arm-none-eabi/bin/../arm-none-eabi/libc/usr/lib/thumb/v7-a+fp/hard\libc.a(lib_a-fputwc.o)
                0x0000000001021a04                __fputwc
                0x0000000001021ab4                _fputwc_r
                0x0000000001021adc                fputwc
 .text          0x0000000001021b20       0x2c g:/xilinx/vitis/2019.2/gnu/aarch32/nt/gcc-arm-none-eabi/bin/../arm-none-eabi/libc/usr/lib/thumb/v7-a+fp/hard\libc.a(lib_a-fstatr.o)
                0x0000000001021b20                _fstat_r
 .text          0x0000000001021b4c       0x28 g:/xilinx/vitis/2019.2/gnu/aarch32/nt/gcc-arm-none-eabi/bin/../arm-none-eabi/libc/usr/lib/thumb/v7-a+fp/hard\libc.a(lib_a-isattyr.o)
                0x0000000001021b4c                _isatty_r
 .text          0x0000000001021b74       0x2c g:/xilinx/vitis/2019.2/gnu/aarch32/nt/gcc-arm-none-eabi/bin/../arm-none-eabi/libc/usr/lib/thumb/v7-a+fp/hard\libc.a(lib_a-lseekr.o)
                0x0000000001021b74                _lseek_r
 .text          0x0000000001021ba0       0x2c g:/xilinx/vitis/2019.2/gnu/aarch32/nt/gcc-arm-none-eabi/bin/../arm-none-eabi/libc/usr/lib/thumb/v7-a+fp/hard\libc.a(lib_a-readr.o)
                0x0000000001021ba0                _read_r
 .text          0x0000000001021bcc       0xc4 g:/xilinx/vitis/2019.2/gnu/aarch32/nt/gcc-arm-none-eabi/bin/../arm-none-eabi/libc/usr/lib/thumb/v7-a+fp/hard\libc.a(lib_a-wbuf.o)
                0x0000000001021bcc                __swbuf_r
                0x0000000001021c7c                __swbuf
 .text          0x0000000001021c90       0x40 C:/Users/Tom/Documents/Projects/Scopy_MVP_Platform/scopy-fpga/main/export/main/sw/main/standalone_domain/bsplib/lib\libxil.a(_sbrk.o)
                0x0000000001021c90                _sbrk
 .text          0x0000000001021cd0       0x30 C:/Users/Tom/Documents/Projects/Scopy_MVP_Platform/scopy-fpga/main/export/main/sw/main/standalone_domain/bsplib/lib\libxil.a(lseek.o)
                0x0000000001021cd0                lseek
                0x0000000001021ce8                _lseek
 .text          0x0000000001021d00       0x70 C:/Users/Tom/Documents/Projects/Scopy_MVP_Platform/scopy-fpga/main/export/main/sw/main/standalone_domain/bsplib/lib\libxil.a(write.o)
                0x0000000001021d00                write
                0x0000000001021d6c                _write
 .text          0x0000000001021d70       0x60 C:/Users/Tom/Documents/Projects/Scopy_MVP_Platform/scopy-fpga/main/export/main/sw/main/standalone_domain/bsplib/lib\libxil.a(read.o)
                0x0000000001021d70                read
                0x0000000001021dcc                _read
 .text          0x0000000001021dd0       0x10 C:/Users/Tom/Documents/Projects/Scopy_MVP_Platform/scopy-fpga/main/export/main/sw/main/standalone_domain/bsplib/lib\libxil.a(fstat.o)
                0x0000000001021dd0                _fstat
 .text          0x0000000001021de0       0x10 C:/Users/Tom/Documents/Projects/Scopy_MVP_Platform/scopy-fpga/main/export/main/sw/main/standalone_domain/bsplib/lib\libxil.a(errno.o)
                0x0000000001021de0                __errno
 .text          0x0000000001021df0        0x4 C:/Users/Tom/Documents/Projects/Scopy_MVP_Platform/scopy-fpga/main/export/main/sw/main/standalone_domain/bsplib/lib\libxil.a(_exit.o)
                0x0000000001021df0                _exit
 .text          0x0000000001021df4       0x10 C:/Users/Tom/Documents/Projects/Scopy_MVP_Platform/scopy-fpga/main/export/main/sw/main/standalone_domain/bsplib/lib\libxil.a(isatty.o)
                0x0000000001021df4                isatty
                0x0000000001021dfc                _isatty
 .text          0x0000000001021e04        0xc C:/Users/Tom/Documents/Projects/Scopy_MVP_Platform/scopy-fpga/main/export/main/sw/main/standalone_domain/bsplib/lib\libxil.a(inbyte.o)
                0x0000000001021e04                inbyte
 .text          0x0000000001021e10        0x8 C:/Users/Tom/Documents/Projects/Scopy_MVP_Platform/scopy-fpga/main/export/main/sw/main/standalone_domain/bsplib/lib\libxil.a(close.o)
                0x0000000001021e10                _close
 .text          0x0000000001021e18        0x0 g:/xilinx/vitis/2019.2/gnu/aarch32/nt/gcc-arm-none-eabi/bin/../lib/gcc/arm-none-eabi/8.2.0/thumb/v7-a+fp/hard/crtend.o
 .text          0x0000000001021e18        0x0 g:/xilinx/vitis/2019.2/gnu/aarch32/nt/gcc-arm-none-eabi/bin/../lib/gcc/arm-none-eabi/8.2.0/thumb/v7-a+fp/hard/crtn.o
 *(.text.*)
 .text.startup  0x0000000001021e18       0x38 ./src/main.o
                0x0000000001021e18                main
 .text.startup.__stub
                0x0000000001021e50       0x18 linker stubs
 *(.gnu.linkonce.t.*)
 *(.plt)
 *(.gnu_warning)
 *(.gcc_execpt_table)
 *(.glue_7)
 .glue_7        0x0000000001021e68        0x0 linker stubs
 *(.glue_7t)
 .glue_7t       0x0000000001021e68        0x0 linker stubs
 *(.vfp11_veneer)
 .vfp11_veneer  0x0000000001021e68        0x0 linker stubs
 *(.ARM.extab)
 .ARM.extab     0x0000000001021e68        0x0 g:/xilinx/vitis/2019.2/gnu/aarch32/nt/gcc-arm-none-eabi/bin/../lib/gcc/arm-none-eabi/8.2.0/thumb/v7-a+fp/hard\libgcc.a(_udivmoddi4.o)
 *(.gnu.linkonce.armextab.*)

.v4_bx          0x0000000001021e68        0x0
 .v4_bx         0x0000000001021e68        0x0 linker stubs

.iplt           0x0000000001021e68        0x0
 .iplt          0x0000000001021e68        0x0 g:/xilinx/vitis/2019.2/gnu/aarch32/nt/gcc-arm-none-eabi/bin/../lib/gcc/arm-none-eabi/8.2.0/thumb/v7-a+fp/hard/crtbegin.o

.force_ocm
 *(.force_ocm)

.init           0x0000000001021e68        0xc
 *(.init)
 .init          0x0000000001021e68        0x4 g:/xilinx/vitis/2019.2/gnu/aarch32/nt/gcc-arm-none-eabi/bin/../lib/gcc/arm-none-eabi/8.2.0/thumb/v7-a+fp/hard/crti.o
                0x0000000001021e68                _init
 .init          0x0000000001021e6c        0x8 g:/xilinx/vitis/2019.2/gnu/aarch32/nt/gcc-arm-none-eabi/bin/../lib/gcc/arm-none-eabi/8.2.0/thumb/v7-a+fp/hard/crtn.o

.fini           0x0000000001021e74        0xc
 *(.fini)
 .fini          0x0000000001021e74        0x4 g:/xilinx/vitis/2019.2/gnu/aarch32/nt/gcc-arm-none-eabi/bin/../lib/gcc/arm-none-eabi/8.2.0/thumb/v7-a+fp/hard/crti.o
                0x0000000001021e74                _fini
 .fini          0x0000000001021e78        0x8 g:/xilinx/vitis/2019.2/gnu/aarch32/nt/gcc-arm-none-eabi/bin/../lib/gcc/arm-none-eabi/8.2.0/thumb/v7-a+fp/hard/crtn.o

.rodata         0x0000000001021e80    0x433bc
                0x0000000001021e80                __rodata_start = .
 *(.rodata)
 .rodata        0x0000000001021e80    0x40000 ./src/demo_norway.o
                0x0000000001021e80                norway_512x512_grey
 .rodata        0x0000000001061e80       0x18 ./src/fabric_config.o
                0x0000000001061e80                fabcfg_dummy_tests
 .rodata        0x0000000001061e98      0x100 ./src/spi.o
                0x0000000001061e98                spi_command_defs
 .rodata        0x0000000001061f98       0x30 C:/Users/Tom/Documents/Projects/Scopy_MVP_Platform/scopy-fpga/main/export/main/sw/main/standalone_domain/bsplib/lib\libxil.a(xspips_options.o)
 .rodata        0x0000000001061fc8        0x4 g:/xilinx/vitis/2019.2/gnu/aarch32/nt/gcc-arm-none-eabi/bin/../arm-none-eabi/libc/usr/lib/thumb/v7-a+fp/hard\libc.a(lib_a-impure.o)
                0x0000000001061fc8                _global_impure_ptr
 .rodata        0x0000000001061fcc      0x188 g:/xilinx/vitis/2019.2/gnu/aarch32/nt/gcc-arm-none-eabi/bin/../arm-none-eabi/libc/usr/lib/thumb/v7-a+fp/hard\libc.a(lib_a-locale.o)
                0x0000000001061fe8                __C_locale
 .rodata        0x0000000001062154       0x90 g:/xilinx/vitis/2019.2/gnu/aarch32/nt/gcc-arm-none-eabi/bin/../arm-none-eabi/libc/usr/lib/thumb/v7-a+fp/hard\libc.a(lib_a-mbtowc_r.o)
 .rodata        0x00000000010621e4       0x20 g:/xilinx/vitis/2019.2/gnu/aarch32/nt/gcc-arm-none-eabi/bin/../arm-none-eabi/libc/usr/lib/thumb/v7-a+fp/hard\libc.a(lib_a-svfprintf.o)
 .rodata        0x0000000001062204       0x20 g:/xilinx/vitis/2019.2/gnu/aarch32/nt/gcc-arm-none-eabi/bin/../arm-none-eabi/libc/usr/lib/thumb/v7-a+fp/hard\libc.a(lib_a-vfprintf.o)
 .rodata        0x0000000001062224      0x101 g:/xilinx/vitis/2019.2/gnu/aarch32/nt/gcc-arm-none-eabi/bin/../arm-none-eabi/libc/usr/lib/thumb/v7-a+fp/hard\libc.a(lib_a-ctype_.o)
                0x0000000001062224                _ctype_
 *fill*         0x0000000001062325        0x3 
 .rodata        0x0000000001062328      0x128 g:/xilinx/vitis/2019.2/gnu/aarch32/nt/gcc-arm-none-eabi/bin/../arm-none-eabi/libc/usr/lib/thumb/v7-a+fp/hard\libc.a(lib_a-mprec.o)
                0x0000000001062338                __mprec_tens
                0x0000000001062400                __mprec_tinytens
                0x0000000001062428                __mprec_bigtens
 .rodata        0x0000000001062450       0x20 g:/xilinx/vitis/2019.2/gnu/aarch32/nt/gcc-arm-none-eabi/bin/../arm-none-eabi/libc/usr/lib/thumb/v7-a+fp/hard\libc.a(lib_a-svfiprintf.o)
 .rodata        0x0000000001062470       0x20 g:/xilinx/vitis/2019.2/gnu/aarch32/nt/gcc-arm-none-eabi/bin/../arm-none-eabi/libc/usr/lib/thumb/v7-a+fp/hard\libc.a(lib_a-vfiprintf.o)
 *(.rodata.*)
 .rodata.str1.4
                0x0000000001062490      0x10e ./src/acq_hacks.o
 *fill*         0x000000000106259e        0x2 
 .rodata.str1.4
                0x00000000010625a0     0x11fe ./src/acquire.o
                                       0x1202 (size before relaxing)
 *fill*         0x000000000106379e        0x2 
 .rodata.str1.4
                0x00000000010637a0      0x3a2 ./src/clkwiz_interface.o
                                        0x3a6 (size before relaxing)
 *fill*         0x0000000001063b42        0x2 
 .rodata.str1.4
                0x0000000001063b44      0x23a ./src/fabric_config.o
                                        0x23e (size before relaxing)
 *fill*         0x0000000001063d7e        0x2 
 .rodata.str1.4
                0x0000000001063d80      0x46d ./src/hal.o
                                        0x49d (size before relaxing)
 *fill*         0x00000000010641ed        0x3 
 .rodata.str1.4
                0x00000000010641f0       0x16 ./src/main.o
 *fill*         0x0000000001064206        0x2 
 .rodata.str1.4
                0x0000000001064208       0xaa ./src/mipi_csi_hacks.o
 *fill*         0x00000000010642b2        0x2 
 .rodata.str1.4
                0x00000000010642b4      0x22d ./src/spi.o
 *fill*         0x00000000010644e1        0x3 
 .rodata.str1.4
                0x00000000010644e4      0x145 ./src/trigger.o
                                        0x149 (size before relaxing)
 *fill*         0x0000000001064629        0x3 
 .rodata.str1.4
                0x000000000106462c      0x1ef C:/Users/Tom/Documents/Projects/Scopy_MVP_Platform/scopy-fpga/main/export/main/sw/main/standalone_domain/bsplib/lib\libxil.a(xaxidma.o)
 *fill*         0x000000000106481b        0x1 
 .rodata.str1.4
                0x000000000106481c      0x6f4 C:/Users/Tom/Documents/Projects/Scopy_MVP_Platform/scopy-fpga/main/export/main/sw/main/standalone_domain/bsplib/lib\libxil.a(xaxidma_bdring.o)
                                        0x6f7 (size before relaxing)
 .rodata.str1.4
                0x0000000001064f10        0xb C:/Users/Tom/Documents/Projects/Scopy_MVP_Platform/scopy-fpga/main/export/main/sw/main/standalone_domain/bsplib/lib\libxil.a(xclk_wiz.o)
 *fill*         0x0000000001064f1b        0x1 
 .rodata.str1.4
                0x0000000001064f1c        0xa C:/Users/Tom/Documents/Projects/Scopy_MVP_Platform/scopy-fpga/main/export/main/sw/main/standalone_domain/bsplib/lib\libxil.a(xgpiops.o)
 *fill*         0x0000000001064f26        0x2 
 .rodata.str1.4
                0x0000000001064f28        0xf C:/Users/Tom/Documents/Projects/Scopy_MVP_Platform/scopy-fpga/main/export/main/sw/main/standalone_domain/bsplib/lib\libxil.a(xgpiops_intr.o)
 *fill*         0x0000000001064f37        0x1 
 .rodata.str1.4
                0x0000000001064f38        0xf C:/Users/Tom/Documents/Projects/Scopy_MVP_Platform/scopy-fpga/main/export/main/sw/main/standalone_domain/bsplib/lib\libxil.a(xscugic_intr.o)
 *fill*         0x0000000001064f47        0x1 
 .rodata.str1.4
                0x0000000001064f48        0xa C:/Users/Tom/Documents/Projects/Scopy_MVP_Platform/scopy-fpga/main/export/main/sw/main/standalone_domain/bsplib/lib\libxil.a(xscugic.o)
 *fill*         0x0000000001064f52        0x2 
 .rodata.str1.4
                0x0000000001064f54       0x13 C:/Users/Tom/Documents/Projects/Scopy_MVP_Platform/scopy-fpga/main/export/main/sw/main/standalone_domain/bsplib/lib\libxil.a(xscugic_selftest.o)
 *fill*         0x0000000001064f67        0x1 
 .rodata.str1.4
                0x0000000001064f68        0xc C:/Users/Tom/Documents/Projects/Scopy_MVP_Platform/scopy-fpga/main/export/main/sw/main/standalone_domain/bsplib/lib\libxil.a(xscutimer.o)
 .rodata.str1.4
                0x0000000001064f74       0x15 C:/Users/Tom/Documents/Projects/Scopy_MVP_Platform/scopy-fpga/main/export/main/sw/main/standalone_domain/bsplib/lib\libxil.a(xscutimer_selftest.o)
 *fill*         0x0000000001064f89        0x3 
 .rodata.str1.4
                0x0000000001064f8c       0x11 C:/Users/Tom/Documents/Projects/Scopy_MVP_Platform/scopy-fpga/main/export/main/sw/main/standalone_domain/bsplib/lib\libxil.a(xspips_options.o)
 *fill*         0x0000000001064f9d        0x3 
 .rodata.str1.4
                0x0000000001064fa0        0x9 C:/Users/Tom/Documents/Projects/Scopy_MVP_Platform/scopy-fpga/main/export/main/sw/main/standalone_domain/bsplib/lib\libxil.a(xspips.o)
 *fill*         0x0000000001064fa9        0x3 
 .rodata.str1.4
                0x0000000001064fac       0x12 C:/Users/Tom/Documents/Projects/Scopy_MVP_Platform/scopy-fpga/main/export/main/sw/main/standalone_domain/bsplib/lib\libxil.a(xspips_selftest.o)
 *fill*         0x0000000001064fbe        0x2 
 .rodata.str1.4
                0x0000000001064fc0       0x11 C:/Users/Tom/Documents/Projects/Scopy_MVP_Platform/scopy-fpga/main/export/main/sw/main/standalone_domain/bsplib/lib\libxil.a(xil_printf.o)
 *fill*         0x0000000001064fd1        0x3 
 .rodata.str1.4
                0x0000000001064fd4       0xfe C:/Users/Tom/Documents/Projects/Scopy_MVP_Platform/scopy-fpga/main/export/main/sw/main/standalone_domain/bsplib/lib\libxil.a(xil_exception.o)
 *fill*         0x00000000010650d2        0x2 
 .rodata.str1.4
                0x00000000010650d4      0x128 g:/xilinx/vitis/2019.2/gnu/aarch32/nt/gcc-arm-none-eabi/bin/../arm-none-eabi/libc/usr/lib/thumb/v7-a+fp/hard\libc.a(lib_a-locale.o)
                                        0x130 (size before relaxing)
 .rodata.str1.4
                0x00000000010651fc      0x128 g:/xilinx/vitis/2019.2/gnu/aarch32/nt/gcc-arm-none-eabi/bin/../arm-none-eabi/libc/usr/lib/thumb/v7-a+fp/hard\libc.a(lib_a-puts.o)
                                          0x2 (size before relaxing)
 .rodata.str1.4
                0x00000000010651fc       0x2e g:/xilinx/vitis/2019.2/gnu/aarch32/nt/gcc-arm-none-eabi/bin/../arm-none-eabi/libc/usr/lib/thumb/v7-a+fp/hard\libc.a(lib_a-svfprintf.o)
                                         0x42 (size before relaxing)
 .rodata.str1.4
                0x000000000106522a       0x42 g:/xilinx/vitis/2019.2/gnu/aarch32/nt/gcc-arm-none-eabi/bin/../arm-none-eabi/libc/usr/lib/thumb/v7-a+fp/hard\libc.a(lib_a-vfprintf.o)
 *fill*         0x000000000106522a        0x2 
 .rodata.str1.4
                0x000000000106522c       0x10 g:/xilinx/vitis/2019.2/gnu/aarch32/nt/gcc-arm-none-eabi/bin/../arm-none-eabi/libc/usr/lib/thumb/v7-a+fp/hard\libc.a(lib_a-dtoa.o)
                                         0x12 (size before relaxing)
 .rodata.str1.4
                0x000000000106523c       0x2f g:/xilinx/vitis/2019.2/gnu/aarch32/nt/gcc-arm-none-eabi/bin/../arm-none-eabi/libc/usr/lib/thumb/v7-a+fp/hard\libc.a(lib_a-svfiprintf.o)
 .rodata.str1.4
                0x000000000106523c       0x2f g:/xilinx/vitis/2019.2/gnu/aarch32/nt/gcc-arm-none-eabi/bin/../arm-none-eabi/libc/usr/lib/thumb/v7-a+fp/hard\libc.a(lib_a-vfiprintf.o)
 *(.gnu.linkonce.r.*)
                0x000000000106526b                __rodata_end = .

.rodata1        0x000000000106523c        0x0
                0x000000000106523c                __rodata1_start = .
 *(.rodata1)
 *(.rodata1.*)
                0x000000000106523c                __rodata1_end = .

.sdata2         0x000000000106523c        0x0
                0x000000000106523c                __sdata2_start = .
 *(.sdata2)
 *(.sdata2.*)
 *(.gnu.linkonce.s2.*)
                0x000000000106523c                __sdata2_end = .

.sbss2          0x000000000106523c        0x0
                0x000000000106523c                __sbss2_start = .
 *(.sbss2)
 *(.sbss2.*)
 *(.gnu.linkonce.sb2.*)
                0x000000000106523c                __sbss2_end = .

.data           0x0000000001065240      0xe48
                0x0000000001065240                __data_start = .
 *(.data)
 .data          0x0000000001065240        0x0 g:/xilinx/vitis/2019.2/gnu/aarch32/nt/gcc-arm-none-eabi/bin/../lib/gcc/arm-none-eabi/8.2.0/thumb/v7-a+fp/hard/crti.o
 .data          0x0000000001065240        0x4 g:/xilinx/vitis/2019.2/gnu/aarch32/nt/gcc-arm-none-eabi/bin/../lib/gcc/arm-none-eabi/8.2.0/thumb/v7-a+fp/hard/crtbegin.o
                0x0000000001065240                __dso_handle
 .data          0x0000000001065244        0x0 ./src/Collections-C/src/array.o
 .data          0x0000000001065244        0x0 ./src/Collections-C/src/common.o
 .data          0x0000000001065244        0x0 ./src/Collections-C/src/deque.o
 .data          0x0000000001065244        0x0 ./src/Collections-C/src/hashset.o
 .data          0x0000000001065244        0x0 ./src/Collections-C/src/hashtable.o
 .data          0x0000000001065244        0x0 ./src/Collections-C/src/list.o
 .data          0x0000000001065244        0x0 ./src/Collections-C/src/pqueue.o
 .data          0x0000000001065244        0x0 ./src/Collections-C/src/queue.o
 .data          0x0000000001065244        0x0 ./src/Collections-C/src/ring_buffer.o
 .data          0x0000000001065244        0x0 ./src/Collections-C/src/slist.o
 .data          0x0000000001065244        0x0 ./src/Collections-C/src/stack.o
 .data          0x0000000001065244        0x0 ./src/Collections-C/src/treeset.o
 .data          0x0000000001065244        0x0 ./src/Collections-C/src/treetable.o
 .data          0x0000000001065244        0x0 ./src/acq_hacks.o
 .data          0x0000000001065244       0x30 ./src/acquire.o
                0x0000000001065244                acq_state_to_str
                0x000000000106525c                acq_substate_to_str
 .data          0x0000000001065274        0x0 ./src/clkwiz_interface.o
 .data          0x0000000001065274        0x0 ./src/demo_norway.o
 .data          0x0000000001065274        0x0 ./src/fabric_config.o
 .data          0x0000000001065274        0x0 ./src/hal.o
 .data          0x0000000001065274        0x0 ./src/main.o
 .data          0x0000000001065274        0x0 ./src/mipi_csi_hacks.o
 .data          0x0000000001065274        0x0 ./src/platform.o
 .data          0x0000000001065274        0x0 ./src/spi.o
 .data          0x0000000001065274        0x0 ./src/trigger.o
 .data          0x0000000001065274        0x0 C:/Users/Tom/Documents/Projects/Scopy_MVP_Platform/scopy-fpga/main/export/main/sw/main/standalone_domain/bsplib/lib\libxil.a(xaxidma.o)
 .data          0x0000000001065274        0x0 C:/Users/Tom/Documents/Projects/Scopy_MVP_Platform/scopy-fpga/main/export/main/sw/main/standalone_domain/bsplib/lib\libxil.a(xaxidma_sinit.o)
 .data          0x0000000001065274        0x0 C:/Users/Tom/Documents/Projects/Scopy_MVP_Platform/scopy-fpga/main/export/main/sw/main/standalone_domain/bsplib/lib\libxil.a(xaxidma_bdring.o)
 .data          0x0000000001065274       0x88 C:/Users/Tom/Documents/Projects/Scopy_MVP_Platform/scopy-fpga/main/export/main/sw/main/standalone_domain/bsplib/lib\libxil.a(xaxidma_g.o)
                0x0000000001065274                XAxiDma_ConfigTable
 .data          0x00000000010652fc        0x0 C:/Users/Tom/Documents/Projects/Scopy_MVP_Platform/scopy-fpga/main/export/main/sw/main/standalone_domain/bsplib/lib\libxil.a(xclk_wiz.o)
 .data          0x00000000010652fc        0x0 C:/Users/Tom/Documents/Projects/Scopy_MVP_Platform/scopy-fpga/main/export/main/sw/main/standalone_domain/bsplib/lib\libxil.a(xclk_wiz_sinit.o)
 .data          0x00000000010652fc        0x0 C:/Users/Tom/Documents/Projects/Scopy_MVP_Platform/scopy-fpga/main/export/main/sw/main/standalone_domain/bsplib/lib\libxil.a(xgpiops.o)
 .data          0x00000000010652fc        0x0 C:/Users/Tom/Documents/Projects/Scopy_MVP_Platform/scopy-fpga/main/export/main/sw/main/standalone_domain/bsplib/lib\libxil.a(xgpiops_sinit.o)
 .data          0x00000000010652fc        0x0 C:/Users/Tom/Documents/Projects/Scopy_MVP_Platform/scopy-fpga/main/export/main/sw/main/standalone_domain/bsplib/lib\libxil.a(xgpiops_intr.o)
 .data          0x00000000010652fc        0x8 C:/Users/Tom/Documents/Projects/Scopy_MVP_Platform/scopy-fpga/main/export/main/sw/main/standalone_domain/bsplib/lib\libxil.a(xgpiops_g.o)
                0x00000000010652fc                XGpioPs_ConfigTable
 .data          0x0000000001065304        0x0 C:/Users/Tom/Documents/Projects/Scopy_MVP_Platform/scopy-fpga/main/export/main/sw/main/standalone_domain/bsplib/lib\libxil.a(xscugic_intr.o)
 .data          0x0000000001065304        0x0 C:/Users/Tom/Documents/Projects/Scopy_MVP_Platform/scopy-fpga/main/export/main/sw/main/standalone_domain/bsplib/lib\libxil.a(xscugic.o)