Archive member included to satisfy reference by file (symbol)

C:/Users/Tom/Documents/Projects/Scopy_MVP_Platform/scopy-fpga/main/export/main/sw/main/standalone_domain/bsplib/lib\libxil.a(xaxidma.o)
                              ./src/acquire.o (XAxiDma_Reset)
C:/Users/Tom/Documents/Projects/Scopy_MVP_Platform/scopy-fpga/main/export/main/sw/main/standalone_domain/bsplib/lib\libxil.a(xaxidma_sinit.o)
                              ./src/acquire.o (XAxiDma_LookupConfig)
C:/Users/Tom/Documents/Projects/Scopy_MVP_Platform/scopy-fpga/main/export/main/sw/main/standalone_domain/bsplib/lib\libxil.a(xaxidma_selftest.o)
                              ./src/mipi_csi.o (XAxiDma_Selftest)
C:/Users/Tom/Documents/Projects/Scopy_MVP_Platform/scopy-fpga/main/export/main/sw/main/standalone_domain/bsplib/lib\libxil.a(xaxidma_bd.o)
                              ./src/mipi_csi.o (XAxiDma_BdSetLength)
C:/Users/Tom/Documents/Projects/Scopy_MVP_Platform/scopy-fpga/main/export/main/sw/main/standalone_domain/bsplib/lib\libxil.a(xaxidma_bdring.o)
                              ./src/mipi_csi.o (XAxiDma_BdRingCreate)
C:/Users/Tom/Documents/Projects/Scopy_MVP_Platform/scopy-fpga/main/export/main/sw/main/standalone_domain/bsplib/lib\libxil.a(xaxidma_g.o)
                              C:/Users/Tom/Documents/Projects/Scopy_MVP_Platform/scopy-fpga/main/export/main/sw/main/standalone_domain/bsplib/lib\libxil.a(xaxidma_sinit.o) (XAxiDma_ConfigTable)
C:/Users/Tom/Documents/Projects/Scopy_MVP_Platform/scopy-fpga/main/export/main/sw/main/standalone_domain/bsplib/lib\libxil.a(xclk_wiz.o)
                              ./src/clkwiz_interface.o (XClk_Wiz_CfgInitialize)
C:/Users/Tom/Documents/Projects/Scopy_MVP_Platform/scopy-fpga/main/export/main/sw/main/standalone_domain/bsplib/lib\libxil.a(xclk_wiz_sinit.o)
                              ./src/clkwiz_interface.o (XClk_Wiz_LookupConfig)
C:/Users/Tom/Documents/Projects/Scopy_MVP_Platform/scopy-fpga/main/export/main/sw/main/standalone_domain/bsplib/lib\libxil.a(xgpiops.o)
                              ./src/hal.o (XGpioPs_CfgInitialize)
C:/Users/Tom/Documents/Projects/Scopy_MVP_Platform/scopy-fpga/main/export/main/sw/main/standalone_domain/bsplib/lib\libxil.a(xgpiops_sinit.o)
                              ./src/hal.o (XGpioPs_LookupConfig)
C:/Users/Tom/Documents/Projects/Scopy_MVP_Platform/scopy-fpga/main/export/main/sw/main/standalone_domain/bsplib/lib\libxil.a(xgpiops_intr.o)
                              C:/Users/Tom/Documents/Projects/Scopy_MVP_Platform/scopy-fpga/main/export/main/sw/main/standalone_domain/bsplib/lib\libxil.a(xgpiops.o) (StubHandler)
C:/Users/Tom/Documents/Projects/Scopy_MVP_Platform/scopy-fpga/main/export/main/sw/main/standalone_domain/bsplib/lib\libxil.a(xgpiops_g.o)
                              C:/Users/Tom/Documents/Projects/Scopy_MVP_Platform/scopy-fpga/main/export/main/sw/main/standalone_domain/bsplib/lib\libxil.a(xgpiops_sinit.o) (XGpioPs_ConfigTable)
C:/Users/Tom/Documents/Projects/Scopy_MVP_Platform/scopy-fpga/main/export/main/sw/main/standalone_domain/bsplib/lib\libxil.a(xscugic_intr.o)
                              ./src/hal.o (XScuGic_InterruptHandler)
C:/Users/Tom/Documents/Projects/Scopy_MVP_Platform/scopy-fpga/main/export/main/sw/main/standalone_domain/bsplib/lib\libxil.a(xscugic.o)
                              ./src/acquire.o (XScuGic_Connect)
C:/Users/Tom/Documents/Projects/Scopy_MVP_Platform/scopy-fpga/main/export/main/sw/main/standalone_domain/bsplib/lib\libxil.a(xscugic_sinit.o)
                              ./src/hal.o (XScuGic_LookupConfig)
C:/Users/Tom/Documents/Projects/Scopy_MVP_Platform/scopy-fpga/main/export/main/sw/main/standalone_domain/bsplib/lib\libxil.a(xscugic_selftest.o)
                              ./src/hal.o (XScuGic_SelfTest)
C:/Users/Tom/Documents/Projects/Scopy_MVP_Platform/scopy-fpga/main/export/main/sw/main/standalone_domain/bsplib/lib\libxil.a(xscutimer.o)
                              ./src/hal.o (XScuTimer_CfgInitialize)
C:/Users/Tom/Documents/Projects/Scopy_MVP_Platform/scopy-fpga/main/export/main/sw/main/standalone_domain/bsplib/lib\libxil.a(xscutimer_selftest.o)
                              ./src/hal.o (XScuTimer_SelfTest)
C:/Users/Tom/Documents/Projects/Scopy_MVP_Platform/scopy-fpga/main/export/main/sw/main/standalone_domain/bsplib/lib\libxil.a(xscutimer_sinit.o)
                              ./src/hal.o (XScuTimer_LookupConfig)
C:/Users/Tom/Documents/Projects/Scopy_MVP_Platform/scopy-fpga/main/export/main/sw/main/standalone_domain/bsplib/lib\libxil.a(xscutimer_g.o)
                              C:/Users/Tom/Documents/Projects/Scopy_MVP_Platform/scopy-fpga/main/export/main/sw/main/standalone_domain/bsplib/lib\libxil.a(xscutimer_sinit.o) (XScuTimer_ConfigTable)
C:/Users/Tom/Documents/Projects/Scopy_MVP_Platform/scopy-fpga/main/export/main/sw/main/standalone_domain/bsplib/lib\libxil.a(xspips.o)
                              ./src/spi.o (XSpiPs_Reset)
[...]
Memory Configuration

Name             Origin             Length             Attributes
ps7_ram_0        0x0000000001000000 0x000000000fffffff
ocm2             0x00000000ffff0000 0x000000000000fe00
ocm1             0x0000000000000000 0x0000000000030000
*default*        0x0000000000000000 0xffffffffffffffff

Linker script and memory map

LOAD g:/xilinx/vitis/2019.2/gnu/aarch32/nt/gcc-arm-none-eabi/bin/../lib/gcc/arm-none-eabi/8.2.0/thumb/v7-a+fp/hard/crti.o
LOAD g:/xilinx/vitis/2019.2/gnu/aarch32/nt/gcc-arm-none-eabi/bin/../lib/gcc/arm-none-eabi/8.2.0/thumb/v7-a+fp/hard/crtbegin.o
                0x0000000000010000                _STACK_SIZE = DEFINED (_STACK_SIZE)?_STACK_SIZE:0x10000
                0x000000000c000000                _HEAP_SIZE = DEFINED (_HEAP_SIZE)?_HEAP_SIZE:0xc000000
                0x0000000000000400                _ABORT_STACK_SIZE = DEFINED (_ABORT_STACK_SIZE)?_ABORT_STACK_SIZE:0x400
                0x0000000000000800                _SUPERVISOR_STACK_SIZE = DEFINED (_SUPERVISOR_STACK_SIZE)?_SUPERVISOR_STACK_SIZE:0x800
                0x0000000000000400                _IRQ_STACK_SIZE = DEFINED (_IRQ_STACK_SIZE)?_IRQ_STACK_SIZE:0x400
                0x0000000000000400                _FIQ_STACK_SIZE = DEFINED (_FIQ_STACK_SIZE)?_FIQ_STACK_SIZE:0x400
                0x0000000000000400                _UNDEF_STACK_SIZE = DEFINED (_UNDEF_STACK_SIZE)?_UNDEF_STACK_SIZE:0x400

.text           0x0000000001000000    0x253e4
 *(.vectors)
 .vectors       0x0000000001000000      0x12c C:/Users/Tom/Documents/Projects/Scopy_MVP_Platform/scopy-fpga/main/export/main/sw/main/standalone_domain/bsplib/lib\libxil.a(asm_vectors.o)
                0x0000000001000000                _vector_table
 *(.boot)
 .boot          0x000000000100012c      0x3b0 C:/Users/Tom/Documents/Projects/Scopy_MVP_Platform/scopy-fpga/main/export/main/sw/main/standalone_domain/bsplib/lib\libxil.a(boot.o)
                0x000000000100012c                _prestart
                0x000000000100012c                _boot
 *(.text)
 .text          0x00000000010004dc        0x0 g:/xilinx/vitis/2019.2/gnu/aarch32/nt/gcc-arm-none-eabi/bin/../lib/gcc/arm-none-eabi/8.2.0/thumb/v7-a+fp/hard/crti.o
 .text          0x00000000010004dc       0xa8 g:/xilinx/vitis/2019.2/gnu/aarch32/nt/gcc-arm-none-eabi/bin/../lib/gcc/arm-none-eabi/8.2.0/thumb/v7-a+fp/hard/crtbegin.o
 .text          0x0000000001000584     0x150c ./src/Collections-C/src/array.o
                0x0000000001000584                array_new
                0x0000000001000608                array_new_conf
                0x00000000010006e0                array_conf_init
                0x0000000001000718                array_destroy
                0x000000000100073c                array_destroy_cb
                0x0000000001000790                array_add
                0x000000000100083c                array_add_at
                0x00000000010009d8                array_replace_at
                0x0000000001000a1c                array_swap_at
                0x0000000001000a64                array_remove
                0x0000000001000b10                array_remove_at
                0x0000000001000b84                array_remove_last
                0x0000000001000bbc                array_remove_all
                0x0000000001000bc8                array_remove_all_free
                0x0000000001000c08                array_get_at
                0x0000000001000c28                array_get_last
                0x0000000001000c4c                array_get_buffer
                0x0000000001000c54                array_index_of
                0x0000000001000cac                array_subarray
                0x0000000001000d70                array_copy_shallow
                0x0000000001000e10                array_copy_deep
                0x0000000001000edc                array_filter_mut
                0x0000000001000fac                array_filter
                0x00000000010010bc                array_reverse
                0x0000000001001110                array_trim_capacity
                0x0000000001001188                array_contains
                0x00000000010011bc                array_contains_value
                0x0000000001001210                array_size
                0x0000000001001218                array_capacity
                0x0000000001001220                array_sort
                0x0000000001001238                array_map
                0x0000000001001274                array_reduce
                0x00000000010012f0                array_iter_init
                0x0000000001001300                array_iter_next
                0x0000000001001348                array_iter_remove
                0x00000000010013d4                array_iter_add
                0x0000000001001574                array_iter_replace
                0x00000000010015c4                array_iter_index
                0x00000000010015d0                array_zip_iter_init
                0x00000000010015e0                array_zip_iter_next
                0x0000000001001648                array_zip_iter_remove
                0x0000000001001744                array_zip_iter_add
                0x00000000010019e4                array_zip_iter_replace
                0x0000000001001a84                array_zip_iter_index
 .text          0x0000000001001a90        0x4 ./src/Collections-C/src/common.o
                0x0000000001001a90                cc_common_cmp_str
 .text          0x0000000001001a94     0x19a0 ./src/Collections-C/src/deque.o
                0x0000000001001b4c                deque_new
                0x0000000001001bd8                deque_new_conf
                0x0000000001001c8c                deque_conf_init
                0x0000000001001cb4                deque_destroy
                0x0000000001001cd8                deque_destroy_cb
                0x0000000001001d4c                deque_add
                0x0000000001001db0                deque_add_first
                0x0000000001001e90                deque_add_last
                0x0000000001001ef4                deque_add_at
                0x0000000001002180                deque_replace_at
                0x00000000010021d8                deque_remove_at
                0x00000000010023d4                deque_remove
                0x0000000001002440                deque_remove_first
                0x0000000001002490                deque_remove_last
                0x00000000010024e0                deque_remove_all
                0x00000000010024f4                deque_remove_all_cb
                0x0000000001002550                deque_get_at
                0x0000000001002594                deque_get_first
                0x00000000010025bc                deque_get_last
                0x00000000010025f4                deque_copy_shallow
                0x00000000010026cc                deque_copy_deep
                0x0000000001002810                deque_trim_capacity
                0x0000000001002900                deque_reverse
                0x000000000100295c                deque_contains
                0x00000000010029a8                deque_contains_value
                0x0000000001002a10                deque_index_of
                0x0000000001002a7c                deque_size
                0x0000000001002a84                deque_capacity
                0x0000000001002a8c                deque_get_buffer
                0x0000000001002a94                deque_foreach
                0x0000000001002ae0                deque_filter_mut
                0x0000000001002d04                deque_filter
                0x0000000001002e38                deque_iter_init
                0x0000000001002e48                deque_iter_next
                0x0000000001002eb4                deque_iter_remove
                0x00000000010030c4                deque_iter_add
                0x00000000010030e8                deque_iter_replace
                0x0000000001003148                deque_iter_index
                0x0000000001003154                deque_zip_iter_init
                0x0000000001003164                deque_zip_iter_next
                0x0000000001003210                deque_zip_iter_add
                0x00000000010032cc                deque_zip_iter_remove
                0x000000000100335c                deque_zip_iter_replace
                0x0000000001003428                deque_zip_iter_index
 .text          0x0000000001003434      0x1b0 ./src/Collections-C/src/hashset.o
                0x0000000001003434                hashset_conf_init
                0x0000000001003438                hashset_new
                0x00000000010034c4                hashset_new_conf
                0x000000000100354c                hashset_destroy
                0x000000000100356c                hashset_add
                0x0000000001003574                hashset_remove
                0x000000000100357c                hashset_remove_all
                0x0000000001003584                hashset_contains
                0x000000000100358c                hashset_size
                0x0000000001003594                hashset_capacity
                0x000000000100359c                hashset_foreach
                0x00000000010035a4                hashset_iter_init
                0x00000000010035ac                hashset_iter_next
                0x00000000010035e0                hashset_iter_remove
 .text          0x00000000010035e4      0xde0 ./src/Collections-C/src/hashtable.o
                0x00000000010035e4                hashtable_hash_string
                0x0000000001003618                hashtable_new
                0x00000000010036d4                hashtable_new_conf
                0x00000000010037c0                hashtable_conf_init
                0x0000000001003820                hashtable_destroy
                0x000000000100388c                hashtable_add
                0x0000000001003a94                hashtable_get
                0x0000000001003b54                hashtable_remove
                0x0000000001003cc8                hashtable_remove_all
                0x0000000001003d3c                hashtable_size
                0x0000000001003d44                hashtable_capacity
                0x0000000001003d4c                hashtable_contains_key
                0x0000000001003dc0                hashtable_get_values
                0x0000000001003e84                hashtable_get_keys
                0x0000000001003f48                hashtable_foreach_key
                0x0000000001003f9c                hashtable_foreach_value
                0x0000000001003ff0                hashtable_iter_init
                0x0000000001004050                hashtable_iter_next
                0x00000000010040e4                hashtable_iter_remove
                0x00000000010040f8                hashtable_hash
                0x0000000001004360                hashtable_hash_ptr
 .text          0x00000000010043c4     0x2068 ./src/Collections-C/src/list.o
                0x0000000001004724                list_conf_init
                0x0000000001004744                list_new
                0x0000000001004798                list_new_conf
                0x00000000010047dc                list_destroy
                0x0000000001004894                list_destroy_cb
                0x000000000100499c                list_add
                0x00000000010049f8                list_add_first
                0x0000000001004a58                list_add_last
                0x0000000001004ab4                list_add_at
                0x0000000001004b9c                list_add_all
                0x0000000001004c80                list_add_all_at
                0x0000000001004cb8                list_splice
                0x0000000001004d7c                list_splice_at
                0x0000000001004f04                list_remove
                0x0000000001004f88                list_remove_at
                0x0000000001005040                list_remove_first
                0x00000000010050b4                list_remove_last
                0x0000000001005128                list_remove_all
                0x00000000010051d0                list_remove_all_cb
                0x00000000010052d8                list_replace_at
                0x0000000001005364                list_get_first
                0x0000000001005384                list_get_last
                0x00000000010053a4                list_get_at
                0x000000000100541c                list_reverse
                0x000000000100550c                list_sublist
                0x0000000001005704                list_copy_shallow
                0x0000000001005870                list_copy_deep
                0x00000000010059e8                list_to_array
                0x0000000001005a5c                list_contains
                0x0000000001005a90                list_contains_value
                0x0000000001005ae0                list_index_of
                0x0000000001005b38                list_size
                0x0000000001005b40                list_sort
                0x0000000001005bf8                list_sort_in_place
                0x0000000001005c08                list_foreach
                0x0000000001005c34                list_filter_mut
                0x0000000001005cc8                list_filter
                0x0000000001005da4                list_iter_init
                0x0000000001005dc0                list_iter_remove
                0x0000000001005e44                list_iter_add
                0x0000000001005ee8                list_iter_replace
                0x0000000001005f14                list_iter_index
                0x0000000001005f20                list_iter_next
                0x0000000001005f64                list_diter_init
                0x0000000001005f84                list_diter_add
                0x0000000001006018                list_diter_remove
                0x000000000100609c                list_diter_replace
                0x00000000010060c8                list_diter_index
                0x00000000010060d4                list_diter_next
                0x0000000001006118                list_zip_iter_init
                0x0000000001006148                list_zip_iter_next
                0x00000000010061b4                list_zip_iter_add
                0x00000000010062f4                list_zip_iter_remove
                0x00000000010063d0                list_zip_iter_replace
                0x0000000001006420                list_zip_iter_index
 .text          0x000000000100642c      0x4e0 ./src/Collections-C/src/pqueue.o
                0x000000000100642c                pqueue_conf_init
                0x0000000001006468                pqueue_new
                0x00000000010064f4                pqueue_new_conf
                0x00000000010065dc                pqueue_destroy
                0x0000000001006600                pqueue_destroy_cb
                0x0000000001006654                pqueue_push
                0x0000000001006770                pqueue_top
                0x0000000001006790                pqueue_pop
 .text          0x000000000100690c      0x184 ./src/Collections-C/src/queue.o
                0x000000000100690c                queue_conf_init
                0x0000000001006910                queue_new
                0x0000000001006990                queue_new_conf
                0x0000000001006a08                queue_destroy
                0x0000000001006a28                queue_destroy_cb
                0x0000000001006a44                queue_peek
                0x0000000001006a4c                queue_poll
                0x0000000001006a54                queue_enqueue
                0x0000000001006a5c                queue_size
                0x0000000001006a64                queue_foreach
                0x0000000001006a6c                queue_iter_init
                0x0000000001006a74                queue_iter_next
                0x0000000001006a78                queue_iter_replace
                0x0000000001006a7c                queue_zip_iter_init
                0x0000000001006a88                queue_zip_iter_next
                0x0000000001006a8c                queue_zip_iter_replace
 .text          0x0000000001006a90      0x258 ./src/Collections-C/src/ring_buffer.o
                0x0000000001006a90                rbuf_new
                0x0000000001006b20                rbuf_conf_new
                0x0000000001006bb4                rbuf_conf_init
                0x0000000001006bdc                rbuf_destroy
                0x0000000001006c00                rbuf_is_empty
                0x0000000001006c10                rbuf_size
                0x0000000001006c18                rbuf_enqueue
                0x0000000001006c80                rbuf_dequeue
                0x0000000001006cd8                rbuf_peek
 .text          0x0000000001006ce8     0x16e0 ./src/Collections-C/src/slist.o
                0x0000000001006ce8                slist_conf_init
                0x0000000001006d08                slist_new
                0x0000000001006d5c                slist_new_conf
                0x0000000001006da0                slist_destroy
                0x0000000001006dfc                slist_destroy_cb
                0x0000000001006e94                slist_add
                0x0000000001006eec                slist_add_first
                0x0000000001006f48                slist_add_last
                0x0000000001006fa0                slist_add_at
                0x0000000001007054                slist_add_all
                0x0000000001007138                slist_add_all_at
                0x0000000001007260                slist_splice
                0x00000000010072b8                slist_splice_at
                0x0000000001007358                slist_remove
                0x000000000100741c                slist_remove_at
                0x00000000010074c0                slist_remove_first
                0x0000000001007520                slist_remove_last
                0x00000000010075c4                slist_remove_all
                0x0000000001007620                slist_remove_all_cb
                0x00000000010076b8                slist_replace_at
                0x0000000001007704                slist_get_first
                0x0000000001007724                slist_get_last
                0x0000000001007744                slist_get_at
                0x0000000001007788                slist_size
                0x0000000001007790                slist_reverse
                0x00000000010077d4                slist_sublist
                0x00000000010079ac                slist_copy_shallow
                0x0000000001007ad0                slist_copy_deep
                0x0000000001007bfc                slist_contains
                0x0000000001007c30                slist_contains_value
                0x0000000001007c80                slist_index_of
                0x0000000001007cd0                slist_to_array
                0x0000000001007d34                slist_sort
                0x0000000001007de8                slist_foreach
                0x0000000001007e14                slist_filter
                0x0000000001007ee8                slist_filter_mut
                0x0000000001007f70                slist_iter_init
                0x0000000001007f8c                slist_iter_remove
                0x0000000001008018                slist_iter_add
                0x0000000001008088                slist_iter_replace
                0x00000000010080b4                slist_iter_next
                0x0000000001008104                slist_iter_index
                0x0000000001008110                slist_zip_iter_init
                0x0000000001008140                slist_zip_iter_next
                0x00000000010081bc                slist_zip_iter_add
                0x0000000001008290                slist_zip_iter_remove
                0x000000000100836c                slist_zip_iter_replace
                0x00000000010083bc                slist_zip_iter_index
 .text          0x00000000010083c8      0x194 ./src/Collections-C/src/stack.o
                0x00000000010083c8                stack_conf_init
                0x00000000010083cc                stack_new
                0x0000000001008454                stack_new_conf
                0x00000000010084d4                stack_destroy
                0x00000000010084f4                stack_destroy_cb
                0x0000000001008510                stack_push
                0x0000000001008518                stack_peek
                0x0000000001008520                stack_pop
                0x0000000001008528                stack_size
                0x0000000001008530                stack_map
                0x0000000001008538                stack_iter_init
                0x0000000001008540                stack_iter_next
                0x0000000001008544                stack_iter_replace
                0x0000000001008548                stack_zip_iter_init
                0x0000000001008554                stack_zip_iter_next
                0x0000000001008558                stack_zip_iter_replace
 .text          0x000000000100855c      0x22c ./src/Collections-C/src/treeset.o
                0x000000000100855c                treeset_conf_init
                0x0000000001008560                treeset_new
                0x00000000010085f4                treeset_new_conf
                0x000000000100867c                treeset_destroy
                0x000000000100869c                treeset_add
                0x00000000010086a4                treeset_remove
                0x00000000010086c0                treeset_remove_all
                0x00000000010086c8                treeset_get_first
                0x00000000010086e4                treeset_get_last
                0x0000000001008700                treeset_get_greater_than
                0x000000000100871c                treeset_get_lesser_than
                0x0000000001008738                treeset_contains
                0x0000000001008740                treeset_size
                0x0000000001008748                treeset_foreach
                0x0000000001008750                treeset_iter_init
                0x0000000001008758                treeset_iter_next
                0x0000000001008784                treeset_iter_remove
 .text          0x0000000001008788     0x1ec0 ./src/Collections-C/src/treetable.o
                0x0000000001008d08                treetable_conf_init
                0x0000000001008d30                treetable_new
                0x0000000001008dc4                treetable_new_conf
                0x0000000001008e5c                treetable_destroy
                0x0000000001009470                treetable_get
                0x00000000010094ec                treetable_get_first_value
                0x0000000001009520                treetable_get_last_value
                0x0000000001009554                treetable_get_first_key
                0x0000000001009588                treetable_get_last_key
                0x00000000010095bc                treetable_get_greater_than
                0x00000000010096b4                treetable_get_lesser_than
                0x00000000010097a8                treetable_size
                0x00000000010097b0                treetable_contains_key
                0x0000000001009824                treetable_contains_value
                0x00000000010098dc                treetable_add
                0x0000000001009bd8                treetable_remove
                0x0000000001009c68                treetable_remove_first
                0x0000000001009cb4                treetable_remove_last
                0x0000000001009cec                treetable_remove_all
                0x000000000100a2f4                treetable_foreach_key
                0x000000000100a3a0                treetable_foreach_value
                0x000000000100a44c                treetable_iter_init
                0x000000000100a47c                treetable_iter_next
                0x000000000100a520                treetable_iter_remove
                0x000000000100a564                treetable_assert_rb_rules
 .text          0x000000000100a648        0x0 ./src/acq_hacks.o
 .text          0x000000000100a648     0x2430 ./src/acquire.o
                0x000000000100a648                _acq_irq_fifo_gen_rst
                0x000000000100a7cc                _acq_irq_error_dma
                0x000000000100a850                _acq_reset_PL_fifo
                0x000000000100a87c                _acq_reset_trigger
                0x000000000100a8a8                _acq_wait_for_ndone
                0x000000000100a8c0                _acq_fast_dma_start
                0x000000000100a8e8                _acq_core_dma_start
                0x000000000100a93c                acq_write_training
                0x000000000100a9f4                acq_init
                0x000000000100abb4                acq_get_next_alloc
                0x000000000100ac6c                acq_append_next_alloc
                0x000000000100ada4                acq_free_all_alloc
                0x000000000100adf8                acq_rewind
                0x000000000100ae44                acq_prepare_triggered
                0x000000000100b264                acq_start
                0x000000000100b3cc                acq_stop
                0x000000000100b434                acq_abort_done
                0x000000000100b454                acq_is_done
                0x000000000100b470                acq_make_status
                0x000000000100b510                acq_debug_dump
                0x000000000100bb50                _acq_irq_rx_handler
                0x000000000100c34c                acq_debug_dump_waveraw
                0x000000000100c3ec                acq_get_ll_pointer
                0x000000000100c454                acq_next_ll_pointer
                0x000000000100c4b0                acq_debug_dump_wave
                0x000000000100c788                acq_copy_slow_mipi
                0x000000000100c934                acq_dma_address_helper
                0x000000000100c9f8                acq_get_wave_size_bytes
                0x000000000100ca28                acq_get_wave_bit_depth
                0x000000000100ca54                acq_get_wave_bit_packed_depth
 .text          0x000000000100ca78      0x6d0 ./src/clkwiz_interface.o
                0x000000000100ca78                clkwiz_init
                0x000000000100cb4c                clkwiz_change_mipi_freq
                0x000000000100ce3c                clkwiz_dump_state
                0x000000000100d0b4                clkwiz_commit
 .text          0x000000000100d148      0x328 ./src/fabric_config.o
                0x000000000100d148                fabcfg_dump_state
                0x000000000100d30c                fabcfg_init
 .text          0x000000000100d470      0xe98 ./src/hal.o
                0x000000000100d470                irq_xscutimer
                0x000000000100d6f8                d_xilinx_assert
                0x000000000100d710                bogo_calibrate
                0x000000000100d8b8                bogo_delay
                0x000000000100d91c                d_printf
                0x000000000100daf0                hal_init
                0x000000000100dff0                d_waitkey
                0x000000000100dffc                d_iskeypress
                0x000000000100e01c                d_getkey
                0x000000000100e03c                d_read_global_timer
                0x000000000100e064                d_start_timing
                0x000000000100e0d4                d_stop_timing
                0x000000000100e154                d_read_timing
                0x000000000100e1a8                d_read_timing_us
                0x000000000100e220                d_dump_timing
                0x000000000100e2c8                d_dump_timing_ex
 .text          0x000000000100e308        0x0 ./src/main.o
 .text          0x000000000100e308     0x1280 ./src/mipi_csi.o
                0x000000000100e308                mipi_csi_init
                0x000000000100e440                mipi_csi_set_datatype_and_frame_wct
                0x000000000100e494                mipi_csi_alloc_item
                0x000000000100e504                mipi_csi_free_item
                0x000000000100e564                mipi_csi_queue_buffer
                0x000000000100e674                mipi_csi_queue_waverange
                0x000000000100e794                mipi_csi_queue_all_waves
                0x000000000100e868                mipi_csi_setup_bdring_and_bd
                0x000000000100e950                mipi_csi_generate_sg_list_for_buffer_range
                0x000000000100ec3c                mipi_csi_generate_sg_list_for_waves
                0x000000000100f0c8                mipi_csi_send_sof
                0x000000000100f114                mipi_csi_send_eof
                0x000000000100f148                mipi_csi_transfer_packet
                0x000000000100f25c                mipi_csi_process_queue_item
                0x000000000100f398                mipi_csi_clear_queue
                0x000000000100f3d0                mipi_csi_unpop_and_start
                0x000000000100f400                mipi_csi_unpop_and_start_all
                0x000000000100f418                mipi_csi_stop
                0x000000000100f4b8                mipi_csi_get_status
                0x000000000100f534                mipi_csi_get_size_report
                0x000000000100f584                mipi_csi_tick
 .text          0x000000000100f588       0x14 ./src/platform.o
                0x000000000100f588                enable_caches
                0x000000000100f58c                disable_caches
                0x000000000100f590                init_uart
                0x000000000100f594                init_platform
                0x000000000100f598                cleanup_platform
 .text          0x000000000100f59c     0x13c8 ./src/spi.o
                0x000000000100f59c                spi_isr_handler
                0x000000000100f948                spi_init
                0x000000000100fd84                spi_reset_hw
                0x000000000100fdb8                spi_crc_lut_gen
                0x000000000100fe40                spi_command_lut_gen
                0x000000000100ff08                spi_transmit_packet_nonblock
                0x0000000001010058                spi_command_find_free_slot
                0x00000000010100a0                spi_command_count_allocated
                0x00000000010100cc                spi_command_pack_response_simple
                0x000000000101015c                spi_command_pack_response_pre_alloc
                0x00000000010101c0                spi_command_tick
 .text          0x0000000001010964      0x3e0 ./src/spi_commands.o
                0x0000000001010964                spicmd_csi_setup_wave_range
                0x0000000001010968                spicmd_hello
                0x00000000010109a0                spicmd_version
                0x00000000010109b0                spicmd_stats
                0x0000000001010a18                spicmd_acq_setup_trigd
                0x0000000001010a90                spicmd_acq_start
                0x0000000001010abc                spicmd_acq_stop
                0x0000000001010ae0                spicmd_acq_rewind
                0x0000000001010ae4                spicmd_acq_status
                0x0000000001010b10                spicmd_trig_configure_edge
                0x0000000001010b3c                spicmd_trig_configure_always
                0x0000000001010b40                spicmd_trig_force
                0x0000000001010b44                spicmd_trig_arm
                0x0000000001010b48                spicmd_trig_disarm
                0x0000000001010b4c                spicmd_csi_setup_addr_range
                0x0000000001010b60                spicmd_csi_stream_clear_queue
                0x0000000001010b64                spicmd_csi_stream_unpop_start
                0x0000000001010b68                spicmd_csi_stream_stop
                0x0000000001010b6c                spicmd_csi_status
                0x0000000001010b98                spicmd_comp0
                0x0000000001010d14                spicmd_csi_setup_testpatt
                0x0000000001010d30                spicmd_csi_setup_bitpack_wave
                0x0000000001010d34                spicmd_csi_set_params_queue
                0x0000000001010d38                spicmd_csi_setup_wave_all
                0x0000000001010d3c                spicmd_csi_setup_trigpos_range
                0x0000000001010d40                spicmd_csi_setup_trigpos_all
 *fill*         0x0000000001010d44        0x4 
 .text          0x0000000001010d48      0x338 ./src/system_control.o
                0x0000000001010d48                sysctrl_tick_irq
                0x0000000001010d98                sysctrl_init
                0x0000000001010ee0                sysctrl_led_mode
                0x0000000001010f48                sysctrl_led_tick
                0x0000000001010fd4                sysctrl_xadc_tick
                0x0000000001010fd8                sysctrl_main_loop
 .text          0x0000000001011080        0x0 ./src/test_patterns.o
 .text          0x0000000001011080      0x744 ./src/trigger.o
                0x0000000001011080                trig_zero_levels
                0x00000000010110b4                trig_write_levels
                0x0000000001011204                trig_configure_always
                0x0000000001011244                trig_configure_edge
                0x0000000001011488                trig_configure_holdoff
                0x0000000001011504                trig_dump_state
                0x00000000010116b0                trig_init
                0x0000000001011744                trig_has_trigd
                0x0000000001011770                trig_arm
                0x0000000001011788                trig_disarm
                0x00000000010117a0                trig_force
 .text          0x00000000010117c4      0x91c C:/Users/Tom/Documents/Projects/Scopy_MVP_Platform/scopy-fpga/main/export/main/sw/main/standalone_domain/bsplib/lib\libxil.a(xaxidma.o)
                0x00000000010117c4                XAxiDma_Reset
                0x00000000010118d8                XAxiDma_ResetIsDone
                0x0000000001011924                XAxiDma_CfgInitialize
                0x0000000001011b60                XAxiDma_Pause
                0x0000000001011c10                XAxiDma_Resume
                0x0000000001011ec8                XAxiDma_Busy
                0x0000000001011ee4                XAxiDma_SelectKeyHole
                0x0000000001011f0c                XAxiDma_SelectCyclicMode
                0x0000000001011f34                XAxiDma_SimpleTransfer
 .text          0x00000000010120e0       0x60 C:/Users/Tom/Documents/Projects/Scopy_MVP_Platform/scopy-fpga/main/export/main/sw/main/standalone_domain/bsplib/lib\libxil.a(xaxidma_sinit.o)
                0x00000000010120e0                XAxiDma_LookupConfig
                0x0000000001012110                XAxiDma_LookupConfigBaseAddr
 .text          0x0000000001012140       0x78 C:/Users/Tom/Documents/Projects/Scopy_MVP_Platform/scopy-fpga/main/export/main/sw/main/standalone_domain/bsplib/lib\libxil.a(xaxidma_selftest.o)
                0x0000000001012140                XAxiDma_Selftest
 .text          0x00000000010121b8      0x2c4 C:/Users/Tom/Documents/Projects/Scopy_MVP_Platform/scopy-fpga/main/export/main/sw/main/standalone_domain/bsplib/lib\libxil.a(xaxidma_bd.o)
                0x00000000010121b8                XAxiDma_BdSetLength
                0x000000000101220c                XAxiDma_BdSetBufAddr
                0x0000000001012260                XAxiDma_BdSetBufAddrMicroMode
                0x0000000001012298                XAxiDma_BdSetAppWord
                0x00000000010122f8                XAxiDma_BdGetAppWord
                0x000000000101235c                XAxiDma_BdSetCtrl
                0x0000000001012374                XAxiDma_DumpBd
 .text          0x000000000101247c      0xfd4 C:/Users/Tom/Documents/Projects/Scopy_MVP_Platform/scopy-fpga/main/export/main/sw/main/standalone_domain/bsplib/lib\libxil.a(xaxidma_bdring.o)
                0x000000000101247c                XAxiDma_UpdateBdRingCDesc
                0x0000000001012600                XAxiDma_BdRingCreate
                0x0000000001012818                XAxiDma_BdRingClone
                0x0000000001012950                XAxiDma_StartBdRingHw
                0x0000000001012a7c                XAxiDma_BdRingStart
                0x0000000001012ad0                XAxiDma_BdRingSetCoalesce
                0x0000000001012b44                XAxiDma_BdRingGetCoalesce
                0x0000000001012b60                XAxiDma_BdRingAlloc
                0x0000000001012c00                XAxiDma_BdRingUnAlloc
                0x0000000001012cd8                XAxiDma_BdRingToHw
                0x0000000001012f78                XAxiDma_BdRingFromHw
                0x00000000010130cc                XAxiDma_BdRingFree
                0x0000000001013180                XAxiDma_BdRingCheck
                0x0000000001013398                XAxiDma_BdRingDumpRegs
 .text          0x0000000001013450        0x0 C:/Users/Tom/Documents/Projects/Scopy_MVP_Platform/scopy-fpga/main/export/main/sw/main/standalone_domain/bsplib/lib\libxil.a(xaxidma_g.o)
 .text          0x0000000001013450      0x150 C:/Users/Tom/Documents/Projects/Scopy_MVP_Platform/scopy-fpga/main/export/main/sw/main/standalone_domain/bsplib/lib\libxil.a(xclk_wiz.o)
                0x0000000001013478                XClk_Wiz_CfgInitialize
                0x0000000001013540                XClk_Wiz_GetInterruptSettings
 .text          0x00000000010135a0       0x1c C:/Users/Tom/Documents/Projects/Scopy_MVP_Platform/scopy-fpga/main/export/main/sw/main/standalone_domain/bsplib/lib\libxil.a(xclk_wiz_sinit.o)
                0x00000000010135a0                XClk_Wiz_LookupConfig
 .text          0x00000000010135bc      0xcd8 C:/Users/Tom/Documents/Projects/Scopy_MVP_Platform/scopy-fpga/main/export/main/sw/main/standalone_domain/bsplib/lib\libxil.a(xgpiops.o)
                0x00000000010135bc                XGpioPs_CfgInitialize
                0x0000000001013738                XGpioPs_Read
                0x00000000010137ec                XGpioPs_Write
                0x0000000001013894                XGpioPs_SetDirection
                0x0000000001013940                XGpioPs_GetDirection
                0x00000000010139f8                XGpioPs_SetOutputEnable
                0x0000000001013aa4                XGpioPs_GetOutputEnable
                0x0000000001013b5c                XGpioPs_GetBankPin
                0x0000000001013c98                XGpioPs_ReadPin
                0x0000000001013d7c                XGpioPs_WritePin
                0x0000000001013e7c                XGpioPs_SetDirectionPin
                0x0000000001013fa0                XGpioPs_GetDirectionPin
                0x0000000001014088                XGpioPs_SetOutputEnablePin
                0x00000000010141ac                XGpioPs_GetOutputEnablePin
 .text          0x0000000001014294       0x1c C:/Users/Tom/Documents/Projects/Scopy_MVP_Platform/scopy-fpga/main/export/main/sw/main/standalone_domain/bsplib/lib\libxil.a(xgpiops_sinit.o)
                0x0000000001014294                XGpioPs_LookupConfig
 .text          0x00000000010142b0      0xdd4 C:/Users/Tom/Documents/Projects/Scopy_MVP_Platform/scopy-fpga/main/export/main/sw/main/standalone_domain/bsplib/lib\libxil.a(xgpiops_intr.o)
                0x00000000010142b0                XGpioPs_IntrEnable
                0x000000000101435c                XGpioPs_IntrEnablePin
                0x0000000001014438                XGpioPs_IntrDisable
                0x00000000010144e4                XGpioPs_IntrDisablePin
                0x00000000010145c0                XGpioPs_IntrGetEnabled
                0x000000000101467c                XGpioPs_IntrGetEnabledPin
                0x0000000001014764                XGpioPs_IntrGetStatus
                0x000000000101481c                XGpioPs_IntrGetStatusPin
                0x0000000001014904                XGpioPs_IntrClear
                0x00000000010149b0                XGpioPs_IntrClearPin
                0x0000000001014a90                XGpioPs_SetIntrType
                0x0000000001014b58                XGpioPs_GetIntrType
                0x0000000001014c2c                XGpioPs_SetIntrTypePin
                0x0000000001014dcc                XGpioPs_GetIntrTypePin
                0x0000000001014ed8                XGpioPs_SetCallbackHandler
                0x0000000001014f78                XGpioPs_IntrHandler
                0x000000000101505c                StubHandler
 .text          0x0000000001015084        0x0 C:/Users/Tom/Documents/Projects/Scopy_MVP_Platform/scopy-fpga/main/export/main/sw/main/standalone_domain/bsplib/lib\libxil.a(xgpiops_g.o)
 .text          0x0000000001015084       0x78 C:/Users/Tom/Documents/Projects/Scopy_MVP_Platform/scopy-fpga/main/export/main/sw/main/standalone_domain/bsplib/lib\libxil.a(xscugic_intr.o)
                0x0000000001015084                XScuGic_InterruptHandler
 .text          0x00000000010150fc      0xaf4 C:/Users/Tom/Documents/Projects/Scopy_MVP_Platform/scopy-fpga/main/export/main/sw/main/standalone_domain/bsplib/lib\libxil.a(xscugic.o)
                0x000000000101514c                XScuGic_Connect
                0x0000000001015220                XScuGic_Disconnect
                0x00000000010152ec                XScuGic_SoftwareIntr
                0x00000000010153d0                XScuGic_SetPriorityTriggerType
                0x0000000001015508                XScuGic_GetPriorityTriggerType
                0x0000000001015634                XScuGic_InterruptMaptoCpu
                0x00000000010156a8                XScuGic_Enable
                0x000000000101577c                XScuGic_InterruptUnmapFromCpu
                0x00000000010157f0                XScuGic_Disable
                0x00000000010158c4                XScuGic_UnmapAllInterruptsFromCpu
                0x0000000001015940                XScuGic_Stop
                0x0000000001015a1c                XScuGic_CfgInitialize
                0x0000000001015b90                XScuGic_SetCpuID
                0x0000000001015be0                XScuGic_GetCpuID
 .text          0x0000000001015bf0       0x1c C:/Users/Tom/Documents/Projects/Scopy_MVP_Platform/scopy-fpga/main/export/main/sw/main/standalone_domain/bsplib/lib\libxil.a(xscugic_sinit.o)
                0x0000000001015bf0                XScuGic_LookupConfig
 .text          0x0000000001015c0c       0xb4 C:/Users/Tom/Documents/Projects/Scopy_MVP_Platform/scopy-fpga/main/export/main/sw/main/standalone_domain/bsplib/lib\libxil.a(xscugic_selftest.o)
                0x0000000001015c0c                XScuGic_SelfTest
 .text          0x0000000001015cc0      0x2d8 C:/Users/Tom/Documents/Projects/Scopy_MVP_Platform/scopy-fpga/main/export/main/sw/main/standalone_domain/bsplib/lib\libxil.a(xscutimer.o)
                0x0000000001015cc0                XScuTimer_CfgInitialize
                0x0000000001015d70                XScuTimer_Start
                0x0000000001015e00                XScuTimer_Stop
                0x0000000001015e88                XScuTimer_SetPrescaler
                0x0000000001015f10                XScuTimer_GetPrescaler
 .text          0x0000000001015f98       0xbc C:/Users/Tom/Documents/Projects/Scopy_MVP_Platform/scopy-fpga/main/export/main/sw/main/standalone_domain/bsplib/lib\libxil.a(xscutimer_selftest.o)
                0x0000000001015f98                XScuTimer_SelfTest
 .text          0x0000000001016054       0x1c C:/Users/Tom/Documents/Projects/Scopy_MVP_Platform/scopy-fpga/main/export/main/sw/main/standalone_domain/bsplib/lib\libxil.a(xscutimer_sinit.o)
                0x0000000001016054                XScuTimer_LookupConfig
 .text          0x0000000001016070        0x0 C:/Users/Tom/Documents/Projects/Scopy_MVP_Platform/scopy-fpga/main/export/main/sw/main/standalone_domain/bsplib/lib\libxil.a(xscutimer_g.o)
 .text          0x0000000001016070      0xaf0 C:/Users/Tom/Documents/Projects/Scopy_MVP_Platform/scopy-fpga/main/export/main/sw/main/standalone_domain/bsplib/lib\libxil.a(xspips.o)
                0x0000000001016098                XSpiPs_Transfer
                0x0000000001016278                XSpiPs_PolledTransfer
                0x00000000010164fc                XSpiPs_SetSlaveSelect
                0x00000000010165dc                XSpiPs_GetSlaveSelect
                0x0000000001016684                XSpiPs_SetStatusHandler
                0x0000000001016724                XSpiPs_Abort
                0x0000000001016780                XSpiPs_Reset
                0x0000000001016804                XSpiPs_CfgInitialize
                0x00000000010168d4                XSpiPs_InterruptHandler
 .text          0x0000000001016b60       0x1c C:/Users/Tom/Documents/Projects/Scopy_MVP_Platform/scopy-fpga/main/export/main/sw/main/standalone_domain/bsplib/lib\libxil.a(xspips_sinit.o)
                0x0000000001016b60                XSpiPs_LookupConfig
 .text          0x0000000001016b7c        0x0 C:/Users/Tom/Documents/Projects/Scopy_MVP_Platform/scopy-fpga/main/export/main/sw/main/standalone_domain/bsplib/lib\libxil.a(xspips_g.o)
 .text          0x0000000001016b7c      0x16c C:/Users/Tom/Documents/Projects/Scopy_MVP_Platform/scopy-fpga/main/export/main/sw/main/standalone_domain/bsplib/lib\libxil.a(xspips_selftest.o)
                0x0000000001016b7c                XSpiPs_SelfTest
 .text          0x0000000001016ce8       0x70 C:/Users/Tom/Documents/Projects/Scopy_MVP_Platform/scopy-fpga/main/export/main/sw/main/standalone_domain/bsplib/lib\libxil.a(xil_assert.o)
                0x0000000001016ce8                Xil_Assert
                0x0000000001016d44                Xil_AssertSetCallback
                0x0000000001016d54                XNullHandler
 .text          0x0000000001016d58       0x28 C:/Users/Tom/Documents/Projects/Scopy_MVP_Platform/scopy-fpga/main/export/main/sw/main/standalone_domain/bsplib/lib\libxil.a(print.o)
                0x0000000001016d58                print
 .text          0x0000000001016d80      0x96c C:/Users/Tom/Documents/Projects/Scopy_MVP_Platform/scopy-fpga/main/export/main/sw/main/standalone_domain/bsplib/lib\libxil.a(xil_cache.o)
                0x0000000001016d80                Xil_DCacheInvalidateLine
                0x0000000001016db8                Xil_DCacheInvalidateRange
                0x0000000001016ea0                Xil_DCacheFlushLine
                0x0000000001016eec                Xil_DCacheFlushRange
                0x0000000001016f40                Xil_DCacheStoreLine
                0x0000000001016f78                Xil_ICacheInvalidateLine
                0x0000000001016fb0                Xil_ICacheInvalidateRange
                0x0000000001017008                Xil_L1DCacheInvalidate
                0x00000000010170bc                Xil_L1DCacheEnable
                0x00000000010170dc                Xil_L1DCacheInvalidateLine
                0x00000000010170f4                Xil_L1DCacheInvalidateRange
                0x000000000101713c                Xil_L1DCacheFlush
                0x00000000010171c8                Xil_L1DCacheDisable
                0x00000000010171e0                Xil_DCacheFlush
                0x000000000101723c                Xil_L1DCacheFlushLine
                0x0000000001017254                Xil_L1DCacheFlushRange
                0x000000000101729c                Xil_L1DCacheStoreLine
                0x00000000010172b4                Xil_L1ICacheEnable
                0x00000000010172d0                Xil_L1ICacheDisable
                0x00000000010172ec                Xil_L1ICacheInvalidate
                0x0000000001017304                Xil_L1ICacheInvalidateLine
                0x000000000101731c                Xil_L1ICacheInvalidateRange
                0x0000000001017364                Xil_L2CacheDisable
                0x00000000010173d8                Xil_DCacheDisable
                0x00000000010173f4                Xil_ICacheDisable
                0x0000000001017418                Xil_L2CacheInvalidate
                0x0000000001017484                Xil_DCacheInvalidate
                0x00000000010174a4                Xil_ICacheInvalidate
                0x000000000101752c                Xil_L2CacheEnable
                0x0000000001017544                Xil_DCacheEnable
                0x0000000001017568                Xil_ICacheEnable
                0x0000000001017598                Xil_L2CacheInvalidateLine
                0x00000000010175ac                Xil_L2CacheInvalidateRange
                0x0000000001017614                Xil_L2CacheFlush
                0x0000000001017658                Xil_L2CacheFlushLine
                0x0000000001017670                Xil_L2CacheFlushRange
                0x00000000010176d8                Xil_L2CacheStoreLine
 .text          0x00000000010176ec       0x10 C:/Users/Tom/Documents/Projects/Scopy_MVP_Platform/scopy-fpga/main/export/main/sw/main/standalone_domain/bsplib/lib\libxil.a(outbyte.o)
                0x00000000010176ec                outbyte
 .text          0x00000000010176fc        0x8 C:/Users/Tom/Documents/Projects/Scopy_MVP_Platform/scopy-fpga/main/export/main/sw/main/standalone_domain/bsplib/lib\libxil.a(xplatform_info.o)
                0x00000000010176fc                XGetPlatform_Info
 .text          0x0000000001017704      0x6c0 C:/Users/Tom/Documents/Projects/Scopy_MVP_Platform/scopy-fpga/main/export/main/sw/main/standalone_domain/bsplib/lib\libxil.a(xil_printf.o)
                0x0000000001017938                xil_printf
 .text          0x0000000001017dc4       0xe4 C:/Users/Tom/Documents/Projects/Scopy_MVP_Platform/scopy-fpga/main/export/main/sw/main/standalone_domain/bsplib/lib\libxil.a(xil_exception.o)
                0x0000000001017dc8                Xil_DataAbortHandler
                0x0000000001017df8                Xil_PrefetchAbortHandler
                0x0000000001017e28                Xil_UndefinedExceptionHandler
                0x0000000001017e48                Xil_ExceptionInit
                0x0000000001017e4c                Xil_ExceptionRegisterHandler
                0x0000000001017e64                Xil_GetExceptionRegisterHandler
                0x0000000001017e84                Xil_ExceptionRemoveHandler
 .text          0x0000000001017ea8        0x0 C:/Users/Tom/Documents/Projects/Scopy_MVP_Platform/scopy-fpga/main/export/main/sw/main/standalone_domain/bsplib/lib\libxil.a(asm_vectors.o)
 .text          0x0000000001017ea8      0x5d4 C:/Users/Tom/Documents/Projects/Scopy_MVP_Platform/scopy-fpga/main/export/main/sw/main/standalone_domain/bsplib/lib\libxil.a(xttcps.o)
                0x0000000001017ed0                XTtcPs_CfgInitialize
                0x0000000001017fec                XTtcPs_SetMatchValue
                0x0000000001018098                XTtcPs_GetMatchValue
                0x0000000001018154                XTtcPs_SetPrescaler
                0x0000000001018204                XTtcPs_GetPrescaler
                0x000000000101829c                XTtcPs_CalcIntervalFromFreq
                0x000000000101837c                XTtcPs_InterruptHandler
                0x00000000010183dc                XTtcPs_SetStatusHandler
 .text          0x000000000101847c       0x44 C:/Users/Tom/Documents/Projects/Scopy_MVP_Platform/scopy-fpga/main/export/main/sw/main/standalone_domain/bsplib/lib\libxil.a(xttcps_sinit.o)
                0x000000000101847c                XTtcPs_LookupConfig
 .text          0x00000000010184c0        0x0 C:/Users/Tom/Documents/Projects/Scopy_MVP_Platform/scopy-fpga/main/export/main/sw/main/standalone_domain/bsplib/lib\libxil.a(xttcps_g.o)
 .text          0x00000000010184c0      0x1ac C:/Users/Tom/Documents/Projects/Scopy_MVP_Platform/scopy-fpga/main/export/main/sw/main/standalone_domain/bsplib/lib\libxil.a(xttcps_options.o)
                0x00000000010184c0                XTtcPs_SetOptions
                0x00000000010185b4                XTtcPs_GetOptions
 .text          0x000000000101866c       0x88 C:/Users/Tom/Documents/Projects/Scopy_MVP_Platform/scopy-fpga/main/export/main/sw/main/standalone_domain/bsplib/lib\libxil.a(xuartps_hw.o)
                0x000000000101866c                XUartPs_SendByte
                0x0000000001018684                XUartPs_RecvByte
                0x00000000010186a0                XUartPs_ResetHw
 .text          0x00000000010186f4        0x0 C:/Users/Tom/Documents/Projects/Scopy_MVP_Platform/scopy-fpga/main/export/main/sw/main/standalone_domain/bsplib/lib\libxil.a(xclk_wiz_g.o)
 .text          0x00000000010186f4        0x0 C:/Users/Tom/Documents/Projects/Scopy_MVP_Platform/scopy-fpga/main/export/main/sw/main/standalone_domain/bsplib/lib\libxil.a(xscugic_g.o)
 .text          0x00000000010186f4      0x448 C:/Users/Tom/Documents/Projects/Scopy_MVP_Platform/scopy-fpga/main/export/main/sw/main/standalone_domain/bsplib/lib\libxil.a(xspips_options.o)
                0x00000000010186f4                XSpiPs_SetOptions
                0x00000000010187f8                XSpiPs_GetOptions
                0x00000000010188ac                XSpiPs_SetClkPrescaler
                0x000000000101896c                XSpiPs_GetClkPrescaler
                0x00000000010189f4                XSpiPs_SetDelays
                0x0000000001018aa0                XSpiPs_GetDelays
 .text          0x0000000001018b3c       0x78 C:/Users/Tom/Documents/Projects/Scopy_MVP_Platform/scopy-fpga/main/export/main/sw/main/standalone_domain/bsplib/lib\libxil.a(vectors.o)
                0x0000000001018b3c                FIQInterrupt
                0x0000000001018b50                IRQInterrupt
                0x0000000001018b64                UndefinedException
                0x0000000001018b78                SWInterrupt
                0x0000000001018b8c                DataAbortInterrupt
                0x0000000001018ba0                PrefetchAbortInterrupt
 .text          0x0000000001018bb4        0x0 C:/Users/Tom/Documents/Projects/Scopy_MVP_Platform/scopy-fpga/main/export/main/sw/main/standalone_domain/bsplib/lib\libxil.a(boot.o)
 .text          0x0000000001018bb4       0x78 C:/Users/Tom/Documents/Projects/Scopy_MVP_Platform/scopy-fpga/main/export/main/sw/main/standalone_domain/bsplib/lib\libxil.a(xil-crt0.o)
                0x0000000001018bc8                _start
 .text          0x0000000001018c2c        0x0 C:/Users/Tom/Documents/Projects/Scopy_MVP_Platform/scopy-fpga/main/export/main/sw/main/standalone_domain/bsplib/lib\libxil.a(translation_table.o)
 .text          0x0000000001018c2c       0x3c C:/Users/Tom/Documents/Projects/Scopy_MVP_Platform/scopy-fpga/main/export/main/sw/main/standalone_domain/bsplib/lib\libxil.a(cpu_init.o)
                0x0000000001018c2c                __cpu_init
 .text          0x0000000001018c68       0x4c C:/Users/Tom/Documents/Projects/Scopy_MVP_Platform/scopy-fpga/main/export/main/sw/main/standalone_domain/bsplib/lib\libxil.a(xtime_l.o)
                0x0000000001018c68                XTime_SetTime
                0x0000000001018c8c                XTime_GetTime
 *fill*         0x0000000001018cb4        0x4 
 .text          0x0000000001018cb8      0x278 g:/xilinx/vitis/2019.2/gnu/aarch32/nt/gcc-arm-none-eabi/bin/../lib/gcc/arm-none-eabi/8.2.0/thumb/v7-a+fp/hard\libgcc.a(_udivsi3.o)
                0x0000000001018cb8                __aeabi_uidiv
                0x0000000001018cb8                __udivsi3
                0x0000000001018f14                __aeabi_uidivmod
 .text          0x0000000001018f30      0x2b0 g:/xilinx/vitis/2019.2/gnu/aarch32/nt/gcc-arm-none-eabi/bin/../lib/gcc/arm-none-eabi/8.2.0/thumb/v7-a+fp/hard\libgcc.a(_divsi3.o)
                0x0000000001018f30                __divsi3
                0x0000000001018f30                __aeabi_idiv
                0x00000000010191c4                __aeabi_idivmod
 .text          0x00000000010191e0        0x4 g:/xilinx/vitis/2019.2/gnu/aarch32/nt/gcc-arm-none-eabi/bin/../lib/gcc/arm-none-eabi/8.2.0/thumb/v7-a+fp/hard\libgcc.a(_dvmd_tls.o)
                0x00000000010191e0                __aeabi_idiv0
                0x00000000010191e0                __aeabi_ldiv0
 .text          0x00000000010191e4      0x378 g:/xilinx/vitis/2019.2/gnu/aarch32/nt/gcc-arm-none-eabi/bin/../lib/gcc/arm-none-eabi/8.2.0/thumb/v7-a+fp/hard\libgcc.a(_arm_addsubdf3.o)
                0x00000000010191e4                __aeabi_drsub
                0x00000000010191ec                __aeabi_dsub
                0x00000000010191ec                __subdf3
                0x00000000010191f0                __aeabi_dadd
                0x00000000010191f0                __adddf3
                0x0000000001019468                __floatunsidf
                0x0000000001019468                __aeabi_ui2d
                0x0000000001019488                __floatsidf
                0x0000000001019488                __aeabi_i2d
                0x00000000010194ac                __aeabi_f2d
                0x00000000010194ac                __extendsfdf2
                0x00000000010194f0                __floatundidf
                0x00000000010194f0                __aeabi_ul2d
                0x0000000001019500                __floatdidf
                0x0000000001019500                __aeabi_l2d
 .text          0x000000000101955c      0x21c g:/xilinx/vitis/2019.2/gnu/aarch32/nt/gcc-arm-none-eabi/bin/../lib/gcc/arm-none-eabi/8.2.0/thumb/v7-a+fp/hard\libgcc.a(_arm_addsubsf3.o)
                0x000000000101955c                __aeabi_frsub
                0x0000000001019564                __subsf3
                0x0000000001019564                __aeabi_fsub
                0x0000000001019568                __aeabi_fadd
                0x0000000001019568                __addsf3
                0x00000000010196c8                __aeabi_ui2f
                0x00000000010196c8                __floatunsisf
                0x00000000010196d0                __aeabi_i2f
                0x00000000010196d0                __floatsisf
                0x00000000010196ec                __aeabi_ul2f
                0x00000000010196ec                __floatundisf
                0x00000000010196fc                __aeabi_l2f
                0x00000000010196fc                __floatdisf
 .text          0x0000000001019778       0x30 g:/xilinx/vitis/2019.2/gnu/aarch32/nt/gcc-arm-none-eabi/bin/../lib/gcc/arm-none-eabi/8.2.0/thumb/v7-a+fp/hard\libgcc.a(_aeabi_uldivmod.o)
                0x0000000001019778                __aeabi_uldivmod
 .text          0x00000000010197a8       0x28 g:/xilinx/vitis/2019.2/gnu/aarch32/nt/gcc-arm-none-eabi/bin/../lib/gcc/arm-none-eabi/8.2.0/thumb/v7-a+fp/hard\libgcc.a(_popcountsi2.o)
                0x00000000010197a8                __popcountsi2
 .text          0x00000000010197d0       0x40 g:/xilinx/vitis/2019.2/gnu/aarch32/nt/gcc-arm-none-eabi/bin/../lib/gcc/arm-none-eabi/8.2.0/thumb/v7-a+fp/hard\libgcc.a(_fixunssfdi.o)
                0x00000000010197d0                __fixunssfdi
                0x00000000010197d0                __aeabi_f2ulz
 .text          0x0000000001019810       0x40 g:/xilinx/vitis/2019.2/gnu/aarch32/nt/gcc-arm-none-eabi/bin/../lib/gcc/arm-none-eabi/8.2.0/thumb/v7-a+fp/hard\libgcc.a(_fixunsdfdi.o)
                0x0000000001019810                __fixunsdfdi
                0x0000000001019810                __aeabi_d2ulz
 .text          0x0000000001019850      0x118 g:/xilinx/vitis/2019.2/gnu/aarch32/nt/gcc-arm-none-eabi/bin/../lib/gcc/arm-none-eabi/8.2.0/thumb/v7-a+fp/hard\libgcc.a(_udivmoddi4.o)
                0x0000000001019850                __udivmoddi4
 .text          0x0000000001019968       0x14 g:/xilinx/vitis/2019.2/gnu/aarch32/nt/gcc-arm-none-eabi/bin/../arm-none-eabi/libc/usr/lib/thumb/v7-a+fp/hard\libc.a(lib_a-calloc.o)
                0x0000000001019968                calloc
 .text          0x000000000101997c       0x64 g:/xilinx/vitis/2019.2/gnu/aarch32/nt/gcc-arm-none-eabi/bin/../arm-none-eabi/libc/usr/lib/thumb/v7-a+fp/hard\libc.a(lib_a-callocr.o)
                0x000000000101997c                _calloc_r
 .text          0x00000000010199e0       0x20 g:/xilinx/vitis/2019.2/gnu/aarch32/nt/gcc-arm-none-eabi/bin/../arm-none-eabi/libc/usr/lib/thumb/v7-a+fp/hard\libc.a(lib_a-exit.o)
                0x00000000010199e0                exit
 .text          0x0000000001019a00       0x30 g:/xilinx/vitis/2019.2/gnu/aarch32/nt/gcc-arm-none-eabi/bin/../arm-none-eabi/libc/usr/lib/thumb/v7-a+fp/hard\libc.a(lib_a-fini.o)
                0x0000000001019a00                __libc_fini_array
 .text          0x0000000001019a30        0x0 g:/xilinx/vitis/2019.2/gnu/aarch32/nt/gcc-arm-none-eabi/bin/../arm-none-eabi/libc/usr/lib/thumb/v7-a+fp/hard\libc.a(lib_a-impure.o)
 .text          0x0000000001019a30       0x50 g:/xilinx/vitis/2019.2/gnu/aarch32/nt/gcc-arm-none-eabi/bin/../arm-none-eabi/libc/usr/lib/thumb/v7-a+fp/hard\libc.a(lib_a-init.o)
                0x0000000001019a30                __libc_init_array
 .text          0x0000000001019a80      0x9e0 g:/xilinx/vitis/2019.2/gnu/aarch32/nt/gcc-arm-none-eabi/bin/../arm-none-eabi/libc/usr/lib/thumb/v7-a+fp/hard\libc.a(lib_a-locale.o)
                0x0000000001019aec                __loadlocale
                0x000000000101a16c                __get_locale_env
                0x000000000101a1c0                _setlocale_r
                0x000000000101a404                __locale_mb_cur_max
                0x000000000101a424                __locale_ctype_ptr_l
                0x000000000101a42c                __locale_ctype_ptr
                0x000000000101a44c                setlocale
 .text          0x000000000101a460       0x14 g:/xilinx/vitis/2019.2/gnu/aarch32/nt/gcc-arm-none-eabi/bin/../arm-none-eabi/libc/usr/lib/thumb/v7-a+fp/hard\libc.a(lib_a-malign.o)
                0x000000000101a460                memalign
 .text          0x000000000101a474       0xf4 g:/xilinx/vitis/2019.2/gnu/aarch32/nt/gcc-arm-none-eabi/bin/../arm-none-eabi/libc/usr/lib/thumb/v7-a+fp/hard\libc.a(lib_a-malignr.o)
                0x000000000101a474                _memalign_r
 .text          0x000000000101a568       0x20 g:/xilinx/vitis/2019.2/gnu/aarch32/nt/gcc-arm-none-eabi/bin/../arm-none-eabi/libc/usr/lib/thumb/v7-a+fp/hard\libc.a(lib_a-malloc.o)
                0x000000000101a568                malloc
                0x000000000101a578                free
 .text          0x000000000101a588      0x564 g:/xilinx/vitis/2019.2/gnu/aarch32/nt/gcc-arm-none-eabi/bin/../arm-none-eabi/libc/usr/lib/thumb/v7-a+fp/hard\libc.a(lib_a-mallocr.o)
                0x000000000101a588                _malloc_r
 .text          0x000000000101aaec      0x4b8 g:/xilinx/vitis/2019.2/gnu/aarch32/nt/gcc-arm-none-eabi/bin/../arm-none-eabi/libc/usr/lib/thumb/v7-a+fp/hard\libc.a(lib_a-mbtowc_r.o)
                0x000000000101aaec                _mbtowc_r
                0x000000000101ab14                __ascii_mbtowc
                0x000000000101ab38                __utf8_mbtowc
                0x000000000101ad40                __sjis_mbtowc
                0x000000000101adc4                __eucjp_mbtowc
                0x000000000101ae7c                __jis_mbtowc
 *fill*         0x000000000101afa4       0x1c 
 .text          0x000000000101afc0      0x5e0 g:/xilinx/vitis/2019.2/gnu/aarch32/nt/gcc-arm-none-eabi/bin/../arm-none-eabi/libc/usr/lib/thumb/v7-a+fp/hard\libc.a(lib_a-memcpy.o)
                0x000000000101afc0                memcpy
 .text          0x000000000101b5a0       0xd0 g:/xilinx/vitis/2019.2/gnu/aarch32/nt/gcc-arm-none-eabi/bin/../arm-none-eabi/libc/usr/lib/thumb/v7-a+fp/hard\libc.a(lib_a-memmove.o)
                0x000000000101b5a0                memmove
 .text          0x000000000101b670       0xa0 g:/xilinx/vitis/2019.2/gnu/aarch32/nt/gcc-arm-none-eabi/bin/../arm-none-eabi/libc/usr/lib/thumb/v7-a+fp/hard\libc.a(lib_a-memset.o)
                0x000000000101b670                memset
 .text          0x000000000101b710        0x8 g:/xilinx/vitis/2019.2/gnu/aarch32/nt/gcc-arm-none-eabi/bin/../arm-none-eabi/libc/usr/lib/thumb/v7-a+fp/hard\libc.a(lib_a-mlock.o)
                0x000000000101b710                __malloc_lock
                0x000000000101b714                __malloc_unlock
 .text          0x000000000101b718       0x4c g:/xilinx/vitis/2019.2/gnu/aarch32/nt/gcc-arm-none-eabi/bin/../arm-none-eabi/libc/usr/lib/thumb/v7-a+fp/hard\libc.a(lib_a-printf.o)
                0x000000000101b718                _printf_r
                0x000000000101b738                printf
 .text          0x000000000101b764       0x78 g:/xilinx/vitis/2019.2/gnu/aarch32/nt/gcc-arm-none-eabi/bin/../arm-none-eabi/libc/usr/lib/thumb/v7-a+fp/hard\libc.a(lib_a-puts.o)
                0x000000000101b764                _puts_r
                0x000000000101b7cc                puts
 .text          0x000000000101b7dc      0x5b4 g:/xilinx/vitis/2019.2/gnu/aarch32/nt/gcc-arm-none-eabi/bin/../arm-none-eabi/libc/usr/lib/thumb/v7-a+fp/hard\libc.a(lib_a-qsort.o)
                0x000000000101b7dc                qsort
 .text          0x000000000101bd90       0x28 g:/xilinx/vitis/2019.2/gnu/aarch32/nt/gcc-arm-none-eabi/bin/../arm-none-eabi/libc/usr/lib/thumb/v7-a+fp/hard\libc.a(lib_a-sbrkr.o)
                0x000000000101bd90                _sbrk_r
 .text          0x000000000101bdb8      0x114 g:/xilinx/vitis/2019.2/gnu/aarch32/nt/gcc-arm-none-eabi/bin/../arm-none-eabi/libc/usr/lib/thumb/v7-a+fp/hard\libc.a(lib_a-snprintf.o)
                0x000000000101bdb8                _snprintf_r
                0x000000000101be3c                snprintf
 .text          0x000000000101becc       0x44 g:/xilinx/vitis/2019.2/gnu/aarch32/nt/gcc-arm-none-eabi/bin/../arm-none-eabi/libc/usr/lib/thumb/v7-a+fp/hard\libc.a(lib_a-strcasecmp.o)
                0x000000000101becc                strcasecmp
 .text          0x000000000101bf10       0x40 g:/xilinx/vitis/2019.2/gnu/aarch32/nt/gcc-arm-none-eabi/bin/../arm-none-eabi/libc/usr/lib/thumb/v7-a+fp/hard\libc.a(lib_a-strcat.o)
                0x000000000101bf10                strcat
 .text          0x000000000101bf50       0xe4 g:/xilinx/vitis/2019.2/gnu/aarch32/nt/gcc-arm-none-eabi/bin/../arm-none-eabi/libc/usr/lib/thumb/v7-a+fp/hard\libc.a(lib_a-strchr.o)
                0x000000000101bf50                strchr
 *fill*         0x000000000101c034        0xc 
 .text          0x000000000101c040      0x2dc g:/xilinx/vitis/2019.2/gnu/aarch32/nt/gcc-arm-none-eabi/bin/../arm-none-eabi/libc/usr/lib/thumb/v7-a+fp/hard\libc.a(lib_a-strcmp.o)
                0x000000000101c048                strcmp
 .text          0x000000000101c31c       0xc4 g:/xilinx/vitis/2019.2/gnu/aarch32/nt/gcc-arm-none-eabi/bin/../arm-none-eabi/libc/usr/lib/thumb/v7-a+fp/hard\libc.a(lib_a-strcpy.o)
                0x000000000101c31c                strcpy
 .text          0x000000000101c3e0       0x58 g:/xilinx/vitis/2019.2/gnu/aarch32/nt/gcc-arm-none-eabi/bin/../arm-none-eabi/libc/usr/lib/thumb/v7-a+fp/hard\libc.a(lib_a-strlcpy.o)
                0x000000000101c3e0                strlcpy
 *fill*         0x000000000101c438        0x8 
 .text          0x000000000101c440       0xdc g:/xilinx/vitis/2019.2/gnu/aarch32/nt/gcc-arm-none-eabi/bin/../arm-none-eabi/libc/usr/lib/thumb/v7-a+fp/hard\libc.a(lib_a-strlen.o)
                0x000000000101c440                strlen
 .text          0x000000000101c51c       0x5c g:/xilinx/vitis/2019.2/gnu/aarch32/nt/gcc-arm-none-eabi/bin/../arm-none-eabi/libc/usr/lib/thumb/v7-a+fp/hard\libc.a(lib_a-strncasecmp.o)
                0x000000000101c51c                strncasecmp
 .text          0x000000000101c578       0xa4 g:/xilinx/vitis/2019.2/gnu/aarch32/nt/gcc-arm-none-eabi/bin/../arm-none-eabi/libc/usr/lib/thumb/v7-a+fp/hard\libc.a(lib_a-strncmp.o)
                0x000000000101c578                strncmp
 .text          0x000000000101c61c       0x80 g:/xilinx/vitis/2019.2/gnu/aarch32/nt/gcc-arm-none-eabi/bin/../arm-none-eabi/libc/usr/lib/thumb/v7-a+fp/hard\libc.a(lib_a-strncpy.o)
                0x000000000101c61c                strncpy
 .text          0x000000000101c69c      0x198 g:/xilinx/vitis/2019.2/gnu/aarch32/nt/gcc-arm-none-eabi/bin/../arm-none-eabi/libc/usr/lib/thumb/v7-a+fp/hard\libc.a(lib_a-strtol.o)
                0x000000000101c7bc                _strtol_r
                0x000000000101c7e4                strtol_l
                0x000000000101c804                strtol
 *fill*         0x000000000101c834        0x4 
 .text          0x000000000101c838     0x1b4c g:/xilinx/vitis/2019.2/gnu/aarch32/nt/gcc-arm-none-eabi/bin/../arm-none-eabi/libc/usr/lib/thumb/v7-a+fp/hard\libc.a(lib_a-svfprintf.o)
                0x000000000101c838                _svfprintf_r
 *fill*         0x000000000101e384        0x4 
 .text          0x000000000101e388     0x1c28 g:/xilinx/vitis/2019.2/gnu/aarch32/nt/gcc-arm-none-eabi/bin/../arm-none-eabi/libc/usr/lib/thumb/v7-a+fp/hard\libc.a(lib_a-vfprintf.o)
                0x000000000101e388                _vfprintf_r
                0x000000000101ff28                vfprintf
 .text          0x000000000101ffb0       0x8c g:/xilinx/vitis/2019.2/gnu/aarch32/nt/gcc-arm-none-eabi/bin/../arm-none-eabi/libc/usr/lib/thumb/v7-a+fp/hard\libc.a(lib_a-vsnprintf.o)
                0x000000000101ffb0                _vsnprintf_r
                0x000000000102001c                vsnprintf
 .text          0x000000000102003c       0xac g:/xilinx/vitis/2019.2/gnu/aarch32/nt/gcc-arm-none-eabi/bin/../arm-none-eabi/libc/usr/lib/thumb/v7-a+fp/hard\libc.a(lib_a-wcrtomb.o)
                0x000000000102003c                _wcrtomb_r
                0x0000000001020090                wcrtomb
 .text          0x00000000010200e8       0x3c g:/xilinx/vitis/2019.2/gnu/aarch32/nt/gcc-arm-none-eabi/bin/../arm-none-eabi/libc/usr/lib/thumb/v7-a+fp/hard\libc.a(lib_a-wcsrtombs.o)
                0x00000000010200e8                _wcsrtombs_r
                0x0000000001020100                wcsrtombs
 .text          0x0000000001020124      0x22c g:/xilinx/vitis/2019.2/gnu/aarch32/nt/gcc-arm-none-eabi/bin/../arm-none-eabi/libc/usr/lib/thumb/v7-a+fp/hard\libc.a(lib_a-wctomb_r.o)
                0x0000000001020124                _wctomb_r
                0x000000000102014c                __ascii_wctomb
                0x0000000001020164                __utf8_wctomb
                0x0000000001020208                __sjis_wctomb
                0x000000000102025c                __eucjp_wctomb
                0x00000000010202cc                __jis_wctomb
 .text          0x0000000001020350       0xc8 g:/xilinx/vitis/2019.2/gnu/aarch32/nt/gcc-arm-none-eabi/bin/../arm-none-eabi/libc/usr/lib/thumb/v7-a+fp/hard\libc.a(lib_a-wsetup.o)
                0x0000000001020350                __swsetup_r
 .text          0x0000000001020418       0xdc g:/xilinx/vitis/2019.2/gnu/aarch32/nt/gcc-arm-none-eabi/bin/../arm-none-eabi/libc/usr/lib/thumb/v7-a+fp/hard\libc.a(lib_a-__call_atexit.o)
                0x0000000001020418                __call_exitprocs
 .text          0x00000000010204f4       0x10 g:/xilinx/vitis/2019.2/gnu/aarch32/nt/gcc-arm-none-eabi/bin/../arm-none-eabi/libc/usr/lib/thumb/v7-a+fp/hard\libc.a(lib_a-ctype_.o)
                0x00000000010204f4                __set_ctype
 *fill*         0x0000000001020504        0x4 
 .text          0x0000000001020508      0xe54 g:/xilinx/vitis/2019.2/gnu/aarch32/nt/gcc-arm-none-eabi/bin/../arm-none-eabi/libc/usr/lib/thumb/v7-a+fp/hard\libc.a(lib_a-dtoa.o)
                0x0000000001020650                _dtoa_r
 .text          0x000000000102135c      0x1a8 g:/xilinx/vitis/2019.2/gnu/aarch32/nt/gcc-arm-none-eabi/bin/../arm-none-eabi/libc/usr/lib/thumb/v7-a+fp/hard\libc.a(lib_a-fflush.o)
                0x000000000102135c                __sflush_r
                0x00000000010214a8                _fflush_r
                0x00000000010214dc                fflush
 .text          0x0000000001021504      0x210 g:/xilinx/vitis/2019.2/gnu/aarch32/nt/gcc-arm-none-eabi/bin/../arm-none-eabi/libc/usr/lib/thumb/v7-a+fp/hard\libc.a(lib_a-findfp.o)
                0x0000000001021508                _cleanup_r
                0x00000000010215fc                __sfmoreglue
                0x000000000102162c                __sfp
                0x00000000010216b4                _cleanup
                0x00000000010216cc                __sinit
                0x00000000010216d4                __sfp_lock_acquire
                0x00000000010216d8                __sfp_lock_release
                0x00000000010216dc                __sinit_lock_acquire
                0x00000000010216e0                __sinit_lock_release
                0x00000000010216e4                __fp_lock_all
                0x00000000010216fc                __fp_unlock_all
 .text          0x0000000001021714      0x29c g:/xilinx/vitis/2019.2/gnu/aarch32/nt/gcc-arm-none-eabi/bin/../arm-none-eabi/libc/usr/lib/thumb/v7-a+fp/hard\libc.a(lib_a-freer.o)
                0x0000000001021714                _malloc_trim_r
                0x00000000010217c0                _free_r
 .text          0x00000000010219b0      0x32c g:/xilinx/vitis/2019.2/gnu/aarch32/nt/gcc-arm-none-eabi/bin/../arm-none-eabi/libc/usr/lib/thumb/v7-a+fp/hard\libc.a(lib_a-fvwrite.o)
                0x00000000010219b0                __sfvwrite_r
 .text          0x0000000001021cdc       0x98 g:/xilinx/vitis/2019.2/gnu/aarch32/nt/gcc-arm-none-eabi/bin/../arm-none-eabi/libc/usr/lib/thumb/v7-a+fp/hard\libc.a(lib_a-fwalk.o)
                0x0000000001021cdc                _fwalk
                0x0000000001021d24                _fwalk_reent
 .text          0x0000000001021d74       0x98 g:/xilinx/vitis/2019.2/gnu/aarch32/nt/gcc-arm-none-eabi/bin/../arm-none-eabi/libc/usr/lib/thumb/v7-a+fp/hard\libc.a(lib_a-getenv_r.o)
                0x0000000001021d74                _findenv_r
                0x0000000001021dfc                _getenv_r
 .text          0x0000000001021e0c       0x44 g:/xilinx/vitis/2019.2/gnu/aarch32/nt/gcc-arm-none-eabi/bin/../arm-none-eabi/libc/usr/lib/thumb/v7-a+fp/hard\libc.a(lib_a-localeconv.o)
                0x0000000001021e0c                __localeconv_l
                0x0000000001021e10                _localeconv_r
                0x0000000001021e30                localeconv
 .text          0x0000000001021e50       0xf8 g:/xilinx/vitis/2019.2/gnu/aarch32/nt/gcc-arm-none-eabi/bin/../arm-none-eabi/libc/usr/lib/thumb/v7-a+fp/hard\libc.a(lib_a-makebuf.o)
                0x0000000001021e50                __swhatbuf_r
                0x0000000001021eac                __smakebuf_r
 *fill*         0x0000000001021f48        0x8 
 .text          0x0000000001021f50       0xa0 g:/xilinx/vitis/2019.2/gnu/aarch32/nt/gcc-arm-none-eabi/bin/../arm-none-eabi/libc/usr/lib/thumb/v7-a+fp/hard\libc.a(lib_a-memchr.o)
                0x0000000001021f50                memchr
 .text          0x0000000001021ff0      0x8fc g:/xilinx/vitis/2019.2/gnu/aarch32/nt/gcc-arm-none-eabi/bin/../arm-none-eabi/libc/usr/lib/thumb/v7-a+fp/hard\libc.a(lib_a-mprec.o)
                0x0000000001021ff0                _Balloc
                0x000000000102203c                _Bfree
                0x0000000001022050                __multadd
                0x00000000010220e0                __s2b
                0x0000000001022178                __hi0bits
                0x00000000010221b8                __lo0bits
                0x0000000001022214                __i2b
                0x0000000001022228                __multiply
                0x0000000001022368                __pow5mult
                0x000000000102240c                __lshift
                0x00000000010224c8                __mcmp
                0x0000000001022504                __mdiff
                0x000000000102260c                __ulp
                0x000000000102265c                __b2d
                0x000000000102270c                __d2b
                0x00000000010227c0                __ratio
                0x0000000001022820                _mprec_log10
                0x0000000001022848                __copybits
                0x0000000001022890                __any_on
 .text          0x00000000010228ec      0x374 g:/xilinx/vitis/2019.2/gnu/aarch32/nt/gcc-arm-none-eabi/bin/../arm-none-eabi/libc/usr/lib/thumb/v7-a+fp/hard\libc.a(lib_a-reallocr.o)
                0x00000000010228ec                _realloc_r
 .text          0x0000000001022c60       0xa4 g:/xilinx/vitis/2019.2/gnu/aarch32/nt/gcc-arm-none-eabi/bin/../arm-none-eabi/libc/usr/lib/thumb/v7-a+fp/hard\libc.a(lib_a-reent.o)
                0x0000000001022c60                cleanup_glue
                0x0000000001022c7c                _reclaim_reent
 *fill*         0x0000000001022d04        0x4 
 .text          0x0000000001022d08       0x80 g:/xilinx/vitis/2019.2/gnu/aarch32/nt/gcc-arm-none-eabi/bin/../arm-none-eabi/libc/usr/lib/thumb/v7-a+fp/hard\libc.a(lib_a-s_frexp.o)
                0x0000000001022d08                frexp
 .text          0x0000000001022d88       0x90 g:/xilinx/vitis/2019.2/gnu/aarch32/nt/gcc-arm-none-eabi/bin/../arm-none-eabi/libc/usr/lib/thumb/v7-a+fp/hard\libc.a(lib_a-stdio.o)
                0x0000000001022d88                __sread
                0x0000000001022dac                __seofread
                0x0000000001022db0                __swrite
                0x0000000001022df0                __sseek
                0x0000000001022e10                __sclose
 .text          0x0000000001022e18      0xe90 g:/xilinx/vitis/2019.2/gnu/aarch32/nt/gcc-arm-none-eabi/bin/../arm-none-eabi/libc/usr/lib/thumb/v7-a+fp/hard\libc.a(lib_a-svfiprintf.o)
                0x0000000001022e18                __ssprint_r
                0x0000000001022f10                _svfiprintf_r
 .text          0x0000000001023ca8     0x108c g:/xilinx/vitis/2019.2/gnu/aarch32/nt/gcc-arm-none-eabi/bin/../arm-none-eabi/libc/usr/lib/thumb/v7-a+fp/hard\libc.a(lib_a-vfiprintf.o)
                0x0000000001023d1c                __sprint_r
                0x0000000001023d30                _vfiprintf_r
                0x0000000001024cac                vfiprintf
 .text          0x0000000001024d34      0x15c g:/xilinx/vitis/2019.2/gnu/aarch32/nt/gcc-arm-none-eabi/bin/../arm-none-eabi/libc/usr/lib/thumb/v7-a+fp/hard\libc.a(lib_a-wcsnrtombs.o)
                0x0000000001024d34                _wcsnrtombs_l
                0x0000000001024e28                _wcsnrtombs_r
                0x0000000001024e58                wcsnrtombs
 .text          0x0000000001024e90       0x2c g:/xilinx/vitis/2019.2/gnu/aarch32/nt/gcc-arm-none-eabi/bin/../arm-none-eabi/libc/usr/lib/thumb/v7-a+fp/hard\libc.a(lib_a-writer.o)
                0x0000000001024e90                _write_r
 .text          0x0000000001024ebc       0x28 g:/xilinx/vitis/2019.2/gnu/aarch32/nt/gcc-arm-none-eabi/bin/../arm-none-eabi/libc/usr/lib/thumb/v7-a+fp/hard\libc.a(lib_a-closer.o)
                0x0000000001024ebc                _close_r
 .text          0x0000000001024ee4        0x0 g:/xilinx/vitis/2019.2/gnu/aarch32/nt/gcc-arm-none-eabi/bin/../arm-none-eabi/libc/usr/lib/thumb/v7-a+fp/hard\libc.a(lib_a-environ.o)
 .text          0x0000000001024ee4        0x8 g:/xilinx/vitis/2019.2/gnu/aarch32/nt/gcc-arm-none-eabi/bin/../arm-none-eabi/libc/usr/lib/thumb/v7-a+fp/hard\libc.a(lib_a-envlock.o)
                0x0000000001024ee4                __env_lock
                0x0000000001024ee8                __env_unlock
 .text          0x0000000001024eec       0x98 g:/xilinx/vitis/2019.2/gnu/aarch32/nt/gcc-arm-none-eabi/bin/../arm-none-eabi/libc/usr/lib/thumb/v7-a+fp/hard\libc.a(lib_a-fclose.o)
                0x0000000001024eec                _fclose_r
                0x0000000001024f74                fclose
 .text          0x0000000001024f84      0x11c g:/xilinx/vitis/2019.2/gnu/aarch32/nt/gcc-arm-none-eabi/bin/../arm-none-eabi/libc/usr/lib/thumb/v7-a+fp/hard\libc.a(lib_a-fputwc.o)
                0x0000000001024f84                __fputwc
                0x0000000001025034                _fputwc_r
                0x000000000102505c                fputwc
 .text          0x00000000010250a0       0x2c g:/xilinx/vitis/2019.2/gnu/aarch32/nt/gcc-arm-none-eabi/bin/../arm-none-eabi/libc/usr/lib/thumb/v7-a+fp/hard\libc.a(lib_a-fstatr.o)
                0x00000000010250a0                _fstat_r
 .text          0x00000000010250cc       0x28 g:/xilinx/vitis/2019.2/gnu/aarch32/nt/gcc-arm-none-eabi/bin/../arm-none-eabi/libc/usr/lib/thumb/v7-a+fp/hard\libc.a(lib_a-isattyr.o)
                0x00000000010250cc                _isatty_r
 .text          0x00000000010250f4       0x2c g:/xilinx/vitis/2019.2/gnu/aarch32/nt/gcc-arm-none-eabi/bin/../arm-none-eabi/libc/usr/lib/thumb/v7-a+fp/hard\libc.a(lib_a-lseekr.o)
                0x00000000010250f4                _lseek_r
 .text          0x0000000001025120       0x2c g:/xilinx/vitis/2019.2/gnu/aarch32/nt/gcc-arm-none-eabi/bin/../arm-none-eabi/libc/usr/lib/thumb/v7-a+fp/hard\libc.a(lib_a-readr.o)
                0x0000000001025120                _read_r
 .text          0x000000000102514c       0xc4 g:/xilinx/vitis/2019.2/gnu/aarch32/nt/gcc-arm-none-eabi/bin/../arm-none-eabi/libc/usr/lib/thumb/v7-a+fp/hard\libc.a(lib_a-wbuf.o)
                0x000000000102514c                __swbuf_r
                0x00000000010251fc                __swbuf
 .text          0x0000000001025210       0x40 C:/Users/Tom/Documents/Projects/Scopy_MVP_Platform/scopy-fpga/main/export/main/sw/main/standalone_domain/bsplib/lib\libxil.a(_sbrk.o)
                0x0000000001025210                _sbrk
 .text          0x0000000001025250       0x30 C:/Users/Tom/Documents/Projects/Scopy_MVP_Platform/scopy-fpga/main/export/main/sw/main/standalone_domain/bsplib/lib\libxil.a(lseek.o)
                0x0000000001025250                lseek
                0x0000000001025268                _lseek
 .text          0x0000000001025280       0x70 C:/Users/Tom/Documents/Projects/Scopy_MVP_Platform/scopy-fpga/main/export/main/sw/main/standalone_domain/bsplib/lib\libxil.a(write.o)
                0x0000000001025280                write
                0x00000000010252ec                _write
 .text          0x00000000010252f0       0x60 C:/Users/Tom/Documents/Projects/Scopy_MVP_Platform/scopy-fpga/main/export/main/sw/main/standalone_domain/bsplib/lib\libxil.a(read.o)
                0x00000000010252f0                read
                0x000000000102534c                _read
 .text          0x0000000001025350       0x10 C:/Users/Tom/Documents/Projects/Scopy_MVP_Platform/scopy-fpga/main/export/main/sw/main/standalone_domain/bsplib/lib\libxil.a(fstat.o)
                0x0000000001025350                _fstat
 .text          0x0000000001025360       0x10 C:/Users/Tom/Documents/Projects/Scopy_MVP_Platform/scopy-fpga/main/export/main/sw/main/standalone_domain/bsplib/lib\libxil.a(errno.o)
                0x0000000001025360                __errno
 .text          0x0000000001025370        0x4 C:/Users/Tom/Documents/Projects/Scopy_MVP_Platform/scopy-fpga/main/export/main/sw/main/standalone_domain/bsplib/lib\libxil.a(_exit.o)
                0x0000000001025370                _exit
 .text          0x0000000001025374       0x10 C:/Users/Tom/Documents/Projects/Scopy_MVP_Platform/scopy-fpga/main/export/main/sw/main/standalone_domain/bsplib/lib\libxil.a(isatty.o)
                0x0000000001025374                isatty
                0x000000000102537c                _isatty
 .text          0x0000000001025384        0xc C:/Users/Tom/Documents/Projects/Scopy_MVP_Platform/scopy-fpga/main/export/main/sw/main/standalone_domain/bsplib/lib\libxil.a(inbyte.o)
                0x0000000001025384                inbyte
 .text          0x0000000001025390        0x8 C:/Users/Tom/Documents/Projects/Scopy_MVP_Platform/scopy-fpga/main/export/main/sw/main/standalone_domain/bsplib/lib\libxil.a(close.o)
                0x0000000001025390                _close
 .text          0x0000000001025398        0x0 g:/xilinx/vitis/2019.2/gnu/aarch32/nt/gcc-arm-none-eabi/bin/../lib/gcc/arm-none-eabi/8.2.0/thumb/v7-a+fp/hard/crtend.o
 .text          0x0000000001025398        0x0 g:/xilinx/vitis/2019.2/gnu/aarch32/nt/gcc-arm-none-eabi/bin/../lib/gcc/arm-none-eabi/8.2.0/thumb/v7-a+fp/hard/crtn.o
 *(.text.*)
 .text.startup  0x0000000001025398       0x2c ./src/main.o
                0x0000000001025398                main
 *fill*         0x00000000010253c4        0x4 
 .text.startup.__stub
                0x00000000010253c8       0x1c linker stubs
 *(.gnu.linkonce.t.*)
 *(.plt)
 *(.gnu_warning)
 *(.gcc_execpt_table)
 *(.glue_7)
 .glue_7        0x00000000010253e4        0x0 linker stubs
 *(.glue_7t)
 .glue_7t       0x00000000010253e4        0x0 linker stubs
 *(.vfp11_veneer)
 .vfp11_veneer  0x00000000010253e4        0x0 linker stubs
 *(.ARM.extab)
 .ARM.extab     0x00000000010253e4        0x0 g:/xilinx/vitis/2019.2/gnu/aarch32/nt/gcc-arm-none-eabi/bin/../lib/gcc/arm-none-eabi/8.2.0/thumb/v7-a+fp/hard\libgcc.a(_udivmoddi4.o)
 *(.gnu.linkonce.armextab.*)

.v4_bx          0x00000000010253e4        0x0
 .v4_bx         0x00000000010253e4        0x0 linker stubs

.iplt           0x00000000010253e4        0x0
 .iplt          0x00000000010253e4        0x0 g:/xilinx/vitis/2019.2/gnu/aarch32/nt/gcc-arm-none-eabi/bin/../lib/gcc/arm-none-eabi/8.2.0/thumb/v7-a+fp/hard/crtbegin.o

.force_ocm
 *(.force_ocm)

.init           0x00000000010253e4        0xc
 *(.init)
 .init          0x00000000010253e4        0x4 g:/xilinx/vitis/2019.2/gnu/aarch32/nt/gcc-arm-none-eabi/bin/../lib/gcc/arm-none-eabi/8.2.0/thumb/v7-a+fp/hard/crti.o
                0x00000000010253e4                _init
 .init          0x00000000010253e8        0x8 g:/xilinx/vitis/2019.2/gnu/aarch32/nt/gcc-arm-none-eabi/bin/../lib/gcc/arm-none-eabi/8.2.0/thumb/v7-a+fp/hard/crtn.o

.fini           0x00000000010253f0        0xc
 *(.fini)
 .fini          0x00000000010253f0        0x4 g:/xilinx/vitis/2019.2/gnu/aarch32/nt/gcc-arm-none-eabi/bin/../lib/gcc/arm-none-eabi/8.2.0/thumb/v7-a+fp/hard/crti.o
                0x00000000010253f0                _fini
 .fini          0x00000000010253f4        0x8 g:/xilinx/vitis/2019.2/gnu/aarch32/nt/gcc-arm-none-eabi/bin/../lib/gcc/arm-none-eabi/8.2.0/thumb/v7-a+fp/hard/crtn.o

.rodata         0x0000000001025400    0x44294
                0x0000000001025400                __rodata_start = .
 *(.rodata)
 .rodata        0x0000000001025400       0x18 ./src/fabric_config.o
                0x0000000001025400                fabcfg_dummy_tests
 .rodata        0x0000000001025418      0x2f8 ./src/spi_commands.o
                0x0000000001025418                spi_command_defs
 .rodata        0x0000000001025710    0x40000 ./src/test_patterns.o
                0x0000000001025710                norway_512x512_grey
 .rodata        0x0000000001065710       0x54 C:/Users/Tom/Documents/Projects/Scopy_MVP_Platform/scopy-fpga/main/export/main/sw/main/standalone_domain/bsplib/lib\libxil.a(xttcps_options.o)
 .rodata        0x0000000001065764       0x30 C:/Users/Tom/Documents/Projects/Scopy_MVP_Platform/scopy-fpga/main/export/main/sw/main/standalone_domain/bsplib/lib\libxil.a(xspips_options.o)
 .rodata        0x0000000001065794        0x4 g:/xilinx/vitis/2019.2/gnu/aarch32/nt/gcc-arm-none-eabi/bin/../arm-none-eabi/libc/usr/lib/thumb/v7-a+fp/hard\libc.a(lib_a-impure.o)
                0x0000000001065794                _global_impure_ptr
 .rodata        0x0000000001065798      0x188 g:/xilinx/vitis/2019.2/gnu/aarch32/nt/gcc-arm-none-eabi/bin/../arm-none-eabi/libc/usr/lib/thumb/v7-a+fp/hard\libc.a(lib_a-locale.o)
                0x00000000010657b4                __C_locale
 .rodata        0x0000000001065920       0x90 g:/xilinx/vitis/2019.2/gnu/aarch32/nt/gcc-arm-none-eabi/bin/../arm-none-eabi/libc/usr/lib/thumb/v7-a+fp/hard\libc.a(lib_a-mbtowc_r.o)
 .rodata        0x00000000010659b0       0x20 g:/xilinx/vitis/2019.2/gnu/aarch32/nt/gcc-arm-none-eabi/bin/../arm-none-eabi/libc/usr/lib/thumb/v7-a+fp/hard\libc.a(lib_a-svfprintf.o)
 .rodata        0x00000000010659d0       0x20 g:/xilinx/vitis/2019.2/gnu/aarch32/nt/gcc-arm-none-eabi/bin/../arm-none-eabi/libc/usr/lib/thumb/v7-a+fp/hard\libc.a(lib_a-vfprintf.o)
 .rodata        0x00000000010659f0      0x101 g:/xilinx/vitis/2019.2/gnu/aarch32/nt/gcc-arm-none-eabi/bin/../arm-none-eabi/libc/usr/lib/thumb/v7-a+fp/hard\libc.a(lib_a-ctype_.o)
                0x00000000010659f0                _ctype_
 *fill*         0x0000000001065af1        0x7 
 .rodata        0x0000000001065af8      0x128 g:/xilinx/vitis/2019.2/gnu/aarch32/nt/gcc-arm-none-eabi/bin/../arm-none-eabi/libc/usr/lib/thumb/v7-a+fp/hard\libc.a(lib_a-mprec.o)
                0x0000000001065b08                __mprec_tens
                0x0000000001065bd0                __mprec_tinytens
                0x0000000001065bf8                __mprec_bigtens
 .rodata        0x0000000001065c20       0x20 g:/xilinx/vitis/2019.2/gnu/aarch32/nt/gcc-arm-none-eabi/bin/../arm-none-eabi/libc/usr/lib/thumb/v7-a+fp/hard\libc.a(lib_a-svfiprintf.o)
 .rodata        0x0000000001065c40       0x20 g:/xilinx/vitis/2019.2/gnu/aarch32/nt/gcc-arm-none-eabi/bin/../arm-none-eabi/libc/usr/lib/thumb/v7-a+fp/hard\libc.a(lib_a-vfiprintf.o)
 *(.rodata.*)
 .rodata.str1.4
                0x0000000001065c60     0x13e3 ./src/acquire.o
                                       0x13e7 (size before relaxing)
 *fill*         0x0000000001067043        0x1 
 .rodata.str1.4
                0x0000000001067044      0x376 ./src/clkwiz_interface.o
                                        0x3a6 (size before relaxing)
 *fill*         0x00000000010673ba        0x2 
 .rodata.str1.4
                0x00000000010673bc      0x23a ./src/fabric_config.o
                                        0x23e (size before relaxing)
 *fill*         0x00000000010675f6        0x2 
 .rodata.str1.4
                0x00000000010675f8      0x455 ./src/hal.o
                                        0x486 (size before relaxing)
 *fill*         0x0000000001067a4d        0x3 
 .rodata.str1.4
                0x0000000001067a50      0x547 ./src/mipi_csi.o
                                        0x573 (size before relaxing)
 *fill*         0x0000000001067f97        0x1 
 .rodata.str1.4
                0x0000000001067f98      0x2cb ./src/spi.o
                                        0x2f7 (size before relaxing)
 *fill*         0x0000000001068263        0x1 
 .rodata.str1.4
                0x0000000001068264      0x36d ./src/spi_commands.o
                                        0x399 (size before relaxing)
 *fill*         0x00000000010685d1        0x3 
 .rodata.str1.4
                0x00000000010685d4       0xea ./src/system_control.o
                                        0x116 (size before relaxing)
 *fill*         0x00000000010686be        0x2 
 .rodata.str1.4
                0x00000000010686c0      0x145 ./src/trigger.o
                                        0x149 (size before relaxing)
 *fill*         0x0000000001068805        0x3 
 .rodata.str1.4
                0x0000000001068808      0x1ef C:/Users/Tom/Documents/Projects/Scopy_MVP_Platform/scopy-fpga/main/export/main/sw/main/standalone_domain/bsplib/lib\libxil.a(xaxidma.o)
 *fill*         0x00000000010689f7        0x1 
 .rodata.str1.4
                0x00000000010689f8       0x13 C:/Users/Tom/Documents/Projects/Scopy_MVP_Platform/scopy-fpga/main/export/main/sw/main/standalone_domain/bsplib/lib\libxil.a(xaxidma_selftest.o)
 *fill*         0x0000000001068a0b        0x1 
 .rodata.str1.4
                0x0000000001068a0c      0x24b C:/Users/Tom/Documents/Projects/Scopy_MVP_Platform/scopy-fpga/main/export/main/sw/main/standalone_domain/bsplib/lib\libxil.a(xaxidma_bd.o)
                                        0x24f (size before relaxing)
 *fill*         0x0000000001068c57        0x1 
 .rodata.str1.4
                0x0000000001068c58      0x6f4 C:/Users/Tom/Documents/Projects/Scopy_MVP_Platform/scopy-fpga/main/export/main/sw/main/standalone_domain/bsplib/lib\libxil.a(xaxidma_bdring.o)
                                        0x6f7 (size before relaxing)
 .rodata.str1.4
                0x000000000106934c        0xb C:/Users/Tom/Documents/Projects/Scopy_MVP_Platform/scopy-fpga/main/export/main/sw/main/standalone_domain/bsplib/lib\libxil.a(xclk_wiz.o)
 *fill*         0x0000000001069357        0x1 
 .rodata.str1.4
                0x0000000001069358        0xa C:/Users/Tom/Documents/Projects/Scopy_MVP_Platform/scopy-fpga/main/export/main/sw/main/standalone_domain/bsplib/lib\libxil.a(xgpiops.o)
 *fill*         0x0000000001069362        0x2 
 .rodata.str1.4
                0x0000000001069364        0xf C:/Users/Tom/Documents/Projects/Scopy_MVP_Platform/scopy-fpga/main/export/main/sw/main/standalone_domain/bsplib/lib\libxil.a(xgpiops_intr.o)
 *fill*         0x0000000001069373        0x1 
 .rodata.str1.4
                0x0000000001069374        0xf C:/Users/Tom/Documents/Projects/Scopy_MVP_Platform/scopy-fpga/main/export/main/sw/main/standalone_domain/bsplib/lib\libxil.a(xscugic_intr.o)
 *fill*         0x0000000001069383        0x1 
 .rodata.str1.4
                0x0000000001069384        0xa C:/Users/Tom/Documents/Projects/Scopy_MVP_Platform/scopy-fpga/main/export/main/sw/main/standalone_domain/bsplib/lib\libxil.a(xscugic.o)
 *fill*         0x000000000106938e        0x2 
 .rodata.str1.4
                0x0000000001069390       0x13 C:/Users/Tom/Documents/Projects/Scopy_MVP_Platform/scopy-fpga/main/export/main/sw/main/standalone_domain/bsplib/lib\libxil.a(xscugic_selftest.o)
 *fill*         0x00000000010693a3        0x1 
 .rodata.str1.4
                0x00000000010693a4        0xc C:/Users/Tom/Documents/Projects/Scopy_MVP_Platform/scopy-fpga/main/export/main/sw/main/standalone_domain/bsplib/lib\libxil.a(xscutimer.o)
 .rodata.str1.4