Archive member included to satisfy reference by file (symbol)

C:/Users/Tom/Documents/Projects/Scopy_MVP_Platform/scopy-fpga/main/export/main/sw/main/standalone_domain/bsplib/lib\libxil.a(xaxidma.o)
                              ./src/acquire.o (XAxiDma_Reset)
C:/Users/Tom/Documents/Projects/Scopy_MVP_Platform/scopy-fpga/main/export/main/sw/main/standalone_domain/bsplib/lib\libxil.a(xaxidma_sinit.o)
                              ./src/acquire.o (XAxiDma_LookupConfig)
C:/Users/Tom/Documents/Projects/Scopy_MVP_Platform/scopy-fpga/main/export/main/sw/main/standalone_domain/bsplib/lib\libxil.a(xaxidma_bdring.o)
                              C:/Users/Tom/Documents/Projects/Scopy_MVP_Platform/scopy-fpga/main/export/main/sw/main/standalone_domain/bsplib/lib\libxil.a(xaxidma.o) (XAxiDma_BdRingStart)
C:/Users/Tom/Documents/Projects/Scopy_MVP_Platform/scopy-fpga/main/export/main/sw/main/standalone_domain/bsplib/lib\libxil.a(xaxidma_g.o)
                              C:/Users/Tom/Documents/Projects/Scopy_MVP_Platform/scopy-fpga/main/export/main/sw/main/standalone_domain/bsplib/lib\libxil.a(xaxidma_sinit.o) (XAxiDma_ConfigTable)
C:/Users/Tom/Documents/Projects/Scopy_MVP_Platform/scopy-fpga/main/export/main/sw/main/standalone_domain/bsplib/lib\libxil.a(xgpiops.o)
                              ./src/hal.o (XGpioPs_CfgInitialize)
C:/Users/Tom/Documents/Projects/Scopy_MVP_Platform/scopy-fpga/main/export/main/sw/main/standalone_domain/bsplib/lib\libxil.a(xgpiops_sinit.o)
                              ./src/hal.o (XGpioPs_LookupConfig)
C:/Users/Tom/Documents/Projects/Scopy_MVP_Platform/scopy-fpga/main/export/main/sw/main/standalone_domain/bsplib/lib\libxil.a(xgpiops_intr.o)
                              C:/Users/Tom/Documents/Projects/Scopy_MVP_Platform/scopy-fpga/main/export/main/sw/main/standalone_domain/bsplib/lib\libxil.a(xgpiops.o) (StubHandler)
C:/Users/Tom/Documents/Projects/Scopy_MVP_Platform/scopy-fpga/main/export/main/sw/main/standalone_domain/bsplib/lib\libxil.a(xgpiops_g.o)
                              C:/Users/Tom/Documents/Projects/Scopy_MVP_Platform/scopy-fpga/main/export/main/sw/main/standalone_domain/bsplib/lib\libxil.a(xgpiops_sinit.o) (XGpioPs_ConfigTable)
C:/Users/Tom/Documents/Projects/Scopy_MVP_Platform/scopy-fpga/main/export/main/sw/main/standalone_domain/bsplib/lib\libxil.a(xscugic_intr.o)
                              ./src/hal.o (XScuGic_InterruptHandler)
C:/Users/Tom/Documents/Projects/Scopy_MVP_Platform/scopy-fpga/main/export/main/sw/main/standalone_domain/bsplib/lib\libxil.a(xscugic.o)
                              ./src/acquire.o (XScuGic_Connect)
C:/Users/Tom/Documents/Projects/Scopy_MVP_Platform/scopy-fpga/main/export/main/sw/main/standalone_domain/bsplib/lib\libxil.a(xscugic_sinit.o)
                              ./src/hal.o (XScuGic_LookupConfig)
C:/Users/Tom/Documents/Projects/Scopy_MVP_Platform/scopy-fpga/main/export/main/sw/main/standalone_domain/bsplib/lib\libxil.a(xscutimer.o)
                              ./src/hal.o (XScuTimer_CfgInitialize)
C:/Users/Tom/Documents/Projects/Scopy_MVP_Platform/scopy-fpga/main/export/main/sw/main/standalone_domain/bsplib/lib\libxil.a(xscutimer_selftest.o)
                              ./src/hal.o (XScuTimer_SelfTest)
C:/Users/Tom/Documents/Projects/Scopy_MVP_Platform/scopy-fpga/main/export/main/sw/main/standalone_domain/bsplib/lib\libxil.a(xscutimer_sinit.o)
                              ./src/hal.o (XScuTimer_LookupConfig)
C:/Users/Tom/Documents/Projects/Scopy_MVP_Platform/scopy-fpga/main/export/main/sw/main/standalone_domain/bsplib/lib\libxil.a(xscutimer_g.o)
                              C:/Users/Tom/Documents/Projects/Scopy_MVP_Platform/scopy-fpga/main/export/main/sw/main/standalone_domain/bsplib/lib\libxil.a(xscutimer_sinit.o) (XScuTimer_ConfigTable)
C:/Users/Tom/Documents/Projects/Scopy_MVP_Platform/scopy-fpga/main/export/main/sw/main/standalone_domain/bsplib/lib\libxil.a(xil_assert.o)
                              C:/Users/Tom/Documents/Projects/Scopy_MVP_Platform/scopy-fpga/main/export/main/sw/main/standalone_domain/bsplib/lib\libxil.a(xgpiops.o) (Xil_Assert)
C:/Users/Tom/Documents/Projects/Scopy_MVP_Platform/scopy-fpga/main/export/main/sw/main/standalone_domain/bsplib/lib\libxil.a(print.o)
                              ./src/hal.o (print)
C:/Users/Tom/Documents/Projects/Scopy_MVP_Platform/scopy-fpga/main/export/main/sw/main/standalone_domain/bsplib/lib\libxil.a(xil_cache.o)
                              C:/Users/Tom/Documents/Projects/Scopy_MVP_Platform/scopy-fpga/main/export/main/sw/main/standalone_domain/bsplib/lib\libxil.a(xaxidma_bdring.o) (Xil_DCacheInvalidateRange)
C:/Users/Tom/Documents/Projects/Scopy_MVP_Platform/scopy-fpga/main/export/main/sw/main/standalone_domain/bsplib/lib\libxil.a(outbyte.o)
                              C:/Users/Tom/Documents/Projects/Scopy_MVP_Platform/scopy-fpga/main/export/main/sw/main/standalone_domain/bsplib/lib\libxil.a(print.o) (outbyte)
[...]
Memory Configuration

Name             Origin             Length             Attributes
ps7_ram_0        0x0000000001000000 0x000000000fffffff
ocm2             0x00000000ffff0000 0x000000000000fe00
ocm1             0x0000000000000000 0x0000000000030000
*default*        0x0000000000000000 0xffffffffffffffff

Linker script and memory map

LOAD g:/xilinx/vitis/2019.2/gnu/aarch32/nt/gcc-arm-none-eabi/bin/../lib/gcc/arm-none-eabi/8.2.0/thumb/v7-a+fp/hard/crti.o
LOAD g:/xilinx/vitis/2019.2/gnu/aarch32/nt/gcc-arm-none-eabi/bin/../lib/gcc/arm-none-eabi/8.2.0/thumb/v7-a+fp/hard/crtbegin.o
                0x0000000000010000                _STACK_SIZE = DEFINED (_STACK_SIZE)?_STACK_SIZE:0x10000
                0x000000000c000000                _HEAP_SIZE = DEFINED (_HEAP_SIZE)?_HEAP_SIZE:0xc000000
                0x0000000000000400                _ABORT_STACK_SIZE = DEFINED (_ABORT_STACK_SIZE)?_ABORT_STACK_SIZE:0x400
                0x0000000000000800                _SUPERVISOR_STACK_SIZE = DEFINED (_SUPERVISOR_STACK_SIZE)?_SUPERVISOR_STACK_SIZE:0x800
                0x0000000000000400                _IRQ_STACK_SIZE = DEFINED (_IRQ_STACK_SIZE)?_IRQ_STACK_SIZE:0x400
                0x0000000000000400                _FIQ_STACK_SIZE = DEFINED (_FIQ_STACK_SIZE)?_FIQ_STACK_SIZE:0x400
                0x0000000000000400                _UNDEF_STACK_SIZE = DEFINED (_UNDEF_STACK_SIZE)?_UNDEF_STACK_SIZE:0x400

.text           0x0000000001000000     0xf478
 *(.vectors)
 .vectors       0x0000000001000000      0x12c C:/Users/Tom/Documents/Projects/Scopy_MVP_Platform/scopy-fpga/main/export/main/sw/main/standalone_domain/bsplib/lib\libxil.a(asm_vectors.o)
                0x0000000001000000                _vector_table
 *(.boot)
 .boot          0x000000000100012c      0x3b0 C:/Users/Tom/Documents/Projects/Scopy_MVP_Platform/scopy-fpga/main/export/main/sw/main/standalone_domain/bsplib/lib\libxil.a(boot.o)
                0x000000000100012c                _prestart
                0x000000000100012c                _boot
 *(.text)
 .text          0x00000000010004dc        0x0 g:/xilinx/vitis/2019.2/gnu/aarch32/nt/gcc-arm-none-eabi/bin/../lib/gcc/arm-none-eabi/8.2.0/thumb/v7-a+fp/hard/crti.o
 .text          0x00000000010004dc       0xa8 g:/xilinx/vitis/2019.2/gnu/aarch32/nt/gcc-arm-none-eabi/bin/../lib/gcc/arm-none-eabi/8.2.0/thumb/v7-a+fp/hard/crtbegin.o
 .text          0x0000000001000584      0xc28 ./src/acquire.o
                0x0000000001000584                _acq_irq_error_dma
                0x00000000010005c0                acq_init
                0x00000000010007cc                acq_get_next_alloc
                0x000000000100088c                acq_append_next_alloc
                0x0000000001000924                acq_free_all_alloc
                0x0000000001000968                acq_prepare_triggered
                0x0000000001000b84                acq_is_done
                0x0000000001000ba0                acq_start
                0x0000000001000cf0                _acq_irq_rx_handler
                0x0000000001000f80                acq_force_stop
                0x0000000001000fdc                acq_debug_dump
 .text          0x00000000010011ac      0x254 ./src/fabric_config.o
                0x00000000010011ac                fabcfg_read
                0x00000000010011c0                fabcfg_write
                0x00000000010011d4                fabcfg_commit
                0x0000000001001274                fabcfg_init
 .text          0x0000000001001400      0xb04 ./src/hal.o
                0x0000000001001400                irq_xscutimer
                0x0000000001001424                bogo_delay
                0x0000000001001488                gpio_led_write
                0x00000000010014bc                d_printf
                0x0000000001001678                d_xilinx_assert
                0x0000000001001690                d_read_global_timer
                0x00000000010016b8                d_start_timing
                0x000000000100172c                d_stop_timing
                0x00000000010017b0                bogo_calibrate
                0x00000000010018d8                d_read_timing
                0x0000000001001930                d_read_timing_us
                0x00000000010019a8                d_dump_timing
                0x0000000001001a3c                hal_init
                0x0000000001001e70                d_dump_timing_ex
 .text          0x0000000001001f04        0x0 ./src/main.o
 .text          0x0000000001001f04       0x14 ./src/platform.o
                0x0000000001001f04                enable_caches
                0x0000000001001f08                disable_caches
                0x0000000001001f0c                init_uart
                0x0000000001001f10                init_platform
                0x0000000001001f14                cleanup_platform
 .text          0x0000000001001f18      0x838 C:/Users/Tom/Documents/Projects/Scopy_MVP_Platform/scopy-fpga/main/export/main/sw/main/standalone_domain/bsplib/lib\libxil.a(xaxidma.o)
                0x0000000001001f18                XAxiDma_Reset
                0x000000000100202c                XAxiDma_ResetIsDone
                0x0000000001002078                XAxiDma_CfgInitialize
                0x00000000010022ac                XAxiDma_Pause
                0x0000000001002358                XAxiDma_Resume
                0x0000000001002574                XAxiDma_Busy
                0x0000000001002590                XAxiDma_SelectKeyHole
                0x00000000010025b8                XAxiDma_SelectCyclicMode
                0x00000000010025e0                XAxiDma_SimpleTransfer
 .text          0x0000000001002750       0x38 C:/Users/Tom/Documents/Projects/Scopy_MVP_Platform/scopy-fpga/main/export/main/sw/main/standalone_domain/bsplib/lib\libxil.a(xaxidma_sinit.o)
                0x0000000001002750                XAxiDma_LookupConfig
                0x000000000100276c                XAxiDma_LookupConfigBaseAddr
 .text          0x0000000001002788      0xd6c C:/Users/Tom/Documents/Projects/Scopy_MVP_Platform/scopy-fpga/main/export/main/sw/main/standalone_domain/bsplib/lib\libxil.a(xaxidma_bdring.o)
                0x0000000001002788                XAxiDma_UpdateBdRingCDesc
                0x00000000010028fc                XAxiDma_BdRingCreate
                0x0000000001002a98                XAxiDma_BdRingClone
                0x0000000001002b9c                XAxiDma_StartBdRingHw
                0x0000000001002cc8                XAxiDma_BdRingStart
                0x0000000001002ce8                XAxiDma_BdRingSetCoalesce
                0x0000000001002d34                XAxiDma_BdRingGetCoalesce
                0x0000000001002d50                XAxiDma_BdRingAlloc
                0x0000000001002dd8                XAxiDma_BdRingUnAlloc
                0x0000000001002e88                XAxiDma_BdRingToHw
                0x00000000010030d4                XAxiDma_BdRingFromHw
                0x0000000001003228                XAxiDma_BdRingFree
                0x00000000010032bc                XAxiDma_BdRingCheck
                0x000000000100343c                XAxiDma_BdRingDumpRegs
 .text          0x00000000010034f4        0x0 C:/Users/Tom/Documents/Projects/Scopy_MVP_Platform/scopy-fpga/main/export/main/sw/main/standalone_domain/bsplib/lib\libxil.a(xaxidma_g.o)
 .text          0x00000000010034f4      0xcd8 C:/Users/Tom/Documents/Projects/Scopy_MVP_Platform/scopy-fpga/main/export/main/sw/main/standalone_domain/bsplib/lib\libxil.a(xgpiops.o)
                0x00000000010034f4                XGpioPs_CfgInitialize
                0x0000000001003670                XGpioPs_Read
                0x0000000001003724                XGpioPs_Write
                0x00000000010037cc                XGpioPs_SetDirection
                0x0000000001003878                XGpioPs_GetDirection
                0x0000000001003930                XGpioPs_SetOutputEnable
                0x00000000010039dc                XGpioPs_GetOutputEnable
                0x0000000001003a94                XGpioPs_GetBankPin
                0x0000000001003bd0                XGpioPs_ReadPin
                0x0000000001003cb4                XGpioPs_WritePin
                0x0000000001003db4                XGpioPs_SetDirectionPin
                0x0000000001003ed8                XGpioPs_GetDirectionPin
                0x0000000001003fc0                XGpioPs_SetOutputEnablePin
                0x00000000010040e4                XGpioPs_GetOutputEnablePin
 .text          0x00000000010041cc       0x1c C:/Users/Tom/Documents/Projects/Scopy_MVP_Platform/scopy-fpga/main/export/main/sw/main/standalone_domain/bsplib/lib\libxil.a(xgpiops_sinit.o)
                0x00000000010041cc                XGpioPs_LookupConfig
 .text          0x00000000010041e8      0xdd4 C:/Users/Tom/Documents/Projects/Scopy_MVP_Platform/scopy-fpga/main/export/main/sw/main/standalone_domain/bsplib/lib\libxil.a(xgpiops_intr.o)
                0x00000000010041e8                XGpioPs_IntrEnable
                0x0000000001004294                XGpioPs_IntrEnablePin
                0x0000000001004370                XGpioPs_IntrDisable
                0x000000000100441c                XGpioPs_IntrDisablePin
                0x00000000010044f8                XGpioPs_IntrGetEnabled
                0x00000000010045b4                XGpioPs_IntrGetEnabledPin
                0x000000000100469c                XGpioPs_IntrGetStatus
                0x0000000001004754                XGpioPs_IntrGetStatusPin
                0x000000000100483c                XGpioPs_IntrClear
                0x00000000010048e8                XGpioPs_IntrClearPin
                0x00000000010049c8                XGpioPs_SetIntrType
                0x0000000001004a90                XGpioPs_GetIntrType
                0x0000000001004b64                XGpioPs_SetIntrTypePin
                0x0000000001004d04                XGpioPs_GetIntrTypePin
                0x0000000001004e10                XGpioPs_SetCallbackHandler
                0x0000000001004eb0                XGpioPs_IntrHandler
                0x0000000001004f94                StubHandler
 .text          0x0000000001004fbc        0x0 C:/Users/Tom/Documents/Projects/Scopy_MVP_Platform/scopy-fpga/main/export/main/sw/main/standalone_domain/bsplib/lib\libxil.a(xgpiops_g.o)
 .text          0x0000000001004fbc       0x78 C:/Users/Tom/Documents/Projects/Scopy_MVP_Platform/scopy-fpga/main/export/main/sw/main/standalone_domain/bsplib/lib\libxil.a(xscugic_intr.o)
                0x0000000001004fbc                XScuGic_InterruptHandler
 .text          0x0000000001005034      0xaf4 C:/Users/Tom/Documents/Projects/Scopy_MVP_Platform/scopy-fpga/main/export/main/sw/main/standalone_domain/bsplib/lib\libxil.a(xscugic.o)
                0x0000000001005084                XScuGic_Connect
                0x0000000001005158                XScuGic_Disconnect
                0x0000000001005224                XScuGic_SoftwareIntr
                0x0000000001005308                XScuGic_SetPriorityTriggerType
                0x0000000001005440                XScuGic_GetPriorityTriggerType
                0x000000000100556c                XScuGic_InterruptMaptoCpu
                0x00000000010055e0                XScuGic_Enable
                0x00000000010056b4                XScuGic_InterruptUnmapFromCpu
                0x0000000001005728                XScuGic_Disable
                0x00000000010057fc                XScuGic_UnmapAllInterruptsFromCpu
                0x0000000001005878                XScuGic_Stop
                0x0000000001005954                XScuGic_CfgInitialize
                0x0000000001005ac8                XScuGic_SetCpuID
                0x0000000001005b18                XScuGic_GetCpuID
 .text          0x0000000001005b28       0x1c C:/Users/Tom/Documents/Projects/Scopy_MVP_Platform/scopy-fpga/main/export/main/sw/main/standalone_domain/bsplib/lib\libxil.a(xscugic_sinit.o)
                0x0000000001005b28                XScuGic_LookupConfig
 .text          0x0000000001005b44      0x2d8 C:/Users/Tom/Documents/Projects/Scopy_MVP_Platform/scopy-fpga/main/export/main/sw/main/standalone_domain/bsplib/lib\libxil.a(xscutimer.o)
                0x0000000001005b44                XScuTimer_CfgInitialize
                0x0000000001005bf4                XScuTimer_Start
                0x0000000001005c84                XScuTimer_Stop
                0x0000000001005d0c                XScuTimer_SetPrescaler
                0x0000000001005d94                XScuTimer_GetPrescaler
 .text          0x0000000001005e1c       0xbc C:/Users/Tom/Documents/Projects/Scopy_MVP_Platform/scopy-fpga/main/export/main/sw/main/standalone_domain/bsplib/lib\libxil.a(xscutimer_selftest.o)
                0x0000000001005e1c                XScuTimer_SelfTest
 .text          0x0000000001005ed8       0x1c C:/Users/Tom/Documents/Projects/Scopy_MVP_Platform/scopy-fpga/main/export/main/sw/main/standalone_domain/bsplib/lib\libxil.a(xscutimer_sinit.o)
                0x0000000001005ed8                XScuTimer_LookupConfig
 .text          0x0000000001005ef4        0x0 C:/Users/Tom/Documents/Projects/Scopy_MVP_Platform/scopy-fpga/main/export/main/sw/main/standalone_domain/bsplib/lib\libxil.a(xscutimer_g.o)
 .text          0x0000000001005ef4       0x70 C:/Users/Tom/Documents/Projects/Scopy_MVP_Platform/scopy-fpga/main/export/main/sw/main/standalone_domain/bsplib/lib\libxil.a(xil_assert.o)
                0x0000000001005ef4                Xil_Assert
                0x0000000001005f50                Xil_AssertSetCallback
                0x0000000001005f60                XNullHandler
 .text          0x0000000001005f64       0x28 C:/Users/Tom/Documents/Projects/Scopy_MVP_Platform/scopy-fpga/main/export/main/sw/main/standalone_domain/bsplib/lib\libxil.a(print.o)
                0x0000000001005f64                print
 .text          0x0000000001005f8c      0x96c C:/Users/Tom/Documents/Projects/Scopy_MVP_Platform/scopy-fpga/main/export/main/sw/main/standalone_domain/bsplib/lib\libxil.a(xil_cache.o)
                0x0000000001005f8c                Xil_DCacheInvalidateLine
                0x0000000001005fc4                Xil_DCacheInvalidateRange
                0x00000000010060ac                Xil_DCacheFlushLine
                0x00000000010060f8                Xil_DCacheFlushRange
                0x000000000100614c                Xil_DCacheStoreLine
                0x0000000001006184                Xil_ICacheInvalidateLine
                0x00000000010061bc                Xil_ICacheInvalidateRange
                0x0000000001006214                Xil_L1DCacheInvalidate
                0x00000000010062c8                Xil_L1DCacheEnable
                0x00000000010062e8                Xil_L1DCacheInvalidateLine
                0x0000000001006300                Xil_L1DCacheInvalidateRange
                0x0000000001006348                Xil_L1DCacheFlush
                0x00000000010063d4                Xil_L1DCacheDisable
                0x00000000010063ec                Xil_DCacheFlush
                0x0000000001006448                Xil_L1DCacheFlushLine
                0x0000000001006460                Xil_L1DCacheFlushRange
                0x00000000010064a8                Xil_L1DCacheStoreLine
                0x00000000010064c0                Xil_L1ICacheEnable
                0x00000000010064dc                Xil_L1ICacheDisable
                0x00000000010064f8                Xil_L1ICacheInvalidate
                0x0000000001006510                Xil_L1ICacheInvalidateLine
                0x0000000001006528                Xil_L1ICacheInvalidateRange
                0x0000000001006570                Xil_L2CacheDisable
                0x00000000010065e4                Xil_DCacheDisable
                0x0000000001006600                Xil_ICacheDisable
                0x0000000001006624                Xil_L2CacheInvalidate
                0x0000000001006690                Xil_DCacheInvalidate
                0x00000000010066b0                Xil_ICacheInvalidate
                0x0000000001006738                Xil_L2CacheEnable
                0x0000000001006750                Xil_DCacheEnable
                0x0000000001006774                Xil_ICacheEnable
                0x00000000010067a4                Xil_L2CacheInvalidateLine
                0x00000000010067b8                Xil_L2CacheInvalidateRange
                0x0000000001006820                Xil_L2CacheFlush
                0x0000000001006864                Xil_L2CacheFlushLine
                0x000000000100687c                Xil_L2CacheFlushRange
                0x00000000010068e4                Xil_L2CacheStoreLine
 .text          0x00000000010068f8       0x10 C:/Users/Tom/Documents/Projects/Scopy_MVP_Platform/scopy-fpga/main/export/main/sw/main/standalone_domain/bsplib/lib\libxil.a(outbyte.o)
                0x00000000010068f8                outbyte
 .text          0x0000000001006908        0x8 C:/Users/Tom/Documents/Projects/Scopy_MVP_Platform/scopy-fpga/main/export/main/sw/main/standalone_domain/bsplib/lib\libxil.a(xplatform_info.o)
                0x0000000001006908                XGetPlatform_Info
 .text          0x0000000001006910      0x6c0 C:/Users/Tom/Documents/Projects/Scopy_MVP_Platform/scopy-fpga/main/export/main/sw/main/standalone_domain/bsplib/lib\libxil.a(xil_printf.o)
                0x0000000001006b44                xil_printf
 .text          0x0000000001006fd0       0x70 C:/Users/Tom/Documents/Projects/Scopy_MVP_Platform/scopy-fpga/main/export/main/sw/main/standalone_domain/bsplib/lib\libxil.a(xil_exception.o)
                0x0000000001006fd4                Xil_DataAbortHandler
                0x0000000001006fd8                Xil_PrefetchAbortHandler
                0x0000000001006fdc                Xil_UndefinedExceptionHandler
                0x0000000001006fe0                Xil_ExceptionInit
                0x0000000001006fe4                Xil_ExceptionRegisterHandler
                0x0000000001006ffc                Xil_GetExceptionRegisterHandler
                0x000000000100701c                Xil_ExceptionRemoveHandler
 .text          0x0000000001007040        0x0 C:/Users/Tom/Documents/Projects/Scopy_MVP_Platform/scopy-fpga/main/export/main/sw/main/standalone_domain/bsplib/lib\libxil.a(asm_vectors.o)
 .text          0x0000000001007040       0x88 C:/Users/Tom/Documents/Projects/Scopy_MVP_Platform/scopy-fpga/main/export/main/sw/main/standalone_domain/bsplib/lib\libxil.a(xuartps_hw.o)
                0x0000000001007040                XUartPs_SendByte
                0x0000000001007058                XUartPs_RecvByte
                0x0000000001007074                XUartPs_ResetHw
 .text          0x00000000010070c8        0x0 C:/Users/Tom/Documents/Projects/Scopy_MVP_Platform/scopy-fpga/main/export/main/sw/main/standalone_domain/bsplib/lib\libxil.a(xscugic_g.o)
 .text          0x00000000010070c8       0x78 C:/Users/Tom/Documents/Projects/Scopy_MVP_Platform/scopy-fpga/main/export/main/sw/main/standalone_domain/bsplib/lib\libxil.a(vectors.o)
                0x00000000010070c8                FIQInterrupt
                0x00000000010070dc                IRQInterrupt
                0x00000000010070f0                UndefinedException
                0x0000000001007104                SWInterrupt
                0x0000000001007118                DataAbortInterrupt
                0x000000000100712c                PrefetchAbortInterrupt
 .text          0x0000000001007140        0x0 C:/Users/Tom/Documents/Projects/Scopy_MVP_Platform/scopy-fpga/main/export/main/sw/main/standalone_domain/bsplib/lib\libxil.a(boot.o)
 .text          0x0000000001007140       0x78 C:/Users/Tom/Documents/Projects/Scopy_MVP_Platform/scopy-fpga/main/export/main/sw/main/standalone_domain/bsplib/lib\libxil.a(xil-crt0.o)
                0x0000000001007154                _start
 .text          0x00000000010071b8        0x0 C:/Users/Tom/Documents/Projects/Scopy_MVP_Platform/scopy-fpga/main/export/main/sw/main/standalone_domain/bsplib/lib\libxil.a(translation_table.o)
 .text          0x00000000010071b8       0x3c C:/Users/Tom/Documents/Projects/Scopy_MVP_Platform/scopy-fpga/main/export/main/sw/main/standalone_domain/bsplib/lib\libxil.a(cpu_init.o)
                0x00000000010071b8                __cpu_init
 .text          0x00000000010071f4       0x4c C:/Users/Tom/Documents/Projects/Scopy_MVP_Platform/scopy-fpga/main/export/main/sw/main/standalone_domain/bsplib/lib\libxil.a(xtime_l.o)
                0x00000000010071f4                XTime_SetTime
                0x0000000001007218                XTime_GetTime
 .text          0x0000000001007240      0x278 g:/xilinx/vitis/2019.2/gnu/aarch32/nt/gcc-arm-none-eabi/bin/../lib/gcc/arm-none-eabi/8.2.0/thumb/v7-a+fp/hard\libgcc.a(_udivsi3.o)
                0x0000000001007240                __aeabi_uidiv
                0x0000000001007240                __udivsi3
                0x000000000100749c                __aeabi_uidivmod
 .text          0x00000000010074b8      0x2b0 g:/xilinx/vitis/2019.2/gnu/aarch32/nt/gcc-arm-none-eabi/bin/../lib/gcc/arm-none-eabi/8.2.0/thumb/v7-a+fp/hard\libgcc.a(_divsi3.o)
                0x00000000010074b8                __divsi3
                0x00000000010074b8                __aeabi_idiv
                0x000000000100774c                __aeabi_idivmod
 .text          0x0000000001007768        0x4 g:/xilinx/vitis/2019.2/gnu/aarch32/nt/gcc-arm-none-eabi/bin/../lib/gcc/arm-none-eabi/8.2.0/thumb/v7-a+fp/hard\libgcc.a(_dvmd_tls.o)
                0x0000000001007768                __aeabi_idiv0
                0x0000000001007768                __aeabi_ldiv0
 .text          0x000000000100776c      0x378 g:/xilinx/vitis/2019.2/gnu/aarch32/nt/gcc-arm-none-eabi/bin/../lib/gcc/arm-none-eabi/8.2.0/thumb/v7-a+fp/hard\libgcc.a(_arm_addsubdf3.o)
                0x000000000100776c                __aeabi_drsub
                0x0000000001007774                __aeabi_dsub
                0x0000000001007774                __subdf3
                0x0000000001007778                __aeabi_dadd
                0x0000000001007778                __adddf3
                0x00000000010079f0                __floatunsidf
                0x00000000010079f0                __aeabi_ui2d
                0x0000000001007a10                __floatsidf
                0x0000000001007a10                __aeabi_i2d
                0x0000000001007a34                __aeabi_f2d
                0x0000000001007a34                __extendsfdf2
                0x0000000001007a78                __floatundidf
                0x0000000001007a78                __aeabi_ul2d
                0x0000000001007a88                __floatdidf
                0x0000000001007a88                __aeabi_l2d
 .text          0x0000000001007ae4       0x30 g:/xilinx/vitis/2019.2/gnu/aarch32/nt/gcc-arm-none-eabi/bin/../lib/gcc/arm-none-eabi/8.2.0/thumb/v7-a+fp/hard\libgcc.a(_aeabi_uldivmod.o)
                0x0000000001007ae4                __aeabi_uldivmod
 *fill*         0x0000000001007b14        0x4 
 .text          0x0000000001007b18       0x40 g:/xilinx/vitis/2019.2/gnu/aarch32/nt/gcc-arm-none-eabi/bin/../lib/gcc/arm-none-eabi/8.2.0/thumb/v7-a+fp/hard\libgcc.a(_fixunssfdi.o)
                0x0000000001007b18                __fixunssfdi
                0x0000000001007b18                __aeabi_f2ulz
 .text          0x0000000001007b58       0x40 g:/xilinx/vitis/2019.2/gnu/aarch32/nt/gcc-arm-none-eabi/bin/../lib/gcc/arm-none-eabi/8.2.0/thumb/v7-a+fp/hard\libgcc.a(_fixunsdfdi.o)
                0x0000000001007b58                __fixunsdfdi
                0x0000000001007b58                __aeabi_d2ulz
 .text          0x0000000001007b98      0x118 g:/xilinx/vitis/2019.2/gnu/aarch32/nt/gcc-arm-none-eabi/bin/../lib/gcc/arm-none-eabi/8.2.0/thumb/v7-a+fp/hard\libgcc.a(_udivmoddi4.o)
                0x0000000001007b98                __udivmoddi4
 .text          0x0000000001007cb0       0x20 g:/xilinx/vitis/2019.2/gnu/aarch32/nt/gcc-arm-none-eabi/bin/../arm-none-eabi/libc/usr/lib/thumb/v7-a+fp/hard\libc.a(lib_a-exit.o)
                0x0000000001007cb0                exit
 .text          0x0000000001007cd0       0x30 g:/xilinx/vitis/2019.2/gnu/aarch32/nt/gcc-arm-none-eabi/bin/../arm-none-eabi/libc/usr/lib/thumb/v7-a+fp/hard\libc.a(lib_a-fini.o)
                0x0000000001007cd0                __libc_fini_array
 .text          0x0000000001007d00        0x0 g:/xilinx/vitis/2019.2/gnu/aarch32/nt/gcc-arm-none-eabi/bin/../arm-none-eabi/libc/usr/lib/thumb/v7-a+fp/hard\libc.a(lib_a-impure.o)
 .text          0x0000000001007d00       0x50 g:/xilinx/vitis/2019.2/gnu/aarch32/nt/gcc-arm-none-eabi/bin/../arm-none-eabi/libc/usr/lib/thumb/v7-a+fp/hard\libc.a(lib_a-init.o)
                0x0000000001007d00                __libc_init_array
 .text          0x0000000001007d50      0x9e0 g:/xilinx/vitis/2019.2/gnu/aarch32/nt/gcc-arm-none-eabi/bin/../arm-none-eabi/libc/usr/lib/thumb/v7-a+fp/hard\libc.a(lib_a-locale.o)
                0x0000000001007dbc                __loadlocale
                0x000000000100843c                __get_locale_env
                0x0000000001008490                _setlocale_r
                0x00000000010086d4                __locale_mb_cur_max
                0x00000000010086f4                __locale_ctype_ptr_l
                0x00000000010086fc                __locale_ctype_ptr
                0x000000000100871c                setlocale
 .text          0x0000000001008730       0x20 g:/xilinx/vitis/2019.2/gnu/aarch32/nt/gcc-arm-none-eabi/bin/../arm-none-eabi/libc/usr/lib/thumb/v7-a+fp/hard\libc.a(lib_a-malloc.o)
                0x0000000001008730                malloc
                0x0000000001008740                free
 .text          0x0000000001008750      0x564 g:/xilinx/vitis/2019.2/gnu/aarch32/nt/gcc-arm-none-eabi/bin/../arm-none-eabi/libc/usr/lib/thumb/v7-a+fp/hard\libc.a(lib_a-mallocr.o)
                0x0000000001008750                _malloc_r
 .text          0x0000000001008cb4      0x4b8 g:/xilinx/vitis/2019.2/gnu/aarch32/nt/gcc-arm-none-eabi/bin/../arm-none-eabi/libc/usr/lib/thumb/v7-a+fp/hard\libc.a(lib_a-mbtowc_r.o)
                0x0000000001008cb4                _mbtowc_r
                0x0000000001008cdc                __ascii_mbtowc
                0x0000000001008d00                __utf8_mbtowc
                0x0000000001008f08                __sjis_mbtowc
                0x0000000001008f8c                __eucjp_mbtowc
                0x0000000001009044                __jis_mbtowc
 *fill*         0x000000000100916c       0x14 
 .text          0x0000000001009180      0x5e0 g:/xilinx/vitis/2019.2/gnu/aarch32/nt/gcc-arm-none-eabi/bin/../arm-none-eabi/libc/usr/lib/thumb/v7-a+fp/hard\libc.a(lib_a-memcpy.o)
                0x0000000001009180                memcpy
 .text          0x0000000001009760       0xa0 g:/xilinx/vitis/2019.2/gnu/aarch32/nt/gcc-arm-none-eabi/bin/../arm-none-eabi/libc/usr/lib/thumb/v7-a+fp/hard\libc.a(lib_a-memset.o)
                0x0000000001009760                memset
 .text          0x0000000001009800        0x8 g:/xilinx/vitis/2019.2/gnu/aarch32/nt/gcc-arm-none-eabi/bin/../arm-none-eabi/libc/usr/lib/thumb/v7-a+fp/hard\libc.a(lib_a-mlock.o)
                0x0000000001009800                __malloc_lock
                0x0000000001009804                __malloc_unlock
 .text          0x0000000001009808       0x28 g:/xilinx/vitis/2019.2/gnu/aarch32/nt/gcc-arm-none-eabi/bin/../arm-none-eabi/libc/usr/lib/thumb/v7-a+fp/hard\libc.a(lib_a-sbrkr.o)
                0x0000000001009808                _sbrk_r
 .text          0x0000000001009830      0x114 g:/xilinx/vitis/2019.2/gnu/aarch32/nt/gcc-arm-none-eabi/bin/../arm-none-eabi/libc/usr/lib/thumb/v7-a+fp/hard\libc.a(lib_a-snprintf.o)
                0x0000000001009830                _snprintf_r
                0x00000000010098b4                snprintf
 .text          0x0000000001009944       0x44 g:/xilinx/vitis/2019.2/gnu/aarch32/nt/gcc-arm-none-eabi/bin/../arm-none-eabi/libc/usr/lib/thumb/v7-a+fp/hard\libc.a(lib_a-strcasecmp.o)
                0x0000000001009944                strcasecmp
 .text          0x0000000001009988       0x40 g:/xilinx/vitis/2019.2/gnu/aarch32/nt/gcc-arm-none-eabi/bin/../arm-none-eabi/libc/usr/lib/thumb/v7-a+fp/hard\libc.a(lib_a-strcat.o)
                0x0000000001009988                strcat
 .text          0x00000000010099c8       0xe4 g:/xilinx/vitis/2019.2/gnu/aarch32/nt/gcc-arm-none-eabi/bin/../arm-none-eabi/libc/usr/lib/thumb/v7-a+fp/hard\libc.a(lib_a-strchr.o)
                0x00000000010099c8                strchr
 *fill*         0x0000000001009aac       0x14 
 .text          0x0000000001009ac0      0x2dc g:/xilinx/vitis/2019.2/gnu/aarch32/nt/gcc-arm-none-eabi/bin/../arm-none-eabi/libc/usr/lib/thumb/v7-a+fp/hard\libc.a(lib_a-strcmp.o)
                0x0000000001009ac8                strcmp
 .text          0x0000000001009d9c       0xc4 g:/xilinx/vitis/2019.2/gnu/aarch32/nt/gcc-arm-none-eabi/bin/../arm-none-eabi/libc/usr/lib/thumb/v7-a+fp/hard\libc.a(lib_a-strcpy.o)
                0x0000000001009d9c                strcpy
 .text          0x0000000001009e60       0x58 g:/xilinx/vitis/2019.2/gnu/aarch32/nt/gcc-arm-none-eabi/bin/../arm-none-eabi/libc/usr/lib/thumb/v7-a+fp/hard\libc.a(lib_a-strlcpy.o)
                0x0000000001009e60                strlcpy
 *fill*         0x0000000001009eb8        0x8 
 .text          0x0000000001009ec0       0xdc g:/xilinx/vitis/2019.2/gnu/aarch32/nt/gcc-arm-none-eabi/bin/../arm-none-eabi/libc/usr/lib/thumb/v7-a+fp/hard\libc.a(lib_a-strlen.o)
                0x0000000001009ec0                strlen
 .text          0x0000000001009f9c       0x5c g:/xilinx/vitis/2019.2/gnu/aarch32/nt/gcc-arm-none-eabi/bin/../arm-none-eabi/libc/usr/lib/thumb/v7-a+fp/hard\libc.a(lib_a-strncasecmp.o)
                0x0000000001009f9c                strncasecmp
 .text          0x0000000001009ff8       0xa4 g:/xilinx/vitis/2019.2/gnu/aarch32/nt/gcc-arm-none-eabi/bin/../arm-none-eabi/libc/usr/lib/thumb/v7-a+fp/hard\libc.a(lib_a-strncmp.o)
                0x0000000001009ff8                strncmp
 .text          0x000000000100a09c       0x80 g:/xilinx/vitis/2019.2/gnu/aarch32/nt/gcc-arm-none-eabi/bin/../arm-none-eabi/libc/usr/lib/thumb/v7-a+fp/hard\libc.a(lib_a-strncpy.o)
                0x000000000100a09c                strncpy
 .text          0x000000000100a11c      0x198 g:/xilinx/vitis/2019.2/gnu/aarch32/nt/gcc-arm-none-eabi/bin/../arm-none-eabi/libc/usr/lib/thumb/v7-a+fp/hard\libc.a(lib_a-strtol.o)
                0x000000000100a23c                _strtol_r
                0x000000000100a264                strtol_l
                0x000000000100a284                strtol
 *fill*         0x000000000100a2b4        0x4 
 .text          0x000000000100a2b8     0x1b4c g:/xilinx/vitis/2019.2/gnu/aarch32/nt/gcc-arm-none-eabi/bin/../arm-none-eabi/libc/usr/lib/thumb/v7-a+fp/hard\libc.a(lib_a-svfprintf.o)
                0x000000000100a2b8                _svfprintf_r
 .text          0x000000000100be04       0x8c g:/xilinx/vitis/2019.2/gnu/aarch32/nt/gcc-arm-none-eabi/bin/../arm-none-eabi/libc/usr/lib/thumb/v7-a+fp/hard\libc.a(lib_a-vsnprintf.o)
                0x000000000100be04                _vsnprintf_r
                0x000000000100be70                vsnprintf
 .text          0x000000000100be90       0xac g:/xilinx/vitis/2019.2/gnu/aarch32/nt/gcc-arm-none-eabi/bin/../arm-none-eabi/libc/usr/lib/thumb/v7-a+fp/hard\libc.a(lib_a-wcrtomb.o)
                0x000000000100be90                _wcrtomb_r
                0x000000000100bee4                wcrtomb
 .text          0x000000000100bf3c       0x3c g:/xilinx/vitis/2019.2/gnu/aarch32/nt/gcc-arm-none-eabi/bin/../arm-none-eabi/libc/usr/lib/thumb/v7-a+fp/hard\libc.a(lib_a-wcsrtombs.o)
                0x000000000100bf3c                _wcsrtombs_r
                0x000000000100bf54                wcsrtombs
 .text          0x000000000100bf78      0x22c g:/xilinx/vitis/2019.2/gnu/aarch32/nt/gcc-arm-none-eabi/bin/../arm-none-eabi/libc/usr/lib/thumb/v7-a+fp/hard\libc.a(lib_a-wctomb_r.o)
                0x000000000100bf78                _wctomb_r
                0x000000000100bfa0                __ascii_wctomb
                0x000000000100bfb8                __utf8_wctomb
                0x000000000100c05c                __sjis_wctomb
                0x000000000100c0b0                __eucjp_wctomb
                0x000000000100c120                __jis_wctomb
 .text          0x000000000100c1a4       0xdc g:/xilinx/vitis/2019.2/gnu/aarch32/nt/gcc-arm-none-eabi/bin/../arm-none-eabi/libc/usr/lib/thumb/v7-a+fp/hard\libc.a(lib_a-__call_atexit.o)
                0x000000000100c1a4                __call_exitprocs
 .text          0x000000000100c280       0x10 g:/xilinx/vitis/2019.2/gnu/aarch32/nt/gcc-arm-none-eabi/bin/../arm-none-eabi/libc/usr/lib/thumb/v7-a+fp/hard\libc.a(lib_a-ctype_.o)
                0x000000000100c280                __set_ctype
 .text          0x000000000100c290      0xe54 g:/xilinx/vitis/2019.2/gnu/aarch32/nt/gcc-arm-none-eabi/bin/../arm-none-eabi/libc/usr/lib/thumb/v7-a+fp/hard\libc.a(lib_a-dtoa.o)
                0x000000000100c3d8                _dtoa_r
 .text          0x000000000100d0e4      0x29c g:/xilinx/vitis/2019.2/gnu/aarch32/nt/gcc-arm-none-eabi/bin/../arm-none-eabi/libc/usr/lib/thumb/v7-a+fp/hard\libc.a(lib_a-freer.o)
                0x000000000100d0e4                _malloc_trim_r
                0x000000000100d190                _free_r
 .text          0x000000000100d380       0x98 g:/xilinx/vitis/2019.2/gnu/aarch32/nt/gcc-arm-none-eabi/bin/../arm-none-eabi/libc/usr/lib/thumb/v7-a+fp/hard\libc.a(lib_a-getenv_r.o)
                0x000000000100d380                _findenv_r
                0x000000000100d408                _getenv_r
 .text          0x000000000100d418       0x44 g:/xilinx/vitis/2019.2/gnu/aarch32/nt/gcc-arm-none-eabi/bin/../arm-none-eabi/libc/usr/lib/thumb/v7-a+fp/hard\libc.a(lib_a-localeconv.o)
                0x000000000100d418                __localeconv_l
                0x000000000100d41c                _localeconv_r
                0x000000000100d43c                localeconv
 *fill*         0x000000000100d45c        0x4 
 .text          0x000000000100d460       0xa0 g:/xilinx/vitis/2019.2/gnu/aarch32/nt/gcc-arm-none-eabi/bin/../arm-none-eabi/libc/usr/lib/thumb/v7-a+fp/hard\libc.a(lib_a-memchr.o)
                0x000000000100d460                memchr
 .text          0x000000000100d500      0x8fc g:/xilinx/vitis/2019.2/gnu/aarch32/nt/gcc-arm-none-eabi/bin/../arm-none-eabi/libc/usr/lib/thumb/v7-a+fp/hard\libc.a(lib_a-mprec.o)
                0x000000000100d500                _Balloc
                0x000000000100d54c                _Bfree
                0x000000000100d560                __multadd
                0x000000000100d5f0                __s2b
                0x000000000100d688                __hi0bits
                0x000000000100d6c8                __lo0bits
                0x000000000100d724                __i2b
                0x000000000100d738                __multiply
                0x000000000100d878                __pow5mult
                0x000000000100d91c                __lshift
                0x000000000100d9d8                __mcmp
                0x000000000100da14                __mdiff
                0x000000000100db1c                __ulp
                0x000000000100db6c                __b2d
                0x000000000100dc1c                __d2b
                0x000000000100dcd0                __ratio
                0x000000000100dd30                _mprec_log10
                0x000000000100dd58                __copybits
                0x000000000100dda0                __any_on
 .text          0x000000000100ddfc       0xa4 g:/xilinx/vitis/2019.2/gnu/aarch32/nt/gcc-arm-none-eabi/bin/../arm-none-eabi/libc/usr/lib/thumb/v7-a+fp/hard\libc.a(lib_a-reent.o)
                0x000000000100ddfc                cleanup_glue
                0x000000000100de18                _reclaim_reent
 .text          0x000000000100dea0       0x80 g:/xilinx/vitis/2019.2/gnu/aarch32/nt/gcc-arm-none-eabi/bin/../arm-none-eabi/libc/usr/lib/thumb/v7-a+fp/hard\libc.a(lib_a-s_frexp.o)
                0x000000000100dea0                frexp
 .text          0x000000000100df20      0xe90 g:/xilinx/vitis/2019.2/gnu/aarch32/nt/gcc-arm-none-eabi/bin/../arm-none-eabi/libc/usr/lib/thumb/v7-a+fp/hard\libc.a(lib_a-svfiprintf.o)
                0x000000000100df20                __ssprint_r
                0x000000000100e018                _svfiprintf_r
 .text          0x000000000100edb0      0x15c g:/xilinx/vitis/2019.2/gnu/aarch32/nt/gcc-arm-none-eabi/bin/../arm-none-eabi/libc/usr/lib/thumb/v7-a+fp/hard\libc.a(lib_a-wcsnrtombs.o)
                0x000000000100edb0                _wcsnrtombs_l
                0x000000000100eea4                _wcsnrtombs_r
                0x000000000100eed4                wcsnrtombs
 .text          0x000000000100ef0c       0x64 g:/xilinx/vitis/2019.2/gnu/aarch32/nt/gcc-arm-none-eabi/bin/../arm-none-eabi/libc/usr/lib/thumb/v7-a+fp/hard\libc.a(lib_a-callocr.o)
                0x000000000100ef0c                _calloc_r
 .text          0x000000000100ef70        0x0 g:/xilinx/vitis/2019.2/gnu/aarch32/nt/gcc-arm-none-eabi/bin/../arm-none-eabi/libc/usr/lib/thumb/v7-a+fp/hard\libc.a(lib_a-environ.o)
 .text          0x000000000100ef70        0x8 g:/xilinx/vitis/2019.2/gnu/aarch32/nt/gcc-arm-none-eabi/bin/../arm-none-eabi/libc/usr/lib/thumb/v7-a+fp/hard\libc.a(lib_a-envlock.o)
                0x000000000100ef70                __env_lock
                0x000000000100ef74                __env_unlock
 .text          0x000000000100ef78       0xd0 g:/xilinx/vitis/2019.2/gnu/aarch32/nt/gcc-arm-none-eabi/bin/../arm-none-eabi/libc/usr/lib/thumb/v7-a+fp/hard\libc.a(lib_a-memmove.o)
                0x000000000100ef78                memmove
 .text          0x000000000100f048      0x374 g:/xilinx/vitis/2019.2/gnu/aarch32/nt/gcc-arm-none-eabi/bin/../arm-none-eabi/libc/usr/lib/thumb/v7-a+fp/hard\libc.a(lib_a-reallocr.o)
                0x000000000100f048                _realloc_r
 .text          0x000000000100f3bc       0x40 C:/Users/Tom/Documents/Projects/Scopy_MVP_Platform/scopy-fpga/main/export/main/sw/main/standalone_domain/bsplib/lib\libxil.a(_sbrk.o)
                0x000000000100f3bc                _sbrk
 .text          0x000000000100f3fc        0x4 C:/Users/Tom/Documents/Projects/Scopy_MVP_Platform/scopy-fpga/main/export/main/sw/main/standalone_domain/bsplib/lib\libxil.a(_exit.o)
                0x000000000100f3fc                _exit
 .text          0x000000000100f400        0x0 g:/xilinx/vitis/2019.2/gnu/aarch32/nt/gcc-arm-none-eabi/bin/../lib/gcc/arm-none-eabi/8.2.0/thumb/v7-a+fp/hard/crtend.o
 .text          0x000000000100f400        0x0 g:/xilinx/vitis/2019.2/gnu/aarch32/nt/gcc-arm-none-eabi/bin/../lib/gcc/arm-none-eabi/8.2.0/thumb/v7-a+fp/hard/crtn.o
 *(.text.*)
 .text.startup  0x000000000100f400       0x78 ./src/main.o
                0x000000000100f400                main
 *(.gnu.linkonce.t.*)
 *(.plt)
 *(.gnu_warning)
 *(.gcc_execpt_table)
 *(.glue_7)
 .glue_7        0x000000000100f478        0x0 linker stubs
 *(.glue_7t)
 .glue_7t       0x000000000100f478        0x0 linker stubs
 *(.vfp11_veneer)
 .vfp11_veneer  0x000000000100f478        0x0 linker stubs
 *(.ARM.extab)
 .ARM.extab     0x000000000100f478        0x0 g:/xilinx/vitis/2019.2/gnu/aarch32/nt/gcc-arm-none-eabi/bin/../lib/gcc/arm-none-eabi/8.2.0/thumb/v7-a+fp/hard\libgcc.a(_udivmoddi4.o)
 *(.gnu.linkonce.armextab.*)

.v4_bx          0x000000000100f478        0x0
 .v4_bx         0x000000000100f478        0x0 linker stubs

.iplt           0x000000000100f478        0x0
 .iplt          0x000000000100f478        0x0 g:/xilinx/vitis/2019.2/gnu/aarch32/nt/gcc-arm-none-eabi/bin/../lib/gcc/arm-none-eabi/8.2.0/thumb/v7-a+fp/hard/crtbegin.o

.force_ocm      0x0000000000000000      0x7c0
 *(.force_ocm)
 .force_ocm     0x0000000000000000      0x7c0 ./src/acquire.o
                0x0000000000000000                g_acq_state

.init           0x000000000100f478        0xc
 *(.init)
 .init          0x000000000100f478        0x4 g:/xilinx/vitis/2019.2/gnu/aarch32/nt/gcc-arm-none-eabi/bin/../lib/gcc/arm-none-eabi/8.2.0/thumb/v7-a+fp/hard/crti.o
                0x000000000100f478                _init
 .init          0x000000000100f47c        0x8 g:/xilinx/vitis/2019.2/gnu/aarch32/nt/gcc-arm-none-eabi/bin/../lib/gcc/arm-none-eabi/8.2.0/thumb/v7-a+fp/hard/crtn.o

.fini           0x000000000100f484        0xc
 *(.fini)
 .fini          0x000000000100f484        0x4 g:/xilinx/vitis/2019.2/gnu/aarch32/nt/gcc-arm-none-eabi/bin/../lib/gcc/arm-none-eabi/8.2.0/thumb/v7-a+fp/hard/crti.o
                0x000000000100f484                _fini
 .fini          0x000000000100f488        0x8 g:/xilinx/vitis/2019.2/gnu/aarch32/nt/gcc-arm-none-eabi/bin/../lib/gcc/arm-none-eabi/8.2.0/thumb/v7-a+fp/hard/crtn.o

.rodata         0x000000000100f490     0x1474
                0x000000000100f490                __rodata_start = .
 *(.rodata)
 .rodata        0x000000000100f490       0x18 ./src/fabric_config.o
                0x000000000100f490                fbcfg_dummy_tests
 .rodata        0x000000000100f4a8        0x4 g:/xilinx/vitis/2019.2/gnu/aarch32/nt/gcc-arm-none-eabi/bin/../arm-none-eabi/libc/usr/lib/thumb/v7-a+fp/hard\libc.a(lib_a-impure.o)
                0x000000000100f4a8                _global_impure_ptr
 .rodata        0x000000000100f4ac      0x188 g:/xilinx/vitis/2019.2/gnu/aarch32/nt/gcc-arm-none-eabi/bin/../arm-none-eabi/libc/usr/lib/thumb/v7-a+fp/hard\libc.a(lib_a-locale.o)
                0x000000000100f4c8                __C_locale
 .rodata        0x000000000100f634       0x90 g:/xilinx/vitis/2019.2/gnu/aarch32/nt/gcc-arm-none-eabi/bin/../arm-none-eabi/libc/usr/lib/thumb/v7-a+fp/hard\libc.a(lib_a-mbtowc_r.o)
 .rodata        0x000000000100f6c4       0x20 g:/xilinx/vitis/2019.2/gnu/aarch32/nt/gcc-arm-none-eabi/bin/../arm-none-eabi/libc/usr/lib/thumb/v7-a+fp/hard\libc.a(lib_a-svfprintf.o)
 .rodata        0x000000000100f6e4      0x101 g:/xilinx/vitis/2019.2/gnu/aarch32/nt/gcc-arm-none-eabi/bin/../arm-none-eabi/libc/usr/lib/thumb/v7-a+fp/hard\libc.a(lib_a-ctype_.o)
                0x000000000100f6e4                _ctype_
 *fill*         0x000000000100f7e5        0x3 
 .rodata        0x000000000100f7e8      0x128 g:/xilinx/vitis/2019.2/gnu/aarch32/nt/gcc-arm-none-eabi/bin/../arm-none-eabi/libc/usr/lib/thumb/v7-a+fp/hard\libc.a(lib_a-mprec.o)
                0x000000000100f7f8                __mprec_tens
                0x000000000100f8c0                __mprec_tinytens
                0x000000000100f8e8                __mprec_bigtens
 .rodata        0x000000000100f910       0x20 g:/xilinx/vitis/2019.2/gnu/aarch32/nt/gcc-arm-none-eabi/bin/../arm-none-eabi/libc/usr/lib/thumb/v7-a+fp/hard\libc.a(lib_a-svfiprintf.o)
 *(.rodata.*)
 .rodata.str1.4
                0x000000000100f930      0x6e6 ./src/acquire.o
                                        0x6ea (size before relaxing)
 *fill*         0x0000000001010016        0x2 
 .rodata.str1.4
                0x0000000001010018      0x1ea ./src/fabric_config.o
 *fill*         0x0000000001010202        0x2 
 .rodata.str1.4
                0x0000000001010204      0x493 ./src/hal.o
                                        0x497 (size before relaxing)
 *fill*         0x0000000001010697        0x1 
 .rodata.str1.4
                0x0000000001010698       0x27 ./src/main.o
 *fill*         0x00000000010106bf        0x1 
 .rodata.str1.4
                0x00000000010106c0       0x68 C:/Users/Tom/Documents/Projects/Scopy_MVP_Platform/scopy-fpga/main/export/main/sw/main/standalone_domain/bsplib/lib\libxil.a(xaxidma_bdring.o)
                                         0x6b (size before relaxing)
 .rodata.str1.4
                0x0000000001010728        0xa C:/Users/Tom/Documents/Projects/Scopy_MVP_Platform/scopy-fpga/main/export/main/sw/main/standalone_domain/bsplib/lib\libxil.a(xgpiops.o)
 *fill*         0x0000000001010732        0x2 
 .rodata.str1.4
                0x0000000001010734        0xf C:/Users/Tom/Documents/Projects/Scopy_MVP_Platform/scopy-fpga/main/export/main/sw/main/standalone_domain/bsplib/lib\libxil.a(xgpiops_intr.o)
 *fill*         0x0000000001010743        0x1 
 .rodata.str1.4
                0x0000000001010744        0xf C:/Users/Tom/Documents/Projects/Scopy_MVP_Platform/scopy-fpga/main/export/main/sw/main/standalone_domain/bsplib/lib\libxil.a(xscugic_intr.o)
 *fill*         0x0000000001010753        0x1 
 .rodata.str1.4
                0x0000000001010754        0xa C:/Users/Tom/Documents/Projects/Scopy_MVP_Platform/scopy-fpga/main/export/main/sw/main/standalone_domain/bsplib/lib\libxil.a(xscugic.o)
 *fill*         0x000000000101075e        0x2 
 .rodata.str1.4
                0x0000000001010760        0xc C:/Users/Tom/Documents/Projects/Scopy_MVP_Platform/scopy-fpga/main/export/main/sw/main/standalone_domain/bsplib/lib\libxil.a(xscutimer.o)
 .rodata.str1.4
                0x000000000101076c       0x15 C:/Users/Tom/Documents/Projects/Scopy_MVP_Platform/scopy-fpga/main/export/main/sw/main/standalone_domain/bsplib/lib\libxil.a(xscutimer_selftest.o)
 *fill*         0x0000000001010781        0x3 
 .rodata.str1.4
                0x0000000001010784       0x11 C:/Users/Tom/Documents/Projects/Scopy_MVP_Platform/scopy-fpga/main/export/main/sw/main/standalone_domain/bsplib/lib\libxil.a(xil_printf.o)
 *fill*         0x0000000001010795        0x3 
 .rodata.str1.4
                0x0000000001010798      0x12c g:/xilinx/vitis/2019.2/gnu/aarch32/nt/gcc-arm-none-eabi/bin/../arm-none-eabi/libc/usr/lib/thumb/v7-a+fp/hard\libc.a(lib_a-locale.o)
                                        0x130 (size before relaxing)
 .rodata.str1.4
                0x00000000010108c4       0x2e g:/xilinx/vitis/2019.2/gnu/aarch32/nt/gcc-arm-none-eabi/bin/../arm-none-eabi/libc/usr/lib/thumb/v7-a+fp/hard\libc.a(lib_a-svfprintf.o)
                                         0x42 (size before relaxing)
 *fill*         0x00000000010108f2        0x2 
 .rodata.str1.4
                0x00000000010108f4       0x10 g:/xilinx/vitis/2019.2/gnu/aarch32/nt/gcc-arm-none-eabi/bin/../arm-none-eabi/libc/usr/lib/thumb/v7-a+fp/hard\libc.a(lib_a-dtoa.o)
                                         0x12 (size before relaxing)
 .rodata.str1.4
                0x0000000001010904       0x2f g:/xilinx/vitis/2019.2/gnu/aarch32/nt/gcc-arm-none-eabi/bin/../arm-none-eabi/libc/usr/lib/thumb/v7-a+fp/hard\libc.a(lib_a-svfiprintf.o)
 *(.gnu.linkonce.r.*)
                0x0000000001010933                __rodata_end = .

.rodata1        0x0000000001010904        0x0
                0x0000000001010904                __rodata1_start = .
 *(.rodata1)
 *(.rodata1.*)
                0x0000000001010904                __rodata1_end = .

.sdata2         0x0000000001010904        0x0
                0x0000000001010904                __sdata2_start = .
 *(.sdata2)
 *(.sdata2.*)
 *(.gnu.linkonce.s2.*)
                0x0000000001010904                __sdata2_end = .

.sbss2          0x0000000001010904        0x0
                0x0000000001010904                __sbss2_start = .
 *(.sbss2)
 *(.sbss2.*)
 *(.gnu.linkonce.sb2.*)
                0x0000000001010904                __sbss2_end = .

.data           0x0000000001010908      0xd98
                0x0000000001010908                __data_start = .
 *(.data)
 .data          0x0000000001010908        0x0 g:/xilinx/vitis/2019.2/gnu/aarch32/nt/gcc-arm-none-eabi/bin/../lib/gcc/arm-none-eabi/8.2.0/thumb/v7-a+fp/hard/crti.o
 .data          0x0000000001010908        0x4 g:/xilinx/vitis/2019.2/gnu/aarch32/nt/gcc-arm-none-eabi/bin/../lib/gcc/arm-none-eabi/8.2.0/thumb/v7-a+fp/hard/crtbegin.o
                0x0000000001010908                __dso_handle
 .data          0x000000000101090c       0x30 ./src/acquire.o
                0x000000000101090c                acq_state_to_str
                0x0000000001010924                acq_substate_to_str
 .data          0x000000000101093c        0x0 ./src/fabric_config.o
 .data          0x000000000101093c        0x0 ./src/hal.o
 .data          0x000000000101093c        0x0 ./src/main.o
 .data          0x000000000101093c        0x0 ./src/platform.o
 .data          0x000000000101093c        0x0 C:/Users/Tom/Documents/Projects/Scopy_MVP_Platform/scopy-fpga/main/export/main/sw/main/standalone_domain/bsplib/lib\libxil.a(xaxidma.o)
 .data          0x000000000101093c        0x0 C:/Users/Tom/Documents/Projects/Scopy_MVP_Platform/scopy-fpga/main/export/main/sw/main/standalone_domain/bsplib/lib\libxil.a(xaxidma_sinit.o)
 .data          0x000000000101093c        0x0 C:/Users/Tom/Documents/Projects/Scopy_MVP_Platform/scopy-fpga/main/export/main/sw/main/standalone_domain/bsplib/lib\libxil.a(xaxidma_bdring.o)
 .data          0x000000000101093c       0x44 C:/Users/Tom/Documents/Projects/Scopy_MVP_Platform/scopy-fpga/main/export/main/sw/main/standalone_domain/bsplib/lib\libxil.a(xaxidma_g.o)
                0x000000000101093c                XAxiDma_ConfigTable
 .data          0x0000000001010980        0x0 C:/Users/Tom/Documents/Projects/Scopy_MVP_Platform/scopy-fpga/main/export/main/sw/main/standalone_domain/bsplib/lib\libxil.a(xgpiops.o)
 .data          0x0000000001010980        0x0 C:/Users/Tom/Documents/Projects/Scopy_MVP_Platform/scopy-fpga/main/export/main/sw/main/standalone_domain/bsplib/lib\libxil.a(xgpiops_sinit.o)
 .data          0x0000000001010980        0x0 C:/Users/Tom/Documents/Projects/Scopy_MVP_Platform/scopy-fpga/main/export/main/sw/main/standalone_domain/bsplib/lib\libxil.a(xgpiops_intr.o)
 .data          0x0000000001010980        0x8 C:/Users/Tom/Documents/Projects/Scopy_MVP_Platform/scopy-fpga/main/export/main/sw/main/standalone_domain/bsplib/lib\libxil.a(xgpiops_g.o)
                0x0000000001010980                XGpioPs_ConfigTable
 .data          0x0000000001010988        0x0 C:/Users/Tom/Documents/Projects/Scopy_MVP_Platform/scopy-fpga/main/export/main/sw/main/standalone_domain/bsplib/lib\libxil.a(xscugic_intr.o)
 .data          0x0000000001010988        0x0 C:/Users/Tom/Documents/Projects/Scopy_MVP_Platform/scopy-fpga/main/export/main/sw/main/standalone_domain/bsplib/lib\libxil.a(xscugic.o)
 .data          0x0000000001010988        0x0 C:/Users/Tom/Documents/Projects/Scopy_MVP_Platform/scopy-fpga/main/export/main/sw/main/standalone_domain/bsplib/lib\libxil.a(xscugic_sinit.o)
 .data          0x0000000001010988        0x0 C:/Users/Tom/Documents/Projects/Scopy_MVP_Platform/scopy-fpga/main/export/main/sw/main/standalone_domain/bsplib/lib\libxil.a(xscutimer.o)
 .data          0x0000000001010988        0x0 C:/Users/Tom/Documents/Projects/Scopy_MVP_Platform/scopy-fpga/main/export/main/sw/main/standalone_domain/bsplib/lib\libxil.a(xscutimer_selftest.o)
 .data          0x0000000001010988        0x0 C:/Users/Tom/Documents/Projects/Scopy_MVP_Platform/scopy-fpga/main/export/main/sw/main/standalone_domain/bsplib/lib\libxil.a(xscutimer_sinit.o)
 .data          0x0000000001010988        0x8 C:/Users/Tom/Documents/Projects/Scopy_MVP_Platform/scopy-fpga/main/export/main/sw/main/standalone_domain/bsplib/lib\libxil.a(xscutimer_g.o)
                0x0000000001010988                XScuTimer_ConfigTable
 .data          0x0000000001010990        0x4 C:/Users/Tom/Documents/Projects/Scopy_MVP_Platform/scopy-fpga/main/export/main/sw/main/standalone_domain/bsplib/lib\libxil.a(xil_assert.o)
                0x0000000001010990                Xil_AssertWait
 .data          0x0000000001010994        0x0 C:/Users/Tom/Documents/Projects/Scopy_MVP_Platform/scopy-fpga/main/export/main/sw/main/standalone_domain/bsplib/lib\libxil.a(print.o)
 .data          0x0000000001010994        0x0 C:/Users/Tom/Documents/Projects/Scopy_MVP_Platform/scopy-fpga/main/export/main/sw/main/standalone_domain/bsplib/lib\libxil.a(xil_cache.o)
 .data          0x0000000001010994        0x0 C:/Users/Tom/Documents/Projects/Scopy_MVP_Platform/scopy-fpga/main/export/main/sw/main/standalone_domain/bsplib/lib\libxil.a(outbyte.o)
 .data          0x0000000001010994        0x0 C:/Users/Tom/Documents/Projects/Scopy_MVP_Platform/scopy-fpga/main/export/main/sw/main/standalone_domain/bsplib/lib\libxil.a(xplatform_info.o)
 .data          0x0000000001010994        0x0 C:/Users/Tom/Documents/Projects/Scopy_MVP_Platform/scopy-fpga/main/export/main/sw/main/standalone_domain/bsplib/lib\libxil.a(xil_printf.o)
 .data          0x0000000001010994       0x38 C:/Users/Tom/Documents/Projects/Scopy_MVP_Platform/scopy-fpga/main/export/main/sw/main/standalone_domain/bsplib/lib\libxil.a(xil_exception.o)
                0x0000000001010994                XExc_VectorTable
 .data          0x00000000010109cc        0x0 C:/Users/Tom/Documents/Projects/Scopy_MVP_Platform/scopy-fpga/main/export/main/sw/main/standalone_domain/bsplib/lib\libxil.a(asm_vectors.o)
 .data          0x00000000010109cc        0x0 C:/Users/Tom/Documents/Projects/Scopy_MVP_Platform/scopy-fpga/main/export/main/sw/main/standalone_domain/bsplib/lib\libxil.a(xuartps_hw.o)
 .data          0x00000000010109cc      0x304 C:/Users/Tom/Documents/Projects/Scopy_MVP_Platform/scopy-fpga/main/export/main/sw/main/standalone_domain/bsplib/lib\libxil.a(xscugic_g.o)
                0x00000000010109cc                XScuGic_ConfigTable
 .data          0x0000000001010cd0        0x0 C:/Users/Tom/Documents/Projects/Scopy_MVP_Platform/scopy-fpga/main/export/main/sw/main/standalone_domain/bsplib/lib\libxil.a(vectors.o)
 .data          0x0000000001010cd0        0x0 C:/Users/Tom/Documents/Projects/Scopy_MVP_Platform/scopy-fpga/main/export/main/sw/main/standalone_domain/bsplib/lib\libxil.a(boot.o)
 .data          0x0000000001010cd0        0x0 C:/Users/Tom/Documents/Projects/Scopy_MVP_Platform/scopy-fpga/main/export/main/sw/main/standalone_domain/bsplib/lib\libxil.a(xil-crt0.o)
 .data          0x0000000001010cd0        0x0 C:/Users/Tom/Documents/Projects/Scopy_MVP_Platform/scopy-fpga/main/export/main/sw/main/standalone_domain/bsplib/lib\libxil.a(translation_table.o)
 .data          0x0000000001010cd0        0x0 C:/Users/Tom/Documents/Projects/Scopy_MVP_Platform/scopy-fpga/main/export/main/sw/main/standalone_domain/bsplib/lib\libxil.a(cpu_init.o)
 .data          0x0000000001010cd0        0x0 C:/Users/Tom/Documents/Projects/Scopy_MVP_Platform/scopy-fpga/main/export/main/sw/main/standalone_domain/bsplib/lib\libxil.a(xtime_l.o)
 .data          0x0000000001010cd0        0x0 g:/xilinx/vitis/2019.2/gnu/aarch32/nt/gcc-arm-none-eabi/bin/../lib/gcc/arm-none-eabi/8.2.0/thumb/v7-a+fp/hard\libgcc.a(_udivsi3.o)
 .data          0x0000000001010cd0        0x0 g:/xilinx/vitis/2019.2/gnu/aarch32/nt/gcc-arm-none-eabi/bin/../lib/gcc/arm-none-eabi/8.2.0/thumb/v7-a+fp/hard\libgcc.a(_divsi3.o)
 .data          0x0000000001010cd0        0x0 g:/xilinx/vitis/2019.2/gnu/aarch32/nt/gcc-arm-none-eabi/bin/../lib/gcc/arm-none-eabi/8.2.0/thumb/v7-a+fp/hard\libgcc.a(_dvmd_tls.o)
 .data          0x0000000001010cd0        0x0 g:/xilinx/vitis/2019.2/gnu/aarch32/nt/gcc-arm-none-eabi/bin/../lib/gcc/arm-none-eabi/8.2.0/thumb/v7-a+fp/hard\libgcc.a(_arm_addsubdf3.o)
 .data          0x0000000001010cd0        0x0 g:/xilinx/vitis/2019.2/gnu/aarch32/nt/gcc-arm-none-eabi/bin/../lib/gcc/arm-none-eabi/8.2.0/thumb/v7-a+fp/hard\libgcc.a(_aeabi_uldivmod.o)
 .data          0x0000000001010cd0        0x0 g:/xilinx/vitis/2019.2/gnu/aarch32/nt/gcc-arm-none-eabi/bin/../lib/gcc/arm-none-eabi/8.2.0/thumb/v7-a+fp/hard\libgcc.a(_fixunssfdi.o)
 .data          0x0000000001010cd0        0x0 g:/xilinx/vitis/2019.2/gnu/aarch32/nt/gcc-arm-none-eabi/bin/../lib/gcc/arm-none-eabi/8.2.0/thumb/v7-a+fp/hard\libgcc.a(_fixunsdfdi.o)
 .data          0x0000000001010cd0        0x0 g:/xilinx/vitis/2019.2/gnu/aarch32/nt/gcc-arm-none-eabi/bin/../lib/gcc/arm-none-eabi/8.2.0/thumb/v7-a+fp/hard\libgcc.a(_udivmoddi4.o)
 .data          0x0000000001010cd0        0x0 g:/xilinx/vitis/2019.2/gnu/aarch32/nt/gcc-arm-none-eabi/bin/../arm-none-eabi/libc/usr/lib/thumb/v7-a+fp/hard\libc.a(lib_a-exit.o)
 .data          0x0000000001010cd0        0x0 g:/xilinx/vitis/2019.2/gnu/aarch32/nt/gcc-arm-none-eabi/bin/../arm-none-eabi/libc/usr/lib/thumb/v7-a+fp/hard\libc.a(lib_a-fini.o)
 .data          0x0000000001010cd0      0x430 g:/xilinx/vitis/2019.2/gnu/aarch32/nt/gcc-arm-none-eabi/bin/../arm-none-eabi/libc/usr/lib/thumb/v7-a+fp/hard\libc.a(lib_a-impure.o)
                0x0000000001010cd0                _impure_ptr
 .data          0x0000000001011100        0x0 g:/xilinx/vitis/2019.2/gnu/aarch32/nt/gcc-arm-none-eabi/bin/../arm-none-eabi/libc/usr/lib/thumb/v7-a+fp/hard\libc.a(lib_a-init.o)
 .data          0x0000000001011100      0x18c g:/xilinx/vitis/2019.2/gnu/aarch32/nt/gcc-arm-none-eabi/bin/../arm-none-eabi/libc/usr/lib/thumb/v7-a+fp/hard\libc.a(lib_a-locale.o)
                0x0000000001011100                __global_locale
                0x000000000101126c                __default_locale
 .data          0x000000000101128c        0x0 g:/xilinx/vitis/2019.2/gnu/aarch32/nt/gcc-arm-none-eabi/bin/../arm-none-eabi/libc/usr/lib/thumb/v7-a+fp/hard\libc.a(lib_a-malloc.o)
 .data          0x000000000101128c      0x410 g:/xilinx/vitis/2019.2/gnu/aarch32/nt/gcc-arm-none-eabi/bin/../arm-none-eabi/libc/usr/lib/thumb/v7-a+fp/hard\libc.a(lib_a-mallocr.o)
                0x000000000101128c                __malloc_av_
                0x0000000001011694                __malloc_sbrk_base
                0x0000000001011698                __malloc_trim_threshold
 .data          0x000000000101169c        0x0 g:/xilinx/vitis/2019.2/gnu/aarch32/nt/gcc-arm-none-eabi/bin/../arm-none-eabi/libc/usr/lib/thumb/v7-a+fp/hard\libc.a(lib_a-mbtowc_r.o)
 .data          0x000000000101169c        0x0 g:/xilinx/vitis/2019.2/gnu/aarch32/nt/gcc-arm-none-eabi/bin/../arm-none-eabi/libc/usr/lib/thumb/v7-a+fp/hard\libc.a(lib_a-memcpy.o)
 .data          0x000000000101169c        0x0 g:/xilinx/vitis/2019.2/gnu/aarch32/nt/gcc-arm-none-eabi/bin/../arm-none-eabi/libc/usr/lib/thumb/v7-a+fp/hard\libc.a(lib_a-memset.o)
 .data          0x000000000101169c        0x0 g:/xilinx/vitis/2019.2/gnu/aarch32/nt/gcc-arm-none-eabi/bin/../arm-none-eabi/libc/usr/lib/thumb/v7-a+fp/hard\libc.a(lib_a-mlock.o)
 .data          0x000000000101169c        0x0 g:/xilinx/vitis/2019.2/gnu/aarch32/nt/gcc-arm-none-eabi/bin/../arm-none-eabi/libc/usr/lib/thumb/v7-a+fp/hard\libc.a(lib_a-sbrkr.o)
 .data          0x000000000101169c        0x0 g:/xilinx/vitis/2019.2/gnu/aarch32/nt/gcc-arm-none-eabi/bin/../arm-none-eabi/libc/usr/lib/thumb/v7-a+fp/hard\libc.a(lib_a-snprintf.o)
 .data          0x000000000101169c        0x0 g:/xilinx/vitis/2019.2/gnu/aarch32/nt/gcc-arm-none-eabi/bin/../arm-none-eabi/libc/usr/lib/thumb/v7-a+fp/hard\libc.a(lib_a-strcasecmp.o)
 .data          0x000000000101169c        0x0 g:/xilinx/vitis/2019.2/gnu/aarch32/nt/gcc-arm-none-eabi/bin/../arm-none-eabi/libc/usr/lib/thumb/v7-a+fp/hard\libc.a(lib_a-strcat.o)
 .data          0x000000000101169c        0x0 g:/xilinx/vitis/2019.2/gnu/aarch32/nt/gcc-arm-none-eabi/bin/../arm-none-eabi/libc/usr/lib/thumb/v7-a+fp/hard\libc.a(lib_a-strchr.o)
 .data          0x000000000101169c        0x0 g:/xilinx/vitis/2019.2/gnu/aarch32/nt/gcc-arm-none-eabi/bin/../arm-none-eabi/libc/usr/lib/thumb/v7-a+fp/hard\libc.a(lib_a-strcmp.o)
 .data          0x000000000101169c        0x0 g:/xilinx/vitis/2019.2/gnu/aarch32/nt/gcc-arm-none-eabi/bin/../arm-none-eabi/libc/usr/lib/thumb/v7-a+fp/hard\libc.a(lib_a-strcpy.o)
 .data          0x000000000101169c        0x0 g:/xilinx/vitis/2019.2/gnu/aarch32/nt/gcc-arm-none-eabi/bin/../arm-none-eabi/libc/usr/lib/thumb/v7-a+fp/hard\libc.a(lib_a-strlcpy.o)
 .data          0x000000000101169c        0x0 g:/xilinx/vitis/2019.2/gnu/aarch32/nt/gcc-arm-none-eabi/bin/../arm-none-eabi/libc/usr/lib/thumb/v7-a+fp/hard\libc.a(lib_a-strlen.o)
 .data          0x000000000101169c        0x0 g:/xilinx/vitis/2019.2/gnu/aarch32/nt/gcc-arm-none-eabi/bin/../arm-none-eabi/libc/usr/lib/thumb/v7-a+fp/hard\libc.a(lib_a-strncasecmp.o)
 .data          0x000000000101169c        0x0 g:/xilinx/vitis/2019.2/gnu/aarch32/nt/gcc-arm-none-eabi/bin/../arm-none-eabi/libc/usr/lib/thumb/v7-a+fp/hard\libc.a(lib_a-strncmp.o)
 .data          0x000000000101169c        0x0 g:/xilinx/vitis/2019.2/gnu/aarch32/nt/gcc-arm-none-eabi/bin/../arm-none-eabi/libc/usr/lib/thumb/v7-a+fp/hard\libc.a(lib_a-strncpy.o)
 .data          0x000000000101169c        0x0 g:/xilinx/vitis/2019.2/gnu/aarch32/nt/gcc-arm-none-eabi/bin/../arm-none-eabi/libc/usr/lib/thumb/v7-a+fp/hard\libc.a(lib_a-strtol.o)
 .data          0x000000000101169c        0x0 g:/xilinx/vitis/2019.2/gnu/aarch32/nt/gcc-arm-none-eabi/bin/../arm-none-eabi/libc/usr/lib/thumb/v7-a+fp/hard\libc.a(lib_a-svfprintf.o)
 .data          0x000000000101169c        0x0 g:/xilinx/vitis/2019.2/gnu/aarch32/nt/gcc-arm-none-eabi/bin/../arm-none-eabi/libc/usr/lib/thumb/v7-a+fp/hard\libc.a(lib_a-vsnprintf.o)
 .data          0x000000000101169c        0x0 g:/xilinx/vitis/2019.2/gnu/aarch32/nt/gcc-arm-none-eabi/bin/../arm-none-eabi/libc/usr/lib/thumb/v7-a+fp/hard\libc.a(lib_a-wcrtomb.o)
 .data          0x000000000101169c        0x0 g:/xilinx/vitis/2019.2/gnu/aarch32/nt/gcc-arm-none-eabi/bin/../arm-none-eabi/libc/usr/lib/thumb/v7-a+fp/hard\libc.a(lib_a-wcsrtombs.o)
 .data          0x000000000101169c        0x0 g:/xilinx/vitis/2019.2/gnu/aarch32/nt/gcc-arm-none-eabi/bin/../arm-none-eabi/libc/usr/lib/thumb/v7-a+fp/hard\libc.a(lib_a-wctomb_r.o)
 .data          0x000000000101169c        0x0 g:/xilinx/vitis/2019.2/gnu/aarch32/nt/gcc-arm-none-eabi/bin/../arm-none-eabi/libc/usr/lib/thumb/v7-a+fp/hard\libc.a(lib_a-__call_atexit.o)
 .data          0x000000000101169c        0x0 g:/xilinx/vitis/2019.2/gnu/aarch32/nt/gcc-arm-none-eabi/bin/../arm-none-eabi/libc/usr/lib/thumb/v7-a+fp/hard\libc.a(lib_a-ctype_.o)
 .data          0x000000000101169c        0x0 g:/xilinx/vitis/2019.2/gnu/aarch32/nt/gcc-arm-none-eabi/bin/../arm-none-eabi/libc/usr/lib/thumb/v7-a+fp/hard\libc.a(lib_a-dtoa.o)
 .data          0x000000000101169c        0x0 g:/xilinx/vitis/2019.2/gnu/aarch32/nt/gcc-arm-none-eabi/bin/../arm-none-eabi/libc/usr/lib/thumb/v7-a+fp/hard\libc.a(lib_a-freer.o)
 .data          0x000000000101169c        0x0 g:/xilinx/vitis/2019.2/gnu/aarch32/nt/gcc-arm-none-eabi/bin/../arm-none-eabi/libc/usr/lib/thumb/v7-a+fp/hard\libc.a(lib_a-getenv_r.o)
 .data          0x000000000101169c        0x0 g:/xilinx/vitis/2019.2/gnu/aarch32/nt/gcc-arm-none-eabi/bin/../arm-none-eabi/libc/usr/lib/thumb/v7-a+fp/hard\libc.a(lib_a-localeconv.o)
 .data          0x000000000101169c        0x0 g:/xilinx/vitis/2019.2/gnu/aarch32/nt/gcc-arm-none-eabi/bin/../arm-none-eabi/libc/usr/lib/thumb/v7-a+fp/hard\libc.a(lib_a-memchr.o)
 .data          0x000000000101169c        0x0 g:/xilinx/vitis/2019.2/gnu/aarch32/nt/gcc-arm-none-eabi/bin/../arm-none-eabi/libc/usr/lib/thumb/v7-a+fp/hard\libc.a(lib_a-mprec.o)
 .data          0x000000000101169c        0x0 g:/xilinx/vitis/2019.2/gnu/aarch32/nt/gcc-arm-none-eabi/bin/../arm-none-eabi/libc/usr/lib/thumb/v7-a+fp/hard\libc.a(lib_a-reent.o)
 .data          0x000000000101169c        0x0 g:/xilinx/vitis/2019.2/gnu/aarch32/nt/gcc-arm-none-eabi/bin/../arm-none-eabi/libc/usr/lib/thumb/v7-a+fp/hard\libc.a(lib_a-s_frexp.o)
 .data          0x000000000101169c        0x0 g:/xilinx/vitis/2019.2/gnu/aarch32/nt/gcc-arm-none-eabi/bin/../arm-none-eabi/libc/usr/lib/thumb/v7-a+fp/hard\libc.a(lib_a-svfiprintf.o)
 .data          0x000000000101169c        0x0 g:/xilinx/vitis/2019.2/gnu/aarch32/nt/gcc-arm-none-eabi/bin/../arm-none-eabi/libc/usr/lib/thumb/v7-a+fp/hard\libc.a(lib_a-wcsnrtombs.o)
 .data          0x000000000101169c        0x0 g:/xilinx/vitis/2019.2/gnu/aarch32/nt/gcc-arm-none-eabi/bin/../arm-none-eabi/libc/usr/lib/thumb/v7-a+fp/hard\libc.a(lib_a-callocr.o)
 .data          0x000000000101169c        0x4 g:/xilinx/vitis/2019.2/gnu/aarch32/nt/gcc-arm-none-eabi/bin/../arm-none-eabi/libc/usr/lib/thumb/v7-a+fp/hard\libc.a(lib_a-environ.o)
                0x000000000101169c                environ
 .data          0x00000000010116a0        0x0 g:/xilinx/vitis/2019.2/gnu/aarch32/nt/gcc-arm-none-eabi/bin/../arm-none-eabi/libc/usr/lib/thumb/v7-a+fp/hard\libc.a(lib_a-envlock.o)
 .data          0x00000000010116a0        0x0 g:/xilinx/vitis/2019.2/gnu/aarch32/nt/gcc-arm-none-eabi/bin/../arm-none-eabi/libc/usr/lib/thumb/v7-a+fp/hard\libc.a(lib_a-memmove.o)
 .data          0x00000000010116a0        0x0 g:/xilinx/vitis/2019.2/gnu/aarch32/nt/gcc-arm-none-eabi/bin/../arm-none-eabi/libc/usr/lib/thumb/v7-a+fp/hard\libc.a(lib_a-reallocr.o)
 .data          0x00000000010116a0        0x0 C:/Users/Tom/Documents/Projects/Scopy_MVP_Platform/scopy-fpga/main/export/main/sw/main/standalone_domain/bsplib/lib\libxil.a(_sbrk.o)
 .data          0x00000000010116a0        0x0 C:/Users/Tom/Documents/Projects/Scopy_MVP_Platform/scopy-fpga/main/export/main/sw/main/standalone_domain/bsplib/lib\libxil.a(_exit.o)
 .data          0x00000000010116a0        0x0 g:/xilinx/vitis/2019.2/gnu/aarch32/nt/gcc-arm-none-eabi/bin/../lib/gcc/arm-none-eabi/8.2.0/thumb/v7-a+fp/hard/crtend.o
 .data          0x00000000010116a0        0x0 g:/xilinx/vitis/2019.2/gnu/aarch32/nt/gcc-arm-none-eabi/bin/../lib/gcc/arm-none-eabi/8.2.0/thumb/v7-a+fp/hard/crtn.o
 *(.data.*)
 *(.gnu.linkonce.d.*)
 *(.jcr)
 *(.got)
 *(.got.plt)
                0x00000000010116a0                __data_end = .

.tm_clone_table
                0x00000000010116a0        0x0
 .tm_clone_table
                0x00000000010116a0        0x0 g:/xilinx/vitis/2019.2/gnu/aarch32/nt/gcc-arm-none-eabi/bin/../lib/gcc/arm-none-eabi/8.2.0/thumb/v7-a+fp/hard/crtbegin.o
 .tm_clone_table
                0x00000000010116a0        0x0 g:/xilinx/vitis/2019.2/gnu/aarch32/nt/gcc-arm-none-eabi/bin/../lib/gcc/arm-none-eabi/8.2.0/thumb/v7-a+fp/hard/crtend.o

.igot.plt       0x00000000010116a0        0x0
 .igot.plt      0x00000000010116a0        0x0 g:/xilinx/vitis/2019.2/gnu/aarch32/nt/gcc-arm-none-eabi/bin/../lib/gcc/arm-none-eabi/8.2.0/thumb/v7-a+fp/hard/crtbegin.o

.got2           0x00000000010116a0        0x0
 .got2          0x00000000010116a0        0x0 C:/Users/Tom/Documents/Projects/Scopy_MVP_Platform/scopy-fpga/main/export/main/sw/main/standalone_domain/bsplib/lib\libxil.a(xil-crt0.o)

.data1          0x00000000010116a0        0x0
                0x00000000010116a0                __data1_start = .
 *(.data1)
 *(.data1.*)
                0x00000000010116a0                __data1_end = .

.got
 *(.got)

.ctors          0x00000000010116a0        0x0
                0x00000000010116a0                __CTOR_LIST__ = .
                0x00000000010116a0                ___CTORS_LIST___ = .
 *crtbegin.o(.ctors)
 *(EXCLUDE_FILE(*crtend.o) .ctors)
 *(SORT_BY_NAME(.ctors.*))
 *(.ctors)
                0x00000000010116a0                __CTOR_END__ = .
                0x00000000010116a0                ___CTORS_END___ = .

.dtors          0x00000000010116a0        0x0
                0x00000000010116a0                __DTOR_LIST__ = .
                0x00000000010116a0                ___DTORS_LIST___ = .
 *crtbegin.o(.dtors)
 *(EXCLUDE_FILE(*crtend.o) .dtors)
 *(SORT_BY_NAME(.dtors.*))
 *(.dtors)
                0x00000000010116a0                __DTOR_END__ = .
                0x00000000010116a0                ___DTORS_END___ = .

.fixup          0x00000000010116a0        0x0
                0x00000000010116a0                __fixup_start = .
 *(.fixup)
                0x00000000010116a0                __fixup_end = .

.eh_frame       0x00000000010116a0        0x4
 *(.eh_frame)
 .eh_frame      0x00000000010116a0        0x0 g:/xilinx/vitis/2019.2/gnu/aarch32/nt/gcc-arm-none-eabi/bin/../lib/gcc/arm-none-eabi/8.2.0/thumb/v7-a+fp/hard/crtbegin.o
 .eh_frame      0x00000000010116a0        0x4 g:/xilinx/vitis/2019.2/gnu/aarch32/nt/gcc-arm-none-eabi/bin/../lib/gcc/arm-none-eabi/8.2.0/thumb/v7-a+fp/hard/crtend.o

.eh_framehdr    0x00000000010116a4        0x0
                0x00000000010116a4                __eh_framehdr_start = .
 *(.eh_framehdr)
                0x00000000010116a4                __eh_framehdr_end = .

.gcc_except_table
 *(.gcc_except_table)

.mmu_tbl        0x0000000001014000     0x4000
                0x0000000001014000                __mmu_tbl_start = .
 *(.mmu_tbl)
 .mmu_tbl       0x0000000001014000     0x4000 C:/Users/Tom/Documents/Projects/Scopy_MVP_Platform/scopy-fpga/main/export/main/sw/main/standalone_domain/bsplib/lib\libxil.a(translation_table.o)
                0x0000000001014000                MMUTable
                0x0000000001018000                __mmu_tbl_end = .

.ARM.exidx      0x0000000001018000        0x8
                0x0000000001018000                __exidx_start = .
 *(.ARM.exidx*)
 .ARM.exidx     0x0000000001018000        0x8 g:/xilinx/vitis/2019.2/gnu/aarch32/nt/gcc-arm-none-eabi/bin/../lib/gcc/arm-none-eabi/8.2.0/thumb/v7-a+fp/hard\libgcc.a(_udivmoddi4.o)
 *(.gnu.linkonce.armexidix.*.*)
                0x0000000001018008                __exidx_end = .

.rel.dyn        0x0000000001018008        0x0
 .rel.iplt      0x0000000001018008        0x0 g:/xilinx/vitis/2019.2/gnu/aarch32/nt/gcc-arm-none-eabi/bin/../lib/gcc/arm-none-eabi/8.2.0/thumb/v7-a+fp/hard/crtbegin.o

.preinit_array  0x0000000001018008        0x0
                0x0000000001018008                __preinit_array_start = .
 *(SORT_BY_NAME(.preinit_array.*))
 *(.preinit_array)
                0x0000000001018008                __preinit_array_end = .

.init_array     0x0000000001018008        0x4
                0x0000000001018008                __init_array_start = .
 *(SORT_BY_NAME(.init_array.*))
 *(.init_array)
 .init_array    0x0000000001018008        0x4 g:/xilinx/vitis/2019.2/gnu/aarch32/nt/gcc-arm-none-eabi/bin/../lib/gcc/arm-none-eabi/8.2.0/thumb/v7-a+fp/hard/crtbegin.o
                0x000000000101800c                __init_array_end = .

.fini_array     0x000000000101800c        0x4
                0x000000000101800c                __fini_array_start = .
 *(SORT_BY_NAME(.fini_array.*))
 *(.fini_array)
 .fini_array    0x000000000101800c        0x4 g:/xilinx/vitis/2019.2/gnu/aarch32/nt/gcc-arm-none-eabi/bin/../lib/gcc/arm-none-eabi/8.2.0/thumb/v7-a+fp/hard/crtbegin.o
                0x0000000001018010                __fini_array_end = .

.ARM.attributes
                0x0000000001018010       0x33
                0x0000000001018010                __ARM.attributes_start = .
 *(.ARM.attributes)
 .ARM.attributes
                0x0000000001018010       0x1f g:/xilinx/vitis/2019.2/gnu/aarch32/nt/gcc-arm-none-eabi/bin/../lib/gcc/arm-none-eabi/8.2.0/thumb/v7-a+fp/hard/crti.o
 .ARM.attributes
                0x000000000101802f       0x33 g:/xilinx/vitis/2019.2/gnu/aarch32/nt/gcc-arm-none-eabi/bin/../lib/gcc/arm-none-eabi/8.2.0/thumb/v7-a+fp/hard/crtbegin.o
 .ARM.attributes
                0x0000000001018062       0x33 ./src/acquire.o
 .ARM.attributes
                0x0000000001018095       0x33 ./src/fabric_config.o
 .ARM.attributes
                0x00000000010180c8       0x33 ./src/hal.o
 .ARM.attributes
                0x00000000010180fb       0x33 ./src/main.o
 .ARM.attributes
                0x000000000101812e       0x33 ./src/platform.o
 .ARM.attributes
                0x0000000001018161       0x33 C:/Users/Tom/Documents/Projects/Scopy_MVP_Platform/scopy-fpga/main/export/main/sw/main/standalone_domain/bsplib/lib\libxil.a(xaxidma.o)
 .ARM.attributes
                0x0000000001018194       0x33 C:/Users/Tom/Documents/Projects/Scopy_MVP_Platform/scopy-fpga/main/export/main/sw/main/standalone_domain/bsplib/lib\libxil.a(xaxidma_sinit.o)
 .ARM.attributes
                0x00000000010181c7       0x33 C:/Users/Tom/Documents/Projects/Scopy_MVP_Platform/scopy-fpga/main/export/main/sw/main/standalone_domain/bsplib/lib\libxil.a(xaxidma_bdring.o)
 .ARM.attributes
                0x00000000010181fa       0x3d C:/Users/Tom/Documents/Projects/Scopy_MVP_Platform/scopy-fpga/main/export/main/sw/main/standalone_domain/bsplib/lib\libxil.a(xaxidma_g.o)
 .ARM.attributes
                0x0000000001018237       0x33 C:/Users/Tom/Documents/Projects/Scopy_MVP_Platform/scopy-fpga/main/export/main/sw/main/standalone_domain/bsplib/lib\libxil.a(xgpiops.o)
 .ARM.attributes
                0x000000000101826a       0x33 C:/Users/Tom/Documents/Projects/Scopy_MVP_Platform/scopy-fpga/main/export/main/sw/main/standalone_domain/bsplib/lib\libxil.a(xgpiops_sinit.o)
 .ARM.attributes
                0x000000000101829d       0x33 C:/Users/Tom/Documents/Projects/Scopy_MVP_Platform/scopy-fpga/main/export/main/sw/main/standalone_domain/bsplib/lib\libxil.a(xgpiops_intr.o)
 .ARM.attributes
                0x00000000010182d0       0x3d C:/Users/Tom/Documents/Projects/Scopy_MVP_Platform/scopy-fpga/main/export/main/sw/main/standalone_domain/bsplib/lib\libxil.a(xgpiops_g.o)
 .ARM.attributes
                0x000000000101830d       0x33 C:/Users/Tom/Documents/Projects/Scopy_MVP_Platform/scopy-fpga/main/export/main/sw/main/standalone_domain/bsplib/lib\libxil.a(xscugic_intr.o)
 .ARM.attributes
                0x0000000001018340       0x33 C:/Users/Tom/Documents/Projects/Scopy_MVP_Platform/scopy-fpga/main/export/main/sw/main/standalone_domain/bsplib/lib\libxil.a(xscugic.o)
 .ARM.attributes
                0x0000000001018373       0x33 C:/Users/Tom/Documents/Projects/Scopy_MVP_Platform/scopy-fpga/main/export/main/sw/main/standalone_domain/bsplib/lib\libxil.a(xscugic_sinit.o)
 .ARM.attributes
                0x00000000010183a6       0x33 C:/Users/Tom/Documents/Projects/Scopy_MVP_Platform/scopy-fpga/main/export/main/sw/main/standalone_domain/bsplib/lib\libxil.a(xscutimer.o)
 .ARM.attributes
                0x00000000010183d9       0x33 C:/Users/Tom/Documents/Projects/Scopy_MVP_Platform/scopy-fpga/main/export/main/sw/main/standalone_domain/bsplib/lib\libxil.a(xscutimer_selftest.o)
 .ARM.attributes
                0x000000000101840c       0x33 C:/Users/Tom/Documents/Projects/Scopy_MVP_Platform/scopy-fpga/main/export/main/sw/main/standalone_domain/bsplib/lib\libxil.a(xscutimer_sinit.o)
 .ARM.attributes
                0x000000000101843f       0x3d C:/Users/Tom/Documents/Projects/Scopy_MVP_Platform/scopy-fpga/main/export/main/sw/main/standalone_domain/bsplib/lib\libxil.a(xscutimer_g.o)
 .ARM.attributes
                0x000000000101847c       0x33 C:/Users/Tom/Documents/Projects/Scopy_MVP_Platform/scopy-fpga/main/export/main/sw/main/standalone_domain/bsplib/lib\libxil.a(xil_assert.o)
 .ARM.attributes
                0x00000000010184af       0x33 C:/Users/Tom/Documents/Projects/Scopy_MVP_Platform/scopy-fpga/main/export/main/sw/main/standalone_domain/bsplib/lib\libxil.a(print.o)
 .ARM.attributes
                0x00000000010184e2       0x33 C:/Users/Tom/Documents/Projects/Scopy_MVP_Platform/scopy-fpga/main/export/main/sw/main/standalone_domain/bsplib/lib\libxil.a(xil_cache.o)
 .ARM.attributes
                0x0000000001018515       0x33 C:/Users/Tom/Documents/Projects/Scopy_MVP_Platform/scopy-fpga/main/export/main/sw/main/standalone_domain/bsplib/lib\libxil.a(outbyte.o)
 .ARM.attributes
                0x0000000001018548       0x33 C:/Users/Tom/Documents/Projects/Scopy_MVP_Platform/scopy-fpga/main/export/main/sw/main/standalone_domain/bsplib/lib\libxil.a(xplatform_info.o)
 .ARM.attributes
                0x000000000101857b       0x33 C:/Users/Tom/Documents/Projects/Scopy_MVP_Platform/scopy-fpga/main/export/main/sw/main/standalone_domain/bsplib/lib\libxil.a(xil_printf.o)
 .ARM.attributes
                0x00000000010185ae       0x33 C:/Users/Tom/Documents/Projects/Scopy_MVP_Platform/scopy-fpga/main/export/main/sw/main/standalone_domain/bsplib/lib\libxil.a(xil_exception.o)
 .ARM.attributes
                0x00000000010185e1       0x1f C:/Users/Tom/Documents/Projects/Scopy_MVP_Platform/scopy-fpga/main/export/main/sw/main/standalone_domain/bsplib/lib\libxil.a(asm_vectors.o)
 .ARM.attributes
                0x0000000001018600       0x33 C:/Users/Tom/Documents/Projects/Scopy_MVP_Platform/scopy-fpga/main/export/main/sw/main/standalone_domain/bsplib/lib\libxil.a(xuartps_hw.o)
 .ARM.attributes
                0x0000000001018633       0x3d C:/Users/Tom/Documents/Projects/Scopy_MVP_Platform/scopy-fpga/main/export/main/sw/main/standalone_domain/bsplib/lib\libxil.a(xscugic_g.o)
 .ARM.attributes
                0x0000000001018670       0x33 C:/Users/Tom/Documents/Projects/Scopy_MVP_Platform/scopy-fpga/main/export/main/sw/main/standalone_domain/bsplib/lib\libxil.a(vectors.o)
 .ARM.attributes
                0x00000000010186a3       0x1f C:/Users/Tom/Documents/Projects/Scopy_MVP_Platform/scopy-fpga/main/export/main/sw/main/standalone_domain/bsplib/lib\libxil.a(boot.o)
 .ARM.attributes
                0x00000000010186c2       0x1f C:/Users/Tom/Documents/Projects/Scopy_MVP_Platform/scopy-fpga/main/export/main/sw/main/standalone_domain/bsplib/lib\libxil.a(xil-crt0.o)
 .ARM.attributes
                0x00000000010186e1       0x1f C:/Users/Tom/Documents/Projects/Scopy_MVP_Platform/scopy-fpga/main/export/main/sw/main/standalone_domain/bsplib/lib\libxil.a(translation_table.o)
 .ARM.attributes
                0x0000000001018700       0x1f C:/Users/Tom/Documents/Projects/Scopy_MVP_Platform/scopy-fpga/main/export/main/sw/main/standalone_domain/bsplib/lib\libxil.a(cpu_init.o)
 .ARM.attributes
                0x000000000101871f       0x33 C:/Users/Tom/Documents/Projects/Scopy_MVP_Platform/scopy-fpga/main/export/main/sw/main/standalone_domain/bsplib/lib\libxil.a(xtime_l.o)
 .ARM.attributes
                0x0000000001018752       0x1f g:/xilinx/vitis/2019.2/gnu/aarch32/nt/gcc-arm-none-eabi/bin/../lib/gcc/arm-none-eabi/8.2.0/thumb/v7-a+fp/hard\libgcc.a(_udivsi3.o)
 .ARM.attributes
                0x0000000001018771       0x1f g:/xilinx/vitis/2019.2/gnu/aarch32/nt/gcc-arm-none-eabi/bin/../lib/gcc/arm-none-eabi/8.2.0/thumb/v7-a+fp/hard\libgcc.a(_divsi3.o)
 .ARM.attributes
                0x0000000001018790       0x1f g:/xilinx/vitis/2019.2/gnu/aarch32/nt/gcc-arm-none-eabi/bin/../lib/gcc/arm-none-eabi/8.2.0/thumb/v7-a+fp/hard\libgcc.a(_dvmd_tls.o)
 .ARM.attributes
                0x00000000010187af       0x1f g:/xilinx/vitis/2019.2/gnu/aarch32/nt/gcc-arm-none-eabi/bin/../lib/gcc/arm-none-eabi/8.2.0/thumb/v7-a+fp/hard\libgcc.a(_arm_addsubdf3.o)
 .ARM.attributes
                0x00000000010187ce       0x1f g:/xilinx/vitis/2019.2/gnu/aarch32/nt/gcc-arm-none-eabi/bin/../lib/gcc/arm-none-eabi/8.2.0/thumb/v7-a+fp/hard\libgcc.a(_aeabi_uldivmod.o)
 .ARM.attributes
                0x00000000010187ed       0x33 g:/xilinx/vitis/2019.2/gnu/aarch32/nt/gcc-arm-none-eabi/bin/../lib/gcc/arm-none-eabi/8.2.0/thumb/v7-a+fp/hard\libgcc.a(_fixunssfdi.o)
 .ARM.attributes
                0x0000000001018820       0x33 g:/xilinx/vitis/2019.2/gnu/aarch32/nt/gcc-arm-none-eabi/bin/../lib/gcc/arm-none-eabi/8.2.0/thumb/v7-a+fp/hard\libgcc.a(_fixunsdfdi.o)
 .ARM.attributes
                0x0000000001018853       0x33 g:/xilinx/vitis/2019.2/gnu/aarch32/nt/gcc-arm-none-eabi/bin/../lib/gcc/arm-none-eabi/8.2.0/thumb/v7-a+fp/hard\libgcc.a(_udivmoddi4.o)
 .ARM.attributes
                0x0000000001018886       0x33 g:/xilinx/vitis/2019.2/gnu/aarch32/nt/gcc-arm-none-eabi/bin/../arm-none-eabi/libc/usr/lib/thumb/v7-a+fp/hard\libc.a(lib_a-exit.o)
 .ARM.attributes
                0x00000000010188b9       0x33 g:/xilinx/vitis/2019.2/gnu/aarch32/nt/gcc-arm-none-eabi/bin/../arm-none-eabi/libc/usr/lib/thumb/v7-a+fp/hard\libc.a(lib_a-fini.o)
 .ARM.attributes
                0x00000000010188ec       0x31 g:/xilinx/vitis/2019.2/gnu/aarch32/nt/gcc-arm-none-eabi/bin/../arm-none-eabi/libc/usr/lib/thumb/v7-a+fp/hard\libc.a(lib_a-impure.o)
 .ARM.attributes
                0x000000000101891d       0x33 g:/xilinx/vitis/2019.2/gnu/aarch32/nt/gcc-arm-none-eabi/bin/../arm-none-eabi/libc/usr/lib/thumb/v7-a+fp/hard\libc.a(lib_a-init.o)
 .ARM.attributes
                0x0000000001018950       0x33 g:/xilinx/vitis/2019.2/gnu/aarch32/nt/gcc-arm-none-eabi/bin/../arm-none-eabi/libc/usr/lib/thumb/v7-a+fp/hard\libc.a(lib_a-locale.o)
 .ARM.attributes
                0x0000000001018983       0x33 g:/xilinx/vitis/2019.2/gnu/aarch32/nt/gcc-arm-none-eabi/bin/../arm-none-eabi/libc/usr/lib/thumb/v7-a+fp/hard\libc.a(lib_a-malloc.o)
 .ARM.attributes
                0x00000000010189b6       0x33 g:/xilinx/vitis/2019.2/gnu/aarch32/nt/gcc-arm-none-eabi/bin/../arm-none-eabi/libc/usr/lib/thumb/v7-a+fp/hard\libc.a(lib_a-mallocr.o)
 .ARM.attributes
                0x00000000010189e9       0x33 g:/xilinx/vitis/2019.2/gnu/aarch32/nt/gcc-arm-none-eabi/bin/../arm-none-eabi/libc/usr/lib/thumb/v7-a+fp/hard\libc.a(lib_a-mbtowc_r.o)
 .ARM.attributes
                0x0000000001018a1c       0x1b g:/xilinx/vitis/2019.2/gnu/aarch32/nt/gcc-arm-none-eabi/bin/../arm-none-eabi/libc/usr/lib/thumb/v7-a+fp/hard\libc.a(lib_a-memcpy.o)
 .ARM.attributes
                0x0000000001018a37       0x33 g:/xilinx/vitis/2019.2/gnu/aarch32/nt/gcc-arm-none-eabi/bin/../arm-none-eabi/libc/usr/lib/thumb/v7-a+fp/hard\libc.a(lib_a-memset.o)
 .ARM.attributes
                0x0000000001018a6a       0x33 g:/xilinx/vitis/2019.2/gnu/aarch32/nt/gcc-arm-none-eabi/bin/../arm-none-eabi/libc/usr/lib/thumb/v7-a+fp/hard\libc.a(lib_a-mlock.o)
 .ARM.attributes
                0x0000000001018a9d       0x33 g:/xilinx/vitis/2019.2/gnu/aarch32/nt/gcc-arm-none-eabi/bin/../arm-none-eabi/libc/usr/lib/thumb/v7-a+fp/hard\libc.a(lib_a-sbrkr.o)
 .ARM.attributes
                0x0000000001018ad0       0x33 g:/xilinx/vitis/2019.2/gnu/aarch32/nt/gcc-arm-none-eabi/bin/../arm-none-eabi/libc/usr/lib/thumb/v7-a+fp/hard\libc.a(lib_a-snprintf.o)
 .ARM.attributes
                0x0000000001018b03       0x33 g:/xilinx/vitis/2019.2/gnu/aarch32/nt/gcc-arm-none-eabi/bin/../arm-none-eabi/libc/usr/lib/thumb/v7-a+fp/hard\libc.a(lib_a-strcasecmp.o)
 .ARM.attributes
                0x0000000001018b36       0x33 g:/xilinx/vitis/2019.2/gnu/aarch32/nt/gcc-arm-none-eabi/bin/../arm-none-eabi/libc/usr/lib/thumb/v7-a+fp/hard\libc.a(lib_a-strcat.o)
 .ARM.attributes
                0x0000000001018b69       0x33 g:/xilinx/vitis/2019.2/gnu/aarch32/nt/gcc-arm-none-eabi/bin/../arm-none-eabi/libc/usr/lib/thumb/v7-a+fp/hard\libc.a(lib_a-strchr.o)
 .ARM.attributes
                0x0000000001018b9c       0x1d g:/xilinx/vitis/2019.2/gnu/aarch32/nt/gcc-arm-none-eabi/bin/../arm-none-eabi/libc/usr/lib/thumb/v7-a+fp/hard\libc.a(lib_a-strcmp.o)
 .ARM.attributes
                0x0000000001018bb9       0x33 g:/xilinx/vitis/2019.2/gnu/aarch32/nt/gcc-arm-none-eabi/bin/../arm-none-eabi/libc/usr/lib/thumb/v7-a+fp/hard\libc.a(lib_a-strcpy.o)
 .ARM.attributes
                0x0000000001018bec       0x33 g:/xilinx/vitis/2019.2/gnu/aarch32/nt/gcc-arm-none-eabi/bin/../arm-none-eabi/libc/usr/lib/thumb/v7-a+fp/hard\libc.a(lib_a-strlcpy.o)
 .ARM.attributes
                0x0000000001018c1f       0x19 g:/xilinx/vitis/2019.2/gnu/aarch32/nt/gcc-arm-none-eabi/bin/../arm-none-eabi/libc/usr/lib/thumb/v7-a+fp/hard\libc.a(lib_a-strlen.o)
 .ARM.attributes
                0x0000000001018c38       0x33 g:/xilinx/vitis/2019.2/gnu/aarch32/nt/gcc-arm-none-eabi/bin/../arm-none-eabi/libc/usr/lib/thumb/v7-a+fp/hard\libc.a(lib_a-strncasecmp.o)
 .ARM.attributes
                0x0000000001018c6b       0x33 g:/xilinx/vitis/2019.2/gnu/aarch32/nt/gcc-arm-none-eabi/bin/../arm-none-eabi/libc/usr/lib/thumb/v7-a+fp/hard\libc.a(lib_a-strncmp.o)
 .ARM.attributes
                0x0000000001018c9e       0x33 g:/xilinx/vitis/2019.2/gnu/aarch32/nt/gcc-arm-none-eabi/bin/../arm-none-eabi/libc/usr/lib/thumb/v7-a+fp/hard\libc.a(lib_a-strncpy.o)
 .ARM.attributes
                0x0000000001018cd1       0x33 g:/xilinx/vitis/2019.2/gnu/aarch32/nt/gcc-arm-none-eabi/bin/../arm-none-eabi/libc/usr/lib/thumb/v7-a+fp/hard\libc.a(lib_a-strtol.o)
 .ARM.attributes
                0x0000000001018d04       0x33 g:/xilinx/vitis/2019.2/gnu/aarch32/nt/gcc-arm-none-eabi/bin/../arm-none-eabi/libc/usr/lib/thumb/v7-a+fp/hard\libc.a(lib_a-svfprintf.o)
 .ARM.attributes
                0x0000000001018d37       0x33 g:/xilinx/vitis/2019.2/gnu/aarch32/nt/gcc-arm-none-eabi/bin/../arm-none-eabi/libc/usr/lib/thumb/v7-a+fp/hard\libc.a(lib_a-vsnprintf.o)
 .ARM.attributes
                0x0000000001018d6a       0x33 g:/xilinx/vitis/2019.2/gnu/aarch32/nt/gcc-arm-none-eabi/bin/../arm-none-eabi/libc/usr/lib/thumb/v7-a+fp/hard\libc.a(lib_a-wcrtomb.o)
 .ARM.attributes
                0x0000000001018d9d       0x33 g:/xilinx/vitis/2019.2/gnu/aarch32/nt/gcc-arm-none-eabi/bin/../arm-none-eabi/libc/usr/lib/thumb/v7-a+fp/hard\libc.a(lib_a-wcsrtombs.o)
 .ARM.attributes
                0x0000000001018dd0       0x33 g:/xilinx/vitis/2019.2/gnu/aarch32/nt/gcc-arm-none-eabi/bin/../arm-none-eabi/libc/usr/lib/thumb/v7-a+fp/hard\libc.a(lib_a-wctomb_r.o)
 .ARM.attributes
                0x0000000001018e03       0x33 g:/xilinx/vitis/2019.2/gnu/aarch32/nt/gcc-arm-none-eabi/bin/../arm-none-eabi/libc/usr/lib/thumb/v7-a+fp/hard\libc.a(lib_a-__call_atexit.o)
 .ARM.attributes
                0x0000000001018e36       0x33 g:/xilinx/vitis/2019.2/gnu/aarch32/nt/gcc-arm-none-eabi/bin/../arm-none-eabi/libc/usr/lib/thumb/v7-a+fp/hard\libc.a(lib_a-ctype_.o)
 .ARM.attributes
                0x0000000001018e69       0x33 g:/xilinx/vitis/2019.2/gnu/aarch32/nt/gcc-arm-none-eabi/bin/../arm-none-eabi/libc/usr/lib/thumb/v7-a+fp/hard\libc.a(lib_a-dtoa.o)
 .ARM.attributes
                0x0000000001018e9c       0x33 g:/xilinx/vitis/2019.2/gnu/aarch32/nt/gcc-arm-none-eabi/bin/../arm-none-eabi/libc/usr/lib/thumb/v7-a+fp/hard\libc.a(lib_a-freer.o)
 .ARM.attributes
                0x0000000001018ecf       0x33 g:/xilinx/vitis/2019.2/gnu/aarch32/nt/gcc-arm-none-eabi/bin/../arm-none-eabi/libc/usr/lib/thumb/v7-a+fp/hard\libc.a(lib_a-getenv_r.o)
 .ARM.attributes
                0x0000000001018f02       0x33 g:/xilinx/vitis/2019.2/gnu/aarch32/nt/gcc-arm-none-eabi/bin/../arm-none-eabi/libc/usr/lib/thumb/v7-a+fp/hard\libc.a(lib_a-localeconv.o)
 .ARM.attributes
                0x0000000001018f35       0x1b g:/xilinx/vitis/2019.2/gnu/aarch32/nt/gcc-arm-none-eabi/bin/../arm-none-eabi/libc/usr/lib/thumb/v7-a+fp/hard\libc.a(lib_a-memchr.o)
 .ARM.attributes
                0x0000000001018f50       0x33 g:/xilinx/vitis/2019.2/gnu/aarch32/nt/gcc-arm-none-eabi/bin/../arm-none-eabi/libc/usr/lib/thumb/v7-a+fp/hard\libc.a(lib_a-mprec.o)
 .ARM.attributes
                0x0000000001018f83       0x33 g:/xilinx/vitis/2019.2/gnu/aarch32/nt/gcc-arm-none-eabi/bin/../arm-none-eabi/libc/usr/lib/thumb/v7-a+fp/hard\libc.a(lib_a-reent.o)
 .ARM.attributes
                0x0000000001018fb6       0x33 g:/xilinx/vitis/2019.2/gnu/aarch32/nt/gcc-arm-none-eabi/bin/../arm-none-eabi/libc/usr/lib/thumb/v7-a+fp/hard\libc.a(lib_a-s_frexp.o)
 .ARM.attributes
                0x0000000001018fe9       0x33 g:/xilinx/vitis/2019.2/gnu/aarch32/nt/gcc-arm-none-eabi/bin/../arm-none-eabi/libc/usr/lib/thumb/v7-a+fp/hard\libc.a(lib_a-svfiprintf.o)
 .ARM.attributes
                0x000000000101901c       0x33 g:/xilinx/vitis/2019.2/gnu/aarch32/nt/gcc-arm-none-eabi/bin/../arm-none-eabi/libc/usr/lib/thumb/v7-a+fp/hard\libc.a(lib_a-wcsnrtombs.o)
 .ARM.attributes
                0x000000000101904f       0x33 g:/xilinx/vitis/2019.2/gnu/aarch32/nt/gcc-arm-none-eabi/bin/../arm-none-eabi/libc/usr/lib/thumb/v7-a+fp/hard\libc.a(lib_a-callocr.o)
 .ARM.attributes
                0x0000000001019082       0x31 g:/xilinx/vitis/2019.2/gnu/aarch32/nt/gcc-arm-none-eabi/bin/../arm-none-eabi/libc/usr/lib/thumb/v7-a+fp/hard\libc.a(lib_a-environ.o)
 .ARM.attributes
                0x00000000010190b3       0x33 g:/xilinx/vitis/2019.2/gnu/aarch32/nt/gcc-arm-none-eabi/bin/../arm-none-eabi/libc/usr/lib/thumb/v7-a+fp/hard\libc.a(lib_a-envlock.o)
 .ARM.attributes
                0x00000000010190e6       0x33 g:/xilinx/vitis/2019.2/gnu/aarch32/nt/gcc-arm-none-eabi/bin/../arm-none-eabi/libc/usr/lib/thumb/v7-a+fp/hard\libc.a(lib_a-memmove.o)
 .ARM.attributes
                0x0000000001019119       0x33 g:/xilinx/vitis/2019.2/gnu/aarch32/nt/gcc-arm-none-eabi/bin/../arm-none-eabi/libc/usr/lib/thumb/v7-a+fp/hard\libc.a(lib_a-reallocr.o)
 .ARM.attributes
                0x000000000101914c       0x33 C:/Users/Tom/Documents/Projects/Scopy_MVP_Platform/scopy-fpga/main/export/main/sw/main/standalone_domain/bsplib/lib\libxil.a(_sbrk.o)
 .ARM.attributes
                0x000000000101917f       0x33 C:/Users/Tom/Documents/Projects/Scopy_MVP_Platform/scopy-fpga/main/export/main/sw/main/standalone_domain/bsplib/lib\libxil.a(_exit.o)
 .ARM.attributes
                0x00000000010191b2       0x31 g:/xilinx/vitis/2019.2/gnu/aarch32/nt/gcc-arm-none-eabi/bin/../lib/gcc/arm-none-eabi/8.2.0/thumb/v7-a+fp/hard/crtend.o
 .ARM.attributes
                0x00000000010191e3       0x1f g:/xilinx/vitis/2019.2/gnu/aarch32/nt/gcc-arm-none-eabi/bin/../lib/gcc/arm-none-eabi/8.2.0/thumb/v7-a+fp/hard/crtn.o
                0x0000000001019202                __ARM.attributes_end = .

.sdata          0x0000000001018010        0x0
                0x0000000001018010                __sdata_start = .
 *(.sdata)
 *(.sdata.*)
 *(.gnu.linkonce.s.*)
                0x0000000001018010                __sdata_end = .

.sbss           0x0000000001018010        0x0
                0x0000000001018010                __sbss_start = .
 *(.sbss)
 *(.sbss.*)
 *(.gnu.linkonce.sb.*)
                0x0000000001018010                __sbss_end = .

.tdata          0x0000000001018010        0x0
                0x0000000001018010                __tdata_start = .
 *(.tdata)
 *(.tdata.*)
 *(.gnu.linkonce.td.*)
                0x0000000001018010                __tdata_end = .

.tbss           0x0000000001018010        0x0
                0x0000000001018010                __tbss_start = .
 *(.tbss)
 *(.tbss.*)
 *(.gnu.linkonce.tb.*)
                0x0000000001018010                __tbss_end = .

.bss            0x0000000001018010      0x484
                0x0000000001018010                __bss_start = .
 *(.bss)
 .bss           0x0000000001018010        0x0 g:/xilinx/vitis/2019.2/gnu/aarch32/nt/gcc-arm-none-eabi/bin/../lib/gcc/arm-none-eabi/8.2.0/thumb/v7-a+fp/hard/crti.o
 .bss           0x0000000001018010       0x1c g:/xilinx/vitis/2019.2/gnu/aarch32/nt/gcc-arm-none-eabi/bin/../lib/gcc/arm-none-eabi/8.2.0/thumb/v7-a+fp/hard/crtbegin.o
 .bss           0x000000000101802c        0x0 ./src/acquire.o
 .bss           0x000000000101802c        0x0 ./src/fabric_config.o
 .bss           0x000000000101802c        0x0 ./src/hal.o
 .bss           0x000000000101802c        0x0 ./src/main.o
 .bss           0x000000000101802c        0x0 ./src/platform.o
 .bss           0x000000000101802c        0x0 C:/Users/Tom/Documents/Projects/Scopy_MVP_Platform/scopy-fpga/main/export/main/sw/main/standalone_domain/bsplib/lib\libxil.a(xaxidma.o)
 .bss           0x000000000101802c        0x0 C:/Users/Tom/Documents/Projects/Scopy_MVP_Platform/scopy-fpga/main/export/main/sw/main/standalone_domain/bsplib/lib\libxil.a(xaxidma_sinit.o)
 .bss           0x000000000101802c        0x0 C:/Users/Tom/Documents/Projects/Scopy_MVP_Platform/scopy-fpga/main/export/main/sw/main/standalone_domain/bsplib/lib\libxil.a(xaxidma_bdring.o)
 .bss           0x000000000101802c        0x0 C:/Users/Tom/Documents/Projects/Scopy_MVP_Platform/scopy-fpga/main/export/main/sw/main/standalone_domain/bsplib/lib\libxil.a(xaxidma_g.o)
 .bss           0x000000000101802c        0x0 C:/Users/Tom/Documents/Projects/Scopy_MVP_Platform/scopy-fpga/main/export/main/sw/main/standalone_domain/bsplib/lib\libxil.a(xgpiops.o)
 .bss           0x000000000101802c        0x0 C:/Users/Tom/Documents/Projects/Scopy_MVP_Platform/scopy-fpga/main/export/main/sw/main/standalone_domain/bsplib/lib\libxil.a(xgpiops_sinit.o)
 .bss           0x000000000101802c        0x0 C:/Users/Tom/Documents/Projects/Scopy_MVP_Platform/scopy-fpga/main/export/main/sw/main/standalone_domain/bsplib/lib\libxil.a(xgpiops_intr.o)
 .bss           0x000000000101802c        0x0 C:/Users/Tom/Documents/Projects/Scopy_MVP_Platform/scopy-fpga/main/export/main/sw/main/standalone_domain/bsplib/lib\libxil.a(xgpiops_g.o)
 .bss           0x000000000101802c        0x0 C:/Users/Tom/Documents/Projects/Scopy_MVP_Platform/scopy-fpga/main/export/main/sw/main/standalone_domain/bsplib/lib\libxil.a(xscugic_intr.o)
 .bss           0x000000000101802c        0x4 C:/Users/Tom/Documents/Projects/Scopy_MVP_Platform/scopy-fpga/main/export/main/sw/main/standalone_domain/bsplib/lib\libxil.a(xscugic.o)
 .bss           0x0000000001018030        0x0 C:/Users/Tom/Documents/Projects/Scopy_MVP_Platform/scopy-fpga/main/export/main/sw/main/standalone_domain/bsplib/lib\libxil.a(xscugic_sinit.o)
 .bss           0x0000000001018030        0x0 C:/Users/Tom/Documents/Projects/Scopy_MVP_Platform/scopy-fpga/main/export/main/sw/main/standalone_domain/bsplib/lib\libxil.a(xscutimer.o)
 .bss           0x0000000001018030        0x0 C:/Users/Tom/Documents/Projects/Scopy_MVP_Platform/scopy-fpga/main/export/main/sw/main/standalone_domain/bsplib/lib\libxil.a(xscutimer_selftest.o)
 .bss           0x0000000001018030        0x0 C:/Users/Tom/Documents/Projects/Scopy_MVP_Platform/scopy-fpga/main/export/main/sw/main/standalone_domain/bsplib/lib\libxil.a(xscutimer_sinit.o)
 .bss           0x0000000001018030        0x0 C:/Users/Tom/Documents/Projects/Scopy_MVP_Platform/scopy-fpga/main/export/main/sw/main/standalone_domain/bsplib/lib\libxil.a(xscutimer_g.o)
 .bss           0x0000000001018030        0x4 C:/Users/Tom/Documents/Projects/Scopy_MVP_Platform/scopy-fpga/main/export/main/sw/main/standalone_domain/bsplib/lib\libxil.a(xil_assert.o)
 .bss           0x0000000001018034        0x0 C:/Users/Tom/Documents/Projects/Scopy_MVP_Platform/scopy-fpga/main/export/main/sw/main/standalone_domain/bsplib/lib\libxil.a(print.o)
 .bss           0x0000000001018034        0x0 C:/Users/Tom/Documents/Projects/Scopy_MVP_Platform/scopy-fpga/main/export/main/sw/main/standalone_domain/bsplib/lib\libxil.a(xil_cache.o)
 .bss           0x0000000001018034        0x0 C:/Users/Tom/Documents/Projects/Scopy_MVP_Platform/scopy-fpga/main/export/main/sw/main/standalone_domain/bsplib/lib\libxil.a(outbyte.o)
 .bss           0x0000000001018034        0x0 C:/Users/Tom/Documents/Projects/Scopy_MVP_Platform/scopy-fpga/main/export/main/sw/main/standalone_domain/bsplib/lib\libxil.a(xplatform_info.o)
 .bss           0x0000000001018034        0x0 C:/Users/Tom/Documents/Projects/Scopy_MVP_Platform/scopy-fpga/main/export/main/sw/main/standalone_domain/bsplib/lib\libxil.a(xil_printf.o)
 .bss           0x0000000001018034        0x0 C:/Users/Tom/Documents/Projects/Scopy_MVP_Platform/scopy-fpga/main/export/main/sw/main/standalone_domain/bsplib/lib\libxil.a(xil_exception.o)