Archive member included to satisfy reference by file (symbol)

C:/Users/Tom/Documents/Projects/Scopy_MVP_Platform/scopy-fpga/main/export/main/sw/main/standalone_domain/bsplib/lib\libxil.a(xaxidma.o)
                              ./src/acquire.o (XAxiDma_Reset)
C:/Users/Tom/Documents/Projects/Scopy_MVP_Platform/scopy-fpga/main/export/main/sw/main/standalone_domain/bsplib/lib\libxil.a(xaxidma_sinit.o)
                              ./src/acquire.o (XAxiDma_LookupConfig)
C:/Users/Tom/Documents/Projects/Scopy_MVP_Platform/scopy-fpga/main/export/main/sw/main/standalone_domain/bsplib/lib\libxil.a(xaxidma_bdring.o)
                              C:/Users/Tom/Documents/Projects/Scopy_MVP_Platform/scopy-fpga/main/export/main/sw/main/standalone_domain/bsplib/lib\libxil.a(xaxidma.o) (XAxiDma_BdRingStart)
C:/Users/Tom/Documents/Projects/Scopy_MVP_Platform/scopy-fpga/main/export/main/sw/main/standalone_domain/bsplib/lib\libxil.a(xaxidma_g.o)
                              C:/Users/Tom/Documents/Projects/Scopy_MVP_Platform/scopy-fpga/main/export/main/sw/main/standalone_domain/bsplib/lib\libxil.a(xaxidma_sinit.o) (XAxiDma_ConfigTable)
C:/Users/Tom/Documents/Projects/Scopy_MVP_Platform/scopy-fpga/main/export/main/sw/main/standalone_domain/bsplib/lib\libxil.a(xclk_wiz.o)
                              ./src/clkwiz_interface.o (XClk_Wiz_CfgInitialize)
C:/Users/Tom/Documents/Projects/Scopy_MVP_Platform/scopy-fpga/main/export/main/sw/main/standalone_domain/bsplib/lib\libxil.a(xclk_wiz_sinit.o)
                              ./src/clkwiz_interface.o (XClk_Wiz_LookupConfig)
C:/Users/Tom/Documents/Projects/Scopy_MVP_Platform/scopy-fpga/main/export/main/sw/main/standalone_domain/bsplib/lib\libxil.a(xgpiops.o)
                              ./src/hal.o (XGpioPs_CfgInitialize)
C:/Users/Tom/Documents/Projects/Scopy_MVP_Platform/scopy-fpga/main/export/main/sw/main/standalone_domain/bsplib/lib\libxil.a(xgpiops_sinit.o)
                              ./src/hal.o (XGpioPs_LookupConfig)
C:/Users/Tom/Documents/Projects/Scopy_MVP_Platform/scopy-fpga/main/export/main/sw/main/standalone_domain/bsplib/lib\libxil.a(xgpiops_intr.o)
                              C:/Users/Tom/Documents/Projects/Scopy_MVP_Platform/scopy-fpga/main/export/main/sw/main/standalone_domain/bsplib/lib\libxil.a(xgpiops.o) (StubHandler)
C:/Users/Tom/Documents/Projects/Scopy_MVP_Platform/scopy-fpga/main/export/main/sw/main/standalone_domain/bsplib/lib\libxil.a(xgpiops_g.o)
                              C:/Users/Tom/Documents/Projects/Scopy_MVP_Platform/scopy-fpga/main/export/main/sw/main/standalone_domain/bsplib/lib\libxil.a(xgpiops_sinit.o) (XGpioPs_ConfigTable)
C:/Users/Tom/Documents/Projects/Scopy_MVP_Platform/scopy-fpga/main/export/main/sw/main/standalone_domain/bsplib/lib\libxil.a(xscugic_intr.o)
                              ./src/hal.o (XScuGic_InterruptHandler)
C:/Users/Tom/Documents/Projects/Scopy_MVP_Platform/scopy-fpga/main/export/main/sw/main/standalone_domain/bsplib/lib\libxil.a(xscugic.o)
                              ./src/acquire.o (XScuGic_Connect)
C:/Users/Tom/Documents/Projects/Scopy_MVP_Platform/scopy-fpga/main/export/main/sw/main/standalone_domain/bsplib/lib\libxil.a(xscugic_sinit.o)
                              ./src/hal.o (XScuGic_LookupConfig)
C:/Users/Tom/Documents/Projects/Scopy_MVP_Platform/scopy-fpga/main/export/main/sw/main/standalone_domain/bsplib/lib\libxil.a(xscutimer.o)
                              ./src/hal.o (XScuTimer_CfgInitialize)
C:/Users/Tom/Documents/Projects/Scopy_MVP_Platform/scopy-fpga/main/export/main/sw/main/standalone_domain/bsplib/lib\libxil.a(xscutimer_selftest.o)
                              ./src/hal.o (XScuTimer_SelfTest)
C:/Users/Tom/Documents/Projects/Scopy_MVP_Platform/scopy-fpga/main/export/main/sw/main/standalone_domain/bsplib/lib\libxil.a(xscutimer_sinit.o)
                              ./src/hal.o (XScuTimer_LookupConfig)
C:/Users/Tom/Documents/Projects/Scopy_MVP_Platform/scopy-fpga/main/export/main/sw/main/standalone_domain/bsplib/lib\libxil.a(xscutimer_g.o)
                              C:/Users/Tom/Documents/Projects/Scopy_MVP_Platform/scopy-fpga/main/export/main/sw/main/standalone_domain/bsplib/lib\libxil.a(xscutimer_sinit.o) (XScuTimer_ConfigTable)
C:/Users/Tom/Documents/Projects/Scopy_MVP_Platform/scopy-fpga/main/export/main/sw/main/standalone_domain/bsplib/lib\libxil.a(xil_assert.o)
                              C:/Users/Tom/Documents/Projects/Scopy_MVP_Platform/scopy-fpga/main/export/main/sw/main/standalone_domain/bsplib/lib\libxil.a(xclk_wiz.o) (Xil_Assert)
C:/Users/Tom/Documents/Projects/Scopy_MVP_Platform/scopy-fpga/main/export/main/sw/main/standalone_domain/bsplib/lib\libxil.a(print.o)
                              ./src/hal.o (print)
C:/Users/Tom/Documents/Projects/Scopy_MVP_Platform/scopy-fpga/main/export/main/sw/main/standalone_domain/bsplib/lib\libxil.a(xil_cache.o)
                              ./src/acq_hacks.o (Xil_DCacheInvalidateRange)
[...]
Memory Configuration

Name             Origin             Length             Attributes
ps7_ram_0        0x0000000001000000 0x000000000fffffff
ocm2             0x00000000ffff0000 0x000000000000fe00
ocm1             0x0000000000000000 0x0000000000030000
*default*        0x0000000000000000 0xffffffffffffffff

Linker script and memory map

LOAD g:/xilinx/vitis/2019.2/gnu/aarch32/nt/gcc-arm-none-eabi/bin/../lib/gcc/arm-none-eabi/8.2.0/thumb/v7-a+fp/hard/crti.o
LOAD g:/xilinx/vitis/2019.2/gnu/aarch32/nt/gcc-arm-none-eabi/bin/../lib/gcc/arm-none-eabi/8.2.0/thumb/v7-a+fp/hard/crtbegin.o
                0x0000000000010000                _STACK_SIZE = DEFINED (_STACK_SIZE)?_STACK_SIZE:0x10000
                0x000000000c000000                _HEAP_SIZE = DEFINED (_HEAP_SIZE)?_HEAP_SIZE:0xc000000
                0x0000000000000400                _ABORT_STACK_SIZE = DEFINED (_ABORT_STACK_SIZE)?_ABORT_STACK_SIZE:0x400
                0x0000000000000800                _SUPERVISOR_STACK_SIZE = DEFINED (_SUPERVISOR_STACK_SIZE)?_SUPERVISOR_STACK_SIZE:0x800
                0x0000000000000400                _IRQ_STACK_SIZE = DEFINED (_IRQ_STACK_SIZE)?_IRQ_STACK_SIZE:0x400
                0x0000000000000400                _FIQ_STACK_SIZE = DEFINED (_FIQ_STACK_SIZE)?_FIQ_STACK_SIZE:0x400
                0x0000000000000400                _UNDEF_STACK_SIZE = DEFINED (_UNDEF_STACK_SIZE)?_UNDEF_STACK_SIZE:0x400

.text           0x0000000001000000    0x15bf0
 *(.vectors)
 .vectors       0x0000000001000000      0x12c C:/Users/Tom/Documents/Projects/Scopy_MVP_Platform/scopy-fpga/main/export/main/sw/main/standalone_domain/bsplib/lib\libxil.a(asm_vectors.o)
                0x0000000001000000                _vector_table
 *(.boot)
 .boot          0x000000000100012c      0x3b0 C:/Users/Tom/Documents/Projects/Scopy_MVP_Platform/scopy-fpga/main/export/main/sw/main/standalone_domain/bsplib/lib\libxil.a(boot.o)
                0x000000000100012c                _prestart
                0x000000000100012c                _boot
 *(.text)
 .text          0x00000000010004dc        0x0 g:/xilinx/vitis/2019.2/gnu/aarch32/nt/gcc-arm-none-eabi/bin/../lib/gcc/arm-none-eabi/8.2.0/thumb/v7-a+fp/hard/crti.o
 .text          0x00000000010004dc       0xa8 g:/xilinx/vitis/2019.2/gnu/aarch32/nt/gcc-arm-none-eabi/bin/../lib/gcc/arm-none-eabi/8.2.0/thumb/v7-a+fp/hard/crtbegin.o
 .text          0x0000000001000584      0x1a0 ./src/acq_hacks.o
                0x0000000001000584                acq_hacks_init
                0x0000000001000588                acq_hacks_run
 *fill*         0x0000000001000724        0x4 
 .text          0x0000000001000728     0x1f98 ./src/acquire.o
                0x0000000001000728                _acq_irq_error_dma
                0x0000000001000764                _acq_reset_PL_fifo
                0x00000000010007ec                _acq_reset_trigger
                0x0000000001000860                _acq_wait_for_ndone
                0x0000000001000880                acq_init
                0x00000000010009c0                acq_get_next_alloc
                0x0000000001000a78                acq_append_next_alloc
                0x0000000001000bb0                acq_free_all_alloc
                0x0000000001000bfc                acq_prepare_triggered
                0x0000000001000fec                acq_start
                0x00000000010011bc                _acq_irq_rx_handler
                0x0000000001001a6c                acq_is_done
                0x0000000001001a88                acq_force_stop
                0x0000000001001afc                acq_debug_dump
                0x0000000001002134                acq_debug_dump_waveraw
                0x00000000010021d4                acq_get_ll_pointer
                0x000000000100223c                acq_debug_dump_wave
                0x0000000001002514                acq_copy_slow_mipi
 .text          0x00000000010026c0      0x6d0 ./src/clkwiz_interface.o
                0x00000000010026c0                clkwiz_init
                0x0000000001002794                clkwiz_change_mipi_freq
                0x0000000001002a84                clkwiz_dump_state
                0x0000000001002cfc                clkwiz_commit
 .text          0x0000000001002d90        0x0 ./src/demo_norway.o
 .text          0x0000000001002d90      0x398 ./src/fabric_config.o
                0x0000000001002d90                fabcfg_init
 .text          0x0000000001003128      0xe30 ./src/hal.o
                0x0000000001003128                irq_xscutimer
                0x00000000010033e8                d_xilinx_assert
                0x0000000001003400                bogo_calibrate
                0x00000000010035a8                bogo_delay
                0x000000000100360c                gpio_led_write
                0x0000000001003640                d_printf
                0x0000000001003818                hal_init
                0x0000000001003ce8                d_waitkey
                0x0000000001003cf4                d_iskeypress
                0x0000000001003d14                d_read_global_timer
                0x0000000001003d3c                d_start_timing
                0x0000000001003dac                d_stop_timing
                0x0000000001003e2c                d_read_timing
                0x0000000001003e50                d_read_timing_us
                0x0000000001003ec8                d_dump_timing
                0x0000000001003f48                d_dump_timing_ex
 .text          0x0000000001003f58        0x0 ./src/main.o
 .text          0x0000000001003f58      0x2e8 ./src/mipi_csi_hacks.o
                0x0000000001003f58                csi_hack_init
                0x00000000010040b0                csi_hack_start_frame
                0x0000000001004148                csi_hack_stop_frame
                0x00000000010041a4                csi_hack_send_line_data
 .text          0x0000000001004240       0x14 ./src/platform.o
                0x0000000001004240                enable_caches
                0x0000000001004244                disable_caches
                0x0000000001004248                init_uart
                0x000000000100424c                init_platform
                0x0000000001004250                cleanup_platform
 .text          0x0000000001004254      0x91c C:/Users/Tom/Documents/Projects/Scopy_MVP_Platform/scopy-fpga/main/export/main/sw/main/standalone_domain/bsplib/lib\libxil.a(xaxidma.o)
                0x0000000001004254                XAxiDma_Reset
                0x0000000001004368                XAxiDma_ResetIsDone
                0x00000000010043b4                XAxiDma_CfgInitialize
                0x00000000010045f0                XAxiDma_Pause
                0x00000000010046a0                XAxiDma_Resume
                0x0000000001004958                XAxiDma_Busy
                0x0000000001004974                XAxiDma_SelectKeyHole
                0x000000000100499c                XAxiDma_SelectCyclicMode
                0x00000000010049c4                XAxiDma_SimpleTransfer
 .text          0x0000000001004b70       0x60 C:/Users/Tom/Documents/Projects/Scopy_MVP_Platform/scopy-fpga/main/export/main/sw/main/standalone_domain/bsplib/lib\libxil.a(xaxidma_sinit.o)
                0x0000000001004b70                XAxiDma_LookupConfig
                0x0000000001004ba0                XAxiDma_LookupConfigBaseAddr
 .text          0x0000000001004bd0      0xfd4 C:/Users/Tom/Documents/Projects/Scopy_MVP_Platform/scopy-fpga/main/export/main/sw/main/standalone_domain/bsplib/lib\libxil.a(xaxidma_bdring.o)
                0x0000000001004bd0                XAxiDma_UpdateBdRingCDesc
                0x0000000001004d54                XAxiDma_BdRingCreate
                0x0000000001004f6c                XAxiDma_BdRingClone
                0x00000000010050a4                XAxiDma_StartBdRingHw
                0x00000000010051d0                XAxiDma_BdRingStart
                0x0000000001005224                XAxiDma_BdRingSetCoalesce
                0x0000000001005298                XAxiDma_BdRingGetCoalesce
                0x00000000010052b4                XAxiDma_BdRingAlloc
                0x0000000001005354                XAxiDma_BdRingUnAlloc
                0x000000000100542c                XAxiDma_BdRingToHw
                0x00000000010056cc                XAxiDma_BdRingFromHw
                0x0000000001005820                XAxiDma_BdRingFree
                0x00000000010058d4                XAxiDma_BdRingCheck
                0x0000000001005aec                XAxiDma_BdRingDumpRegs
 .text          0x0000000001005ba4        0x0 C:/Users/Tom/Documents/Projects/Scopy_MVP_Platform/scopy-fpga/main/export/main/sw/main/standalone_domain/bsplib/lib\libxil.a(xaxidma_g.o)
 .text          0x0000000001005ba4      0x150 C:/Users/Tom/Documents/Projects/Scopy_MVP_Platform/scopy-fpga/main/export/main/sw/main/standalone_domain/bsplib/lib\libxil.a(xclk_wiz.o)
                0x0000000001005bcc                XClk_Wiz_CfgInitialize
                0x0000000001005c94                XClk_Wiz_GetInterruptSettings
 .text          0x0000000001005cf4       0x1c C:/Users/Tom/Documents/Projects/Scopy_MVP_Platform/scopy-fpga/main/export/main/sw/main/standalone_domain/bsplib/lib\libxil.a(xclk_wiz_sinit.o)
                0x0000000001005cf4                XClk_Wiz_LookupConfig
 .text          0x0000000001005d10      0xcd8 C:/Users/Tom/Documents/Projects/Scopy_MVP_Platform/scopy-fpga/main/export/main/sw/main/standalone_domain/bsplib/lib\libxil.a(xgpiops.o)
                0x0000000001005d10                XGpioPs_CfgInitialize
                0x0000000001005e8c                XGpioPs_Read
                0x0000000001005f40                XGpioPs_Write
                0x0000000001005fe8                XGpioPs_SetDirection
                0x0000000001006094                XGpioPs_GetDirection
                0x000000000100614c                XGpioPs_SetOutputEnable
                0x00000000010061f8                XGpioPs_GetOutputEnable
                0x00000000010062b0                XGpioPs_GetBankPin
                0x00000000010063ec                XGpioPs_ReadPin
                0x00000000010064d0                XGpioPs_WritePin
                0x00000000010065d0                XGpioPs_SetDirectionPin
                0x00000000010066f4                XGpioPs_GetDirectionPin
                0x00000000010067dc                XGpioPs_SetOutputEnablePin
                0x0000000001006900                XGpioPs_GetOutputEnablePin
 .text          0x00000000010069e8       0x1c C:/Users/Tom/Documents/Projects/Scopy_MVP_Platform/scopy-fpga/main/export/main/sw/main/standalone_domain/bsplib/lib\libxil.a(xgpiops_sinit.o)
                0x00000000010069e8                XGpioPs_LookupConfig
 .text          0x0000000001006a04      0xdd4 C:/Users/Tom/Documents/Projects/Scopy_MVP_Platform/scopy-fpga/main/export/main/sw/main/standalone_domain/bsplib/lib\libxil.a(xgpiops_intr.o)
                0x0000000001006a04                XGpioPs_IntrEnable
                0x0000000001006ab0                XGpioPs_IntrEnablePin
                0x0000000001006b8c                XGpioPs_IntrDisable
                0x0000000001006c38                XGpioPs_IntrDisablePin
                0x0000000001006d14                XGpioPs_IntrGetEnabled
                0x0000000001006dd0                XGpioPs_IntrGetEnabledPin
                0x0000000001006eb8                XGpioPs_IntrGetStatus
                0x0000000001006f70                XGpioPs_IntrGetStatusPin
                0x0000000001007058                XGpioPs_IntrClear
                0x0000000001007104                XGpioPs_IntrClearPin
                0x00000000010071e4                XGpioPs_SetIntrType
                0x00000000010072ac                XGpioPs_GetIntrType
                0x0000000001007380                XGpioPs_SetIntrTypePin
                0x0000000001007520                XGpioPs_GetIntrTypePin
                0x000000000100762c                XGpioPs_SetCallbackHandler
                0x00000000010076cc                XGpioPs_IntrHandler
                0x00000000010077b0                StubHandler
 .text          0x00000000010077d8        0x0 C:/Users/Tom/Documents/Projects/Scopy_MVP_Platform/scopy-fpga/main/export/main/sw/main/standalone_domain/bsplib/lib\libxil.a(xgpiops_g.o)
 .text          0x00000000010077d8       0x78 C:/Users/Tom/Documents/Projects/Scopy_MVP_Platform/scopy-fpga/main/export/main/sw/main/standalone_domain/bsplib/lib\libxil.a(xscugic_intr.o)
                0x00000000010077d8                XScuGic_InterruptHandler
 .text          0x0000000001007850      0xaf4 C:/Users/Tom/Documents/Projects/Scopy_MVP_Platform/scopy-fpga/main/export/main/sw/main/standalone_domain/bsplib/lib\libxil.a(xscugic.o)
                0x00000000010078a0                XScuGic_Connect
                0x0000000001007974                XScuGic_Disconnect
                0x0000000001007a40                XScuGic_SoftwareIntr
                0x0000000001007b24                XScuGic_SetPriorityTriggerType
                0x0000000001007c5c                XScuGic_GetPriorityTriggerType
                0x0000000001007d88                XScuGic_InterruptMaptoCpu
                0x0000000001007dfc                XScuGic_Enable
                0x0000000001007ed0                XScuGic_InterruptUnmapFromCpu
                0x0000000001007f44                XScuGic_Disable
                0x0000000001008018                XScuGic_UnmapAllInterruptsFromCpu
                0x0000000001008094                XScuGic_Stop
                0x0000000001008170                XScuGic_CfgInitialize
                0x00000000010082e4                XScuGic_SetCpuID
                0x0000000001008334                XScuGic_GetCpuID
 .text          0x0000000001008344       0x1c C:/Users/Tom/Documents/Projects/Scopy_MVP_Platform/scopy-fpga/main/export/main/sw/main/standalone_domain/bsplib/lib\libxil.a(xscugic_sinit.o)
                0x0000000001008344                XScuGic_LookupConfig
 .text          0x0000000001008360      0x2d8 C:/Users/Tom/Documents/Projects/Scopy_MVP_Platform/scopy-fpga/main/export/main/sw/main/standalone_domain/bsplib/lib\libxil.a(xscutimer.o)
                0x0000000001008360                XScuTimer_CfgInitialize
                0x0000000001008410                XScuTimer_Start
                0x00000000010084a0                XScuTimer_Stop
                0x0000000001008528                XScuTimer_SetPrescaler
                0x00000000010085b0                XScuTimer_GetPrescaler
 .text          0x0000000001008638       0xbc C:/Users/Tom/Documents/Projects/Scopy_MVP_Platform/scopy-fpga/main/export/main/sw/main/standalone_domain/bsplib/lib\libxil.a(xscutimer_selftest.o)
                0x0000000001008638                XScuTimer_SelfTest
 .text          0x00000000010086f4       0x1c C:/Users/Tom/Documents/Projects/Scopy_MVP_Platform/scopy-fpga/main/export/main/sw/main/standalone_domain/bsplib/lib\libxil.a(xscutimer_sinit.o)
                0x00000000010086f4                XScuTimer_LookupConfig
 .text          0x0000000001008710        0x0 C:/Users/Tom/Documents/Projects/Scopy_MVP_Platform/scopy-fpga/main/export/main/sw/main/standalone_domain/bsplib/lib\libxil.a(xscutimer_g.o)
 .text          0x0000000001008710       0x70 C:/Users/Tom/Documents/Projects/Scopy_MVP_Platform/scopy-fpga/main/export/main/sw/main/standalone_domain/bsplib/lib\libxil.a(xil_assert.o)
                0x0000000001008710                Xil_Assert
                0x000000000100876c                Xil_AssertSetCallback
                0x000000000100877c                XNullHandler
 .text          0x0000000001008780       0x28 C:/Users/Tom/Documents/Projects/Scopy_MVP_Platform/scopy-fpga/main/export/main/sw/main/standalone_domain/bsplib/lib\libxil.a(print.o)
                0x0000000001008780                print
 .text          0x00000000010087a8      0x96c C:/Users/Tom/Documents/Projects/Scopy_MVP_Platform/scopy-fpga/main/export/main/sw/main/standalone_domain/bsplib/lib\libxil.a(xil_cache.o)
                0x00000000010087a8                Xil_DCacheInvalidateLine
                0x00000000010087e0                Xil_DCacheInvalidateRange
                0x00000000010088c8                Xil_DCacheFlushLine
                0x0000000001008914                Xil_DCacheFlushRange
                0x0000000001008968                Xil_DCacheStoreLine
                0x00000000010089a0                Xil_ICacheInvalidateLine
                0x00000000010089d8                Xil_ICacheInvalidateRange
                0x0000000001008a30                Xil_L1DCacheInvalidate
                0x0000000001008ae4                Xil_L1DCacheEnable
                0x0000000001008b04                Xil_L1DCacheInvalidateLine
                0x0000000001008b1c                Xil_L1DCacheInvalidateRange
                0x0000000001008b64                Xil_L1DCacheFlush
                0x0000000001008bf0                Xil_L1DCacheDisable
                0x0000000001008c08                Xil_DCacheFlush
                0x0000000001008c64                Xil_L1DCacheFlushLine
                0x0000000001008c7c                Xil_L1DCacheFlushRange
                0x0000000001008cc4                Xil_L1DCacheStoreLine
                0x0000000001008cdc                Xil_L1ICacheEnable
                0x0000000001008cf8                Xil_L1ICacheDisable
                0x0000000001008d14                Xil_L1ICacheInvalidate
                0x0000000001008d2c                Xil_L1ICacheInvalidateLine
                0x0000000001008d44                Xil_L1ICacheInvalidateRange
                0x0000000001008d8c                Xil_L2CacheDisable
                0x0000000001008e00                Xil_DCacheDisable
                0x0000000001008e1c                Xil_ICacheDisable
                0x0000000001008e40                Xil_L2CacheInvalidate
                0x0000000001008eac                Xil_DCacheInvalidate
                0x0000000001008ecc                Xil_ICacheInvalidate
                0x0000000001008f54                Xil_L2CacheEnable
                0x0000000001008f6c                Xil_DCacheEnable
                0x0000000001008f90                Xil_ICacheEnable
                0x0000000001008fc0                Xil_L2CacheInvalidateLine
                0x0000000001008fd4                Xil_L2CacheInvalidateRange
                0x000000000100903c                Xil_L2CacheFlush
                0x0000000001009080                Xil_L2CacheFlushLine
                0x0000000001009098                Xil_L2CacheFlushRange
                0x0000000001009100                Xil_L2CacheStoreLine
 .text          0x0000000001009114       0x10 C:/Users/Tom/Documents/Projects/Scopy_MVP_Platform/scopy-fpga/main/export/main/sw/main/standalone_domain/bsplib/lib\libxil.a(outbyte.o)
                0x0000000001009114                outbyte
 .text          0x0000000001009124        0x8 C:/Users/Tom/Documents/Projects/Scopy_MVP_Platform/scopy-fpga/main/export/main/sw/main/standalone_domain/bsplib/lib\libxil.a(xplatform_info.o)
                0x0000000001009124                XGetPlatform_Info
 .text          0x000000000100912c      0x6c0 C:/Users/Tom/Documents/Projects/Scopy_MVP_Platform/scopy-fpga/main/export/main/sw/main/standalone_domain/bsplib/lib\libxil.a(xil_printf.o)
                0x0000000001009360                xil_printf
 .text          0x00000000010097ec       0xe4 C:/Users/Tom/Documents/Projects/Scopy_MVP_Platform/scopy-fpga/main/export/main/sw/main/standalone_domain/bsplib/lib\libxil.a(xil_exception.o)
                0x00000000010097f0                Xil_DataAbortHandler
                0x0000000001009820                Xil_PrefetchAbortHandler
                0x0000000001009850                Xil_UndefinedExceptionHandler
                0x0000000001009870                Xil_ExceptionInit
                0x0000000001009874                Xil_ExceptionRegisterHandler
                0x000000000100988c                Xil_GetExceptionRegisterHandler
                0x00000000010098ac                Xil_ExceptionRemoveHandler
 .text          0x00000000010098d0        0x0 C:/Users/Tom/Documents/Projects/Scopy_MVP_Platform/scopy-fpga/main/export/main/sw/main/standalone_domain/bsplib/lib\libxil.a(asm_vectors.o)
 .text          0x00000000010098d0       0x88 C:/Users/Tom/Documents/Projects/Scopy_MVP_Platform/scopy-fpga/main/export/main/sw/main/standalone_domain/bsplib/lib\libxil.a(xuartps_hw.o)
                0x00000000010098d0                XUartPs_SendByte
                0x00000000010098e8                XUartPs_RecvByte
                0x0000000001009904                XUartPs_ResetHw
 .text          0x0000000001009958        0x0 C:/Users/Tom/Documents/Projects/Scopy_MVP_Platform/scopy-fpga/main/export/main/sw/main/standalone_domain/bsplib/lib\libxil.a(xclk_wiz_g.o)
 .text          0x0000000001009958        0x0 C:/Users/Tom/Documents/Projects/Scopy_MVP_Platform/scopy-fpga/main/export/main/sw/main/standalone_domain/bsplib/lib\libxil.a(xscugic_g.o)
 .text          0x0000000001009958       0x78 C:/Users/Tom/Documents/Projects/Scopy_MVP_Platform/scopy-fpga/main/export/main/sw/main/standalone_domain/bsplib/lib\libxil.a(vectors.o)
                0x0000000001009958                FIQInterrupt
                0x000000000100996c                IRQInterrupt
                0x0000000001009980                UndefinedException
                0x0000000001009994                SWInterrupt
                0x00000000010099a8                DataAbortInterrupt
                0x00000000010099bc                PrefetchAbortInterrupt
 .text          0x00000000010099d0        0x0 C:/Users/Tom/Documents/Projects/Scopy_MVP_Platform/scopy-fpga/main/export/main/sw/main/standalone_domain/bsplib/lib\libxil.a(boot.o)
 .text          0x00000000010099d0       0x78 C:/Users/Tom/Documents/Projects/Scopy_MVP_Platform/scopy-fpga/main/export/main/sw/main/standalone_domain/bsplib/lib\libxil.a(xil-crt0.o)
                0x00000000010099e4                _start
 .text          0x0000000001009a48        0x0 C:/Users/Tom/Documents/Projects/Scopy_MVP_Platform/scopy-fpga/main/export/main/sw/main/standalone_domain/bsplib/lib\libxil.a(translation_table.o)
 .text          0x0000000001009a48       0x3c C:/Users/Tom/Documents/Projects/Scopy_MVP_Platform/scopy-fpga/main/export/main/sw/main/standalone_domain/bsplib/lib\libxil.a(cpu_init.o)
                0x0000000001009a48                __cpu_init
 .text          0x0000000001009a84       0x4c C:/Users/Tom/Documents/Projects/Scopy_MVP_Platform/scopy-fpga/main/export/main/sw/main/standalone_domain/bsplib/lib\libxil.a(xtime_l.o)
                0x0000000001009a84                XTime_SetTime
                0x0000000001009aa8                XTime_GetTime
 .text          0x0000000001009ad0      0x278 g:/xilinx/vitis/2019.2/gnu/aarch32/nt/gcc-arm-none-eabi/bin/../lib/gcc/arm-none-eabi/8.2.0/thumb/v7-a+fp/hard\libgcc.a(_udivsi3.o)
                0x0000000001009ad0                __aeabi_uidiv
                0x0000000001009ad0                __udivsi3
                0x0000000001009d2c                __aeabi_uidivmod
 .text          0x0000000001009d48      0x2b0 g:/xilinx/vitis/2019.2/gnu/aarch32/nt/gcc-arm-none-eabi/bin/../lib/gcc/arm-none-eabi/8.2.0/thumb/v7-a+fp/hard\libgcc.a(_divsi3.o)
                0x0000000001009d48                __divsi3
                0x0000000001009d48                __aeabi_idiv
                0x0000000001009fdc                __aeabi_idivmod
 .text          0x0000000001009ff8        0x4 g:/xilinx/vitis/2019.2/gnu/aarch32/nt/gcc-arm-none-eabi/bin/../lib/gcc/arm-none-eabi/8.2.0/thumb/v7-a+fp/hard\libgcc.a(_dvmd_tls.o)
                0x0000000001009ff8                __aeabi_idiv0
                0x0000000001009ff8                __aeabi_ldiv0
 .text          0x0000000001009ffc      0x378 g:/xilinx/vitis/2019.2/gnu/aarch32/nt/gcc-arm-none-eabi/bin/../lib/gcc/arm-none-eabi/8.2.0/thumb/v7-a+fp/hard\libgcc.a(_arm_addsubdf3.o)
                0x0000000001009ffc                __aeabi_drsub
                0x000000000100a004                __aeabi_dsub
                0x000000000100a004                __subdf3
                0x000000000100a008                __aeabi_dadd
                0x000000000100a008                __adddf3
                0x000000000100a280                __floatunsidf
                0x000000000100a280                __aeabi_ui2d
                0x000000000100a2a0                __floatsidf
                0x000000000100a2a0                __aeabi_i2d
                0x000000000100a2c4                __aeabi_f2d
                0x000000000100a2c4                __extendsfdf2
                0x000000000100a308                __floatundidf
                0x000000000100a308                __aeabi_ul2d
                0x000000000100a318                __floatdidf
                0x000000000100a318                __aeabi_l2d
 .text          0x000000000100a374      0x21c g:/xilinx/vitis/2019.2/gnu/aarch32/nt/gcc-arm-none-eabi/bin/../lib/gcc/arm-none-eabi/8.2.0/thumb/v7-a+fp/hard\libgcc.a(_arm_addsubsf3.o)
                0x000000000100a374                __aeabi_frsub
                0x000000000100a37c                __subsf3
                0x000000000100a37c                __aeabi_fsub
                0x000000000100a380                __aeabi_fadd
                0x000000000100a380                __addsf3
                0x000000000100a4e0                __aeabi_ui2f
                0x000000000100a4e0                __floatunsisf
                0x000000000100a4e8                __aeabi_i2f
                0x000000000100a4e8                __floatsisf
                0x000000000100a504                __aeabi_ul2f
                0x000000000100a504                __floatundisf
                0x000000000100a514                __aeabi_l2f
                0x000000000100a514                __floatdisf
 .text          0x000000000100a590       0x30 g:/xilinx/vitis/2019.2/gnu/aarch32/nt/gcc-arm-none-eabi/bin/../lib/gcc/arm-none-eabi/8.2.0/thumb/v7-a+fp/hard\libgcc.a(_aeabi_uldivmod.o)
                0x000000000100a590                __aeabi_uldivmod
 .text          0x000000000100a5c0       0x40 g:/xilinx/vitis/2019.2/gnu/aarch32/nt/gcc-arm-none-eabi/bin/../lib/gcc/arm-none-eabi/8.2.0/thumb/v7-a+fp/hard\libgcc.a(_fixunssfdi.o)
                0x000000000100a5c0                __fixunssfdi
                0x000000000100a5c0                __aeabi_f2ulz
 .text          0x000000000100a600       0x40 g:/xilinx/vitis/2019.2/gnu/aarch32/nt/gcc-arm-none-eabi/bin/../lib/gcc/arm-none-eabi/8.2.0/thumb/v7-a+fp/hard\libgcc.a(_fixunsdfdi.o)
                0x000000000100a600                __fixunsdfdi
                0x000000000100a600                __aeabi_d2ulz
 .text          0x000000000100a640      0x118 g:/xilinx/vitis/2019.2/gnu/aarch32/nt/gcc-arm-none-eabi/bin/../lib/gcc/arm-none-eabi/8.2.0/thumb/v7-a+fp/hard\libgcc.a(_udivmoddi4.o)
                0x000000000100a640                __udivmoddi4
 .text          0x000000000100a758       0x20 g:/xilinx/vitis/2019.2/gnu/aarch32/nt/gcc-arm-none-eabi/bin/../arm-none-eabi/libc/usr/lib/thumb/v7-a+fp/hard\libc.a(lib_a-exit.o)
                0x000000000100a758                exit
 .text          0x000000000100a778       0x30 g:/xilinx/vitis/2019.2/gnu/aarch32/nt/gcc-arm-none-eabi/bin/../arm-none-eabi/libc/usr/lib/thumb/v7-a+fp/hard\libc.a(lib_a-fini.o)
                0x000000000100a778                __libc_fini_array
 .text          0x000000000100a7a8        0x0 g:/xilinx/vitis/2019.2/gnu/aarch32/nt/gcc-arm-none-eabi/bin/../arm-none-eabi/libc/usr/lib/thumb/v7-a+fp/hard\libc.a(lib_a-impure.o)
 .text          0x000000000100a7a8       0x50 g:/xilinx/vitis/2019.2/gnu/aarch32/nt/gcc-arm-none-eabi/bin/../arm-none-eabi/libc/usr/lib/thumb/v7-a+fp/hard\libc.a(lib_a-init.o)
                0x000000000100a7a8                __libc_init_array
 .text          0x000000000100a7f8      0x9e0 g:/xilinx/vitis/2019.2/gnu/aarch32/nt/gcc-arm-none-eabi/bin/../arm-none-eabi/libc/usr/lib/thumb/v7-a+fp/hard\libc.a(lib_a-locale.o)
                0x000000000100a864                __loadlocale
                0x000000000100aee4                __get_locale_env
                0x000000000100af38                _setlocale_r
                0x000000000100b17c                __locale_mb_cur_max
                0x000000000100b19c                __locale_ctype_ptr_l
                0x000000000100b1a4                __locale_ctype_ptr
                0x000000000100b1c4                setlocale
 .text          0x000000000100b1d8       0x14 g:/xilinx/vitis/2019.2/gnu/aarch32/nt/gcc-arm-none-eabi/bin/../arm-none-eabi/libc/usr/lib/thumb/v7-a+fp/hard\libc.a(lib_a-malign.o)
                0x000000000100b1d8                memalign
 .text          0x000000000100b1ec       0xf4 g:/xilinx/vitis/2019.2/gnu/aarch32/nt/gcc-arm-none-eabi/bin/../arm-none-eabi/libc/usr/lib/thumb/v7-a+fp/hard\libc.a(lib_a-malignr.o)
                0x000000000100b1ec                _memalign_r
 .text          0x000000000100b2e0       0x20 g:/xilinx/vitis/2019.2/gnu/aarch32/nt/gcc-arm-none-eabi/bin/../arm-none-eabi/libc/usr/lib/thumb/v7-a+fp/hard\libc.a(lib_a-malloc.o)
                0x000000000100b2e0                malloc
                0x000000000100b2f0                free
 .text          0x000000000100b300      0x564 g:/xilinx/vitis/2019.2/gnu/aarch32/nt/gcc-arm-none-eabi/bin/../arm-none-eabi/libc/usr/lib/thumb/v7-a+fp/hard\libc.a(lib_a-mallocr.o)
                0x000000000100b300                _malloc_r
 .text          0x000000000100b864      0x4b8 g:/xilinx/vitis/2019.2/gnu/aarch32/nt/gcc-arm-none-eabi/bin/../arm-none-eabi/libc/usr/lib/thumb/v7-a+fp/hard\libc.a(lib_a-mbtowc_r.o)
                0x000000000100b864                _mbtowc_r
                0x000000000100b88c                __ascii_mbtowc
                0x000000000100b8b0                __utf8_mbtowc
                0x000000000100bab8                __sjis_mbtowc
                0x000000000100bb3c                __eucjp_mbtowc
                0x000000000100bbf4                __jis_mbtowc
 *fill*         0x000000000100bd1c       0x24 
 .text          0x000000000100bd40      0x5e0 g:/xilinx/vitis/2019.2/gnu/aarch32/nt/gcc-arm-none-eabi/bin/../arm-none-eabi/libc/usr/lib/thumb/v7-a+fp/hard\libc.a(lib_a-memcpy.o)
                0x000000000100bd40                memcpy
 .text          0x000000000100c320       0xa0 g:/xilinx/vitis/2019.2/gnu/aarch32/nt/gcc-arm-none-eabi/bin/../arm-none-eabi/libc/usr/lib/thumb/v7-a+fp/hard\libc.a(lib_a-memset.o)
                0x000000000100c320                memset
 .text          0x000000000100c3c0        0x8 g:/xilinx/vitis/2019.2/gnu/aarch32/nt/gcc-arm-none-eabi/bin/../arm-none-eabi/libc/usr/lib/thumb/v7-a+fp/hard\libc.a(lib_a-mlock.o)
                0x000000000100c3c0                __malloc_lock
                0x000000000100c3c4                __malloc_unlock
 .text          0x000000000100c3c8       0x4c g:/xilinx/vitis/2019.2/gnu/aarch32/nt/gcc-arm-none-eabi/bin/../arm-none-eabi/libc/usr/lib/thumb/v7-a+fp/hard\libc.a(lib_a-printf.o)
                0x000000000100c3c8                _printf_r
                0x000000000100c3e8                printf
 .text          0x000000000100c414       0x78 g:/xilinx/vitis/2019.2/gnu/aarch32/nt/gcc-arm-none-eabi/bin/../arm-none-eabi/libc/usr/lib/thumb/v7-a+fp/hard\libc.a(lib_a-puts.o)
                0x000000000100c414                _puts_r
                0x000000000100c47c                puts
 .text          0x000000000100c48c       0x28 g:/xilinx/vitis/2019.2/gnu/aarch32/nt/gcc-arm-none-eabi/bin/../arm-none-eabi/libc/usr/lib/thumb/v7-a+fp/hard\libc.a(lib_a-sbrkr.o)
                0x000000000100c48c                _sbrk_r
 .text          0x000000000100c4b4      0x114 g:/xilinx/vitis/2019.2/gnu/aarch32/nt/gcc-arm-none-eabi/bin/../arm-none-eabi/libc/usr/lib/thumb/v7-a+fp/hard\libc.a(lib_a-snprintf.o)
                0x000000000100c4b4                _snprintf_r
                0x000000000100c538                snprintf
 .text          0x000000000100c5c8       0x44 g:/xilinx/vitis/2019.2/gnu/aarch32/nt/gcc-arm-none-eabi/bin/../arm-none-eabi/libc/usr/lib/thumb/v7-a+fp/hard\libc.a(lib_a-strcasecmp.o)
                0x000000000100c5c8                strcasecmp
 .text          0x000000000100c60c       0x40 g:/xilinx/vitis/2019.2/gnu/aarch32/nt/gcc-arm-none-eabi/bin/../arm-none-eabi/libc/usr/lib/thumb/v7-a+fp/hard\libc.a(lib_a-strcat.o)
                0x000000000100c60c                strcat
 .text          0x000000000100c64c       0xe4 g:/xilinx/vitis/2019.2/gnu/aarch32/nt/gcc-arm-none-eabi/bin/../arm-none-eabi/libc/usr/lib/thumb/v7-a+fp/hard\libc.a(lib_a-strchr.o)
                0x000000000100c64c                strchr
 *fill*         0x000000000100c730       0x10 
 .text          0x000000000100c740      0x2dc g:/xilinx/vitis/2019.2/gnu/aarch32/nt/gcc-arm-none-eabi/bin/../arm-none-eabi/libc/usr/lib/thumb/v7-a+fp/hard\libc.a(lib_a-strcmp.o)
                0x000000000100c748                strcmp
 .text          0x000000000100ca1c       0xc4 g:/xilinx/vitis/2019.2/gnu/aarch32/nt/gcc-arm-none-eabi/bin/../arm-none-eabi/libc/usr/lib/thumb/v7-a+fp/hard\libc.a(lib_a-strcpy.o)
                0x000000000100ca1c                strcpy
 .text          0x000000000100cae0       0x58 g:/xilinx/vitis/2019.2/gnu/aarch32/nt/gcc-arm-none-eabi/bin/../arm-none-eabi/libc/usr/lib/thumb/v7-a+fp/hard\libc.a(lib_a-strlcpy.o)
                0x000000000100cae0                strlcpy
 *fill*         0x000000000100cb38        0x8 
 .text          0x000000000100cb40       0xdc g:/xilinx/vitis/2019.2/gnu/aarch32/nt/gcc-arm-none-eabi/bin/../arm-none-eabi/libc/usr/lib/thumb/v7-a+fp/hard\libc.a(lib_a-strlen.o)
                0x000000000100cb40                strlen
 .text          0x000000000100cc1c       0x5c g:/xilinx/vitis/2019.2/gnu/aarch32/nt/gcc-arm-none-eabi/bin/../arm-none-eabi/libc/usr/lib/thumb/v7-a+fp/hard\libc.a(lib_a-strncasecmp.o)
                0x000000000100cc1c                strncasecmp
 .text          0x000000000100cc78       0xa4 g:/xilinx/vitis/2019.2/gnu/aarch32/nt/gcc-arm-none-eabi/bin/../arm-none-eabi/libc/usr/lib/thumb/v7-a+fp/hard\libc.a(lib_a-strncmp.o)
                0x000000000100cc78                strncmp
 .text          0x000000000100cd1c       0x80 g:/xilinx/vitis/2019.2/gnu/aarch32/nt/gcc-arm-none-eabi/bin/../arm-none-eabi/libc/usr/lib/thumb/v7-a+fp/hard\libc.a(lib_a-strncpy.o)
                0x000000000100cd1c                strncpy
 .text          0x000000000100cd9c      0x198 g:/xilinx/vitis/2019.2/gnu/aarch32/nt/gcc-arm-none-eabi/bin/../arm-none-eabi/libc/usr/lib/thumb/v7-a+fp/hard\libc.a(lib_a-strtol.o)
                0x000000000100cebc                _strtol_r
                0x000000000100cee4                strtol_l
                0x000000000100cf04                strtol
 *fill*         0x000000000100cf34        0x4 
 .text          0x000000000100cf38     0x1b4c g:/xilinx/vitis/2019.2/gnu/aarch32/nt/gcc-arm-none-eabi/bin/../arm-none-eabi/libc/usr/lib/thumb/v7-a+fp/hard\libc.a(lib_a-svfprintf.o)
                0x000000000100cf38                _svfprintf_r
 *fill*         0x000000000100ea84        0x4 
 .text          0x000000000100ea88     0x1c28 g:/xilinx/vitis/2019.2/gnu/aarch32/nt/gcc-arm-none-eabi/bin/../arm-none-eabi/libc/usr/lib/thumb/v7-a+fp/hard\libc.a(lib_a-vfprintf.o)
                0x000000000100ea88                _vfprintf_r
                0x0000000001010628                vfprintf
 .text          0x00000000010106b0       0x8c g:/xilinx/vitis/2019.2/gnu/aarch32/nt/gcc-arm-none-eabi/bin/../arm-none-eabi/libc/usr/lib/thumb/v7-a+fp/hard\libc.a(lib_a-vsnprintf.o)
                0x00000000010106b0                _vsnprintf_r
                0x000000000101071c                vsnprintf
 .text          0x000000000101073c       0xac g:/xilinx/vitis/2019.2/gnu/aarch32/nt/gcc-arm-none-eabi/bin/../arm-none-eabi/libc/usr/lib/thumb/v7-a+fp/hard\libc.a(lib_a-wcrtomb.o)
                0x000000000101073c                _wcrtomb_r
                0x0000000001010790                wcrtomb
 .text          0x00000000010107e8       0x3c g:/xilinx/vitis/2019.2/gnu/aarch32/nt/gcc-arm-none-eabi/bin/../arm-none-eabi/libc/usr/lib/thumb/v7-a+fp/hard\libc.a(lib_a-wcsrtombs.o)
                0x00000000010107e8                _wcsrtombs_r
                0x0000000001010800                wcsrtombs
 .text          0x0000000001010824      0x22c g:/xilinx/vitis/2019.2/gnu/aarch32/nt/gcc-arm-none-eabi/bin/../arm-none-eabi/libc/usr/lib/thumb/v7-a+fp/hard\libc.a(lib_a-wctomb_r.o)
                0x0000000001010824                _wctomb_r
                0x000000000101084c                __ascii_wctomb
                0x0000000001010864                __utf8_wctomb
                0x0000000001010908                __sjis_wctomb
                0x000000000101095c                __eucjp_wctomb
                0x00000000010109cc                __jis_wctomb
 .text          0x0000000001010a50       0xc8 g:/xilinx/vitis/2019.2/gnu/aarch32/nt/gcc-arm-none-eabi/bin/../arm-none-eabi/libc/usr/lib/thumb/v7-a+fp/hard\libc.a(lib_a-wsetup.o)
                0x0000000001010a50                __swsetup_r
 .text          0x0000000001010b18       0xdc g:/xilinx/vitis/2019.2/gnu/aarch32/nt/gcc-arm-none-eabi/bin/../arm-none-eabi/libc/usr/lib/thumb/v7-a+fp/hard\libc.a(lib_a-__call_atexit.o)
                0x0000000001010b18                __call_exitprocs
 .text          0x0000000001010bf4       0x10 g:/xilinx/vitis/2019.2/gnu/aarch32/nt/gcc-arm-none-eabi/bin/../arm-none-eabi/libc/usr/lib/thumb/v7-a+fp/hard\libc.a(lib_a-ctype_.o)
                0x0000000001010bf4                __set_ctype
 *fill*         0x0000000001010c04        0x4 
 .text          0x0000000001010c08      0xe54 g:/xilinx/vitis/2019.2/gnu/aarch32/nt/gcc-arm-none-eabi/bin/../arm-none-eabi/libc/usr/lib/thumb/v7-a+fp/hard\libc.a(lib_a-dtoa.o)
                0x0000000001010d50                _dtoa_r
 .text          0x0000000001011a5c      0x1a8 g:/xilinx/vitis/2019.2/gnu/aarch32/nt/gcc-arm-none-eabi/bin/../arm-none-eabi/libc/usr/lib/thumb/v7-a+fp/hard\libc.a(lib_a-fflush.o)
                0x0000000001011a5c                __sflush_r
                0x0000000001011ba8                _fflush_r
                0x0000000001011bdc                fflush
 .text          0x0000000001011c04      0x210 g:/xilinx/vitis/2019.2/gnu/aarch32/nt/gcc-arm-none-eabi/bin/../arm-none-eabi/libc/usr/lib/thumb/v7-a+fp/hard\libc.a(lib_a-findfp.o)
                0x0000000001011c08                _cleanup_r
                0x0000000001011cfc                __sfmoreglue
                0x0000000001011d2c                __sfp
                0x0000000001011db4                _cleanup
                0x0000000001011dcc                __sinit
                0x0000000001011dd4                __sfp_lock_acquire
                0x0000000001011dd8                __sfp_lock_release
                0x0000000001011ddc                __sinit_lock_acquire
                0x0000000001011de0                __sinit_lock_release
                0x0000000001011de4                __fp_lock_all
                0x0000000001011dfc                __fp_unlock_all
 .text          0x0000000001011e14      0x29c g:/xilinx/vitis/2019.2/gnu/aarch32/nt/gcc-arm-none-eabi/bin/../arm-none-eabi/libc/usr/lib/thumb/v7-a+fp/hard\libc.a(lib_a-freer.o)
                0x0000000001011e14                _malloc_trim_r
                0x0000000001011ec0                _free_r
 .text          0x00000000010120b0      0x32c g:/xilinx/vitis/2019.2/gnu/aarch32/nt/gcc-arm-none-eabi/bin/../arm-none-eabi/libc/usr/lib/thumb/v7-a+fp/hard\libc.a(lib_a-fvwrite.o)
                0x00000000010120b0                __sfvwrite_r
 .text          0x00000000010123dc       0x98 g:/xilinx/vitis/2019.2/gnu/aarch32/nt/gcc-arm-none-eabi/bin/../arm-none-eabi/libc/usr/lib/thumb/v7-a+fp/hard\libc.a(lib_a-fwalk.o)
                0x00000000010123dc                _fwalk
                0x0000000001012424                _fwalk_reent
 .text          0x0000000001012474       0x98 g:/xilinx/vitis/2019.2/gnu/aarch32/nt/gcc-arm-none-eabi/bin/../arm-none-eabi/libc/usr/lib/thumb/v7-a+fp/hard\libc.a(lib_a-getenv_r.o)
                0x0000000001012474                _findenv_r
                0x00000000010124fc                _getenv_r
 .text          0x000000000101250c       0x44 g:/xilinx/vitis/2019.2/gnu/aarch32/nt/gcc-arm-none-eabi/bin/../arm-none-eabi/libc/usr/lib/thumb/v7-a+fp/hard\libc.a(lib_a-localeconv.o)
                0x000000000101250c                __localeconv_l
                0x0000000001012510                _localeconv_r
                0x0000000001012530                localeconv
 .text          0x0000000001012550       0xf8 g:/xilinx/vitis/2019.2/gnu/aarch32/nt/gcc-arm-none-eabi/bin/../arm-none-eabi/libc/usr/lib/thumb/v7-a+fp/hard\libc.a(lib_a-makebuf.o)
                0x0000000001012550                __swhatbuf_r
                0x00000000010125ac                __smakebuf_r
 *fill*         0x0000000001012648        0x8 
 .text          0x0000000001012650       0xa0 g:/xilinx/vitis/2019.2/gnu/aarch32/nt/gcc-arm-none-eabi/bin/../arm-none-eabi/libc/usr/lib/thumb/v7-a+fp/hard\libc.a(lib_a-memchr.o)
                0x0000000001012650                memchr
 .text          0x00000000010126f0       0xd0 g:/xilinx/vitis/2019.2/gnu/aarch32/nt/gcc-arm-none-eabi/bin/../arm-none-eabi/libc/usr/lib/thumb/v7-a+fp/hard\libc.a(lib_a-memmove.o)
                0x00000000010126f0                memmove
 .text          0x00000000010127c0      0x8fc g:/xilinx/vitis/2019.2/gnu/aarch32/nt/gcc-arm-none-eabi/bin/../arm-none-eabi/libc/usr/lib/thumb/v7-a+fp/hard\libc.a(lib_a-mprec.o)
                0x00000000010127c0                _Balloc
                0x000000000101280c                _Bfree
                0x0000000001012820                __multadd
                0x00000000010128b0                __s2b
                0x0000000001012948                __hi0bits
                0x0000000001012988                __lo0bits
                0x00000000010129e4                __i2b
                0x00000000010129f8                __multiply
                0x0000000001012b38                __pow5mult
                0x0000000001012bdc                __lshift
                0x0000000001012c98                __mcmp
                0x0000000001012cd4                __mdiff
                0x0000000001012ddc                __ulp
                0x0000000001012e2c                __b2d
                0x0000000001012edc                __d2b
                0x0000000001012f90                __ratio
                0x0000000001012ff0                _mprec_log10
                0x0000000001013018                __copybits
                0x0000000001013060                __any_on
 .text          0x00000000010130bc      0x374 g:/xilinx/vitis/2019.2/gnu/aarch32/nt/gcc-arm-none-eabi/bin/../arm-none-eabi/libc/usr/lib/thumb/v7-a+fp/hard\libc.a(lib_a-reallocr.o)
                0x00000000010130bc                _realloc_r
 .text          0x0000000001013430       0xa4 g:/xilinx/vitis/2019.2/gnu/aarch32/nt/gcc-arm-none-eabi/bin/../arm-none-eabi/libc/usr/lib/thumb/v7-a+fp/hard\libc.a(lib_a-reent.o)
                0x0000000001013430                cleanup_glue
                0x000000000101344c                _reclaim_reent
 *fill*         0x00000000010134d4        0x4 
 .text          0x00000000010134d8       0x80 g:/xilinx/vitis/2019.2/gnu/aarch32/nt/gcc-arm-none-eabi/bin/../arm-none-eabi/libc/usr/lib/thumb/v7-a+fp/hard\libc.a(lib_a-s_frexp.o)
                0x00000000010134d8                frexp
 .text          0x0000000001013558       0x90 g:/xilinx/vitis/2019.2/gnu/aarch32/nt/gcc-arm-none-eabi/bin/../arm-none-eabi/libc/usr/lib/thumb/v7-a+fp/hard\libc.a(lib_a-stdio.o)
                0x0000000001013558                __sread
                0x000000000101357c                __seofread
                0x0000000001013580                __swrite
                0x00000000010135c0                __sseek
                0x00000000010135e0                __sclose
 .text          0x00000000010135e8      0xe90 g:/xilinx/vitis/2019.2/gnu/aarch32/nt/gcc-arm-none-eabi/bin/../arm-none-eabi/libc/usr/lib/thumb/v7-a+fp/hard\libc.a(lib_a-svfiprintf.o)
                0x00000000010135e8                __ssprint_r
                0x00000000010136e0                _svfiprintf_r
 .text          0x0000000001014478     0x108c g:/xilinx/vitis/2019.2/gnu/aarch32/nt/gcc-arm-none-eabi/bin/../arm-none-eabi/libc/usr/lib/thumb/v7-a+fp/hard\libc.a(lib_a-vfiprintf.o)
                0x00000000010144ec                __sprint_r
                0x0000000001014500                _vfiprintf_r
                0x000000000101547c                vfiprintf
 .text          0x0000000001015504      0x15c g:/xilinx/vitis/2019.2/gnu/aarch32/nt/gcc-arm-none-eabi/bin/../arm-none-eabi/libc/usr/lib/thumb/v7-a+fp/hard\libc.a(lib_a-wcsnrtombs.o)
                0x0000000001015504                _wcsnrtombs_l
                0x00000000010155f8                _wcsnrtombs_r
                0x0000000001015628                wcsnrtombs
 .text          0x0000000001015660       0x2c g:/xilinx/vitis/2019.2/gnu/aarch32/nt/gcc-arm-none-eabi/bin/../arm-none-eabi/libc/usr/lib/thumb/v7-a+fp/hard\libc.a(lib_a-writer.o)
                0x0000000001015660                _write_r
 .text          0x000000000101568c       0x64 g:/xilinx/vitis/2019.2/gnu/aarch32/nt/gcc-arm-none-eabi/bin/../arm-none-eabi/libc/usr/lib/thumb/v7-a+fp/hard\libc.a(lib_a-callocr.o)
                0x000000000101568c                _calloc_r
 .text          0x00000000010156f0       0x28 g:/xilinx/vitis/2019.2/gnu/aarch32/nt/gcc-arm-none-eabi/bin/../arm-none-eabi/libc/usr/lib/thumb/v7-a+fp/hard\libc.a(lib_a-closer.o)
                0x00000000010156f0                _close_r
 .text          0x0000000001015718        0x0 g:/xilinx/vitis/2019.2/gnu/aarch32/nt/gcc-arm-none-eabi/bin/../arm-none-eabi/libc/usr/lib/thumb/v7-a+fp/hard\libc.a(lib_a-environ.o)
 .text          0x0000000001015718        0x8 g:/xilinx/vitis/2019.2/gnu/aarch32/nt/gcc-arm-none-eabi/bin/../arm-none-eabi/libc/usr/lib/thumb/v7-a+fp/hard\libc.a(lib_a-envlock.o)
                0x0000000001015718                __env_lock
                0x000000000101571c                __env_unlock
 .text          0x0000000001015720       0x98 g:/xilinx/vitis/2019.2/gnu/aarch32/nt/gcc-arm-none-eabi/bin/../arm-none-eabi/libc/usr/lib/thumb/v7-a+fp/hard\libc.a(lib_a-fclose.o)
                0x0000000001015720                _fclose_r
                0x00000000010157a8                fclose
 .text          0x00000000010157b8      0x11c g:/xilinx/vitis/2019.2/gnu/aarch32/nt/gcc-arm-none-eabi/bin/../arm-none-eabi/libc/usr/lib/thumb/v7-a+fp/hard\libc.a(lib_a-fputwc.o)
                0x00000000010157b8                __fputwc
                0x0000000001015868                _fputwc_r
                0x0000000001015890                fputwc
 .text          0x00000000010158d4       0x2c g:/xilinx/vitis/2019.2/gnu/aarch32/nt/gcc-arm-none-eabi/bin/../arm-none-eabi/libc/usr/lib/thumb/v7-a+fp/hard\libc.a(lib_a-fstatr.o)
                0x00000000010158d4                _fstat_r
 .text          0x0000000001015900       0x28 g:/xilinx/vitis/2019.2/gnu/aarch32/nt/gcc-arm-none-eabi/bin/../arm-none-eabi/libc/usr/lib/thumb/v7-a+fp/hard\libc.a(lib_a-isattyr.o)
                0x0000000001015900                _isatty_r
 .text          0x0000000001015928       0x2c g:/xilinx/vitis/2019.2/gnu/aarch32/nt/gcc-arm-none-eabi/bin/../arm-none-eabi/libc/usr/lib/thumb/v7-a+fp/hard\libc.a(lib_a-lseekr.o)
                0x0000000001015928                _lseek_r
 .text          0x0000000001015954       0x2c g:/xilinx/vitis/2019.2/gnu/aarch32/nt/gcc-arm-none-eabi/bin/../arm-none-eabi/libc/usr/lib/thumb/v7-a+fp/hard\libc.a(lib_a-readr.o)
                0x0000000001015954                _read_r
 .text          0x0000000001015980       0xc4 g:/xilinx/vitis/2019.2/gnu/aarch32/nt/gcc-arm-none-eabi/bin/../arm-none-eabi/libc/usr/lib/thumb/v7-a+fp/hard\libc.a(lib_a-wbuf.o)
                0x0000000001015980                __swbuf_r
                0x0000000001015a30                __swbuf
 .text          0x0000000001015a44       0x40 C:/Users/Tom/Documents/Projects/Scopy_MVP_Platform/scopy-fpga/main/export/main/sw/main/standalone_domain/bsplib/lib\libxil.a(_sbrk.o)
                0x0000000001015a44                _sbrk
 .text          0x0000000001015a84       0x30 C:/Users/Tom/Documents/Projects/Scopy_MVP_Platform/scopy-fpga/main/export/main/sw/main/standalone_domain/bsplib/lib\libxil.a(lseek.o)
                0x0000000001015a84                lseek
                0x0000000001015a9c                _lseek
 .text          0x0000000001015ab4       0x70 C:/Users/Tom/Documents/Projects/Scopy_MVP_Platform/scopy-fpga/main/export/main/sw/main/standalone_domain/bsplib/lib\libxil.a(write.o)
                0x0000000001015ab4                write
                0x0000000001015b20                _write
 .text          0x0000000001015b24       0x60 C:/Users/Tom/Documents/Projects/Scopy_MVP_Platform/scopy-fpga/main/export/main/sw/main/standalone_domain/bsplib/lib\libxil.a(read.o)
                0x0000000001015b24                read
                0x0000000001015b80                _read
 .text          0x0000000001015b84       0x10 C:/Users/Tom/Documents/Projects/Scopy_MVP_Platform/scopy-fpga/main/export/main/sw/main/standalone_domain/bsplib/lib\libxil.a(fstat.o)
                0x0000000001015b84                _fstat
 .text          0x0000000001015b94       0x10 C:/Users/Tom/Documents/Projects/Scopy_MVP_Platform/scopy-fpga/main/export/main/sw/main/standalone_domain/bsplib/lib\libxil.a(errno.o)
                0x0000000001015b94                __errno
 .text          0x0000000001015ba4        0x4 C:/Users/Tom/Documents/Projects/Scopy_MVP_Platform/scopy-fpga/main/export/main/sw/main/standalone_domain/bsplib/lib\libxil.a(_exit.o)
                0x0000000001015ba4                _exit
 .text          0x0000000001015ba8       0x10 C:/Users/Tom/Documents/Projects/Scopy_MVP_Platform/scopy-fpga/main/export/main/sw/main/standalone_domain/bsplib/lib\libxil.a(isatty.o)
                0x0000000001015ba8                isatty
                0x0000000001015bb0                _isatty
 .text          0x0000000001015bb8        0xc C:/Users/Tom/Documents/Projects/Scopy_MVP_Platform/scopy-fpga/main/export/main/sw/main/standalone_domain/bsplib/lib\libxil.a(inbyte.o)
                0x0000000001015bb8                inbyte
 .text          0x0000000001015bc4        0x8 C:/Users/Tom/Documents/Projects/Scopy_MVP_Platform/scopy-fpga/main/export/main/sw/main/standalone_domain/bsplib/lib\libxil.a(close.o)
                0x0000000001015bc4                _close
 .text          0x0000000001015bcc        0x0 g:/xilinx/vitis/2019.2/gnu/aarch32/nt/gcc-arm-none-eabi/bin/../lib/gcc/arm-none-eabi/8.2.0/thumb/v7-a+fp/hard/crtend.o
 .text          0x0000000001015bcc        0x0 g:/xilinx/vitis/2019.2/gnu/aarch32/nt/gcc-arm-none-eabi/bin/../lib/gcc/arm-none-eabi/8.2.0/thumb/v7-a+fp/hard/crtn.o
 *(.text.*)
 .text.startup  0x0000000001015bcc       0x24 ./src/main.o
                0x0000000001015bcc                main
 *(.gnu.linkonce.t.*)
 *(.plt)
 *(.gnu_warning)
 *(.gcc_execpt_table)
 *(.glue_7)
 .glue_7        0x0000000001015bf0        0x0 linker stubs
 *(.glue_7t)
 .glue_7t       0x0000000001015bf0        0x0 linker stubs
 *(.vfp11_veneer)
 .vfp11_veneer  0x0000000001015bf0        0x0 linker stubs
 *(.ARM.extab)
 .ARM.extab     0x0000000001015bf0        0x0 g:/xilinx/vitis/2019.2/gnu/aarch32/nt/gcc-arm-none-eabi/bin/../lib/gcc/arm-none-eabi/8.2.0/thumb/v7-a+fp/hard\libgcc.a(_udivmoddi4.o)
 *(.gnu.linkonce.armextab.*)

.v4_bx          0x0000000001015bf0        0x0
 .v4_bx         0x0000000001015bf0        0x0 linker stubs

.iplt           0x0000000001015bf0        0x0
 .iplt          0x0000000001015bf0        0x0 g:/xilinx/vitis/2019.2/gnu/aarch32/nt/gcc-arm-none-eabi/bin/../lib/gcc/arm-none-eabi/8.2.0/thumb/v7-a+fp/hard/crtbegin.o

.force_ocm
 *(.force_ocm)

.init           0x0000000001015bf0        0xc
 *(.init)
 .init          0x0000000001015bf0        0x4 g:/xilinx/vitis/2019.2/gnu/aarch32/nt/gcc-arm-none-eabi/bin/../lib/gcc/arm-none-eabi/8.2.0/thumb/v7-a+fp/hard/crti.o
                0x0000000001015bf0                _init
 .init          0x0000000001015bf4        0x8 g:/xilinx/vitis/2019.2/gnu/aarch32/nt/gcc-arm-none-eabi/bin/../lib/gcc/arm-none-eabi/8.2.0/thumb/v7-a+fp/hard/crtn.o

.fini           0x0000000001015bfc        0xc
 *(.fini)
 .fini          0x0000000001015bfc        0x4 g:/xilinx/vitis/2019.2/gnu/aarch32/nt/gcc-arm-none-eabi/bin/../lib/gcc/arm-none-eabi/8.2.0/thumb/v7-a+fp/hard/crti.o
                0x0000000001015bfc                _fini
 .fini          0x0000000001015c00        0x8 g:/xilinx/vitis/2019.2/gnu/aarch32/nt/gcc-arm-none-eabi/bin/../lib/gcc/arm-none-eabi/8.2.0/thumb/v7-a+fp/hard/crtn.o

.rodata         0x0000000001015c08    0x42c74
                0x0000000001015c08                __rodata_start = .
 *(.rodata)
 .rodata        0x0000000001015c08    0x40000 ./src/demo_norway.o
                0x0000000001015c08                norway_512x512_grey
 .rodata        0x0000000001055c08       0x18 ./src/fabric_config.o
                0x0000000001055c08                fabcfg_dummy_tests
 .rodata        0x0000000001055c20        0x4 g:/xilinx/vitis/2019.2/gnu/aarch32/nt/gcc-arm-none-eabi/bin/../arm-none-eabi/libc/usr/lib/thumb/v7-a+fp/hard\libc.a(lib_a-impure.o)
                0x0000000001055c20                _global_impure_ptr
 .rodata        0x0000000001055c24      0x188 g:/xilinx/vitis/2019.2/gnu/aarch32/nt/gcc-arm-none-eabi/bin/../arm-none-eabi/libc/usr/lib/thumb/v7-a+fp/hard\libc.a(lib_a-locale.o)
                0x0000000001055c40                __C_locale
 .rodata        0x0000000001055dac       0x90 g:/xilinx/vitis/2019.2/gnu/aarch32/nt/gcc-arm-none-eabi/bin/../arm-none-eabi/libc/usr/lib/thumb/v7-a+fp/hard\libc.a(lib_a-mbtowc_r.o)
 .rodata        0x0000000001055e3c       0x20 g:/xilinx/vitis/2019.2/gnu/aarch32/nt/gcc-arm-none-eabi/bin/../arm-none-eabi/libc/usr/lib/thumb/v7-a+fp/hard\libc.a(lib_a-svfprintf.o)
 .rodata        0x0000000001055e5c       0x20 g:/xilinx/vitis/2019.2/gnu/aarch32/nt/gcc-arm-none-eabi/bin/../arm-none-eabi/libc/usr/lib/thumb/v7-a+fp/hard\libc.a(lib_a-vfprintf.o)
 .rodata        0x0000000001055e7c      0x101 g:/xilinx/vitis/2019.2/gnu/aarch32/nt/gcc-arm-none-eabi/bin/../arm-none-eabi/libc/usr/lib/thumb/v7-a+fp/hard\libc.a(lib_a-ctype_.o)
                0x0000000001055e7c                _ctype_
 *fill*         0x0000000001055f7d        0x3 
 .rodata        0x0000000001055f80      0x128 g:/xilinx/vitis/2019.2/gnu/aarch32/nt/gcc-arm-none-eabi/bin/../arm-none-eabi/libc/usr/lib/thumb/v7-a+fp/hard\libc.a(lib_a-mprec.o)
                0x0000000001055f90                __mprec_tens
                0x0000000001056058                __mprec_tinytens
                0x0000000001056080                __mprec_bigtens
 .rodata        0x00000000010560a8       0x20 g:/xilinx/vitis/2019.2/gnu/aarch32/nt/gcc-arm-none-eabi/bin/../arm-none-eabi/libc/usr/lib/thumb/v7-a+fp/hard\libc.a(lib_a-svfiprintf.o)
 .rodata        0x00000000010560c8       0x20 g:/xilinx/vitis/2019.2/gnu/aarch32/nt/gcc-arm-none-eabi/bin/../arm-none-eabi/libc/usr/lib/thumb/v7-a+fp/hard\libc.a(lib_a-vfiprintf.o)
 *(.rodata.*)
 .rodata.str1.4
                0x00000000010560e8       0x3e ./src/acq_hacks.o
 *fill*         0x0000000001056126        0x2 
 .rodata.str1.4
                0x0000000001056128     0x10c2 ./src/acquire.o
                                       0x10c6 (size before relaxing)
 *fill*         0x00000000010571ea        0x2 
 .rodata.str1.4
                0x00000000010571ec      0x3a2 ./src/clkwiz_interface.o
                                        0x3a6 (size before relaxing)
 *fill*         0x000000000105758e        0x2 
 .rodata.str1.4
                0x0000000001057590      0x240 ./src/fabric_config.o
                                        0x244 (size before relaxing)
 .rodata.str1.4
                0x00000000010577d0      0x433 ./src/hal.o
                                        0x463 (size before relaxing)
 *fill*         0x0000000001057c03        0x1 
 .rodata.str1.4
                0x0000000001057c04       0xaa ./src/mipi_csi_hacks.o
 *fill*         0x0000000001057cae        0x2 
 .rodata.str1.4
                0x0000000001057cb0      0x1ef C:/Users/Tom/Documents/Projects/Scopy_MVP_Platform/scopy-fpga/main/export/main/sw/main/standalone_domain/bsplib/lib\libxil.a(xaxidma.o)
 *fill*         0x0000000001057e9f        0x1 
 .rodata.str1.4
                0x0000000001057ea0      0x6f4 C:/Users/Tom/Documents/Projects/Scopy_MVP_Platform/scopy-fpga/main/export/main/sw/main/standalone_domain/bsplib/lib\libxil.a(xaxidma_bdring.o)
                                        0x6f7 (size before relaxing)
 .rodata.str1.4
                0x0000000001058594        0xb C:/Users/Tom/Documents/Projects/Scopy_MVP_Platform/scopy-fpga/main/export/main/sw/main/standalone_domain/bsplib/lib\libxil.a(xclk_wiz.o)
 *fill*         0x000000000105859f        0x1 
 .rodata.str1.4
                0x00000000010585a0        0xa C:/Users/Tom/Documents/Projects/Scopy_MVP_Platform/scopy-fpga/main/export/main/sw/main/standalone_domain/bsplib/lib\libxil.a(xgpiops.o)
 *fill*         0x00000000010585aa        0x2 
 .rodata.str1.4
                0x00000000010585ac        0xf C:/Users/Tom/Documents/Projects/Scopy_MVP_Platform/scopy-fpga/main/export/main/sw/main/standalone_domain/bsplib/lib\libxil.a(xgpiops_intr.o)
 *fill*         0x00000000010585bb        0x1 
 .rodata.str1.4
                0x00000000010585bc        0xf C:/Users/Tom/Documents/Projects/Scopy_MVP_Platform/scopy-fpga/main/export/main/sw/main/standalone_domain/bsplib/lib\libxil.a(xscugic_intr.o)
 *fill*         0x00000000010585cb        0x1 
 .rodata.str1.4
                0x00000000010585cc        0xa C:/Users/Tom/Documents/Projects/Scopy_MVP_Platform/scopy-fpga/main/export/main/sw/main/standalone_domain/bsplib/lib\libxil.a(xscugic.o)
 *fill*         0x00000000010585d6        0x2 
 .rodata.str1.4
                0x00000000010585d8        0xc C:/Users/Tom/Documents/Projects/Scopy_MVP_Platform/scopy-fpga/main/export/main/sw/main/standalone_domain/bsplib/lib\libxil.a(xscutimer.o)
 .rodata.str1.4
                0x00000000010585e4       0x15 C:/Users/Tom/Documents/Projects/Scopy_MVP_Platform/scopy-fpga/main/export/main/sw/main/standalone_domain/bsplib/lib\libxil.a(xscutimer_selftest.o)
 *fill*         0x00000000010585f9        0x3 
 .rodata.str1.4
                0x00000000010585fc       0x11 C:/Users/Tom/Documents/Projects/Scopy_MVP_Platform/scopy-fpga/main/export/main/sw/main/standalone_domain/bsplib/lib\libxil.a(xil_printf.o)
 *fill*         0x000000000105860d        0x3 
 .rodata.str1.4
                0x0000000001058610       0xfe C:/Users/Tom/Documents/Projects/Scopy_MVP_Platform/scopy-fpga/main/export/main/sw/main/standalone_domain/bsplib/lib\libxil.a(xil_exception.o)
 *fill*         0x000000000105870e        0x2 
 .rodata.str1.4
                0x0000000001058710      0x12c g:/xilinx/vitis/2019.2/gnu/aarch32/nt/gcc-arm-none-eabi/bin/../arm-none-eabi/libc/usr/lib/thumb/v7-a+fp/hard\libc.a(lib_a-locale.o)
                                        0x130 (size before relaxing)
 .rodata.str1.4
                0x000000000105883c      0x12c g:/xilinx/vitis/2019.2/gnu/aarch32/nt/gcc-arm-none-eabi/bin/../arm-none-eabi/libc/usr/lib/thumb/v7-a+fp/hard\libc.a(lib_a-puts.o)
                                          0x2 (size before relaxing)
 .rodata.str1.4
                0x000000000105883c       0x2e g:/xilinx/vitis/2019.2/gnu/aarch32/nt/gcc-arm-none-eabi/bin/../arm-none-eabi/libc/usr/lib/thumb/v7-a+fp/hard\libc.a(lib_a-svfprintf.o)
                                         0x42 (size before relaxing)
 .rodata.str1.4
                0x000000000105886a       0x42 g:/xilinx/vitis/2019.2/gnu/aarch32/nt/gcc-arm-none-eabi/bin/../arm-none-eabi/libc/usr/lib/thumb/v7-a+fp/hard\libc.a(lib_a-vfprintf.o)
 *fill*         0x000000000105886a        0x2 
 .rodata.str1.4
                0x000000000105886c       0x10 g:/xilinx/vitis/2019.2/gnu/aarch32/nt/gcc-arm-none-eabi/bin/../arm-none-eabi/libc/usr/lib/thumb/v7-a+fp/hard\libc.a(lib_a-dtoa.o)
                                         0x12 (size before relaxing)
 .rodata.str1.4
                0x000000000105887c       0x2f g:/xilinx/vitis/2019.2/gnu/aarch32/nt/gcc-arm-none-eabi/bin/../arm-none-eabi/libc/usr/lib/thumb/v7-a+fp/hard\libc.a(lib_a-svfiprintf.o)
 .rodata.str1.4
                0x000000000105887c       0x2f g:/xilinx/vitis/2019.2/gnu/aarch32/nt/gcc-arm-none-eabi/bin/../arm-none-eabi/libc/usr/lib/thumb/v7-a+fp/hard\libc.a(lib_a-vfiprintf.o)
 *(.gnu.linkonce.r.*)
                0x00000000010588ab                __rodata_end = .

.rodata1        0x000000000105887c        0x0
                0x000000000105887c                __rodata1_start = .
 *(.rodata1)
 *(.rodata1.*)
                0x000000000105887c                __rodata1_end = .

.sdata2         0x000000000105887c        0x0
                0x000000000105887c                __sdata2_start = .
 *(.sdata2)
 *(.sdata2.*)
 *(.gnu.linkonce.s2.*)
                0x000000000105887c                __sdata2_end = .

.sbss2          0x000000000105887c        0x0
                0x000000000105887c                __sbss2_start = .
 *(.sbss2)
 *(.sbss2.*)
 *(.gnu.linkonce.sb2.*)
                0x000000000105887c                __sbss2_end = .

.data           0x0000000001058880      0xe38
                0x0000000001058880                __data_start = .
 *(.data)
 .data          0x0000000001058880        0x0 g:/xilinx/vitis/2019.2/gnu/aarch32/nt/gcc-arm-none-eabi/bin/../lib/gcc/arm-none-eabi/8.2.0/thumb/v7-a+fp/hard/crti.o
 .data          0x0000000001058880        0x4 g:/xilinx/vitis/2019.2/gnu/aarch32/nt/gcc-arm-none-eabi/bin/../lib/gcc/arm-none-eabi/8.2.0/thumb/v7-a+fp/hard/crtbegin.o
                0x0000000001058880                __dso_handle
 .data          0x0000000001058884        0x0 ./src/acq_hacks.o
 .data          0x0000000001058884       0x30 ./src/acquire.o
                0x0000000001058884                acq_state_to_str
                0x000000000105889c                acq_substate_to_str
 .data          0x00000000010588b4        0x0 ./src/clkwiz_interface.o
 .data          0x00000000010588b4        0x0 ./src/demo_norway.o
 .data          0x00000000010588b4        0x0 ./src/fabric_config.o
 .data          0x00000000010588b4        0x0 ./src/hal.o
 .data          0x00000000010588b4        0x0 ./src/main.o
 .data          0x00000000010588b4        0x0 ./src/mipi_csi_hacks.o
 .data          0x00000000010588b4        0x0 ./src/platform.o
 .data          0x00000000010588b4        0x0 C:/Users/Tom/Documents/Projects/Scopy_MVP_Platform/scopy-fpga/main/export/main/sw/main/standalone_domain/bsplib/lib\libxil.a(xaxidma.o)
 .data          0x00000000010588b4        0x0 C:/Users/Tom/Documents/Projects/Scopy_MVP_Platform/scopy-fpga/main/export/main/sw/main/standalone_domain/bsplib/lib\libxil.a(xaxidma_sinit.o)
 .data          0x00000000010588b4        0x0 C:/Users/Tom/Documents/Projects/Scopy_MVP_Platform/scopy-fpga/main/export/main/sw/main/standalone_domain/bsplib/lib\libxil.a(xaxidma_bdring.o)
 .data          0x00000000010588b4       0x88 C:/Users/Tom/Documents/Projects/Scopy_MVP_Platform/scopy-fpga/main/export/main/sw/main/standalone_domain/bsplib/lib\libxil.a(xaxidma_g.o)
                0x00000000010588b4                XAxiDma_ConfigTable
 .data          0x000000000105893c        0x0 C:/Users/Tom/Documents/Projects/Scopy_MVP_Platform/scopy-fpga/main/export/main/sw/main/standalone_domain/bsplib/lib\libxil.a(xclk_wiz.o)
 .data          0x000000000105893c        0x0 C:/Users/Tom/Documents/Projects/Scopy_MVP_Platform/scopy-fpga/main/export/main/sw/main/standalone_domain/bsplib/lib\libxil.a(xclk_wiz_sinit.o)
 .data          0x000000000105893c        0x0 C:/Users/Tom/Documents/Projects/Scopy_MVP_Platform/scopy-fpga/main/export/main/sw/main/standalone_domain/bsplib/lib\libxil.a(xgpiops.o)
 .data          0x000000000105893c        0x0 C:/Users/Tom/Documents/Projects/Scopy_MVP_Platform/scopy-fpga/main/export/main/sw/main/standalone_domain/bsplib/lib\libxil.a(xgpiops_sinit.o)
 .data          0x000000000105893c        0x0 C:/Users/Tom/Documents/Projects/Scopy_MVP_Platform/scopy-fpga/main/export/main/sw/main/standalone_domain/bsplib/lib\libxil.a(xgpiops_intr.o)
 .data          0x000000000105893c        0x8 C:/Users/Tom/Documents/Projects/Scopy_MVP_Platform/scopy-fpga/main/export/main/sw/main/standalone_domain/bsplib/lib\libxil.a(xgpiops_g.o)
                0x000000000105893c                XGpioPs_ConfigTable
 .data          0x0000000001058944        0x0 C:/Users/Tom/Documents/Projects/Scopy_MVP_Platform/scopy-fpga/main/export/main/sw/main/standalone_domain/bsplib/lib\libxil.a(xscugic_intr.o)
 .data          0x0000000001058944        0x0 C:/Users/Tom/Documents/Projects/Scopy_MVP_Platform/scopy-fpga/main/export/main/sw/main/standalone_domain/bsplib/lib\libxil.a(xscugic.o)
 .data          0x0000000001058944        0x0 C:/Users/Tom/Documents/Projects/Scopy_MVP_Platform/scopy-fpga/main/export/main/sw/main/standalone_domain/bsplib/lib\libxil.a(xscugic_sinit.o)
 .data          0x0000000001058944        0x0 C:/Users/Tom/Documents/Projects/Scopy_MVP_Platform/scopy-fpga/main/export/main/sw/main/standalone_domain/bsplib/lib\libxil.a(xscutimer.o)
 .data          0x0000000001058944        0x0 C:/Users/Tom/Documents/Projects/Scopy_MVP_Platform/scopy-fpga/main/export/main/sw/main/standalone_domain/bsplib/lib\libxil.a(xscutimer_selftest.o)
 .data          0x0000000001058944        0x0 C:/Users/Tom/Documents/Projects/Scopy_MVP_Platform/scopy-fpga/main/export/main/sw/main/standalone_domain/bsplib/lib\libxil.a(xscutimer_sinit.o)
 .data          0x0000000001058944        0x8 C:/Users/Tom/Documents/Projects/Scopy_MVP_Platform/scopy-fpga/main/export/main/sw/main/standalone_domain/bsplib/lib\libxil.a(xscutimer_g.o)
                0x0000000001058944                XScuTimer_ConfigTable
 .data          0x000000000105894c        0x4 C:/Users/Tom/Documents/Projects/Scopy_MVP_Platform/scopy-fpga/main/export/main/sw/main/standalone_domain/bsplib/lib\libxil.a(xil_assert.o)
                0x000000000105894c                Xil_AssertWait
 .data          0x0000000001058950        0x0 C:/Users/Tom/Documents/Projects/Scopy_MVP_Platform/scopy-fpga/main/export/main/sw/main/standalone_domain/bsplib/lib\libxil.a(print.o)
 .data          0x0000000001058950        0x0 C:/Users/Tom/Documents/Projects/Scopy_MVP_Platform/scopy-fpga/main/export/main/sw/main/standalone_domain/bsplib/lib\libxil.a(xil_cache.o)
 .data          0x0000000001058950        0x0 C:/Users/Tom/Documents/Projects/Scopy_MVP_Platform/scopy-fpga/main/export/main/sw/main/standalone_domain/bsplib/lib\libxil.a(outbyte.o)
 .data          0x0000000001058950        0x0 C:/Users/Tom/Documents/Projects/Scopy_MVP_Platform/scopy-fpga/main/export/main/sw/main/standalone_domain/bsplib/lib\libxil.a(xplatform_info.o)
 .data          0x0000000001058950        0x0 C:/Users/Tom/Documents/Projects/Scopy_MVP_Platform/scopy-fpga/main/export/main/sw/main/standalone_domain/bsplib/lib\libxil.a(xil_printf.o)
 .data          0x0000000001058950       0x38 C:/Users/Tom/Documents/Projects/Scopy_MVP_Platform/scopy-fpga/main/export/main/sw/main/standalone_domain/bsplib/lib\libxil.a(xil_exception.o)
                0x0000000001058950                XExc_VectorTable
 .data          0x0000000001058988        0x0 C:/Users/Tom/Documents/Projects/Scopy_MVP_Platform/scopy-fpga/main/export/main/sw/main/standalone_domain/bsplib/lib\libxil.a(asm_vectors.o)
 .data          0x0000000001058988        0x0 C:/Users/Tom/Documents/Projects/Scopy_MVP_Platform/scopy-fpga/main/export/main/sw/main/standalone_domain/bsplib/lib\libxil.a(xuartps_hw.o)
 .data          0x0000000001058988       0x58 C:/Users/Tom/Documents/Projects/Scopy_MVP_Platform/scopy-fpga/main/export/main/sw/main/standalone_domain/bsplib/lib\libxil.a(xclk_wiz_g.o)
                0x0000000001058988                XClk_Wiz_ConfigTable
 .data          0x00000000010589e0      0x304 C:/Users/Tom/Documents/Projects/Scopy_MVP_Platform/scopy-fpga/main/export/main/sw/main/standalone_domain/bsplib/lib\libxil.a(xscugic_g.o)
                0x00000000010589e0                XScuGic_ConfigTable
 .data          0x0000000001058ce4        0x0 C:/Users/Tom/Documents/Projects/Scopy_MVP_Platform/scopy-fpga/main/export/main/sw/main/standalone_domain/bsplib/lib\libxil.a(vectors.o)
 .data          0x0000000001058ce4        0x0 C:/Users/Tom/Documents/Projects/Scopy_MVP_Platform/scopy-fpga/main/export/main/sw/main/standalone_domain/bsplib/lib\libxil.a(boot.o)
 .data          0x0000000001058ce4        0x0 C:/Users/Tom/Documents/Projects/Scopy_MVP_Platform/scopy-fpga/main/export/main/sw/main/standalone_domain/bsplib/lib\libxil.a(xil-crt0.o)
 .data          0x0000000001058ce4        0x0 C:/Users/Tom/Documents/Projects/Scopy_MVP_Platform/scopy-fpga/main/export/main/sw/main/standalone_domain/bsplib/lib\libxil.a(translation_table.o)
 .data          0x0000000001058ce4        0x0 C:/Users/Tom/Documents/Projects/Scopy_MVP_Platform/scopy-fpga/main/export/main/sw/main/standalone_domain/bsplib/lib\libxil.a(cpu_init.o)
 .data          0x0000000001058ce4        0x0 C:/Users/Tom/Documents/Projects/Scopy_MVP_Platform/scopy-fpga/main/export/main/sw/main/standalone_domain/bsplib/lib\libxil.a(xtime_l.o)
 .data          0x0000000001058ce4        0x0 g:/xilinx/vitis/2019.2/gnu/aarch32/nt/gcc-arm-none-eabi/bin/../lib/gcc/arm-none-eabi/8.2.0/thumb/v7-a+fp/hard\libgcc.a(_udivsi3.o)
 .data          0x0000000001058ce4        0x0 g:/xilinx/vitis/2019.2/gnu/aarch32/nt/gcc-arm-none-eabi/bin/../lib/gcc/arm-none-eabi/8.2.0/thumb/v7-a+fp/hard\libgcc.a(_divsi3.o)
 .data          0x0000000001058ce4        0x0 g:/xilinx/vitis/2019.2/gnu/aarch32/nt/gcc-arm-none-eabi/bin/../lib/gcc/arm-none-eabi/8.2.0/thumb/v7-a+fp/hard\libgcc.a(_dvmd_tls.o)
 .data          0x0000000001058ce4        0x0 g:/xilinx/vitis/2019.2/gnu/aarch32/nt/gcc-arm-none-eabi/bin/../lib/gcc/arm-none-eabi/8.2.0/thumb/v7-a+fp/hard\libgcc.a(_arm_addsubdf3.o)
 .data          0x0000000001058ce4        0x0 g:/xilinx/vitis/2019.2/gnu/aarch32/nt/gcc-arm-none-eabi/bin/../lib/gcc/arm-none-eabi/8.2.0/thumb/v7-a+fp/hard\libgcc.a(_arm_addsubsf3.o)
 .data          0x0000000001058ce4        0x0 g:/xilinx/vitis/2019.2/gnu/aarch32/nt/gcc-arm-none-eabi/bin/../lib/gcc/arm-none-eabi/8.2.0/thumb/v7-a+fp/hard\libgcc.a(_aeabi_uldivmod.o)
 .data          0x0000000001058ce4        0x0 g:/xilinx/vitis/2019.2/gnu/aarch32/nt/gcc-arm-none-eabi/bin/../lib/gcc/arm-none-eabi/8.2.0/thumb/v7-a+fp/hard\libgcc.a(_fixunssfdi.o)
 .data          0x0000000001058ce4        0x0 g:/xilinx/vitis/2019.2/gnu/aarch32/nt/gcc-arm-none-eabi/bin/../lib/gcc/arm-none-eabi/8.2.0/thumb/v7-a+fp/hard\libgcc.a(_fixunsdfdi.o)
 .data          0x0000000001058ce4        0x0 g:/xilinx/vitis/2019.2/gnu/aarch32/nt/gcc-arm-none-eabi/bin/../lib/gcc/arm-none-eabi/8.2.0/thumb/v7-a+fp/hard\libgcc.a(_udivmoddi4.o)
 .data          0x0000000001058ce4        0x0 g:/xilinx/vitis/2019.2/gnu/aarch32/nt/gcc-arm-none-eabi/bin/../arm-none-eabi/libc/usr/lib/thumb/v7-a+fp/hard\libc.a(lib_a-exit.o)
 .data          0x0000000001058ce4        0x0 g:/xilinx/vitis/2019.2/gnu/aarch32/nt/gcc-arm-none-eabi/bin/../arm-none-eabi/libc/usr/lib/thumb/v7-a+fp/hard\libc.a(lib_a-fini.o)
 *fill*         0x0000000001058ce4        0x4 
 .data          0x0000000001058ce8      0x430 g:/xilinx/vitis/2019.2/gnu/aarch32/nt/gcc-arm-none-eabi/bin/../arm-none-eabi/libc/usr/lib/thumb/v7-a+fp/hard\libc.a(lib_a-impure.o)
                0x0000000001058ce8                _impure_ptr
 .data          0x0000000001059118        0x0 g:/xilinx/vitis/2019.2/gnu/aarch32/nt/gcc-arm-none-eabi/bin/../arm-none-eabi/libc/usr/lib/thumb/v7-a+fp/hard\libc.a(lib_a-init.o)
 .data          0x0000000001059118      0x18c g:/xilinx/vitis/2019.2/gnu/aarch32/nt/gcc-arm-none-eabi/bin/../arm-none-eabi/libc/usr/lib/thumb/v7-a+fp/hard\libc.a(lib_a-locale.o)
                0x0000000001059118                __global_locale
                0x0000000001059284                __default_locale
 .data          0x00000000010592a4        0x0 g:/xilinx/vitis/2019.2/gnu/aarch32/nt/gcc-arm-none-eabi/bin/../arm-none-eabi/libc/usr/lib/thumb/v7-a+fp/hard\libc.a(lib_a-malign.o)
 .data          0x00000000010592a4        0x0 g:/xilinx/vitis/2019.2/gnu/aarch32/nt/gcc-arm-none-eabi/bin/../arm-none-eabi/libc/usr/lib/thumb/v7-a+fp/hard\libc.a(lib_a-malignr.o)
 .data          0x00000000010592a4        0x0 g:/xilinx/vitis/2019.2/gnu/aarch32/nt/gcc-arm-none-eabi/bin/../arm-none-eabi/libc/usr/lib/thumb/v7-a+fp/hard\libc.a(lib_a-malloc.o)
 .data          0x00000000010592a4      0x410 g:/xilinx/vitis/2019.2/gnu/aarch32/nt/gcc-arm-none-eabi/bin/../arm-none-eabi/libc/usr/lib/thumb/v7-a+fp/hard\libc.a(lib_a-mallocr.o)
                0x00000000010592a4                __malloc_av_
                0x00000000010596ac                __malloc_sbrk_base
                0x00000000010596b0                __malloc_trim_threshold
 .data          0x00000000010596b4        0x0 g:/xilinx/vitis/2019.2/gnu/aarch32/nt/gcc-arm-none-eabi/bin/../arm-none-eabi/libc/usr/lib/thumb/v7-a+fp/hard\libc.a(lib_a-mbtowc_r.o)
 .data          0x00000000010596b4        0x0 g:/xilinx/vitis/2019.2/gnu/aarch32/nt/gcc-arm-none-eabi/bin/../arm-none-eabi/libc/usr/lib/thumb/v7-a+fp/hard\libc.a(lib_a-memcpy.o)
 .data          0x00000000010596b4        0x0 g:/xilinx/vitis/2019.2/gnu/aarch32/nt/gcc-arm-none-eabi/bin/../arm-none-eabi/libc/usr/lib/thumb/v7-a+fp/hard\libc.a(lib_a-memset.o)
 .data          0x00000000010596b4        0x0 g:/xilinx/vitis/2019.2/gnu/aarch32/nt/gcc-arm-none-eabi/bin/../arm-none-eabi/libc/usr/lib/thumb/v7-a+fp/hard\libc.a(lib_a-mlock.o)
 .data          0x00000000010596b4        0x0 g:/xilinx/vitis/2019.2/gnu/aarch32/nt/gcc-arm-none-eabi/bin/../arm-none-eabi/libc/usr/lib/thumb/v7-a+fp/hard\libc.a(lib_a-printf.o)
 .data          0x00000000010596b4        0x0 g:/xilinx/vitis/2019.2/gnu/aarch32/nt/gcc-arm-none-eabi/bin/../arm-none-eabi/libc/usr/lib/thumb/v7-a+fp/hard\libc.a(lib_a-puts.o)
 .data          0x00000000010596b4        0x0 g:/xilinx/vitis/2019.2/gnu/aarch32/nt/gcc-arm-none-eabi/bin/../arm-none-eabi/libc/usr/lib/thumb/v7-a+fp/hard\libc.a(lib_a-sbrkr.o)
 .data          0x00000000010596b4        0x0 g:/xilinx/vitis/2019.2/gnu/aarch32/nt/gcc-arm-none-eabi/bin/../arm-none-eabi/libc/usr/lib/thumb/v7-a+fp/hard\libc.a(lib_a-snprintf.o)
 .data          0x00000000010596b4        0x0 g:/xilinx/vitis/2019.2/gnu/aarch32/nt/gcc-arm-none-eabi/bin/../arm-none-eabi/libc/usr/lib/thumb/v7-a+fp/hard\libc.a(lib_a-strcasecmp.o)
 .data          0x00000000010596b4        0x0 g:/xilinx/vitis/2019.2/gnu/aarch32/nt/gcc-arm-none-eabi/bin/../arm-none-eabi/libc/usr/lib/thumb/v7-a+fp/hard\libc.a(lib_a-strcat.o)
 .data          0x00000000010596b4        0x0 g:/xilinx/vitis/2019.2/gnu/aarch32/nt/gcc-arm-none-eabi/bin/../arm-none-eabi/libc/usr/lib/thumb/v7-a+fp/hard\libc.a(lib_a-strchr.o)
 .data          0x00000000010596b4        0x0 g:/xilinx/vitis/2019.2/gnu/aarch32/nt/gcc-arm-none-eabi/bin/../arm-none-eabi/libc/usr/lib/thumb/v7-a+fp/hard\libc.a(lib_a-strcmp.o)
 .data          0x00000000010596b4        0x0 g:/xilinx/vitis/2019.2/gnu/aarch32/nt/gcc-arm-none-eabi/bin/../arm-none-eabi/libc/usr/lib/thumb/v7-a+fp/hard\libc.a(lib_a-strcpy.o)
 .data          0x00000000010596b4        0x0 g:/xilinx/vitis/2019.2/gnu/aarch32/nt/gcc-arm-none-eabi/bin/../arm-none-eabi/libc/usr/lib/thumb/v7-a+fp/hard\libc.a(lib_a-strlcpy.o)
 .data          0x00000000010596b4        0x0 g:/xilinx/vitis/2019.2/gnu/aarch32/nt/gcc-arm-none-eabi/bin/../arm-none-eabi/libc/usr/lib/thumb/v7-a+fp/hard\libc.a(lib_a-strlen.o)
 .data          0x00000000010596b4        0x0 g:/xilinx/vitis/2019.2/gnu/aarch32/nt/gcc-arm-none-eabi/bin/../arm-none-eabi/libc/usr/lib/thumb/v7-a+fp/hard\libc.a(lib_a-strncasecmp.o)
 .data          0x00000000010596b4        0x0 g:/xilinx/vitis/2019.2/gnu/aarch32/nt/gcc-arm-none-eabi/bin/../arm-none-eabi/libc/usr/lib/thumb/v7-a+fp/hard\libc.a(lib_a-strncmp.o)
 .data          0x00000000010596b4        0x0 g:/xilinx/vitis/2019.2/gnu/aarch32/nt/gcc-arm-none-eabi/bin/../arm-none-eabi/libc/usr/lib/thumb/v7-a+fp/hard\libc.a(lib_a-strncpy.o)
 .data          0x00000000010596b4        0x0 g:/xilinx/vitis/2019.2/gnu/aarch32/nt/gcc-arm-none-eabi/bin/../arm-none-eabi/libc/usr/lib/thumb/v7-a+fp/hard\libc.a(lib_a-strtol.o)
 .data          0x00000000010596b4        0x0 g:/xilinx/vitis/2019.2/gnu/aarch32/nt/gcc-arm-none-eabi/bin/../arm-none-eabi/libc/usr/lib/thumb/v7-a+fp/hard\libc.a(lib_a-svfprintf.o)
 .data          0x00000000010596b4        0x0 g:/xilinx/vitis/2019.2/gnu/aarch32/nt/gcc-arm-none-eabi/bin/../arm-none-eabi/libc/usr/lib/thumb/v7-a+fp/hard\libc.a(lib_a-vfprintf.o)
 .data          0x00000000010596b4        0x0 g:/xilinx/vitis/2019.2/gnu/aarch32/nt/gcc-arm-none-eabi/bin/../arm-none-eabi/libc/usr/lib/thumb/v7-a+fp/hard\libc.a(lib_a-vsnprintf.o)
 .data          0x00000000010596b4        0x0 g:/xilinx/vitis/2019.2/gnu/aarch32/nt/gcc-arm-none-eabi/bin/../arm-none-eabi/libc/usr/lib/thumb/v7-a+fp/hard\libc.a(lib_a-wcrtomb.o)
 .data          0x00000000010596b4        0x0 g:/xilinx/vitis/2019.2/gnu/aarch32/nt/gcc-arm-none-eabi/bin/../arm-none-eabi/libc/usr/lib/thumb/v7-a+fp/hard\libc.a(lib_a-wcsrtombs.o)
 .data          0x00000000010596b4        0x0 g:/xilinx/vitis/2019.2/gnu/aarch32/nt/gcc-arm-none-eabi/bin/../arm-none-eabi/libc/usr/lib/thumb/v7-a+fp/hard\libc.a(lib_a-wctomb_r.o)
 .data          0x00000000010596b4        0x0 g:/xilinx/vitis/2019.2/gnu/aarch32/nt/gcc-arm-none-eabi/bin/../arm-none-eabi/libc/usr/lib/thumb/v7-a+fp/hard\libc.a(lib_a-wsetup.o)
 .data          0x00000000010596b4        0x0 g:/xilinx/vitis/2019.2/gnu/aarch32/nt/gcc-arm-none-eabi/bin/../arm-none-eabi/libc/usr/lib/thumb/v7-a+fp/hard\libc.a(lib_a-__call_atexit.o)
 .data          0x00000000010596b4        0x0 g:/xilinx/vitis/2019.2/gnu/aarch32/nt/gcc-arm-none-eabi/bin/../arm-none-eabi/libc/usr/lib/thumb/v7-a+fp/hard\libc.a(lib_a-ctype_.o)
 .data          0x00000000010596b4        0x0 g:/xilinx/vitis/2019.2/gnu/aarch32/nt/gcc-arm-none-eabi/bin/../arm-none-eabi/libc/usr/lib/thumb/v7-a+fp/hard\libc.a(lib_a-dtoa.o)
 .data          0x00000000010596b4        0x0 g:/xilinx/vitis/2019.2/gnu/aarch32/nt/gcc-arm-none-eabi/bin/../arm-none-eabi/libc/usr/lib/thumb/v7-a+fp/hard\libc.a(lib_a-fflush.o)
 .data          0x00000000010596b4        0x0 g:/xilinx/vitis/2019.2/gnu/aarch32/nt/gcc-arm-none-eabi/bin/../arm-none-eabi/libc/usr/lib/thumb/v7-a+fp/hard\libc.a(lib_a-findfp.o)
 .data          0x00000000010596b4        0x0 g:/xilinx/vitis/2019.2/gnu/aarch32/nt/gcc-arm-none-eabi/bin/../arm-none-eabi/libc/usr/lib/thumb/v7-a+fp/hard\libc.a(lib_a-freer.o)
 .data          0x00000000010596b4        0x0 g:/xilinx/vitis/2019.2/gnu/aarch32/nt/gcc-arm-none-eabi/bin/../arm-none-eabi/libc/usr/lib/thumb/v7-a+fp/hard\libc.a(lib_a-fvwrite.o)
 .data          0x00000000010596b4        0x0 g:/xilinx/vitis/2019.2/gnu/aarch32/nt/gcc-arm-none-eabi/bin/../arm-none-eabi/libc/usr/lib/thumb/v7-a+fp/hard\libc.a(lib_a-fwalk.o)
 .data          0x00000000010596b4        0x0 g:/xilinx/vitis/2019.2/gnu/aarch32/nt/gcc-arm-none-eabi/bin/../arm-none-eabi/libc/usr/lib/thumb/v7-a+fp/hard\libc.a(lib_a-getenv_r.o)
 .data          0x00000000010596b4        0x0 g:/xilinx/vitis/2019.2/gnu/aarch32/nt/gcc-arm-none-eabi/bin/../arm-none-eabi/libc/usr/lib/thumb/v7-a+fp/hard\libc.a(lib_a-localeconv.o)
 .data          0x00000000010596b4        0x0 g:/xilinx/vitis/2019.2/gnu/aarch32/nt/gcc-arm-none-eabi/bin/../arm-none-eabi/libc/usr/lib/thumb/v7-a+fp/hard\libc.a(lib_a-makebuf.o)
 .data          0x00000000010596b4        0x0 g:/xilinx/vitis/2019.2/gnu/aarch32/nt/gcc-arm-none-eabi/bin/../arm-none-eabi/libc/usr/lib/thumb/v7-a+fp/hard\libc.a(lib_a-memchr.o)
 .data          0x00000000010596b4        0x0 g:/xilinx/vitis/2019.2/gnu/aarch32/nt/gcc-arm-none-eabi/bin/../arm-none-eabi/libc/usr/lib/thumb/v7-a+fp/hard\libc.a(lib_a-memmove.o)
 .data          0x00000000010596b4        0x0 g:/xilinx/vitis/2019.2/gnu/aarch32/nt/gcc-arm-none-eabi/bin/../arm-none-eabi/libc/usr/lib/thumb/v7-a+fp/hard\libc.a(lib_a-mprec.o)
 .data          0x00000000010596b4        0x0 g:/xilinx/vitis/2019.2/gnu/aarch32/nt/gcc-arm-none-eabi/bin/../arm-none-eabi/libc/usr/lib/thumb/v7-a+fp/hard\libc.a(lib_a-reallocr.o)
 .data          0x00000000010596b4        0x0 g:/xilinx/vitis/2019.2/gnu/aarch32/nt/gcc-arm-none-eabi/bin/../arm-none-eabi/libc/usr/lib/thumb/v7-a+fp/hard\libc.a(lib_a-reent.o)
 .data          0x00000000010596b4        0x0 g:/xilinx/vitis/2019.2/gnu/aarch32/nt/gcc-arm-none-eabi/bin/../arm-none-eabi/libc/usr/lib/thumb/v7-a+fp/hard\libc.a(lib_a-s_frexp.o)
 .data          0x00000000010596b4        0x0 g:/xilinx/vitis/2019.2/gnu/aarch32/nt/gcc-arm-none-eabi/bin/../arm-none-eabi/libc/usr/lib/thumb/v7-a+fp/hard\libc.a(lib_a-stdio.o)
 .data          0x00000000010596b4        0x0 g:/xilinx/vitis/2019.2/gnu/aarch32/nt/gcc-arm-none-eabi/bin/../arm-none-eabi/libc/usr/lib/thumb/v7-a+fp/hard\libc.a(lib_a-svfiprintf.o)
 .data          0x00000000010596b4        0x0 g:/xilinx/vitis/2019.2/gnu/aarch32/nt/gcc-arm-none-eabi/bin/../arm-none-eabi/libc/usr/lib/thumb/v7-a+fp/hard\libc.a(lib_a-vfiprintf.o)
 .data          0x00000000010596b4        0x0 g:/xilinx/vitis/2019.2/gnu/aarch32/nt/gcc-arm-none-eabi/bin/../arm-none-eabi/libc/usr/lib/thumb/v7-a+fp/hard\libc.a(lib_a-wcsnrtombs.o)
 .data          0x00000000010596b4        0x0 g:/xilinx/vitis/2019.2/gnu/aarch32/nt/gcc-arm-none-eabi/bin/../arm-none-eabi/libc/usr/lib/thumb/v7-a+fp/hard\libc.a(lib_a-writer.o)
 .data          0x00000000010596b4        0x0 g:/xilinx/vitis/2019.2/gnu/aarch32/nt/gcc-arm-none-eabi/bin/../arm-none-eabi/libc/usr/lib/thumb/v7-a+fp/hard\libc.a(lib_a-callocr.o)
 .data          0x00000000010596b4        0x0 g:/xilinx/vitis/2019.2/gnu/aarch32/nt/gcc-arm-none-eabi/bin/../arm-none-eabi/libc/usr/lib/thumb/v7-a+fp/hard\libc.a(lib_a-closer.o)
 .data          0x00000000010596b4        0x4 g:/xilinx/vitis/2019.2/gnu/aarch32/nt/gcc-arm-none-eabi/bin/../arm-none-eabi/libc/usr/lib/thumb/v7-a+fp/hard\libc.a(lib_a-environ.o)
                0x00000000010596b4                environ
 .data          0x00000000010596b8        0x0 g:/xilinx/vitis/2019.2/gnu/aarch32/nt/gcc-arm-none-eabi/bin/../arm-none-eabi/libc/usr/lib/thumb/v7-a+fp/hard\libc.a(lib_a-envlock.o)
 .data          0x00000000010596b8        0x0 g:/xilinx/vitis/2019.2/gnu/aarch32/nt/gcc-arm-none-eabi/bin/../arm-none-eabi/libc/usr/lib/thumb/v7-a+fp/hard\libc.a(lib_a-fclose.o)
 .data          0x00000000010596b8        0x0 g:/xilinx/vitis/2019.2/gnu/aarch32/nt/gcc-arm-none-eabi/bin/../arm-none-eabi/libc/usr/lib/thumb/v7-a+fp/hard\libc.a(lib_a-fputwc.o)
 .data          0x00000000010596b8        0x0 g:/xilinx/vitis/2019.2/gnu/aarch32/nt/gcc-arm-none-eabi/bin/../arm-none-eabi/libc/usr/lib/thumb/v7-a+fp/hard\libc.a(lib_a-fstatr.o)
 .data          0x00000000010596b8        0x0 g:/xilinx/vitis/2019.2/gnu/aarch32/nt/gcc-arm-none-eabi/bin/../arm-none-eabi/libc/usr/lib/thumb/v7-a+fp/hard\libc.a(lib_a-isattyr.o)
 .data          0x00000000010596b8        0x0 g:/xilinx/vitis/2019.2/gnu/aarch32/nt/gcc-arm-none-eabi/bin/../arm-none-eabi/libc/usr/lib/thumb/v7-a+fp/hard\libc.a(lib_a-lseekr.o)
 .data          0x00000000010596b8        0x0 g:/xilinx/vitis/2019.2/gnu/aarch32/nt/gcc-arm-none-eabi/bin/../arm-none-eabi/libc/usr/lib/thumb/v7-a+fp/hard\libc.a(lib_a-readr.o)
 .data          0x00000000010596b8        0x0 g:/xilinx/vitis/2019.2/gnu/aarch32/nt/gcc-arm-none-eabi/bin/../arm-none-eabi/libc/usr/lib/thumb/v7-a+fp/hard\libc.a(lib_a-wbuf.o)
 .data          0x00000000010596b8        0x0 C:/Users/Tom/Documents/Projects/Scopy_MVP_Platform/scopy-fpga/main/export/main/sw/main/standalone_domain/bsplib/lib\libxil.a(_sbrk.o)
 .data          0x00000000010596b8        0x0 C:/Users/Tom/Documents/Projects/Scopy_MVP_Platform/scopy-fpga/main/export/main/sw/main/standalone_domain/bsplib/lib\libxil.a(lseek.o)
 .data          0x00000000010596b8        0x0 C:/Users/Tom/Documents/Projects/Scopy_MVP_Platform/scopy-fpga/main/export/main/sw/main/standalone_domain/bsplib/lib\libxil.a(write.o)
 .data          0x00000000010596b8        0x0 C:/Users/Tom/Documents/Projects/Scopy_MVP_Platform/scopy-fpga/main/export/main/sw/main/standalone_domain/bsplib/lib\libxil.a(read.o)
 .data          0x00000000010596b8        0x0 C:/Users/Tom/Documents/Projects/Scopy_MVP_Platform/scopy-fpga/main/export/main/sw/main/standalone_domain/bsplib/lib\libxil.a(fstat.o)
 .data          0x00000000010596b8        0x0 C:/Users/Tom/Documents/Projects/Scopy_MVP_Platform/scopy-fpga/main/export/main/sw/main/standalone_domain/bsplib/lib\libxil.a(errno.o)
 .data          0x00000000010596b8        0x0 C:/Users/Tom/Documents/Projects/Scopy_MVP_Platform/scopy-fpga/main/export/main/sw/main/standalone_domain/bsplib/lib\libxil.a(_exit.o)
 .data          0x00000000010596b8        0x0 C:/Users/Tom/Documents/Projects/Scopy_MVP_Platform/scopy-fpga/main/export/main/sw/main/standalone_domain/bsplib/lib\libxil.a(isatty.o)
 .data          0x00000000010596b8        0x0 C:/Users/Tom/Documents/Projects/Scopy_MVP_Platform/scopy-fpga/main/export/main/sw/main/standalone_domain/bsplib/lib\libxil.a(inbyte.o)
 .data          0x00000000010596b8        0x0 C:/Users/Tom/Documents/Projects/Scopy_MVP_Platform/scopy-fpga/main/export/main/sw/main/standalone_domain/bsplib/lib\libxil.a(close.o)
 .data          0x00000000010596b8        0x0 g:/xilinx/vitis/2019.2/gnu/aarch32/nt/gcc-arm-none-eabi/bin/../lib/gcc/arm-none-eabi/8.2.0/thumb/v7-a+fp/hard/crtend.o
 .data          0x00000000010596b8        0x0 g:/xilinx/vitis/2019.2/gnu/aarch32/nt/gcc-arm-none-eabi/bin/../lib/gcc/arm-none-eabi/8.2.0/thumb/v7-a+fp/hard/crtn.o
 *(.data.*)
 *(.gnu.linkonce.d.*)
 *(.jcr)
 *(.got)
 *(.got.plt)
                0x00000000010596b8                __data_end = .

.tm_clone_table
                0x00000000010596b8        0x0
 .tm_clone_table
                0x00000000010596b8        0x0 g:/xilinx/vitis/2019.2/gnu/aarch32/nt/gcc-arm-none-eabi/bin/../lib/gcc/arm-none-eabi/8.2.0/thumb/v7-a+fp/hard/crtbegin.o
 .tm_clone_table
                0x00000000010596b8        0x0 g:/xilinx/vitis/2019.2/gnu/aarch32/nt/gcc-arm-none-eabi/bin/../lib/gcc/arm-none-eabi/8.2.0/thumb/v7-a+fp/hard/crtend.o

.igot.plt       0x00000000010596b8        0x0
 .igot.plt      0x00000000010596b8        0x0 g:/xilinx/vitis/2019.2/gnu/aarch32/nt/gcc-arm-none-eabi/bin/../lib/gcc/arm-none-eabi/8.2.0/thumb/v7-a+fp/hard/crtbegin.o

.got2           0x00000000010596b8        0x0
 .got2          0x00000000010596b8        0x0 C:/Users/Tom/Documents/Projects/Scopy_MVP_Platform/scopy-fpga/main/export/main/sw/main/standalone_domain/bsplib/lib\libxil.a(xil-crt0.o)

.data1          0x00000000010596b8        0x0
                0x00000000010596b8                __data1_start = .
 *(.data1)
 *(.data1.*)
                0x00000000010596b8                __data1_end = .

.got
 *(.got)

.ctors          0x00000000010596b8        0x0
                0x00000000010596b8                __CTOR_LIST__ = .
                0x00000000010596b8                ___CTORS_LIST___ = .
 *crtbegin.o(.ctors)
 *(EXCLUDE_FILE(*crtend.o) .ctors)
 *(SORT_BY_NAME(.ctors.*))
 *(.ctors)
                0x00000000010596b8                __CTOR_END__ = .
                0x00000000010596b8                ___CTORS_END___ = .

.dtors          0x00000000010596b8        0x0
                0x00000000010596b8                __DTOR_LIST__ = .
                0x00000000010596b8                ___DTORS_LIST___ = .
 *crtbegin.o(.dtors)
 *(EXCLUDE_FILE(*crtend.o) .dtors)
 *(SORT_BY_NAME(.dtors.*))
 *(.dtors)
                0x00000000010596b8                __DTOR_END__ = .
                0x00000000010596b8                ___DTORS_END___ = .

.fixup          0x00000000010596b8        0x0
                0x00000000010596b8                __fixup_start = .
 *(.fixup)
                0x00000000010596b8                __fixup_end = .

.eh_frame       0x00000000010596b8        0x4
 *(.eh_frame)
 .eh_frame      0x00000000010596b8        0x0 g:/xilinx/vitis/2019.2/gnu/aarch32/nt/gcc-arm-none-eabi/bin/../lib/gcc/arm-none-eabi/8.2.0/thumb/v7-a+fp/hard/crtbegin.o
 .eh_frame      0x00000000010596b8        0x4 g:/xilinx/vitis/2019.2/gnu/aarch32/nt/gcc-arm-none-eabi/bin/../lib/gcc/arm-none-eabi/8.2.0/thumb/v7-a+fp/hard/crtend.o

.eh_framehdr    0x00000000010596bc        0x0
                0x00000000010596bc                __eh_framehdr_start = .
 *(.eh_framehdr)
                0x00000000010596bc                __eh_framehdr_end = .

.gcc_except_table
 *(.gcc_except_table)

.mmu_tbl        0x000000000105c000     0x4000
                0x000000000105c000                __mmu_tbl_start = .
 *(.mmu_tbl)
 .mmu_tbl       0x000000000105c000     0x4000 C:/Users/Tom/Documents/Projects/Scopy_MVP_Platform/scopy-fpga/main/export/main/sw/main/standalone_domain/bsplib/lib\libxil.a(translation_table.o)
                0x000000000105c000                MMUTable
                0x0000000001060000                __mmu_tbl_end = .

.ARM.exidx      0x0000000001060000        0x8
                0x0000000001060000                __exidx_start = .
 *(.ARM.exidx*)
 .ARM.exidx     0x0000000001060000        0x8 g:/xilinx/vitis/2019.2/gnu/aarch32/nt/gcc-arm-none-eabi/bin/../lib/gcc/arm-none-eabi/8.2.0/thumb/v7-a+fp/hard\libgcc.a(_udivmoddi4.o)
 *(.gnu.linkonce.armexidix.*.*)
                0x0000000001060008                __exidx_end = .

.rel.dyn        0x0000000001060008        0x0
 .rel.iplt      0x0000000001060008        0x0 g:/xilinx/vitis/2019.2/gnu/aarch32/nt/gcc-arm-none-eabi/bin/../lib/gcc/arm-none-eabi/8.2.0/thumb/v7-a+fp/hard/crtbegin.o

.preinit_array  0x0000000001060008        0x0
                0x0000000001060008                __preinit_array_start = .
 *(SORT_BY_NAME(.preinit_array.*))
 *(.preinit_array)
                0x0000000001060008                __preinit_array_end = .

.init_array     0x0000000001060008        0x4
                0x0000000001060008                __init_array_start = .
 *(SORT_BY_NAME(.init_array.*))
 *(.init_array)
 .init_array    0x0000000001060008        0x4 g:/xilinx/vitis/2019.2/gnu/aarch32/nt/gcc-arm-none-eabi/bin/../lib/gcc/arm-none-eabi/8.2.0/thumb/v7-a+fp/hard/crtbegin.o
                0x000000000106000c                __init_array_end = .

.fini_array     0x000000000106000c        0x4
                0x000000000106000c                __fini_array_start = .
 *(SORT_BY_NAME(.fini_array.*))
 *(.fini_array)
 .fini_array    0x000000000106000c        0x4 g:/xilinx/vitis/2019.2/gnu/aarch32/nt/gcc-arm-none-eabi/bin/../lib/gcc/arm-none-eabi/8.2.0/thumb/v7-a+fp/hard/crtbegin.o
                0x0000000001060010                __fini_array_end = .

.ARM.attributes
                0x0000000001060010       0x33
                0x0000000001060010                __ARM.attributes_start = .
 *(.ARM.attributes)
 .ARM.attributes
                0x0000000001060010       0x1f g:/xilinx/vitis/2019.2/gnu/aarch32/nt/gcc-arm-none-eabi/bin/../lib/gcc/arm-none-eabi/8.2.0/thumb/v7-a+fp/hard/crti.o
 .ARM.attributes
                0x000000000106002f       0x33 g:/xilinx/vitis/2019.2/gnu/aarch32/nt/gcc-arm-none-eabi/bin/../lib/gcc/arm-none-eabi/8.2.0/thumb/v7-a+fp/hard/crtbegin.o
 .ARM.attributes
                0x0000000001060062       0x33 ./src/acq_hacks.o
 .ARM.attributes
                0x0000000001060095       0x33 ./src/acquire.o
 .ARM.attributes
                0x00000000010600c8       0x33 ./src/clkwiz_interface.o
 .ARM.attributes
                0x00000000010600fb       0x3d ./src/demo_norway.o
 .ARM.attributes
                0x0000000001060138       0x33 ./src/fabric_config.o
 .ARM.attributes
                0x000000000106016b       0x33 ./src/hal.o
 .ARM.attributes
                0x000000000106019e       0x33 ./src/main.o
 .ARM.attributes
                0x00000000010601d1       0x33 ./src/mipi_csi_hacks.o
 .ARM.attributes
                0x0000000001060204       0x33 ./src/platform.o
 .ARM.attributes
                0x0000000001060237       0x33 C:/Users/Tom/Documents/Projects/Scopy_MVP_Platform/scopy-fpga/main/export/main/sw/main/standalone_domain/bsplib/lib\libxil.a(xaxidma.o)
 .ARM.attributes
                0x000000000106026a       0x33 C:/Users/Tom/Documents/Projects/Scopy_MVP_Platform/scopy-fpga/main/export/main/sw/main/standalone_domain/bsplib/lib\libxil.a(xaxidma_sinit.o)
 .ARM.attributes
                0x000000000106029d       0x33 C:/Users/Tom/Documents/Projects/Scopy_MVP_Platform/scopy-fpga/main/export/main/sw/main/standalone_domain/bsplib/lib\libxil.a(xaxidma_bdring.o)
 .ARM.attributes
                0x00000000010602d0       0x3d C:/Users/Tom/Documents/Projects/Scopy_MVP_Platform/scopy-fpga/main/export/main/sw/main/standalone_domain/bsplib/lib\libxil.a(xaxidma_g.o)
 .ARM.attributes
                0x000000000106030d       0x33 C:/Users/Tom/Documents/Projects/Scopy_MVP_Platform/scopy-fpga/main/export/main/sw/main/standalone_domain/bsplib/lib\libxil.a(xclk_wiz.o)
 .ARM.attributes
                0x0000000001060340       0x33 C:/Users/Tom/Documents/Projects/Scopy_MVP_Platform/scopy-fpga/main/export/main/sw/main/standalone_domain/bsplib/lib\libxil.a(xclk_wiz_sinit.o)
 .ARM.attributes
                0x0000000001060373       0x33 C:/Users/Tom/Documents/Projects/Scopy_MVP_Platform/scopy-fpga/main/export/main/sw/main/standalone_domain/bsplib/lib\libxil.a(xgpiops.o)
 .ARM.attributes
                0x00000000010603a6       0x33 C:/Users/Tom/Documents/Projects/Scopy_MVP_Platform/scopy-fpga/main/export/main/sw/main/standalone_domain/bsplib/lib\libxil.a(xgpiops_sinit.o)
 .ARM.attributes
                0x00000000010603d9       0x33 C:/Users/Tom/Documents/Projects/Scopy_MVP_Platform/scopy-fpga/main/export/main/sw/main/standalone_domain/bsplib/lib\libxil.a(xgpiops_intr.o)
 .ARM.attributes
                0x000000000106040c       0x3d C:/Users/Tom/Documents/Projects/Scopy_MVP_Platform/scopy-fpga/main/export/main/sw/main/standalone_domain/bsplib/lib\libxil.a(xgpiops_g.o)
 .ARM.attributes
                0x0000000001060449       0x33 C:/Users/Tom/Documents/Projects/Scopy_MVP_Platform/scopy-fpga/main/export/main/sw/main/standalone_domain/bsplib/lib\libxil.a(xscugic_intr.o)
 .ARM.attributes