Archive member included to satisfy reference by file (symbol)

C:/Users/Tom/Documents/Projects/Scopy_MVP_Platform/scopy-fpga/main/export/main/sw/main/standalone_domain/bsplib/lib\libxil.a(xaxidma.o)
                              ./src/acquire.o (XAxiDma_Reset)
C:/Users/Tom/Documents/Projects/Scopy_MVP_Platform/scopy-fpga/main/export/main/sw/main/standalone_domain/bsplib/lib\libxil.a(xaxidma_sinit.o)
                              ./src/acquire.o (XAxiDma_LookupConfig)
C:/Users/Tom/Documents/Projects/Scopy_MVP_Platform/scopy-fpga/main/export/main/sw/main/standalone_domain/bsplib/lib\libxil.a(xaxidma_bdring.o)
                              C:/Users/Tom/Documents/Projects/Scopy_MVP_Platform/scopy-fpga/main/export/main/sw/main/standalone_domain/bsplib/lib\libxil.a(xaxidma.o) (XAxiDma_BdRingStart)
C:/Users/Tom/Documents/Projects/Scopy_MVP_Platform/scopy-fpga/main/export/main/sw/main/standalone_domain/bsplib/lib\libxil.a(xaxidma_g.o)
                              C:/Users/Tom/Documents/Projects/Scopy_MVP_Platform/scopy-fpga/main/export/main/sw/main/standalone_domain/bsplib/lib\libxil.a(xaxidma_sinit.o) (XAxiDma_ConfigTable)
C:/Users/Tom/Documents/Projects/Scopy_MVP_Platform/scopy-fpga/main/export/main/sw/main/standalone_domain/bsplib/lib\libxil.a(xclk_wiz.o)
                              ./src/clkwiz_interface.o (XClk_Wiz_CfgInitialize)
C:/Users/Tom/Documents/Projects/Scopy_MVP_Platform/scopy-fpga/main/export/main/sw/main/standalone_domain/bsplib/lib\libxil.a(xclk_wiz_sinit.o)
                              ./src/clkwiz_interface.o (XClk_Wiz_LookupConfig)
C:/Users/Tom/Documents/Projects/Scopy_MVP_Platform/scopy-fpga/main/export/main/sw/main/standalone_domain/bsplib/lib\libxil.a(xdmaps.o)
                              ./src/dma_gearbox.o (XDmaPs_CfgInitialize)
C:/Users/Tom/Documents/Projects/Scopy_MVP_Platform/scopy-fpga/main/export/main/sw/main/standalone_domain/bsplib/lib\libxil.a(xdmaps_sinit.o)
                              ./src/dma_gearbox.o (XDmaPs_LookupConfig)
C:/Users/Tom/Documents/Projects/Scopy_MVP_Platform/scopy-fpga/main/export/main/sw/main/standalone_domain/bsplib/lib\libxil.a(xdmaps_g.o)
                              C:/Users/Tom/Documents/Projects/Scopy_MVP_Platform/scopy-fpga/main/export/main/sw/main/standalone_domain/bsplib/lib\libxil.a(xdmaps_sinit.o) (XDmaPs_ConfigTable)
C:/Users/Tom/Documents/Projects/Scopy_MVP_Platform/scopy-fpga/main/export/main/sw/main/standalone_domain/bsplib/lib\libxil.a(xgpiops.o)
                              ./src/hal.o (XGpioPs_CfgInitialize)
C:/Users/Tom/Documents/Projects/Scopy_MVP_Platform/scopy-fpga/main/export/main/sw/main/standalone_domain/bsplib/lib\libxil.a(xgpiops_sinit.o)
                              ./src/hal.o (XGpioPs_LookupConfig)
C:/Users/Tom/Documents/Projects/Scopy_MVP_Platform/scopy-fpga/main/export/main/sw/main/standalone_domain/bsplib/lib\libxil.a(xgpiops_intr.o)
                              C:/Users/Tom/Documents/Projects/Scopy_MVP_Platform/scopy-fpga/main/export/main/sw/main/standalone_domain/bsplib/lib\libxil.a(xgpiops.o) (StubHandler)
C:/Users/Tom/Documents/Projects/Scopy_MVP_Platform/scopy-fpga/main/export/main/sw/main/standalone_domain/bsplib/lib\libxil.a(xgpiops_g.o)
                              C:/Users/Tom/Documents/Projects/Scopy_MVP_Platform/scopy-fpga/main/export/main/sw/main/standalone_domain/bsplib/lib\libxil.a(xgpiops_sinit.o) (XGpioPs_ConfigTable)
C:/Users/Tom/Documents/Projects/Scopy_MVP_Platform/scopy-fpga/main/export/main/sw/main/standalone_domain/bsplib/lib\libxil.a(xscugic_intr.o)
                              ./src/hal.o (XScuGic_InterruptHandler)
C:/Users/Tom/Documents/Projects/Scopy_MVP_Platform/scopy-fpga/main/export/main/sw/main/standalone_domain/bsplib/lib\libxil.a(xscugic.o)
                              ./src/acquire.o (XScuGic_Connect)
C:/Users/Tom/Documents/Projects/Scopy_MVP_Platform/scopy-fpga/main/export/main/sw/main/standalone_domain/bsplib/lib\libxil.a(xscugic_sinit.o)
                              ./src/hal.o (XScuGic_LookupConfig)
C:/Users/Tom/Documents/Projects/Scopy_MVP_Platform/scopy-fpga/main/export/main/sw/main/standalone_domain/bsplib/lib\libxil.a(xscutimer.o)
                              ./src/hal.o (XScuTimer_CfgInitialize)
C:/Users/Tom/Documents/Projects/Scopy_MVP_Platform/scopy-fpga/main/export/main/sw/main/standalone_domain/bsplib/lib\libxil.a(xscutimer_selftest.o)
                              ./src/hal.o (XScuTimer_SelfTest)
C:/Users/Tom/Documents/Projects/Scopy_MVP_Platform/scopy-fpga/main/export/main/sw/main/standalone_domain/bsplib/lib\libxil.a(xscutimer_sinit.o)
                              ./src/hal.o (XScuTimer_LookupConfig)
C:/Users/Tom/Documents/Projects/Scopy_MVP_Platform/scopy-fpga/main/export/main/sw/main/standalone_domain/bsplib/lib\libxil.a(xscutimer_g.o)
                              C:/Users/Tom/Documents/Projects/Scopy_MVP_Platform/scopy-fpga/main/export/main/sw/main/standalone_domain/bsplib/lib\libxil.a(xscutimer_sinit.o) (XScuTimer_ConfigTable)
[...]
Memory Configuration

Name             Origin             Length             Attributes
ps7_ram_0        0x0000000001000000 0x000000000fffffff
ocm2             0x00000000ffff0000 0x000000000000fe00
ocm1             0x0000000000000000 0x0000000000030000
*default*        0x0000000000000000 0xffffffffffffffff

Linker script and memory map

LOAD g:/xilinx/vitis/2019.2/gnu/aarch32/nt/gcc-arm-none-eabi/bin/../lib/gcc/arm-none-eabi/8.2.0/thumb/v7-a+fp/hard/crti.o
LOAD g:/xilinx/vitis/2019.2/gnu/aarch32/nt/gcc-arm-none-eabi/bin/../lib/gcc/arm-none-eabi/8.2.0/thumb/v7-a+fp/hard/crtbegin.o
                0x0000000000010000                _STACK_SIZE = DEFINED (_STACK_SIZE)?_STACK_SIZE:0x10000
                0x000000000c000000                _HEAP_SIZE = DEFINED (_HEAP_SIZE)?_HEAP_SIZE:0xc000000
                0x0000000000000400                _ABORT_STACK_SIZE = DEFINED (_ABORT_STACK_SIZE)?_ABORT_STACK_SIZE:0x400
                0x0000000000000800                _SUPERVISOR_STACK_SIZE = DEFINED (_SUPERVISOR_STACK_SIZE)?_SUPERVISOR_STACK_SIZE:0x800
                0x0000000000000400                _IRQ_STACK_SIZE = DEFINED (_IRQ_STACK_SIZE)?_IRQ_STACK_SIZE:0x400
                0x0000000000000400                _FIQ_STACK_SIZE = DEFINED (_FIQ_STACK_SIZE)?_FIQ_STACK_SIZE:0x400
                0x0000000000000400                _UNDEF_STACK_SIZE = DEFINED (_UNDEF_STACK_SIZE)?_UNDEF_STACK_SIZE:0x400

.text           0x0000000001000000    0x13e64
 *(.vectors)
 .vectors       0x0000000001000000      0x12c C:/Users/Tom/Documents/Projects/Scopy_MVP_Platform/scopy-fpga/main/export/main/sw/main/standalone_domain/bsplib/lib\libxil.a(asm_vectors.o)
                0x0000000001000000                _vector_table
 *(.boot)
 .boot          0x000000000100012c      0x3b0 C:/Users/Tom/Documents/Projects/Scopy_MVP_Platform/scopy-fpga/main/export/main/sw/main/standalone_domain/bsplib/lib\libxil.a(boot.o)
                0x000000000100012c                _prestart
                0x000000000100012c                _boot
 *(.text)
 .text          0x00000000010004dc        0x0 g:/xilinx/vitis/2019.2/gnu/aarch32/nt/gcc-arm-none-eabi/bin/../lib/gcc/arm-none-eabi/8.2.0/thumb/v7-a+fp/hard/crti.o
 .text          0x00000000010004dc       0xa8 g:/xilinx/vitis/2019.2/gnu/aarch32/nt/gcc-arm-none-eabi/bin/../lib/gcc/arm-none-eabi/8.2.0/thumb/v7-a+fp/hard/crtbegin.o
 .text          0x0000000001000584      0x194 ./src/acq_hacks.o
                0x0000000001000584                acq_hacks_init
                0x0000000001000588                acq_hacks_run
 .text          0x0000000001000718     0x1f40 ./src/acquire.o
                0x0000000001000718                _acq_irq_error_dma
                0x0000000001000754                _acq_reset_PL_fifo
                0x00000000010007d8                _acq_reset_trigger
                0x000000000100083c                _acq_wait_for_ndone
                0x0000000001000854                acq_init
                0x0000000001000b50                acq_get_next_alloc
                0x0000000001000c08                acq_append_next_alloc
                0x0000000001000d40                acq_free_all_alloc
                0x0000000001000d8c                acq_prepare_triggered
                0x000000000100117c                acq_start
                0x000000000100132c                _acq_irq_rx_handler
                0x0000000001001ad4                acq_is_done
                0x0000000001001af0                acq_force_stop
                0x0000000001001b60                acq_debug_dump
                0x00000000010020b0                acq_debug_dump_waveraw
                0x0000000001002150                acq_get_ll_pointer
                0x00000000010021b8                acq_debug_dump_wave
                0x0000000001002490                acq_copy_slow_mipi
 .text          0x0000000001002658      0x6c8 ./src/clkwiz_interface.o
                0x0000000001002658                clkwiz_init
                0x0000000001002724                clkwiz_change_mipi_freq
                0x0000000001002a14                clkwiz_dump_state
                0x0000000001002c8c                clkwiz_commit
 .text          0x0000000001002d20      0x3f4 ./src/dma_gearbox.o
                0x0000000001002d20                dma_gearbox_init
                0x0000000001002dac                dma_gearbox_setup_copy
                0x0000000001003080                dma_gearbox_execute
                0x00000000010030f4                dma_gearbox_is_done
 .text          0x0000000001003114      0x714 ./src/fabric_config.o
                0x0000000001003130                fabcfg_init
                0x00000000010036a8                fabcfg_read
                0x00000000010036dc                fabcfg_write
                0x00000000010036f8                fabcfg_commit
                0x000000000100378c                fabcfg_fastcfg_start
                0x00000000010037f4                fabcfg_fastcfg_wait
 .text          0x0000000001003828      0xe30 ./src/hal.o
                0x0000000001003828                irq_xscutimer
                0x0000000001003ae8                d_xilinx_assert
                0x0000000001003b00                bogo_calibrate
                0x0000000001003ca8                bogo_delay
                0x0000000001003d0c                gpio_led_write
                0x0000000001003d40                d_printf
                0x0000000001003f18                hal_init
                0x00000000010043e8                d_waitkey
                0x00000000010043f4                d_iskeypress
                0x0000000001004414                d_read_global_timer
                0x000000000100443c                d_start_timing
                0x00000000010044ac                d_stop_timing
                0x000000000100452c                d_read_timing
                0x0000000001004550                d_read_timing_us
                0x00000000010045c8                d_dump_timing
                0x0000000001004648                d_dump_timing_ex
 .text          0x0000000001004658        0x0 ./src/main.o
 .text          0x0000000001004658      0x750 ./src/mipi_csi.o
                0x0000000001004658                mcsi_init
                0x0000000001004678                mcsi_setup_transfer_by_id
                0x0000000001004728                mcsi_setup_multi_transfer_by_id
                0x000000000100482c                mcsi_start
                0x0000000001004884                _mcsi_tx_memcpy
                0x0000000001004aa4                mcsi_tick
                0x0000000001004d1c                _mcsi_tx_memcpy_assist_bounded
 .text          0x0000000001004da8      0x49c ./src/mipi_csi_hacks.o
                0x0000000001004da8                csi_hack_init
                0x0000000001004e60                csi_hack_start_frame
                0x0000000001004f28                csi_hack_stop_frame
                0x0000000001004f84                csi_hack_send_line_data
                0x0000000001004ff0                csi_hack_run
 .text          0x0000000001005244       0x14 ./src/platform.o
                0x0000000001005244                enable_caches
                0x0000000001005248                disable_caches
                0x000000000100524c                init_uart
                0x0000000001005250                init_platform
                0x0000000001005254                cleanup_platform
 .text          0x0000000001005258      0x838 C:/Users/Tom/Documents/Projects/Scopy_MVP_Platform/scopy-fpga/main/export/main/sw/main/standalone_domain/bsplib/lib\libxil.a(xaxidma.o)
                0x0000000001005258                XAxiDma_Reset
                0x000000000100536c                XAxiDma_ResetIsDone
                0x00000000010053b8                XAxiDma_CfgInitialize
                0x00000000010055ec                XAxiDma_Pause
                0x0000000001005698                XAxiDma_Resume
                0x00000000010058b4                XAxiDma_Busy
                0x00000000010058d0                XAxiDma_SelectKeyHole
                0x00000000010058f8                XAxiDma_SelectCyclicMode
                0x0000000001005920                XAxiDma_SimpleTransfer
 .text          0x0000000001005a90       0x38 C:/Users/Tom/Documents/Projects/Scopy_MVP_Platform/scopy-fpga/main/export/main/sw/main/standalone_domain/bsplib/lib\libxil.a(xaxidma_sinit.o)
                0x0000000001005a90                XAxiDma_LookupConfig
                0x0000000001005aac                XAxiDma_LookupConfigBaseAddr
 .text          0x0000000001005ac8      0xd6c C:/Users/Tom/Documents/Projects/Scopy_MVP_Platform/scopy-fpga/main/export/main/sw/main/standalone_domain/bsplib/lib\libxil.a(xaxidma_bdring.o)
                0x0000000001005ac8                XAxiDma_UpdateBdRingCDesc
                0x0000000001005c3c                XAxiDma_BdRingCreate
                0x0000000001005dd8                XAxiDma_BdRingClone
                0x0000000001005edc                XAxiDma_StartBdRingHw
                0x0000000001006008                XAxiDma_BdRingStart
                0x0000000001006028                XAxiDma_BdRingSetCoalesce
                0x0000000001006074                XAxiDma_BdRingGetCoalesce
                0x0000000001006090                XAxiDma_BdRingAlloc
                0x0000000001006118                XAxiDma_BdRingUnAlloc
                0x00000000010061c8                XAxiDma_BdRingToHw
                0x0000000001006414                XAxiDma_BdRingFromHw
                0x0000000001006568                XAxiDma_BdRingFree
                0x00000000010065fc                XAxiDma_BdRingCheck
                0x000000000100677c                XAxiDma_BdRingDumpRegs
 .text          0x0000000001006834        0x0 C:/Users/Tom/Documents/Projects/Scopy_MVP_Platform/scopy-fpga/main/export/main/sw/main/standalone_domain/bsplib/lib\libxil.a(xaxidma_g.o)
 .text          0x0000000001006834      0x150 C:/Users/Tom/Documents/Projects/Scopy_MVP_Platform/scopy-fpga/main/export/main/sw/main/standalone_domain/bsplib/lib\libxil.a(xclk_wiz.o)
                0x000000000100685c                XClk_Wiz_CfgInitialize
                0x0000000001006924                XClk_Wiz_GetInterruptSettings
 .text          0x0000000001006984       0x1c C:/Users/Tom/Documents/Projects/Scopy_MVP_Platform/scopy-fpga/main/export/main/sw/main/standalone_domain/bsplib/lib\libxil.a(xclk_wiz_sinit.o)
                0x0000000001006984                XClk_Wiz_LookupConfig
 .text          0x00000000010069a0     0x1240 C:/Users/Tom/Documents/Projects/Scopy_MVP_Platform/scopy-fpga/main/export/main/sw/main/standalone_domain/bsplib/lib\libxil.a(xdmaps.o)
                0x0000000001006b28                XDmaPs_CfgInitialize
                0x0000000001006c04                XDmaPs_ResetManager
                0x0000000001006c14                XDmaPs_ResetChannel
                0x0000000001006c20                XDmaPs_FaultISR
                0x0000000001006d4c                XDmaPs_SetDoneHandler
                0x0000000001006db8                XDmaPs_SetFaultHandler
                0x0000000001006e0c                XDmaPs_Instr_DMARMB
                0x0000000001006e1c                XDmaPs_Instr_DMAWMB
                0x0000000001006e2c                XDmaPs_ToCCRValue
                0x0000000001006fd4                XDmaPs_ConstructSingleLoop
                0x0000000001007074                XDmaPs_ConstructNestedLoop
                0x000000000100717c                XDmaPs_GenDmaProg
                0x0000000001007768                XDmaPs_FreeDmaProg
                0x0000000001007820                XDmaPs_Start
                0x0000000001007a64                XDmaPs_IsActive
                0x0000000001007ac8                XDmaPs_DoneISR_0
                0x0000000001007ad0                XDmaPs_DoneISR_1
                0x0000000001007ad8                XDmaPs_DoneISR_2
                0x0000000001007ae0                XDmaPs_DoneISR_3
                0x0000000001007ae8                XDmaPs_DoneISR_4
                0x0000000001007af0                XDmaPs_DoneISR_5
                0x0000000001007af8                XDmaPs_DoneISR_6
                0x0000000001007b00                XDmaPs_DoneISR_7
                0x0000000001007b08                XDmaPs_Print_DmaProg
 .text          0x0000000001007be0       0x30 C:/Users/Tom/Documents/Projects/Scopy_MVP_Platform/scopy-fpga/main/export/main/sw/main/standalone_domain/bsplib/lib\libxil.a(xdmaps_sinit.o)
                0x0000000001007be0                XDmaPs_LookupConfig
 .text          0x0000000001007c10        0x0 C:/Users/Tom/Documents/Projects/Scopy_MVP_Platform/scopy-fpga/main/export/main/sw/main/standalone_domain/bsplib/lib\libxil.a(xdmaps_g.o)
 .text          0x0000000001007c10      0xcd8 C:/Users/Tom/Documents/Projects/Scopy_MVP_Platform/scopy-fpga/main/export/main/sw/main/standalone_domain/bsplib/lib\libxil.a(xgpiops.o)
                0x0000000001007c10                XGpioPs_CfgInitialize
                0x0000000001007d8c                XGpioPs_Read
                0x0000000001007e40                XGpioPs_Write
                0x0000000001007ee8                XGpioPs_SetDirection
                0x0000000001007f94                XGpioPs_GetDirection
                0x000000000100804c                XGpioPs_SetOutputEnable
                0x00000000010080f8                XGpioPs_GetOutputEnable
                0x00000000010081b0                XGpioPs_GetBankPin
                0x00000000010082ec                XGpioPs_ReadPin
                0x00000000010083d0                XGpioPs_WritePin
                0x00000000010084d0                XGpioPs_SetDirectionPin
                0x00000000010085f4                XGpioPs_GetDirectionPin
                0x00000000010086dc                XGpioPs_SetOutputEnablePin
                0x0000000001008800                XGpioPs_GetOutputEnablePin
 .text          0x00000000010088e8       0x1c C:/Users/Tom/Documents/Projects/Scopy_MVP_Platform/scopy-fpga/main/export/main/sw/main/standalone_domain/bsplib/lib\libxil.a(xgpiops_sinit.o)
                0x00000000010088e8                XGpioPs_LookupConfig
 .text          0x0000000001008904      0xdd4 C:/Users/Tom/Documents/Projects/Scopy_MVP_Platform/scopy-fpga/main/export/main/sw/main/standalone_domain/bsplib/lib\libxil.a(xgpiops_intr.o)
                0x0000000001008904                XGpioPs_IntrEnable
                0x00000000010089b0                XGpioPs_IntrEnablePin
                0x0000000001008a8c                XGpioPs_IntrDisable
                0x0000000001008b38                XGpioPs_IntrDisablePin
                0x0000000001008c14                XGpioPs_IntrGetEnabled
                0x0000000001008cd0                XGpioPs_IntrGetEnabledPin
                0x0000000001008db8                XGpioPs_IntrGetStatus
                0x0000000001008e70                XGpioPs_IntrGetStatusPin
                0x0000000001008f58                XGpioPs_IntrClear
                0x0000000001009004                XGpioPs_IntrClearPin
                0x00000000010090e4                XGpioPs_SetIntrType
                0x00000000010091ac                XGpioPs_GetIntrType
                0x0000000001009280                XGpioPs_SetIntrTypePin
                0x0000000001009420                XGpioPs_GetIntrTypePin
                0x000000000100952c                XGpioPs_SetCallbackHandler
                0x00000000010095cc                XGpioPs_IntrHandler
                0x00000000010096b0                StubHandler
 .text          0x00000000010096d8        0x0 C:/Users/Tom/Documents/Projects/Scopy_MVP_Platform/scopy-fpga/main/export/main/sw/main/standalone_domain/bsplib/lib\libxil.a(xgpiops_g.o)
 .text          0x00000000010096d8       0x78 C:/Users/Tom/Documents/Projects/Scopy_MVP_Platform/scopy-fpga/main/export/main/sw/main/standalone_domain/bsplib/lib\libxil.a(xscugic_intr.o)
                0x00000000010096d8                XScuGic_InterruptHandler
 .text          0x0000000001009750      0xaf4 C:/Users/Tom/Documents/Projects/Scopy_MVP_Platform/scopy-fpga/main/export/main/sw/main/standalone_domain/bsplib/lib\libxil.a(xscugic.o)
                0x00000000010097a0                XScuGic_Connect
                0x0000000001009874                XScuGic_Disconnect
                0x0000000001009940                XScuGic_SoftwareIntr
                0x0000000001009a24                XScuGic_SetPriorityTriggerType
                0x0000000001009b5c                XScuGic_GetPriorityTriggerType
                0x0000000001009c88                XScuGic_InterruptMaptoCpu
                0x0000000001009cfc                XScuGic_Enable
                0x0000000001009dd0                XScuGic_InterruptUnmapFromCpu
                0x0000000001009e44                XScuGic_Disable
                0x0000000001009f18                XScuGic_UnmapAllInterruptsFromCpu
                0x0000000001009f94                XScuGic_Stop
                0x000000000100a070                XScuGic_CfgInitialize
                0x000000000100a1e4                XScuGic_SetCpuID
                0x000000000100a234                XScuGic_GetCpuID
 .text          0x000000000100a244       0x1c C:/Users/Tom/Documents/Projects/Scopy_MVP_Platform/scopy-fpga/main/export/main/sw/main/standalone_domain/bsplib/lib\libxil.a(xscugic_sinit.o)
                0x000000000100a244                XScuGic_LookupConfig
 .text          0x000000000100a260      0x2d8 C:/Users/Tom/Documents/Projects/Scopy_MVP_Platform/scopy-fpga/main/export/main/sw/main/standalone_domain/bsplib/lib\libxil.a(xscutimer.o)
                0x000000000100a260                XScuTimer_CfgInitialize
                0x000000000100a310                XScuTimer_Start
                0x000000000100a3a0                XScuTimer_Stop
                0x000000000100a428                XScuTimer_SetPrescaler
                0x000000000100a4b0                XScuTimer_GetPrescaler
 .text          0x000000000100a538       0xbc C:/Users/Tom/Documents/Projects/Scopy_MVP_Platform/scopy-fpga/main/export/main/sw/main/standalone_domain/bsplib/lib\libxil.a(xscutimer_selftest.o)
                0x000000000100a538                XScuTimer_SelfTest
 .text          0x000000000100a5f4       0x1c C:/Users/Tom/Documents/Projects/Scopy_MVP_Platform/scopy-fpga/main/export/main/sw/main/standalone_domain/bsplib/lib\libxil.a(xscutimer_sinit.o)
                0x000000000100a5f4                XScuTimer_LookupConfig
 .text          0x000000000100a610        0x0 C:/Users/Tom/Documents/Projects/Scopy_MVP_Platform/scopy-fpga/main/export/main/sw/main/standalone_domain/bsplib/lib\libxil.a(xscutimer_g.o)
 .text          0x000000000100a610       0x70 C:/Users/Tom/Documents/Projects/Scopy_MVP_Platform/scopy-fpga/main/export/main/sw/main/standalone_domain/bsplib/lib\libxil.a(xil_assert.o)
                0x000000000100a610                Xil_Assert
                0x000000000100a66c                Xil_AssertSetCallback
                0x000000000100a67c                XNullHandler
 .text          0x000000000100a680       0x28 C:/Users/Tom/Documents/Projects/Scopy_MVP_Platform/scopy-fpga/main/export/main/sw/main/standalone_domain/bsplib/lib\libxil.a(print.o)
                0x000000000100a680                print
 .text          0x000000000100a6a8      0x96c C:/Users/Tom/Documents/Projects/Scopy_MVP_Platform/scopy-fpga/main/export/main/sw/main/standalone_domain/bsplib/lib\libxil.a(xil_cache.o)
                0x000000000100a6a8                Xil_DCacheInvalidateLine
                0x000000000100a6e0                Xil_DCacheInvalidateRange
                0x000000000100a7c8                Xil_DCacheFlushLine
                0x000000000100a814                Xil_DCacheFlushRange
                0x000000000100a868                Xil_DCacheStoreLine
                0x000000000100a8a0                Xil_ICacheInvalidateLine
                0x000000000100a8d8                Xil_ICacheInvalidateRange
                0x000000000100a930                Xil_L1DCacheInvalidate
                0x000000000100a9e4                Xil_L1DCacheEnable
                0x000000000100aa04                Xil_L1DCacheInvalidateLine
                0x000000000100aa1c                Xil_L1DCacheInvalidateRange
                0x000000000100aa64                Xil_L1DCacheFlush
                0x000000000100aaf0                Xil_L1DCacheDisable
                0x000000000100ab08                Xil_DCacheFlush
                0x000000000100ab64                Xil_L1DCacheFlushLine
                0x000000000100ab7c                Xil_L1DCacheFlushRange
                0x000000000100abc4                Xil_L1DCacheStoreLine
                0x000000000100abdc                Xil_L1ICacheEnable
                0x000000000100abf8                Xil_L1ICacheDisable
                0x000000000100ac14                Xil_L1ICacheInvalidate
                0x000000000100ac2c                Xil_L1ICacheInvalidateLine
                0x000000000100ac44                Xil_L1ICacheInvalidateRange
                0x000000000100ac8c                Xil_L2CacheDisable
                0x000000000100ad00                Xil_DCacheDisable
                0x000000000100ad1c                Xil_ICacheDisable
                0x000000000100ad40                Xil_L2CacheInvalidate
                0x000000000100adac                Xil_DCacheInvalidate
                0x000000000100adcc                Xil_ICacheInvalidate
                0x000000000100ae54                Xil_L2CacheEnable
                0x000000000100ae6c                Xil_DCacheEnable
                0x000000000100ae90                Xil_ICacheEnable
                0x000000000100aec0                Xil_L2CacheInvalidateLine
                0x000000000100aed4                Xil_L2CacheInvalidateRange
                0x000000000100af3c                Xil_L2CacheFlush
                0x000000000100af80                Xil_L2CacheFlushLine
                0x000000000100af98                Xil_L2CacheFlushRange
                0x000000000100b000                Xil_L2CacheStoreLine
 .text          0x000000000100b014       0x10 C:/Users/Tom/Documents/Projects/Scopy_MVP_Platform/scopy-fpga/main/export/main/sw/main/standalone_domain/bsplib/lib\libxil.a(outbyte.o)
                0x000000000100b014                outbyte
 .text          0x000000000100b024        0x8 C:/Users/Tom/Documents/Projects/Scopy_MVP_Platform/scopy-fpga/main/export/main/sw/main/standalone_domain/bsplib/lib\libxil.a(xplatform_info.o)
                0x000000000100b024                XGetPlatform_Info
 .text          0x000000000100b02c      0x6c0 C:/Users/Tom/Documents/Projects/Scopy_MVP_Platform/scopy-fpga/main/export/main/sw/main/standalone_domain/bsplib/lib\libxil.a(xil_printf.o)
                0x000000000100b260                xil_printf
 .text          0x000000000100b6ec       0x70 C:/Users/Tom/Documents/Projects/Scopy_MVP_Platform/scopy-fpga/main/export/main/sw/main/standalone_domain/bsplib/lib\libxil.a(xil_exception.o)
                0x000000000100b6f0                Xil_DataAbortHandler
                0x000000000100b6f4                Xil_PrefetchAbortHandler
                0x000000000100b6f8                Xil_UndefinedExceptionHandler
                0x000000000100b6fc                Xil_ExceptionInit
                0x000000000100b700                Xil_ExceptionRegisterHandler
                0x000000000100b718                Xil_GetExceptionRegisterHandler
                0x000000000100b738                Xil_ExceptionRemoveHandler
 .text          0x000000000100b75c        0x0 C:/Users/Tom/Documents/Projects/Scopy_MVP_Platform/scopy-fpga/main/export/main/sw/main/standalone_domain/bsplib/lib\libxil.a(asm_vectors.o)
 .text          0x000000000100b75c       0x88 C:/Users/Tom/Documents/Projects/Scopy_MVP_Platform/scopy-fpga/main/export/main/sw/main/standalone_domain/bsplib/lib\libxil.a(xuartps_hw.o)
                0x000000000100b75c                XUartPs_SendByte
                0x000000000100b774                XUartPs_RecvByte
                0x000000000100b790                XUartPs_ResetHw
 .text          0x000000000100b7e4        0x0 C:/Users/Tom/Documents/Projects/Scopy_MVP_Platform/scopy-fpga/main/export/main/sw/main/standalone_domain/bsplib/lib\libxil.a(xclk_wiz_g.o)
 .text          0x000000000100b7e4        0x0 C:/Users/Tom/Documents/Projects/Scopy_MVP_Platform/scopy-fpga/main/export/main/sw/main/standalone_domain/bsplib/lib\libxil.a(xscugic_g.o)
 .text          0x000000000100b7e4       0x78 C:/Users/Tom/Documents/Projects/Scopy_MVP_Platform/scopy-fpga/main/export/main/sw/main/standalone_domain/bsplib/lib\libxil.a(vectors.o)
                0x000000000100b7e4                FIQInterrupt
                0x000000000100b7f8                IRQInterrupt
                0x000000000100b80c                UndefinedException
                0x000000000100b820                SWInterrupt
                0x000000000100b834                DataAbortInterrupt
                0x000000000100b848                PrefetchAbortInterrupt
 .text          0x000000000100b85c        0x0 C:/Users/Tom/Documents/Projects/Scopy_MVP_Platform/scopy-fpga/main/export/main/sw/main/standalone_domain/bsplib/lib\libxil.a(boot.o)
 .text          0x000000000100b85c       0x78 C:/Users/Tom/Documents/Projects/Scopy_MVP_Platform/scopy-fpga/main/export/main/sw/main/standalone_domain/bsplib/lib\libxil.a(xil-crt0.o)
                0x000000000100b870                _start
 .text          0x000000000100b8d4        0x0 C:/Users/Tom/Documents/Projects/Scopy_MVP_Platform/scopy-fpga/main/export/main/sw/main/standalone_domain/bsplib/lib\libxil.a(translation_table.o)
 .text          0x000000000100b8d4       0x3c C:/Users/Tom/Documents/Projects/Scopy_MVP_Platform/scopy-fpga/main/export/main/sw/main/standalone_domain/bsplib/lib\libxil.a(cpu_init.o)
                0x000000000100b8d4                __cpu_init
 .text          0x000000000100b910       0x4c C:/Users/Tom/Documents/Projects/Scopy_MVP_Platform/scopy-fpga/main/export/main/sw/main/standalone_domain/bsplib/lib\libxil.a(xtime_l.o)
                0x000000000100b910                XTime_SetTime
                0x000000000100b934                XTime_GetTime
 *fill*         0x000000000100b95c        0x4 
 .text          0x000000000100b960      0x278 g:/xilinx/vitis/2019.2/gnu/aarch32/nt/gcc-arm-none-eabi/bin/../lib/gcc/arm-none-eabi/8.2.0/thumb/v7-a+fp/hard\libgcc.a(_udivsi3.o)
                0x000000000100b960                __aeabi_uidiv
                0x000000000100b960                __udivsi3
                0x000000000100bbbc                __aeabi_uidivmod
 .text          0x000000000100bbd8      0x2b0 g:/xilinx/vitis/2019.2/gnu/aarch32/nt/gcc-arm-none-eabi/bin/../lib/gcc/arm-none-eabi/8.2.0/thumb/v7-a+fp/hard\libgcc.a(_divsi3.o)
                0x000000000100bbd8                __divsi3
                0x000000000100bbd8                __aeabi_idiv
                0x000000000100be6c                __aeabi_idivmod
 .text          0x000000000100be88        0x4 g:/xilinx/vitis/2019.2/gnu/aarch32/nt/gcc-arm-none-eabi/bin/../lib/gcc/arm-none-eabi/8.2.0/thumb/v7-a+fp/hard\libgcc.a(_dvmd_tls.o)
                0x000000000100be88                __aeabi_idiv0
                0x000000000100be88                __aeabi_ldiv0
 .text          0x000000000100be8c      0x378 g:/xilinx/vitis/2019.2/gnu/aarch32/nt/gcc-arm-none-eabi/bin/../lib/gcc/arm-none-eabi/8.2.0/thumb/v7-a+fp/hard\libgcc.a(_arm_addsubdf3.o)
                0x000000000100be8c                __aeabi_drsub
                0x000000000100be94                __aeabi_dsub
                0x000000000100be94                __subdf3
                0x000000000100be98                __aeabi_dadd
                0x000000000100be98                __adddf3
                0x000000000100c110                __floatunsidf
                0x000000000100c110                __aeabi_ui2d
                0x000000000100c130                __floatsidf
                0x000000000100c130                __aeabi_i2d
                0x000000000100c154                __aeabi_f2d
                0x000000000100c154                __extendsfdf2
                0x000000000100c198                __floatundidf
                0x000000000100c198                __aeabi_ul2d
                0x000000000100c1a8                __floatdidf
                0x000000000100c1a8                __aeabi_l2d
 .text          0x000000000100c204      0x21c g:/xilinx/vitis/2019.2/gnu/aarch32/nt/gcc-arm-none-eabi/bin/../lib/gcc/arm-none-eabi/8.2.0/thumb/v7-a+fp/hard\libgcc.a(_arm_addsubsf3.o)
                0x000000000100c204                __aeabi_frsub
                0x000000000100c20c                __subsf3
                0x000000000100c20c                __aeabi_fsub
                0x000000000100c210                __aeabi_fadd
                0x000000000100c210                __addsf3
                0x000000000100c370                __aeabi_ui2f
                0x000000000100c370                __floatunsisf
                0x000000000100c378                __aeabi_i2f
                0x000000000100c378                __floatsisf
                0x000000000100c394                __aeabi_ul2f
                0x000000000100c394                __floatundisf
                0x000000000100c3a4                __aeabi_l2f
                0x000000000100c3a4                __floatdisf
 .text          0x000000000100c420       0x30 g:/xilinx/vitis/2019.2/gnu/aarch32/nt/gcc-arm-none-eabi/bin/../lib/gcc/arm-none-eabi/8.2.0/thumb/v7-a+fp/hard\libgcc.a(_aeabi_uldivmod.o)
                0x000000000100c420                __aeabi_uldivmod
 .text          0x000000000100c450       0x40 g:/xilinx/vitis/2019.2/gnu/aarch32/nt/gcc-arm-none-eabi/bin/../lib/gcc/arm-none-eabi/8.2.0/thumb/v7-a+fp/hard\libgcc.a(_fixunssfdi.o)
                0x000000000100c450                __fixunssfdi
                0x000000000100c450                __aeabi_f2ulz
 .text          0x000000000100c490       0x40 g:/xilinx/vitis/2019.2/gnu/aarch32/nt/gcc-arm-none-eabi/bin/../lib/gcc/arm-none-eabi/8.2.0/thumb/v7-a+fp/hard\libgcc.a(_fixunsdfdi.o)
                0x000000000100c490                __fixunsdfdi
                0x000000000100c490                __aeabi_d2ulz
 .text          0x000000000100c4d0      0x118 g:/xilinx/vitis/2019.2/gnu/aarch32/nt/gcc-arm-none-eabi/bin/../lib/gcc/arm-none-eabi/8.2.0/thumb/v7-a+fp/hard\libgcc.a(_udivmoddi4.o)
                0x000000000100c4d0                __udivmoddi4
 .text          0x000000000100c5e8       0x20 g:/xilinx/vitis/2019.2/gnu/aarch32/nt/gcc-arm-none-eabi/bin/../arm-none-eabi/libc/usr/lib/thumb/v7-a+fp/hard\libc.a(lib_a-exit.o)
                0x000000000100c5e8                exit
 .text          0x000000000100c608       0x30 g:/xilinx/vitis/2019.2/gnu/aarch32/nt/gcc-arm-none-eabi/bin/../arm-none-eabi/libc/usr/lib/thumb/v7-a+fp/hard\libc.a(lib_a-fini.o)
                0x000000000100c608                __libc_fini_array
 .text          0x000000000100c638        0x0 g:/xilinx/vitis/2019.2/gnu/aarch32/nt/gcc-arm-none-eabi/bin/../arm-none-eabi/libc/usr/lib/thumb/v7-a+fp/hard\libc.a(lib_a-impure.o)
 .text          0x000000000100c638       0x50 g:/xilinx/vitis/2019.2/gnu/aarch32/nt/gcc-arm-none-eabi/bin/../arm-none-eabi/libc/usr/lib/thumb/v7-a+fp/hard\libc.a(lib_a-init.o)
                0x000000000100c638                __libc_init_array
 .text          0x000000000100c688      0x9e0 g:/xilinx/vitis/2019.2/gnu/aarch32/nt/gcc-arm-none-eabi/bin/../arm-none-eabi/libc/usr/lib/thumb/v7-a+fp/hard\libc.a(lib_a-locale.o)
                0x000000000100c6f4                __loadlocale
                0x000000000100cd74                __get_locale_env
                0x000000000100cdc8                _setlocale_r
                0x000000000100d00c                __locale_mb_cur_max
                0x000000000100d02c                __locale_ctype_ptr_l
                0x000000000100d034                __locale_ctype_ptr
                0x000000000100d054                setlocale
 .text          0x000000000100d068       0x14 g:/xilinx/vitis/2019.2/gnu/aarch32/nt/gcc-arm-none-eabi/bin/../arm-none-eabi/libc/usr/lib/thumb/v7-a+fp/hard\libc.a(lib_a-malign.o)
                0x000000000100d068                memalign
 .text          0x000000000100d07c       0xf4 g:/xilinx/vitis/2019.2/gnu/aarch32/nt/gcc-arm-none-eabi/bin/../arm-none-eabi/libc/usr/lib/thumb/v7-a+fp/hard\libc.a(lib_a-malignr.o)
                0x000000000100d07c                _memalign_r
 .text          0x000000000100d170       0x20 g:/xilinx/vitis/2019.2/gnu/aarch32/nt/gcc-arm-none-eabi/bin/../arm-none-eabi/libc/usr/lib/thumb/v7-a+fp/hard\libc.a(lib_a-malloc.o)
                0x000000000100d170                malloc
                0x000000000100d180                free
 .text          0x000000000100d190      0x564 g:/xilinx/vitis/2019.2/gnu/aarch32/nt/gcc-arm-none-eabi/bin/../arm-none-eabi/libc/usr/lib/thumb/v7-a+fp/hard\libc.a(lib_a-mallocr.o)
                0x000000000100d190                _malloc_r
 .text          0x000000000100d6f4      0x4b8 g:/xilinx/vitis/2019.2/gnu/aarch32/nt/gcc-arm-none-eabi/bin/../arm-none-eabi/libc/usr/lib/thumb/v7-a+fp/hard\libc.a(lib_a-mbtowc_r.o)
                0x000000000100d6f4                _mbtowc_r
                0x000000000100d71c                __ascii_mbtowc
                0x000000000100d740                __utf8_mbtowc
                0x000000000100d948                __sjis_mbtowc
                0x000000000100d9cc                __eucjp_mbtowc
                0x000000000100da84                __jis_mbtowc
 *fill*         0x000000000100dbac       0x14 
 .text          0x000000000100dbc0      0x5e0 g:/xilinx/vitis/2019.2/gnu/aarch32/nt/gcc-arm-none-eabi/bin/../arm-none-eabi/libc/usr/lib/thumb/v7-a+fp/hard\libc.a(lib_a-memcpy.o)
                0x000000000100dbc0                memcpy
 .text          0x000000000100e1a0       0xa0 g:/xilinx/vitis/2019.2/gnu/aarch32/nt/gcc-arm-none-eabi/bin/../arm-none-eabi/libc/usr/lib/thumb/v7-a+fp/hard\libc.a(lib_a-memset.o)
                0x000000000100e1a0                memset
 .text          0x000000000100e240        0x8 g:/xilinx/vitis/2019.2/gnu/aarch32/nt/gcc-arm-none-eabi/bin/../arm-none-eabi/libc/usr/lib/thumb/v7-a+fp/hard\libc.a(lib_a-mlock.o)
                0x000000000100e240                __malloc_lock
                0x000000000100e244                __malloc_unlock
 .text          0x000000000100e248       0x28 g:/xilinx/vitis/2019.2/gnu/aarch32/nt/gcc-arm-none-eabi/bin/../arm-none-eabi/libc/usr/lib/thumb/v7-a+fp/hard\libc.a(lib_a-sbrkr.o)
                0x000000000100e248                _sbrk_r
 .text          0x000000000100e270      0x114 g:/xilinx/vitis/2019.2/gnu/aarch32/nt/gcc-arm-none-eabi/bin/../arm-none-eabi/libc/usr/lib/thumb/v7-a+fp/hard\libc.a(lib_a-snprintf.o)
                0x000000000100e270                _snprintf_r
                0x000000000100e2f4                snprintf
 .text          0x000000000100e384       0x44 g:/xilinx/vitis/2019.2/gnu/aarch32/nt/gcc-arm-none-eabi/bin/../arm-none-eabi/libc/usr/lib/thumb/v7-a+fp/hard\libc.a(lib_a-strcasecmp.o)
                0x000000000100e384                strcasecmp
 .text          0x000000000100e3c8       0x40 g:/xilinx/vitis/2019.2/gnu/aarch32/nt/gcc-arm-none-eabi/bin/../arm-none-eabi/libc/usr/lib/thumb/v7-a+fp/hard\libc.a(lib_a-strcat.o)
                0x000000000100e3c8                strcat
 .text          0x000000000100e408       0xe4 g:/xilinx/vitis/2019.2/gnu/aarch32/nt/gcc-arm-none-eabi/bin/../arm-none-eabi/libc/usr/lib/thumb/v7-a+fp/hard\libc.a(lib_a-strchr.o)
                0x000000000100e408                strchr
 *fill*         0x000000000100e4ec       0x14 
 .text          0x000000000100e500      0x2dc g:/xilinx/vitis/2019.2/gnu/aarch32/nt/gcc-arm-none-eabi/bin/../arm-none-eabi/libc/usr/lib/thumb/v7-a+fp/hard\libc.a(lib_a-strcmp.o)
                0x000000000100e508                strcmp
 .text          0x000000000100e7dc       0xc4 g:/xilinx/vitis/2019.2/gnu/aarch32/nt/gcc-arm-none-eabi/bin/../arm-none-eabi/libc/usr/lib/thumb/v7-a+fp/hard\libc.a(lib_a-strcpy.o)
                0x000000000100e7dc                strcpy
 .text          0x000000000100e8a0       0x58 g:/xilinx/vitis/2019.2/gnu/aarch32/nt/gcc-arm-none-eabi/bin/../arm-none-eabi/libc/usr/lib/thumb/v7-a+fp/hard\libc.a(lib_a-strlcpy.o)
                0x000000000100e8a0                strlcpy
 *fill*         0x000000000100e8f8        0x8 
 .text          0x000000000100e900       0xdc g:/xilinx/vitis/2019.2/gnu/aarch32/nt/gcc-arm-none-eabi/bin/../arm-none-eabi/libc/usr/lib/thumb/v7-a+fp/hard\libc.a(lib_a-strlen.o)
                0x000000000100e900                strlen
 .text          0x000000000100e9dc       0x5c g:/xilinx/vitis/2019.2/gnu/aarch32/nt/gcc-arm-none-eabi/bin/../arm-none-eabi/libc/usr/lib/thumb/v7-a+fp/hard\libc.a(lib_a-strncasecmp.o)
                0x000000000100e9dc                strncasecmp
 .text          0x000000000100ea38       0xa4 g:/xilinx/vitis/2019.2/gnu/aarch32/nt/gcc-arm-none-eabi/bin/../arm-none-eabi/libc/usr/lib/thumb/v7-a+fp/hard\libc.a(lib_a-strncmp.o)
                0x000000000100ea38                strncmp
 .text          0x000000000100eadc       0x80 g:/xilinx/vitis/2019.2/gnu/aarch32/nt/gcc-arm-none-eabi/bin/../arm-none-eabi/libc/usr/lib/thumb/v7-a+fp/hard\libc.a(lib_a-strncpy.o)
                0x000000000100eadc                strncpy
 .text          0x000000000100eb5c      0x198 g:/xilinx/vitis/2019.2/gnu/aarch32/nt/gcc-arm-none-eabi/bin/../arm-none-eabi/libc/usr/lib/thumb/v7-a+fp/hard\libc.a(lib_a-strtol.o)
                0x000000000100ec7c                _strtol_r
                0x000000000100eca4                strtol_l
                0x000000000100ecc4                strtol
 *fill*         0x000000000100ecf4        0x4 
 .text          0x000000000100ecf8     0x1b4c g:/xilinx/vitis/2019.2/gnu/aarch32/nt/gcc-arm-none-eabi/bin/../arm-none-eabi/libc/usr/lib/thumb/v7-a+fp/hard\libc.a(lib_a-svfprintf.o)
                0x000000000100ecf8                _svfprintf_r
 .text          0x0000000001010844       0x8c g:/xilinx/vitis/2019.2/gnu/aarch32/nt/gcc-arm-none-eabi/bin/../arm-none-eabi/libc/usr/lib/thumb/v7-a+fp/hard\libc.a(lib_a-vsnprintf.o)
                0x0000000001010844                _vsnprintf_r
                0x00000000010108b0                vsnprintf
 .text          0x00000000010108d0       0xac g:/xilinx/vitis/2019.2/gnu/aarch32/nt/gcc-arm-none-eabi/bin/../arm-none-eabi/libc/usr/lib/thumb/v7-a+fp/hard\libc.a(lib_a-wcrtomb.o)
                0x00000000010108d0                _wcrtomb_r
                0x0000000001010924                wcrtomb
 .text          0x000000000101097c       0x3c g:/xilinx/vitis/2019.2/gnu/aarch32/nt/gcc-arm-none-eabi/bin/../arm-none-eabi/libc/usr/lib/thumb/v7-a+fp/hard\libc.a(lib_a-wcsrtombs.o)
                0x000000000101097c                _wcsrtombs_r
                0x0000000001010994                wcsrtombs
 .text          0x00000000010109b8      0x22c g:/xilinx/vitis/2019.2/gnu/aarch32/nt/gcc-arm-none-eabi/bin/../arm-none-eabi/libc/usr/lib/thumb/v7-a+fp/hard\libc.a(lib_a-wctomb_r.o)
                0x00000000010109b8                _wctomb_r
                0x00000000010109e0                __ascii_wctomb
                0x00000000010109f8                __utf8_wctomb
                0x0000000001010a9c                __sjis_wctomb
                0x0000000001010af0                __eucjp_wctomb
                0x0000000001010b60                __jis_wctomb
 .text          0x0000000001010be4       0xdc g:/xilinx/vitis/2019.2/gnu/aarch32/nt/gcc-arm-none-eabi/bin/../arm-none-eabi/libc/usr/lib/thumb/v7-a+fp/hard\libc.a(lib_a-__call_atexit.o)
                0x0000000001010be4                __call_exitprocs
 .text          0x0000000001010cc0       0x10 g:/xilinx/vitis/2019.2/gnu/aarch32/nt/gcc-arm-none-eabi/bin/../arm-none-eabi/libc/usr/lib/thumb/v7-a+fp/hard\libc.a(lib_a-ctype_.o)
                0x0000000001010cc0                __set_ctype
 .text          0x0000000001010cd0      0xe54 g:/xilinx/vitis/2019.2/gnu/aarch32/nt/gcc-arm-none-eabi/bin/../arm-none-eabi/libc/usr/lib/thumb/v7-a+fp/hard\libc.a(lib_a-dtoa.o)
                0x0000000001010e18                _dtoa_r
 .text          0x0000000001011b24      0x29c g:/xilinx/vitis/2019.2/gnu/aarch32/nt/gcc-arm-none-eabi/bin/../arm-none-eabi/libc/usr/lib/thumb/v7-a+fp/hard\libc.a(lib_a-freer.o)
                0x0000000001011b24                _malloc_trim_r
                0x0000000001011bd0                _free_r
 .text          0x0000000001011dc0       0x98 g:/xilinx/vitis/2019.2/gnu/aarch32/nt/gcc-arm-none-eabi/bin/../arm-none-eabi/libc/usr/lib/thumb/v7-a+fp/hard\libc.a(lib_a-getenv_r.o)
                0x0000000001011dc0                _findenv_r
                0x0000000001011e48                _getenv_r
 .text          0x0000000001011e58       0x44 g:/xilinx/vitis/2019.2/gnu/aarch32/nt/gcc-arm-none-eabi/bin/../arm-none-eabi/libc/usr/lib/thumb/v7-a+fp/hard\libc.a(lib_a-localeconv.o)
                0x0000000001011e58                __localeconv_l
                0x0000000001011e5c                _localeconv_r
                0x0000000001011e7c                localeconv
 *fill*         0x0000000001011e9c        0x4 
 .text          0x0000000001011ea0       0xa0 g:/xilinx/vitis/2019.2/gnu/aarch32/nt/gcc-arm-none-eabi/bin/../arm-none-eabi/libc/usr/lib/thumb/v7-a+fp/hard\libc.a(lib_a-memchr.o)
                0x0000000001011ea0                memchr
 .text          0x0000000001011f40      0x8fc g:/xilinx/vitis/2019.2/gnu/aarch32/nt/gcc-arm-none-eabi/bin/../arm-none-eabi/libc/usr/lib/thumb/v7-a+fp/hard\libc.a(lib_a-mprec.o)
                0x0000000001011f40                _Balloc
                0x0000000001011f8c                _Bfree
                0x0000000001011fa0                __multadd
                0x0000000001012030                __s2b
                0x00000000010120c8                __hi0bits
                0x0000000001012108                __lo0bits
                0x0000000001012164                __i2b
                0x0000000001012178                __multiply
                0x00000000010122b8                __pow5mult
                0x000000000101235c                __lshift
                0x0000000001012418                __mcmp
                0x0000000001012454                __mdiff
                0x000000000101255c                __ulp
                0x00000000010125ac                __b2d
                0x000000000101265c                __d2b
                0x0000000001012710                __ratio
                0x0000000001012770                _mprec_log10
                0x0000000001012798                __copybits
                0x00000000010127e0                __any_on
 .text          0x000000000101283c       0xa4 g:/xilinx/vitis/2019.2/gnu/aarch32/nt/gcc-arm-none-eabi/bin/../arm-none-eabi/libc/usr/lib/thumb/v7-a+fp/hard\libc.a(lib_a-reent.o)
                0x000000000101283c                cleanup_glue
                0x0000000001012858                _reclaim_reent
 .text          0x00000000010128e0       0x80 g:/xilinx/vitis/2019.2/gnu/aarch32/nt/gcc-arm-none-eabi/bin/../arm-none-eabi/libc/usr/lib/thumb/v7-a+fp/hard\libc.a(lib_a-s_frexp.o)
                0x00000000010128e0                frexp
 .text          0x0000000001012960      0xe90 g:/xilinx/vitis/2019.2/gnu/aarch32/nt/gcc-arm-none-eabi/bin/../arm-none-eabi/libc/usr/lib/thumb/v7-a+fp/hard\libc.a(lib_a-svfiprintf.o)
                0x0000000001012960                __ssprint_r
                0x0000000001012a58                _svfiprintf_r
 .text          0x00000000010137f0      0x15c g:/xilinx/vitis/2019.2/gnu/aarch32/nt/gcc-arm-none-eabi/bin/../arm-none-eabi/libc/usr/lib/thumb/v7-a+fp/hard\libc.a(lib_a-wcsnrtombs.o)
                0x00000000010137f0                _wcsnrtombs_l
                0x00000000010138e4                _wcsnrtombs_r
                0x0000000001013914                wcsnrtombs
 .text          0x000000000101394c       0x64 g:/xilinx/vitis/2019.2/gnu/aarch32/nt/gcc-arm-none-eabi/bin/../arm-none-eabi/libc/usr/lib/thumb/v7-a+fp/hard\libc.a(lib_a-callocr.o)
                0x000000000101394c                _calloc_r
 .text          0x00000000010139b0        0x0 g:/xilinx/vitis/2019.2/gnu/aarch32/nt/gcc-arm-none-eabi/bin/../arm-none-eabi/libc/usr/lib/thumb/v7-a+fp/hard\libc.a(lib_a-environ.o)
 .text          0x00000000010139b0        0x8 g:/xilinx/vitis/2019.2/gnu/aarch32/nt/gcc-arm-none-eabi/bin/../arm-none-eabi/libc/usr/lib/thumb/v7-a+fp/hard\libc.a(lib_a-envlock.o)
                0x00000000010139b0                __env_lock
                0x00000000010139b4                __env_unlock
 .text          0x00000000010139b8       0xd0 g:/xilinx/vitis/2019.2/gnu/aarch32/nt/gcc-arm-none-eabi/bin/../arm-none-eabi/libc/usr/lib/thumb/v7-a+fp/hard\libc.a(lib_a-memmove.o)
                0x00000000010139b8                memmove
 .text          0x0000000001013a88      0x374 g:/xilinx/vitis/2019.2/gnu/aarch32/nt/gcc-arm-none-eabi/bin/../arm-none-eabi/libc/usr/lib/thumb/v7-a+fp/hard\libc.a(lib_a-reallocr.o)
                0x0000000001013a88                _realloc_r
 .text          0x0000000001013dfc       0x40 C:/Users/Tom/Documents/Projects/Scopy_MVP_Platform/scopy-fpga/main/export/main/sw/main/standalone_domain/bsplib/lib\libxil.a(_sbrk.o)
                0x0000000001013dfc                _sbrk
 .text          0x0000000001013e3c        0x4 C:/Users/Tom/Documents/Projects/Scopy_MVP_Platform/scopy-fpga/main/export/main/sw/main/standalone_domain/bsplib/lib\libxil.a(_exit.o)
                0x0000000001013e3c                _exit
 .text          0x0000000001013e40        0x0 g:/xilinx/vitis/2019.2/gnu/aarch32/nt/gcc-arm-none-eabi/bin/../lib/gcc/arm-none-eabi/8.2.0/thumb/v7-a+fp/hard/crtend.o
 .text          0x0000000001013e40        0x0 g:/xilinx/vitis/2019.2/gnu/aarch32/nt/gcc-arm-none-eabi/bin/../lib/gcc/arm-none-eabi/8.2.0/thumb/v7-a+fp/hard/crtn.o
 *(.text.*)
 .text.startup  0x0000000001013e40       0x24 ./src/main.o
                0x0000000001013e40                main
 *(.gnu.linkonce.t.*)
 *(.plt)
 *(.gnu_warning)
 *(.gcc_execpt_table)
 *(.glue_7)
 .glue_7        0x0000000001013e64        0x0 linker stubs
 *(.glue_7t)
 .glue_7t       0x0000000001013e64        0x0 linker stubs
 *(.vfp11_veneer)
 .vfp11_veneer  0x0000000001013e64        0x0 linker stubs
 *(.ARM.extab)
 .ARM.extab     0x0000000001013e64        0x0 g:/xilinx/vitis/2019.2/gnu/aarch32/nt/gcc-arm-none-eabi/bin/../lib/gcc/arm-none-eabi/8.2.0/thumb/v7-a+fp/hard\libgcc.a(_udivmoddi4.o)
 *(.gnu.linkonce.armextab.*)

.v4_bx          0x0000000001013e64        0x0
 .v4_bx         0x0000000001013e64        0x0 linker stubs

.iplt           0x0000000001013e64        0x0
 .iplt          0x0000000001013e64        0x0 g:/xilinx/vitis/2019.2/gnu/aarch32/nt/gcc-arm-none-eabi/bin/../lib/gcc/arm-none-eabi/8.2.0/thumb/v7-a+fp/hard/crtbegin.o

.force_ocm
 *(.force_ocm)

.init           0x0000000001013e64        0xc
 *(.init)
 .init          0x0000000001013e64        0x4 g:/xilinx/vitis/2019.2/gnu/aarch32/nt/gcc-arm-none-eabi/bin/../lib/gcc/arm-none-eabi/8.2.0/thumb/v7-a+fp/hard/crti.o
                0x0000000001013e64                _init
 .init          0x0000000001013e68        0x8 g:/xilinx/vitis/2019.2/gnu/aarch32/nt/gcc-arm-none-eabi/bin/../lib/gcc/arm-none-eabi/8.2.0/thumb/v7-a+fp/hard/crtn.o

.fini           0x0000000001013e70        0xc
 *(.fini)
 .fini          0x0000000001013e70        0x4 g:/xilinx/vitis/2019.2/gnu/aarch32/nt/gcc-arm-none-eabi/bin/../lib/gcc/arm-none-eabi/8.2.0/thumb/v7-a+fp/hard/crti.o
                0x0000000001013e70                _fini
 .fini          0x0000000001013e74        0x8 g:/xilinx/vitis/2019.2/gnu/aarch32/nt/gcc-arm-none-eabi/bin/../lib/gcc/arm-none-eabi/8.2.0/thumb/v7-a+fp/hard/crtn.o

.rodata         0x0000000001013e80    0x425a4
                0x0000000001013e80                __rodata_start = .
 *(.rodata)
 .rodata        0x0000000001013e80       0x18 ./src/fabric_config.o
                0x0000000001013e80                fbcfg_dummy_tests
 .rodata        0x0000000001013e98    0x40000 ./src/mipi_csi_hacks.o
                0x0000000001013e98                norway_512x512_grey
 .rodata        0x0000000001053e98        0x4 g:/xilinx/vitis/2019.2/gnu/aarch32/nt/gcc-arm-none-eabi/bin/../arm-none-eabi/libc/usr/lib/thumb/v7-a+fp/hard\libc.a(lib_a-impure.o)
                0x0000000001053e98                _global_impure_ptr
 .rodata        0x0000000001053e9c      0x188 g:/xilinx/vitis/2019.2/gnu/aarch32/nt/gcc-arm-none-eabi/bin/../arm-none-eabi/libc/usr/lib/thumb/v7-a+fp/hard\libc.a(lib_a-locale.o)
                0x0000000001053eb8                __C_locale
 .rodata        0x0000000001054024       0x90 g:/xilinx/vitis/2019.2/gnu/aarch32/nt/gcc-arm-none-eabi/bin/../arm-none-eabi/libc/usr/lib/thumb/v7-a+fp/hard\libc.a(lib_a-mbtowc_r.o)
 .rodata        0x00000000010540b4       0x20 g:/xilinx/vitis/2019.2/gnu/aarch32/nt/gcc-arm-none-eabi/bin/../arm-none-eabi/libc/usr/lib/thumb/v7-a+fp/hard\libc.a(lib_a-svfprintf.o)
 .rodata        0x00000000010540d4      0x101 g:/xilinx/vitis/2019.2/gnu/aarch32/nt/gcc-arm-none-eabi/bin/../arm-none-eabi/libc/usr/lib/thumb/v7-a+fp/hard\libc.a(lib_a-ctype_.o)
                0x00000000010540d4                _ctype_
 *fill*         0x00000000010541d5        0x3 
 .rodata        0x00000000010541d8      0x128 g:/xilinx/vitis/2019.2/gnu/aarch32/nt/gcc-arm-none-eabi/bin/../arm-none-eabi/libc/usr/lib/thumb/v7-a+fp/hard\libc.a(lib_a-mprec.o)
                0x00000000010541e8                __mprec_tens
                0x00000000010542b0                __mprec_tinytens
                0x00000000010542d8                __mprec_bigtens
 .rodata        0x0000000001054300       0x20 g:/xilinx/vitis/2019.2/gnu/aarch32/nt/gcc-arm-none-eabi/bin/../arm-none-eabi/libc/usr/lib/thumb/v7-a+fp/hard\libc.a(lib_a-svfiprintf.o)
 *(.rodata.*)
 .rodata.str1.4
                0x0000000001054320      0x108 ./src/acq_hacks.o
 .rodata.str1.4
                0x0000000001054428      0xd72 ./src/acquire.o
                                        0xd76 (size before relaxing)
 *fill*         0x000000000105519a        0x2 
 .rodata.str1.4
                0x000000000105519c      0x39a ./src/clkwiz_interface.o
                                        0x39e (size before relaxing)
 *fill*         0x0000000001055536        0x2 
 .rodata.str1.4
                0x0000000001055538      0x256 ./src/dma_gearbox.o
                                        0x286 (size before relaxing)
 *fill*         0x000000000105578e        0x2 
 .rodata.str1.4
                0x0000000001055790      0x22a ./src/fabric_config.o
 *fill*         0x00000000010559ba        0x2 
 .rodata.str1.4
                0x00000000010559bc      0x433 ./src/hal.o
                                        0x463 (size before relaxing)
 *fill*         0x0000000001055def        0x1 
 .rodata.str1.4
                0x0000000001055df0      0x244 ./src/mipi_csi.o
                                        0x270 (size before relaxing)
 .rodata.str1.4
                0x0000000001056034       0x31 ./src/mipi_csi_hacks.o
 *fill*         0x0000000001056065        0x3 
 .rodata.str1.4
                0x0000000001056068       0x68 C:/Users/Tom/Documents/Projects/Scopy_MVP_Platform/scopy-fpga/main/export/main/sw/main/standalone_domain/bsplib/lib\libxil.a(xaxidma_bdring.o)
                                         0x6b (size before relaxing)
 .rodata.str1.4
                0x00000000010560d0        0xb C:/Users/Tom/Documents/Projects/Scopy_MVP_Platform/scopy-fpga/main/export/main/sw/main/standalone_domain/bsplib/lib\libxil.a(xclk_wiz.o)
 *fill*         0x00000000010560db        0x1 
 .rodata.str1.4
                0x00000000010560dc      0x169 C:/Users/Tom/Documents/Projects/Scopy_MVP_Platform/scopy-fpga/main/export/main/sw/main/standalone_domain/bsplib/lib\libxil.a(xdmaps.o)
 *fill*         0x0000000001056245        0x3 
 .rodata.str1.4
                0x0000000001056248        0xa C:/Users/Tom/Documents/Projects/Scopy_MVP_Platform/scopy-fpga/main/export/main/sw/main/standalone_domain/bsplib/lib\libxil.a(xgpiops.o)
 *fill*         0x0000000001056252        0x2 
 .rodata.str1.4
                0x0000000001056254        0xf C:/Users/Tom/Documents/Projects/Scopy_MVP_Platform/scopy-fpga/main/export/main/sw/main/standalone_domain/bsplib/lib\libxil.a(xgpiops_intr.o)
 *fill*         0x0000000001056263        0x1 
 .rodata.str1.4
                0x0000000001056264        0xf C:/Users/Tom/Documents/Projects/Scopy_MVP_Platform/scopy-fpga/main/export/main/sw/main/standalone_domain/bsplib/lib\libxil.a(xscugic_intr.o)
 *fill*         0x0000000001056273        0x1 
 .rodata.str1.4
                0x0000000001056274        0xa C:/Users/Tom/Documents/Projects/Scopy_MVP_Platform/scopy-fpga/main/export/main/sw/main/standalone_domain/bsplib/lib\libxil.a(xscugic.o)
 *fill*         0x000000000105627e        0x2 
 .rodata.str1.4
                0x0000000001056280        0xc C:/Users/Tom/Documents/Projects/Scopy_MVP_Platform/scopy-fpga/main/export/main/sw/main/standalone_domain/bsplib/lib\libxil.a(xscutimer.o)
 .rodata.str1.4
                0x000000000105628c       0x15 C:/Users/Tom/Documents/Projects/Scopy_MVP_Platform/scopy-fpga/main/export/main/sw/main/standalone_domain/bsplib/lib\libxil.a(xscutimer_selftest.o)
 *fill*         0x00000000010562a1        0x3 
 .rodata.str1.4
                0x00000000010562a4       0x11 C:/Users/Tom/Documents/Projects/Scopy_MVP_Platform/scopy-fpga/main/export/main/sw/main/standalone_domain/bsplib/lib\libxil.a(xil_printf.o)
 *fill*         0x00000000010562b5        0x3 
 .rodata.str1.4
                0x00000000010562b8      0x12c g:/xilinx/vitis/2019.2/gnu/aarch32/nt/gcc-arm-none-eabi/bin/../arm-none-eabi/libc/usr/lib/thumb/v7-a+fp/hard\libc.a(lib_a-locale.o)
                                        0x130 (size before relaxing)
 .rodata.str1.4
                0x00000000010563e4       0x2e g:/xilinx/vitis/2019.2/gnu/aarch32/nt/gcc-arm-none-eabi/bin/../arm-none-eabi/libc/usr/lib/thumb/v7-a+fp/hard\libc.a(lib_a-svfprintf.o)
                                         0x42 (size before relaxing)
 *fill*         0x0000000001056412        0x2 
 .rodata.str1.4
                0x0000000001056414       0x10 g:/xilinx/vitis/2019.2/gnu/aarch32/nt/gcc-arm-none-eabi/bin/../arm-none-eabi/libc/usr/lib/thumb/v7-a+fp/hard\libc.a(lib_a-dtoa.o)
                                         0x12 (size before relaxing)
 .rodata.str1.4
                0x0000000001056424       0x2f g:/xilinx/vitis/2019.2/gnu/aarch32/nt/gcc-arm-none-eabi/bin/../arm-none-eabi/libc/usr/lib/thumb/v7-a+fp/hard\libc.a(lib_a-svfiprintf.o)
 *(.gnu.linkonce.r.*)
                0x0000000001056453                __rodata_end = .

.rodata1        0x0000000001056424        0x0
                0x0000000001056424                __rodata1_start = .
 *(.rodata1)
 *(.rodata1.*)
                0x0000000001056424                __rodata1_end = .

.sdata2         0x0000000001056424        0x0
                0x0000000001056424                __sdata2_start = .
 *(.sdata2)
 *(.sdata2.*)
 *(.gnu.linkonce.s2.*)
                0x0000000001056424                __sdata2_end = .

.sbss2          0x0000000001056424        0x0
                0x0000000001056424                __sbss2_start = .
 *(.sbss2)
 *(.sbss2.*)
 *(.gnu.linkonce.sb2.*)
                0x0000000001056424                __sbss2_end = .

.data           0x0000000001056428      0xe08
                0x0000000001056428                __data_start = .
 *(.data)
 .data          0x0000000001056428        0x0 g:/xilinx/vitis/2019.2/gnu/aarch32/nt/gcc-arm-none-eabi/bin/../lib/gcc/arm-none-eabi/8.2.0/thumb/v7-a+fp/hard/crti.o
 .data          0x0000000001056428        0x4 g:/xilinx/vitis/2019.2/gnu/aarch32/nt/gcc-arm-none-eabi/bin/../lib/gcc/arm-none-eabi/8.2.0/thumb/v7-a+fp/hard/crtbegin.o
                0x0000000001056428                __dso_handle
 .data          0x000000000105642c        0x0 ./src/acq_hacks.o
 .data          0x000000000105642c       0x30 ./src/acquire.o
                0x000000000105642c                acq_state_to_str
                0x0000000001056444                acq_substate_to_str
 .data          0x000000000105645c        0x0 ./src/clkwiz_interface.o
 .data          0x000000000105645c        0x0 ./src/dma_gearbox.o
 .data          0x000000000105645c        0x0 ./src/fabric_config.o
 .data          0x000000000105645c        0x0 ./src/hal.o
 .data          0x000000000105645c        0x0 ./src/main.o
 .data          0x000000000105645c        0x0 ./src/mipi_csi.o
 .data          0x000000000105645c        0x0 ./src/mipi_csi_hacks.o
 .data          0x000000000105645c        0x0 ./src/platform.o
 .data          0x000000000105645c        0x0 C:/Users/Tom/Documents/Projects/Scopy_MVP_Platform/scopy-fpga/main/export/main/sw/main/standalone_domain/bsplib/lib\libxil.a(xaxidma.o)
 .data          0x000000000105645c        0x0 C:/Users/Tom/Documents/Projects/Scopy_MVP_Platform/scopy-fpga/main/export/main/sw/main/standalone_domain/bsplib/lib\libxil.a(xaxidma_sinit.o)
 .data          0x000000000105645c        0x0 C:/Users/Tom/Documents/Projects/Scopy_MVP_Platform/scopy-fpga/main/export/main/sw/main/standalone_domain/bsplib/lib\libxil.a(xaxidma_bdring.o)
 .data          0x000000000105645c       0x44 C:/Users/Tom/Documents/Projects/Scopy_MVP_Platform/scopy-fpga/main/export/main/sw/main/standalone_domain/bsplib/lib\libxil.a(xaxidma_g.o)
                0x000000000105645c                XAxiDma_ConfigTable
 .data          0x00000000010564a0        0x0 C:/Users/Tom/Documents/Projects/Scopy_MVP_Platform/scopy-fpga/main/export/main/sw/main/standalone_domain/bsplib/lib\libxil.a(xclk_wiz.o)
 .data          0x00000000010564a0        0x0 C:/Users/Tom/Documents/Projects/Scopy_MVP_Platform/scopy-fpga/main/export/main/sw/main/standalone_domain/bsplib/lib\libxil.a(xclk_wiz_sinit.o)
 .data          0x00000000010564a0        0x0 C:/Users/Tom/Documents/Projects/Scopy_MVP_Platform/scopy-fpga/main/export/main/sw/main/standalone_domain/bsplib/lib\libxil.a(xdmaps.o)
 .data          0x00000000010564a0        0x0 C:/Users/Tom/Documents/Projects/Scopy_MVP_Platform/scopy-fpga/main/export/main/sw/main/standalone_domain/bsplib/lib\libxil.a(xdmaps_sinit.o)
 .data          0x00000000010564a0       0x10 C:/Users/Tom/Documents/Projects/Scopy_MVP_Platform/scopy-fpga/main/export/main/sw/main/standalone_domain/bsplib/lib\libxil.a(xdmaps_g.o)
                0x00000000010564a0                XDmaPs_ConfigTable
 .data          0x00000000010564b0        0x0 C:/Users/Tom/Documents/Projects/Scopy_MVP_Platform/scopy-fpga/main/export/main/sw/main/standalone_domain/bsplib/lib\libxil.a(xgpiops.o)
 .data          0x00000000010564b0        0x0 C:/Users/Tom/Documents/Projects/Scopy_MVP_Platform/scopy-fpga/main/export/main/sw/main/standalone_domain/bsplib/lib\libxil.a(xgpiops_sinit.o)
 .data          0x00000000010564b0        0x0 C:/Users/Tom/Documents/Projects/Scopy_MVP_Platform/scopy-fpga/main/export/main/sw/main/standalone_domain/bsplib/lib\libxil.a(xgpiops_intr.o)
 .data          0x00000000010564b0        0x8 C:/Users/Tom/Documents/Projects/Scopy_MVP_Platform/scopy-fpga/main/export/main/sw/main/standalone_domain/bsplib/lib\libxil.a(xgpiops_g.o)
                0x00000000010564b0                XGpioPs_ConfigTable
 .data          0x00000000010564b8        0x0 C:/Users/Tom/Documents/Projects/Scopy_MVP_Platform/scopy-fpga/main/export/main/sw/main/standalone_domain/bsplib/lib\libxil.a(xscugic_intr.o)
 .data          0x00000000010564b8        0x0 C:/Users/Tom/Documents/Projects/Scopy_MVP_Platform/scopy-fpga/main/export/main/sw/main/standalone_domain/bsplib/lib\libxil.a(xscugic.o)
 .data          0x00000000010564b8        0x0 C:/Users/Tom/Documents/Projects/Scopy_MVP_Platform/scopy-fpga/main/export/main/sw/main/standalone_domain/bsplib/lib\libxil.a(xscugic_sinit.o)
 .data          0x00000000010564b8        0x0 C:/Users/Tom/Documents/Projects/Scopy_MVP_Platform/scopy-fpga/main/export/main/sw/main/standalone_domain/bsplib/lib\libxil.a(xscutimer.o)
 .data          0x00000000010564b8        0x0 C:/Users/Tom/Documents/Projects/Scopy_MVP_Platform/scopy-fpga/main/export/main/sw/main/standalone_domain/bsplib/lib\libxil.a(xscutimer_selftest.o)
 .data          0x00000000010564b8        0x0 C:/Users/Tom/Documents/Projects/Scopy_MVP_Platform/scopy-fpga/main/export/main/sw/main/standalone_domain/bsplib/lib\libxil.a(xscutimer_sinit.o)
 .data          0x00000000010564b8        0x8 C:/Users/Tom/Documents/Projects/Scopy_MVP_Platform/scopy-fpga/main/export/main/sw/main/standalone_domain/bsplib/lib\libxil.a(xscutimer_g.o)
                0x00000000010564b8                XScuTimer_ConfigTable
 .data          0x00000000010564c0        0x4 C:/Users/Tom/Documents/Projects/Scopy_MVP_Platform/scopy-fpga/main/export/main/sw/main/standalone_domain/bsplib/lib\libxil.a(xil_assert.o)
                0x00000000010564c0                Xil_AssertWait
 .data          0x00000000010564c4        0x0 C:/Users/Tom/Documents/Projects/Scopy_MVP_Platform/scopy-fpga/main/export/main/sw/main/standalone_domain/bsplib/lib\libxil.a(print.o)
 .data          0x00000000010564c4        0x0 C:/Users/Tom/Documents/Projects/Scopy_MVP_Platform/scopy-fpga/main/export/main/sw/main/standalone_domain/bsplib/lib\libxil.a(xil_cache.o)
 .data          0x00000000010564c4        0x0 C:/Users/Tom/Documents/Projects/Scopy_MVP_Platform/scopy-fpga/main/export/main/sw/main/standalone_domain/bsplib/lib\libxil.a(outbyte.o)
 .data          0x00000000010564c4        0x0 C:/Users/Tom/Documents/Projects/Scopy_MVP_Platform/scopy-fpga/main/export/main/sw/main/standalone_domain/bsplib/lib\libxil.a(xplatform_info.o)
 .data          0x00000000010564c4        0x0 C:/Users/Tom/Documents/Projects/Scopy_MVP_Platform/scopy-fpga/main/export/main/sw/main/standalone_domain/bsplib/lib\libxil.a(xil_printf.o)
 .data          0x00000000010564c4       0x38 C:/Users/Tom/Documents/Projects/Scopy_MVP_Platform/scopy-fpga/main/export/main/sw/main/standalone_domain/bsplib/lib\libxil.a(xil_exception.o)
                0x00000000010564c4                XExc_VectorTable
 .data          0x00000000010564fc        0x0 C:/Users/Tom/Documents/Projects/Scopy_MVP_Platform/scopy-fpga/main/export/main/sw/main/standalone_domain/bsplib/lib\libxil.a(asm_vectors.o)
 .data          0x00000000010564fc        0x0 C:/Users/Tom/Documents/Projects/Scopy_MVP_Platform/scopy-fpga/main/export/main/sw/main/standalone_domain/bsplib/lib\libxil.a(xuartps_hw.o)
 *fill*         0x00000000010564fc        0x4 
 .data          0x0000000001056500       0x58 C:/Users/Tom/Documents/Projects/Scopy_MVP_Platform/scopy-fpga/main/export/main/sw/main/standalone_domain/bsplib/lib\libxil.a(xclk_wiz_g.o)
                0x0000000001056500                XClk_Wiz_ConfigTable
 .data          0x0000000001056558      0x304 C:/Users/Tom/Documents/Projects/Scopy_MVP_Platform/scopy-fpga/main/export/main/sw/main/standalone_domain/bsplib/lib\libxil.a(xscugic_g.o)
                0x0000000001056558                XScuGic_ConfigTable
 .data          0x000000000105685c        0x0 C:/Users/Tom/Documents/Projects/Scopy_MVP_Platform/scopy-fpga/main/export/main/sw/main/standalone_domain/bsplib/lib\libxil.a(vectors.o)
 .data          0x000000000105685c        0x0 C:/Users/Tom/Documents/Projects/Scopy_MVP_Platform/scopy-fpga/main/export/main/sw/main/standalone_domain/bsplib/lib\libxil.a(boot.o)
 .data          0x000000000105685c        0x0 C:/Users/Tom/Documents/Projects/Scopy_MVP_Platform/scopy-fpga/main/export/main/sw/main/standalone_domain/bsplib/lib\libxil.a(xil-crt0.o)
 .data          0x000000000105685c        0x0 C:/Users/Tom/Documents/Projects/Scopy_MVP_Platform/scopy-fpga/main/export/main/sw/main/standalone_domain/bsplib/lib\libxil.a(translation_table.o)
 .data          0x000000000105685c        0x0 C:/Users/Tom/Documents/Projects/Scopy_MVP_Platform/scopy-fpga/main/export/main/sw/main/standalone_domain/bsplib/lib\libxil.a(cpu_init.o)
 .data          0x000000000105685c        0x0 C:/Users/Tom/Documents/Projects/Scopy_MVP_Platform/scopy-fpga/main/export/main/sw/main/standalone_domain/bsplib/lib\libxil.a(xtime_l.o)
 .data          0x000000000105685c        0x0 g:/xilinx/vitis/2019.2/gnu/aarch32/nt/gcc-arm-none-eabi/bin/../lib/gcc/arm-none-eabi/8.2.0/thumb/v7-a+fp/hard\libgcc.a(_udivsi3.o)
 .data          0x000000000105685c        0x0 g:/xilinx/vitis/2019.2/gnu/aarch32/nt/gcc-arm-none-eabi/bin/../lib/gcc/arm-none-eabi/8.2.0/thumb/v7-a+fp/hard\libgcc.a(_divsi3.o)
 .data          0x000000000105685c        0x0 g:/xilinx/vitis/2019.2/gnu/aarch32/nt/gcc-arm-none-eabi/bin/../lib/gcc/arm-none-eabi/8.2.0/thumb/v7-a+fp/hard\libgcc.a(_dvmd_tls.o)
 .data          0x000000000105685c        0x0 g:/xilinx/vitis/2019.2/gnu/aarch32/nt/gcc-arm-none-eabi/bin/../lib/gcc/arm-none-eabi/8.2.0/thumb/v7-a+fp/hard\libgcc.a(_arm_addsubdf3.o)
 .data          0x000000000105685c        0x0 g:/xilinx/vitis/2019.2/gnu/aarch32/nt/gcc-arm-none-eabi/bin/../lib/gcc/arm-none-eabi/8.2.0/thumb/v7-a+fp/hard\libgcc.a(_arm_addsubsf3.o)
 .data          0x000000000105685c        0x0 g:/xilinx/vitis/2019.2/gnu/aarch32/nt/gcc-arm-none-eabi/bin/../lib/gcc/arm-none-eabi/8.2.0/thumb/v7-a+fp/hard\libgcc.a(_aeabi_uldivmod.o)
 .data          0x000000000105685c        0x0 g:/xilinx/vitis/2019.2/gnu/aarch32/nt/gcc-arm-none-eabi/bin/../lib/gcc/arm-none-eabi/8.2.0/thumb/v7-a+fp/hard\libgcc.a(_fixunssfdi.o)
 .data          0x000000000105685c        0x0 g:/xilinx/vitis/2019.2/gnu/aarch32/nt/gcc-arm-none-eabi/bin/../lib/gcc/arm-none-eabi/8.2.0/thumb/v7-a+fp/hard\libgcc.a(_fixunsdfdi.o)
 .data          0x000000000105685c        0x0 g:/xilinx/vitis/2019.2/gnu/aarch32/nt/gcc-arm-none-eabi/bin/../lib/gcc/arm-none-eabi/8.2.0/thumb/v7-a+fp/hard\libgcc.a(_udivmoddi4.o)
 .data          0x000000000105685c        0x0 g:/xilinx/vitis/2019.2/gnu/aarch32/nt/gcc-arm-none-eabi/bin/../arm-none-eabi/libc/usr/lib/thumb/v7-a+fp/hard\libc.a(lib_a-exit.o)
 .data          0x000000000105685c        0x0 g:/xilinx/vitis/2019.2/gnu/aarch32/nt/gcc-arm-none-eabi/bin/../arm-none-eabi/libc/usr/lib/thumb/v7-a+fp/hard\libc.a(lib_a-fini.o)
 *fill*         0x000000000105685c        0x4 
 .data          0x0000000001056860      0x430 g:/xilinx/vitis/2019.2/gnu/aarch32/nt/gcc-arm-none-eabi/bin/../arm-none-eabi/libc/usr/lib/thumb/v7-a+fp/hard\libc.a(lib_a-impure.o)
                0x0000000001056860                _impure_ptr
 .data          0x0000000001056c90        0x0 g:/xilinx/vitis/2019.2/gnu/aarch32/nt/gcc-arm-none-eabi/bin/../arm-none-eabi/libc/usr/lib/thumb/v7-a+fp/hard\libc.a(lib_a-init.o)
 .data          0x0000000001056c90      0x18c g:/xilinx/vitis/2019.2/gnu/aarch32/nt/gcc-arm-none-eabi/bin/../arm-none-eabi/libc/usr/lib/thumb/v7-a+fp/hard\libc.a(lib_a-locale.o)
                0x0000000001056c90                __global_locale
                0x0000000001056dfc                __default_locale
 .data          0x0000000001056e1c        0x0 g:/xilinx/vitis/2019.2/gnu/aarch32/nt/gcc-arm-none-eabi/bin/../arm-none-eabi/libc/usr/lib/thumb/v7-a+fp/hard\libc.a(lib_a-malign.o)
 .data          0x0000000001056e1c        0x0 g:/xilinx/vitis/2019.2/gnu/aarch32/nt/gcc-arm-none-eabi/bin/../arm-none-eabi/libc/usr/lib/thumb/v7-a+fp/hard\libc.a(lib_a-malignr.o)
 .data          0x0000000001056e1c        0x0 g:/xilinx/vitis/2019.2/gnu/aarch32/nt/gcc-arm-none-eabi/bin/../arm-none-eabi/libc/usr/lib/thumb/v7-a+fp/hard\libc.a(lib_a-malloc.o)
 .data          0x0000000001056e1c      0x410 g:/xilinx/vitis/2019.2/gnu/aarch32/nt/gcc-arm-none-eabi/bin/../arm-none-eabi/libc/usr/lib/thumb/v7-a+fp/hard\libc.a(lib_a-mallocr.o)
                0x0000000001056e1c                __malloc_av_
                0x0000000001057224                __malloc_sbrk_base
                0x0000000001057228                __malloc_trim_threshold
 .data          0x000000000105722c        0x0 g:/xilinx/vitis/2019.2/gnu/aarch32/nt/gcc-arm-none-eabi/bin/../arm-none-eabi/libc/usr/lib/thumb/v7-a+fp/hard\libc.a(lib_a-mbtowc_r.o)
 .data          0x000000000105722c        0x0 g:/xilinx/vitis/2019.2/gnu/aarch32/nt/gcc-arm-none-eabi/bin/../arm-none-eabi/libc/usr/lib/thumb/v7-a+fp/hard\libc.a(lib_a-memcpy.o)
 .data          0x000000000105722c        0x0 g:/xilinx/vitis/2019.2/gnu/aarch32/nt/gcc-arm-none-eabi/bin/../arm-none-eabi/libc/usr/lib/thumb/v7-a+fp/hard\libc.a(lib_a-memset.o)
 .data          0x000000000105722c        0x0 g:/xilinx/vitis/2019.2/gnu/aarch32/nt/gcc-arm-none-eabi/bin/../arm-none-eabi/libc/usr/lib/thumb/v7-a+fp/hard\libc.a(lib_a-mlock.o)
 .data          0x000000000105722c        0x0 g:/xilinx/vitis/2019.2/gnu/aarch32/nt/gcc-arm-none-eabi/bin/../arm-none-eabi/libc/usr/lib/thumb/v7-a+fp/hard\libc.a(lib_a-sbrkr.o)
 .data          0x000000000105722c        0x0 g:/xilinx/vitis/2019.2/gnu/aarch32/nt/gcc-arm-none-eabi/bin/../arm-none-eabi/libc/usr/lib/thumb/v7-a+fp/hard\libc.a(lib_a-snprintf.o)
 .data          0x000000000105722c        0x0 g:/xilinx/vitis/2019.2/gnu/aarch32/nt/gcc-arm-none-eabi/bin/../arm-none-eabi/libc/usr/lib/thumb/v7-a+fp/hard\libc.a(lib_a-strcasecmp.o)
 .data          0x000000000105722c        0x0 g:/xilinx/vitis/2019.2/gnu/aarch32/nt/gcc-arm-none-eabi/bin/../arm-none-eabi/libc/usr/lib/thumb/v7-a+fp/hard\libc.a(lib_a-strcat.o)
 .data          0x000000000105722c        0x0 g:/xilinx/vitis/2019.2/gnu/aarch32/nt/gcc-arm-none-eabi/bin/../arm-none-eabi/libc/usr/lib/thumb/v7-a+fp/hard\libc.a(lib_a-strchr.o)
 .data          0x000000000105722c        0x0 g:/xilinx/vitis/2019.2/gnu/aarch32/nt/gcc-arm-none-eabi/bin/../arm-none-eabi/libc/usr/lib/thumb/v7-a+fp/hard\libc.a(lib_a-strcmp.o)
 .data          0x000000000105722c        0x0 g:/xilinx/vitis/2019.2/gnu/aarch32/nt/gcc-arm-none-eabi/bin/../arm-none-eabi/libc/usr/lib/thumb/v7-a+fp/hard\libc.a(lib_a-strcpy.o)
 .data          0x000000000105722c        0x0 g:/xilinx/vitis/2019.2/gnu/aarch32/nt/gcc-arm-none-eabi/bin/../arm-none-eabi/libc/usr/lib/thumb/v7-a+fp/hard\libc.a(lib_a-strlcpy.o)
 .data          0x000000000105722c        0x0 g:/xilinx/vitis/2019.2/gnu/aarch32/nt/gcc-arm-none-eabi/bin/../arm-none-eabi/libc/usr/lib/thumb/v7-a+fp/hard\libc.a(lib_a-strlen.o)
 .data          0x000000000105722c        0x0 g:/xilinx/vitis/2019.2/gnu/aarch32/nt/gcc-arm-none-eabi/bin/../arm-none-eabi/libc/usr/lib/thumb/v7-a+fp/hard\libc.a(lib_a-strncasecmp.o)
 .data          0x000000000105722c        0x0 g:/xilinx/vitis/2019.2/gnu/aarch32/nt/gcc-arm-none-eabi/bin/../arm-none-eabi/libc/usr/lib/thumb/v7-a+fp/hard\libc.a(lib_a-strncmp.o)
 .data          0x000000000105722c        0x0 g:/xilinx/vitis/2019.2/gnu/aarch32/nt/gcc-arm-none-eabi/bin/../arm-none-eabi/libc/usr/lib/thumb/v7-a+fp/hard\libc.a(lib_a-strncpy.o)
 .data          0x000000000105722c        0x0 g:/xilinx/vitis/2019.2/gnu/aarch32/nt/gcc-arm-none-eabi/bin/../arm-none-eabi/libc/usr/lib/thumb/v7-a+fp/hard\libc.a(lib_a-strtol.o)
 .data          0x000000000105722c        0x0 g:/xilinx/vitis/2019.2/gnu/aarch32/nt/gcc-arm-none-eabi/bin/../arm-none-eabi/libc/usr/lib/thumb/v7-a+fp/hard\libc.a(lib_a-svfprintf.o)
 .data          0x000000000105722c        0x0 g:/xilinx/vitis/2019.2/gnu/aarch32/nt/gcc-arm-none-eabi/bin/../arm-none-eabi/libc/usr/lib/thumb/v7-a+fp/hard\libc.a(lib_a-vsnprintf.o)
 .data          0x000000000105722c        0x0 g:/xilinx/vitis/2019.2/gnu/aarch32/nt/gcc-arm-none-eabi/bin/../arm-none-eabi/libc/usr/lib/thumb/v7-a+fp/hard\libc.a(lib_a-wcrtomb.o)
 .data          0x000000000105722c        0x0 g:/xilinx/vitis/2019.2/gnu/aarch32/nt/gcc-arm-none-eabi/bin/../arm-none-eabi/libc/usr/lib/thumb/v7-a+fp/hard\libc.a(lib_a-wcsrtombs.o)
 .data          0x000000000105722c        0x0 g:/xilinx/vitis/2019.2/gnu/aarch32/nt/gcc-arm-none-eabi/bin/../arm-none-eabi/libc/usr/lib/thumb/v7-a+fp/hard\libc.a(lib_a-wctomb_r.o)
 .data          0x000000000105722c        0x0 g:/xilinx/vitis/2019.2/gnu/aarch32/nt/gcc-arm-none-eabi/bin/../arm-none-eabi/libc/usr/lib/thumb/v7-a+fp/hard\libc.a(lib_a-__call_atexit.o)
 .data          0x000000000105722c        0x0 g:/xilinx/vitis/2019.2/gnu/aarch32/nt/gcc-arm-none-eabi/bin/../arm-none-eabi/libc/usr/lib/thumb/v7-a+fp/hard\libc.a(lib_a-ctype_.o)
 .data          0x000000000105722c        0x0 g:/xilinx/vitis/2019.2/gnu/aarch32/nt/gcc-arm-none-eabi/bin/../arm-none-eabi/libc/usr/lib/thumb/v7-a+fp/hard\libc.a(lib_a-dtoa.o)
 .data          0x000000000105722c        0x0 g:/xilinx/vitis/2019.2/gnu/aarch32/nt/gcc-arm-none-eabi/bin/../arm-none-eabi/libc/usr/lib/thumb/v7-a+fp/hard\libc.a(lib_a-freer.o)
 .data          0x000000000105722c        0x0 g:/xilinx/vitis/2019.2/gnu/aarch32/nt/gcc-arm-none-eabi/bin/../arm-none-eabi/libc/usr/lib/thumb/v7-a+fp/hard\libc.a(lib_a-getenv_r.o)
 .data          0x000000000105722c        0x0 g:/xilinx/vitis/2019.2/gnu/aarch32/nt/gcc-arm-none-eabi/bin/../arm-none-eabi/libc/usr/lib/thumb/v7-a+fp/hard\libc.a(lib_a-localeconv.o)
 .data          0x000000000105722c        0x0 g:/xilinx/vitis/2019.2/gnu/aarch32/nt/gcc-arm-none-eabi/bin/../arm-none-eabi/libc/usr/lib/thumb/v7-a+fp/hard\libc.a(lib_a-memchr.o)
 .data          0x000000000105722c        0x0 g:/xilinx/vitis/2019.2/gnu/aarch32/nt/gcc-arm-none-eabi/bin/../arm-none-eabi/libc/usr/lib/thumb/v7-a+fp/hard\libc.a(lib_a-mprec.o)
 .data          0x000000000105722c        0x0 g:/xilinx/vitis/2019.2/gnu/aarch32/nt/gcc-arm-none-eabi/bin/../arm-none-eabi/libc/usr/lib/thumb/v7-a+fp/hard\libc.a(lib_a-reent.o)
 .data          0x000000000105722c        0x0 g:/xilinx/vitis/2019.2/gnu/aarch32/nt/gcc-arm-none-eabi/bin/../arm-none-eabi/libc/usr/lib/thumb/v7-a+fp/hard\libc.a(lib_a-s_frexp.o)
 .data          0x000000000105722c        0x0 g:/xilinx/vitis/2019.2/gnu/aarch32/nt/gcc-arm-none-eabi/bin/../arm-none-eabi/libc/usr/lib/thumb/v7-a+fp/hard\libc.a(lib_a-svfiprintf.o)
 .data          0x000000000105722c        0x0 g:/xilinx/vitis/2019.2/gnu/aarch32/nt/gcc-arm-none-eabi/bin/../arm-none-eabi/libc/usr/lib/thumb/v7-a+fp/hard\libc.a(lib_a-wcsnrtombs.o)
 .data          0x000000000105722c        0x0 g:/xilinx/vitis/2019.2/gnu/aarch32/nt/gcc-arm-none-eabi/bin/../arm-none-eabi/libc/usr/lib/thumb/v7-a+fp/hard\libc.a(lib_a-callocr.o)
 .data          0x000000000105722c        0x4 g:/xilinx/vitis/2019.2/gnu/aarch32/nt/gcc-arm-none-eabi/bin/../arm-none-eabi/libc/usr/lib/thumb/v7-a+fp/hard\libc.a(lib_a-environ.o)
                0x000000000105722c                environ
 .data          0x0000000001057230        0x0 g:/xilinx/vitis/2019.2/gnu/aarch32/nt/gcc-arm-none-eabi/bin/../arm-none-eabi/libc/usr/lib/thumb/v7-a+fp/hard\libc.a(lib_a-envlock.o)
 .data          0x0000000001057230        0x0 g:/xilinx/vitis/2019.2/gnu/aarch32/nt/gcc-arm-none-eabi/bin/../arm-none-eabi/libc/usr/lib/thumb/v7-a+fp/hard\libc.a(lib_a-memmove.o)
 .data          0x0000000001057230        0x0 g:/xilinx/vitis/2019.2/gnu/aarch32/nt/gcc-arm-none-eabi/bin/../arm-none-eabi/libc/usr/lib/thumb/v7-a+fp/hard\libc.a(lib_a-reallocr.o)
 .data          0x0000000001057230        0x0 C:/Users/Tom/Documents/Projects/Scopy_MVP_Platform/scopy-fpga/main/export/main/sw/main/standalone_domain/bsplib/lib\libxil.a(_sbrk.o)
 .data          0x0000000001057230        0x0 C:/Users/Tom/Documents/Projects/Scopy_MVP_Platform/scopy-fpga/main/export/main/sw/main/standalone_domain/bsplib/lib\libxil.a(_exit.o)
 .data          0x0000000001057230        0x0 g:/xilinx/vitis/2019.2/gnu/aarch32/nt/gcc-arm-none-eabi/bin/../lib/gcc/arm-none-eabi/8.2.0/thumb/v7-a+fp/hard/crtend.o
 .data          0x0000000001057230        0x0 g:/xilinx/vitis/2019.2/gnu/aarch32/nt/gcc-arm-none-eabi/bin/../lib/gcc/arm-none-eabi/8.2.0/thumb/v7-a+fp/hard/crtn.o
 *(.data.*)
 *(.gnu.linkonce.d.*)
 *(.jcr)
 *(.got)
 *(.got.plt)
                0x0000000001057230                __data_end = .

.tm_clone_table
                0x0000000001057230        0x0
 .tm_clone_table
                0x0000000001057230        0x0 g:/xilinx/vitis/2019.2/gnu/aarch32/nt/gcc-arm-none-eabi/bin/../lib/gcc/arm-none-eabi/8.2.0/thumb/v7-a+fp/hard/crtbegin.o
 .tm_clone_table
                0x0000000001057230        0x0 g:/xilinx/vitis/2019.2/gnu/aarch32/nt/gcc-arm-none-eabi/bin/../lib/gcc/arm-none-eabi/8.2.0/thumb/v7-a+fp/hard/crtend.o

.igot.plt       0x0000000001057230        0x0
 .igot.plt      0x0000000001057230        0x0 g:/xilinx/vitis/2019.2/gnu/aarch32/nt/gcc-arm-none-eabi/bin/../lib/gcc/arm-none-eabi/8.2.0/thumb/v7-a+fp/hard/crtbegin.o

.got2           0x0000000001057230        0x0
 .got2          0x0000000001057230        0x0 C:/Users/Tom/Documents/Projects/Scopy_MVP_Platform/scopy-fpga/main/export/main/sw/main/standalone_domain/bsplib/lib\libxil.a(xil-crt0.o)

.data1          0x0000000001057230        0x0
                0x0000000001057230                __data1_start = .
 *(.data1)
 *(.data1.*)
                0x0000000001057230                __data1_end = .

.got
 *(.got)

.ctors          0x0000000001057230        0x0
                0x0000000001057230                __CTOR_LIST__ = .
                0x0000000001057230                ___CTORS_LIST___ = .
 *crtbegin.o(.ctors)
 *(EXCLUDE_FILE(*crtend.o) .ctors)
 *(SORT_BY_NAME(.ctors.*))
 *(.ctors)
                0x0000000001057230                __CTOR_END__ = .
                0x0000000001057230                ___CTORS_END___ = .

.dtors          0x0000000001057230        0x0
                0x0000000001057230                __DTOR_LIST__ = .
                0x0000000001057230                ___DTORS_LIST___ = .
 *crtbegin.o(.dtors)
 *(EXCLUDE_FILE(*crtend.o) .dtors)
 *(SORT_BY_NAME(.dtors.*))
 *(.dtors)
                0x0000000001057230                __DTOR_END__ = .
                0x0000000001057230                ___DTORS_END___ = .

.fixup          0x0000000001057230        0x0
                0x0000000001057230                __fixup_start = .
 *(.fixup)
                0x0000000001057230                __fixup_end = .

.eh_frame       0x0000000001057230        0x4
 *(.eh_frame)
 .eh_frame      0x0000000001057230        0x0 g:/xilinx/vitis/2019.2/gnu/aarch32/nt/gcc-arm-none-eabi/bin/../lib/gcc/arm-none-eabi/8.2.0/thumb/v7-a+fp/hard/crtbegin.o
 .eh_frame      0x0000000001057230        0x4 g:/xilinx/vitis/2019.2/gnu/aarch32/nt/gcc-arm-none-eabi/bin/../lib/gcc/arm-none-eabi/8.2.0/thumb/v7-a+fp/hard/crtend.o

.eh_framehdr    0x0000000001057234        0x0
                0x0000000001057234                __eh_framehdr_start = .
 *(.eh_framehdr)
                0x0000000001057234                __eh_framehdr_end = .

.gcc_except_table
 *(.gcc_except_table)

.mmu_tbl        0x0000000001058000     0x4000
                0x0000000001058000                __mmu_tbl_start = .
 *(.mmu_tbl)
 .mmu_tbl       0x0000000001058000     0x4000 C:/Users/Tom/Documents/Projects/Scopy_MVP_Platform/scopy-fpga/main/export/main/sw/main/standalone_domain/bsplib/lib\libxil.a(translation_table.o)
                0x0000000001058000                MMUTable
                0x000000000105c000                __mmu_tbl_end = .

.ARM.exidx      0x000000000105c000        0x8
                0x000000000105c000                __exidx_start = .
 *(.ARM.exidx*)
 .ARM.exidx     0x000000000105c000        0x8 g:/xilinx/vitis/2019.2/gnu/aarch32/nt/gcc-arm-none-eabi/bin/../lib/gcc/arm-none-eabi/8.2.0/thumb/v7-a+fp/hard\libgcc.a(_udivmoddi4.o)
 *(.gnu.linkonce.armexidix.*.*)
                0x000000000105c008                __exidx_end = .

.rel.dyn        0x000000000105c008        0x0
 .rel.iplt      0x000000000105c008        0x0 g:/xilinx/vitis/2019.2/gnu/aarch32/nt/gcc-arm-none-eabi/bin/../lib/gcc/arm-none-eabi/8.2.0/thumb/v7-a+fp/hard/crtbegin.o

.preinit_array  0x000000000105c008        0x0
                0x000000000105c008                __preinit_array_start = .
 *(SORT_BY_NAME(.preinit_array.*))
 *(.preinit_array)
                0x000000000105c008                __preinit_array_end = .

.init_array     0x000000000105c008        0x4
                0x000000000105c008                __init_array_start = .
 *(SORT_BY_NAME(.init_array.*))
 *(.init_array)
 .init_array    0x000000000105c008        0x4 g:/xilinx/vitis/2019.2/gnu/aarch32/nt/gcc-arm-none-eabi/bin/../lib/gcc/arm-none-eabi/8.2.0/thumb/v7-a+fp/hard/crtbegin.o
                0x000000000105c00c                __init_array_end = .

.fini_array     0x000000000105c00c        0x4
                0x000000000105c00c                __fini_array_start = .
 *(SORT_BY_NAME(.fini_array.*))
 *(.fini_array)
 .fini_array    0x000000000105c00c        0x4 g:/xilinx/vitis/2019.2/gnu/aarch32/nt/gcc-arm-none-eabi/bin/../lib/gcc/arm-none-eabi/8.2.0/thumb/v7-a+fp/hard/crtbegin.o
                0x000000000105c010                __fini_array_end = .

.ARM.attributes
                0x000000000105c010       0x33
                0x000000000105c010                __ARM.attributes_start = .
 *(.ARM.attributes)
 .ARM.attributes
                0x000000000105c010       0x1f g:/xilinx/vitis/2019.2/gnu/aarch32/nt/gcc-arm-none-eabi/bin/../lib/gcc/arm-none-eabi/8.2.0/thumb/v7-a+fp/hard/crti.o
 .ARM.attributes
                0x000000000105c02f       0x33 g:/xilinx/vitis/2019.2/gnu/aarch32/nt/gcc-arm-none-eabi/bin/../lib/gcc/arm-none-eabi/8.2.0/thumb/v7-a+fp/hard/crtbegin.o
 .ARM.attributes
                0x000000000105c062       0x33 ./src/acq_hacks.o
 .ARM.attributes
                0x000000000105c095       0x33 ./src/acquire.o
 .ARM.attributes
                0x000000000105c0c8       0x33 ./src/clkwiz_interface.o
 .ARM.attributes
                0x000000000105c0fb       0x33 ./src/dma_gearbox.o
 .ARM.attributes
                0x000000000105c12e       0x33 ./src/fabric_config.o
 .ARM.attributes
                0x000000000105c161       0x33 ./src/hal.o
 .ARM.attributes
                0x000000000105c194       0x33 ./src/main.o
 .ARM.attributes
                0x000000000105c1c7       0x33 ./src/mipi_csi.o
 .ARM.attributes
                0x000000000105c1fa       0x33 ./src/mipi_csi_hacks.o
 .ARM.attributes
                0x000000000105c22d       0x33 ./src/platform.o
 .ARM.attributes
                0x000000000105c260       0x33 C:/Users/Tom/Documents/Projects/Scopy_MVP_Platform/scopy-fpga/main/export/main/sw/main/standalone_domain/bsplib/lib\libxil.a(xaxidma.o)
 .ARM.attributes
                0x000000000105c293       0x33 C:/Users/Tom/Documents/Projects/Scopy_MVP_Platform/scopy-fpga/main/export/main/sw/main/standalone_domain/bsplib/lib\libxil.a(xaxidma_sinit.o)
 .ARM.attributes
                0x000000000105c2c6       0x33 C:/Users/Tom/Documents/Projects/Scopy_MVP_Platform/scopy-fpga/main/export/main/sw/main/standalone_domain/bsplib/lib\libxil.a(xaxidma_bdring.o)
 .ARM.attributes
                0x000000000105c2f9       0x3d C:/Users/Tom/Documents/Projects/Scopy_MVP_Platform/scopy-fpga/main/export/main/sw/main/standalone_domain/bsplib/lib\libxil.a(xaxidma_g.o)
 .ARM.attributes
                0x000000000105c336       0x33 C:/Users/Tom/Documents/Projects/Scopy_MVP_Platform/scopy-fpga/main/export/main/sw/main/standalone_domain/bsplib/lib\libxil.a(xclk_wiz.o)
 .ARM.attributes
                0x000000000105c369       0x33 C:/Users/Tom/Documents/Projects/Scopy_MVP_Platform/scopy-fpga/main/export/main/sw/main/standalone_domain/bsplib/lib\libxil.a(xclk_wiz_sinit.o)
 .ARM.attributes
                0x000000000105c39c       0x33 C:/Users/Tom/Documents/Projects/Scopy_MVP_Platform/scopy-fpga/main/export/main/sw/main/standalone_domain/bsplib/lib\libxil.a(xdmaps.o)
 .ARM.attributes
                0x000000000105c3cf       0x33 C:/Users/Tom/Documents/Projects/Scopy_MVP_Platform/scopy-fpga/main/export/main/sw/main/standalone_domain/bsplib/lib\libxil.a(xdmaps_sinit.o)
 .ARM.attributes
                0x000000000105c402       0x3d C:/Users/Tom/Documents/Projects/Scopy_MVP_Platform/scopy-fpga/main/export/main/sw/main/standalone_domain/bsplib/lib\libxil.a(xdmaps_g.o)
 .ARM.attributes
                0x000000000105c43f       0x33 C:/Users/Tom/Documents/Projects/Scopy_MVP_Platform/scopy-fpga/main/export/main/sw/main/standalone_domain/bsplib/lib\libxil.a(xgpiops.o)
 .ARM.attributes
                0x000000000105c472       0x33 C:/Users/Tom/Documents/Projects/Scopy_MVP_Platform/scopy-fpga/main/export/main/sw/main/standalone_domain/bsplib/lib\libxil.a(xgpiops_sinit.o)
 .ARM.attributes
                0x000000000105c4a5       0x33 C:/Users/Tom/Documents/Projects/Scopy_MVP_Platform/scopy-fpga/main/export/main/sw/main/standalone_domain/bsplib/lib\libxil.a(xgpiops_intr.o)
 .ARM.attributes
                0x000000000105c4d8       0x3d C:/Users/Tom/Documents/Projects/Scopy_MVP_Platform/scopy-fpga/main/export/main/sw/main/standalone_domain/bsplib/lib\libxil.a(xgpiops_g.o)
 .ARM.attributes
                0x000000000105c515       0x33 C:/Users/Tom/Documents/Projects/Scopy_MVP_Platform/scopy-fpga/main/export/main/sw/main/standalone_domain/bsplib/lib\libxil.a(xscugic_intr.o)
 .ARM.attributes
                0x000000000105c548       0x33 C:/Users/Tom/Documents/Projects/Scopy_MVP_Platform/scopy-fpga/main/export/main/sw/main/standalone_domain/bsplib/lib\libxil.a(xscugic.o)
 .ARM.attributes
                0x000000000105c57b       0x33 C:/Users/Tom/Documents/Projects/Scopy_MVP_Platform/scopy-fpga/main/export/main/sw/main/standalone_domain/bsplib/lib\libxil.a(xscugic_sinit.o)
 .ARM.attributes
                0x000000000105c5ae       0x33 C:/Users/Tom/Documents/Projects/Scopy_MVP_Platform/scopy-fpga/main/export/main/sw/main/standalone_domain/bsplib/lib\libxil.a(xscutimer.o)
 .ARM.attributes
                0x000000000105c5e1       0x33 C:/Users/Tom/Documents/Projects/Scopy_MVP_Platform/scopy-fpga/main/export/main/sw/main/standalone_domain/bsplib/lib\libxil.a(xscutimer_selftest.o)
 .ARM.attributes
                0x000000000105c614       0x33 C:/Users/Tom/Documents/Projects/Scopy_MVP_Platform/scopy-fpga/main/export/main/sw/main/standalone_domain/bsplib/lib\libxil.a(xscutimer_sinit.o)
 .ARM.attributes
                0x000000000105c647       0x3d C:/Users/Tom/Documents/Projects/Scopy_MVP_Platform/scopy-fpga/main/export/main/sw/main/standalone_domain/bsplib/lib\libxil.a(xscutimer_g.o)
 .ARM.attributes
                0x000000000105c684       0x33 C:/Users/Tom/Documents/Projects/Scopy_MVP_Platform/scopy-fpga/main/export/main/sw/main/standalone_domain/bsplib/lib\libxil.a(xil_assert.o)
 .ARM.attributes
                0x000000000105c6b7       0x33 C:/Users/Tom/Documents/Projects/Scopy_MVP_Platform/scopy-fpga/main/export/main/sw/main/standalone_domain/bsplib/lib\libxil.a(print.o)
 .ARM.attributes
                0x000000000105c6ea       0x33 C:/Users/Tom/Documents/Projects/Scopy_MVP_Platform/scopy-fpga/main/export/main/sw/main/standalone_domain/bsplib/lib\libxil.a(xil_cache.o)
 .ARM.attributes
                0x000000000105c71d       0x33 C:/Users/Tom/Documents/Projects/Scopy_MVP_Platform/scopy-fpga/main/export/main/sw/main/standalone_domain/bsplib/lib\libxil.a(outbyte.o)
 .ARM.attributes
                0x000000000105c750       0x33 C:/Users/Tom/Documents/Projects/Scopy_MVP_Platform/scopy-fpga/main/export/main/sw/main/standalone_domain/bsplib/lib\libxil.a(xplatform_info.o)
 .ARM.attributes
                0x000000000105c783       0x33 C:/Users/Tom/Documents/Projects/Scopy_MVP_Platform/scopy-fpga/main/export/main/sw/main/standalone_domain/bsplib/lib\libxil.a(xil_printf.o)
 .ARM.attributes
                0x000000000105c7b6       0x33 C:/Users/Tom/Documents/Projects/Scopy_MVP_Platform/scopy-fpga/main/export/main/sw/main/standalone_domain/bsplib/lib\libxil.a(xil_exception.o)
 .ARM.attributes
                0x000000000105c7e9       0x1f C:/Users/Tom/Documents/Projects/Scopy_MVP_Platform/scopy-fpga/main/export/main/sw/main/standalone_domain/bsplib/lib\libxil.a(asm_vectors.o)
 .ARM.attributes
                0x000000000105c808       0x33 C:/Users/Tom/Documents/Projects/Scopy_MVP_Platform/scopy-fpga/main/export/main/sw/main/standalone_domain/bsplib/lib\libxil.a(xuartps_hw.o)
 .ARM.attributes
                0x000000000105c83b       0x3d C:/Users/Tom/Documents/Projects/Scopy_MVP_Platform/scopy-fpga/main/export/main/sw/main/standalone_domain/bsplib/lib\libxil.a(xclk_wiz_g.o)
 .ARM.attributes
                0x000000000105c878       0x3d C:/Users/Tom/Documents/Projects/Scopy_MVP_Platform/scopy-fpga/main/export/main/sw/main/standalone_domain/bsplib/lib\libxil.a(xscugic_g.o)
 .ARM.attributes
                0x000000000105c8b5       0x33 C:/Users/Tom/Documents/Projects/Scopy_MVP_Platform/scopy-fpga/main/export/main/sw/main/standalone_domain/bsplib/lib\libxil.a(vectors.o)
 .ARM.attributes
                0x000000000105c8e8       0x1f C:/Users/Tom/Documents/Projects/Scopy_MVP_Platform/scopy-fpga/main/export/main/sw/main/standalone_domain/bsplib/lib\libxil.a(boot.o)
 .ARM.attributes
                0x000000000105c907       0x1f C:/Users/Tom/Documents/Projects/Scopy_MVP_Platform/scopy-fpga/main/export/main/sw/main/standalone_domain/bsplib/lib\libxil.a(xil-crt0.o)
 .ARM.attributes
                0x000000000105c926       0x1f C:/Users/Tom/Documents/Projects/Scopy_MVP_Platform/scopy-fpga/main/export/main/sw/main/standalone_domain/bsplib/lib\libxil.a(translation_table.o)
 .ARM.attributes
                0x000000000105c945       0x1f C:/Users/Tom/Documents/Projects/Scopy_MVP_Platform/scopy-fpga/main/export/main/sw/main/standalone_domain/bsplib/lib\libxil.a(cpu_init.o)
 .ARM.attributes
                0x000000000105c964       0x33 C:/Users/Tom/Documents/Projects/Scopy_MVP_Platform/scopy-fpga/main/export/main/sw/main/standalone_domain/bsplib/lib\libxil.a(xtime_l.o)
 .ARM.attributes
                0x000000000105c997       0x1f g:/xilinx/vitis/2019.2/gnu/aarch32/nt/gcc-arm-none-eabi/bin/../lib/gcc/arm-none-eabi/8.2.0/thumb/v7-a+fp/hard\libgcc.a(_udivsi3.o)
 .ARM.attributes
                0x000000000105c9b6       0x1f g:/xilinx/vitis/2019.2/gnu/aarch32/nt/gcc-arm-none-eabi/bin/../lib/gcc/arm-none-eabi/8.2.0/thumb/v7-a+fp/hard\libgcc.a(_divsi3.o)
 .ARM.attributes
                0x000000000105c9d5       0x1f g:/xilinx/vitis/2019.2/gnu/aarch32/nt/gcc-arm-none-eabi/bin/../lib/gcc/arm-none-eabi/8.2.0/thumb/v7-a+fp/hard\libgcc.a(_dvmd_tls.o)
 .ARM.attributes
                0x000000000105c9f4       0x1f g:/xilinx/vitis/2019.2/gnu/aarch32/nt/gcc-arm-none-eabi/bin/../lib/gcc/arm-none-eabi/8.2.0/thumb/v7-a+fp/hard\libgcc.a(_arm_addsubdf3.o)
 .ARM.attributes
                0x000000000105ca13       0x1f g:/xilinx/vitis/2019.2/gnu/aarch32/nt/gcc-arm-none-eabi/bin/../lib/gcc/arm-none-eabi/8.2.0/thumb/v7-a+fp/hard\libgcc.a(_arm_addsubsf3.o)
 .ARM.attributes
                0x000000000105ca32       0x1f g:/xilinx/vitis/2019.2/gnu/aarch32/nt/gcc-arm-none-eabi/bin/../lib/gcc/arm-none-eabi/8.2.0/thumb/v7-a+fp/hard\libgcc.a(_aeabi_uldivmod.o)
 .ARM.attributes
                0x000000000105ca51       0x33 g:/xilinx/vitis/2019.2/gnu/aarch32/nt/gcc-arm-none-eabi/bin/../lib/gcc/arm-none-eabi/8.2.0/thumb/v7-a+fp/hard\libgcc.a(_fixunssfdi.o)
 .ARM.attributes
                0x000000000105ca84       0x33 g:/xilinx/vitis/2019.2/gnu/aarch32/nt/gcc-arm-none-eabi/bin/../lib/gcc/arm-none-eabi/8.2.0/thumb/v7-a+fp/hard\libgcc.a(_fixunsdfdi.o)
 .ARM.attributes
                0x000000000105cab7       0x33 g:/xilinx/vitis/2019.2/gnu/aarch32/nt/gcc-arm-none-eabi/bin/../lib/gcc/arm-none-eabi/8.2.0/thumb/v7-a+fp/hard\libgcc.a(_udivmoddi4.o)
 .ARM.attributes
                0x000000000105caea       0x33 g:/xilinx/vitis/2019.2/gnu/aarch32/nt/gcc-arm-none-eabi/bin/../arm-none-eabi/libc/usr/lib/thumb/v7-a+fp/hard\libc.a(lib_a-exit.o)
 .ARM.attributes
                0x000000000105cb1d       0x33 g:/xilinx/vitis/2019.2/gnu/aarch32/nt/gcc-arm-none-eabi/bin/../arm-none-eabi/libc/usr/lib/thumb/v7-a+fp/hard\libc.a(lib_a-fini.o)
 .ARM.attributes
                0x000000000105cb50       0x31 g:/xilinx/vitis/2019.2/gnu/aarch32/nt/gcc-arm-none-eabi/bin/../arm-none-eabi/libc/usr/lib/thumb/v7-a+fp/hard\libc.a(lib_a-impure.o)
 .ARM.attributes
                0x000000000105cb81       0x33 g:/xilinx/vitis/2019.2/gnu/aarch32/nt/gcc-arm-none-eabi/bin/../arm-none-eabi/libc/usr/lib/thumb/v7-a+fp/hard\libc.a(lib_a-init.o)
 .ARM.attributes
                0x000000000105cbb4       0x33 g:/xilinx/vitis/2019.2/gnu/aarch32/nt/gcc-arm-none-eabi/bin/../arm-none-eabi/libc/usr/lib/thumb/v7-a+fp/hard\libc.a(lib_a-locale.o)
 .ARM.attributes
                0x000000000105cbe7       0x33 g:/xilinx/vitis/2019.2/gnu/aarch32/nt/gcc-arm-none-eabi/bin/../arm-none-eabi/libc/usr/lib/thumb/v7-a+fp/hard\libc.a(lib_a-malign.o)
 .ARM.attributes
                0x000000000105cc1a       0x33 g:/xilinx/vitis/2019.2/gnu/aarch32/nt/gcc-arm-none-eabi/bin/../arm-none-eabi/libc/usr/lib/thumb/v7-a+fp/hard\libc.a(lib_a-malignr.o)
 .ARM.attributes
                0x000000000105cc4d       0x33 g:/xilinx/vitis/2019.2/gnu/aarch32/nt/gcc-arm-none-eabi/bin/../arm-none-eabi/libc/usr/lib/thumb/v7-a+fp/hard\libc.a(lib_a-malloc.o)
 .ARM.attributes
                0x000000000105cc80       0x33 g:/xilinx/vitis/2019.2/gnu/aarch32/nt/gcc-arm-none-eabi/bin/../arm-none-eabi/libc/usr/lib/thumb/v7-a+fp/hard\libc.a(lib_a-mallocr.o)
 .ARM.attributes
                0x000000000105ccb3       0x33 g:/xilinx/vitis/2019.2/gnu/aarch32/nt/gcc-arm-none-eabi/bin/../arm-none-eabi/libc/usr/lib/thumb/v7-a+fp/hard\libc.a(lib_a-mbtowc_r.o)
 .ARM.attributes
                0x000000000105cce6       0x1b g:/xilinx/vitis/2019.2/gnu/aarch32/nt/gcc-arm-none-eabi/bin/../arm-none-eabi/libc/usr/lib/thumb/v7-a+fp/hard\libc.a(lib_a-memcpy.o)
 .ARM.attributes
                0x000000000105cd01       0x33 g:/xilinx/vitis/2019.2/gnu/aarch32/nt/gcc-arm-none-eabi/bin/../arm-none-eabi/libc/usr/lib/thumb/v7-a+fp/hard\libc.a(lib_a-memset.o)
 .ARM.attributes
                0x000000000105cd34       0x33 g:/xilinx/vitis/2019.2/gnu/aarch32/nt/gcc-arm-none-eabi/bin/../arm-none-eabi/libc/usr/lib/thumb/v7-a+fp/hard\libc.a(lib_a-mlock.o)
 .ARM.attributes
                0x000000000105cd67       0x33 g:/xilinx/vitis/2019.2/gnu/aarch32/nt/gcc-arm-none-eabi/bin/../arm-none-eabi/libc/usr/lib/thumb/v7-a+fp/hard\libc.a(lib_a-sbrkr.o)
 .ARM.attributes
                0x000000000105cd9a       0x33 g:/xilinx/vitis/2019.2/gnu/aarch32/nt/gcc-arm-none-eabi/bin/../arm-none-eabi/libc/usr/lib/thumb/v7-a+fp/hard\libc.a(lib_a-snprintf.o)
 .ARM.attributes
                0x000000000105cdcd       0x33 g:/xilinx/vitis/2019.2/gnu/aarch32/nt/gcc-arm-none-eabi/bin/../arm-none-eabi/libc/usr/lib/thumb/v7-a+fp/hard\libc.a(lib_a-strcasecmp.o)
 .ARM.attributes
                0x000000000105ce00       0x33 g:/xilinx/vitis/2019.2/gnu/aarch32/nt/gcc-arm-none-eabi/bin/../arm-none-eabi/libc/usr/lib/thumb/v7-a+fp/hard\libc.a(lib_a-strcat.o)
 .ARM.attributes