Archive member included to satisfy reference by file (symbol)

C:/Users/Tom/Documents/Projects/Scopy_MVP_Platform/scopy-fpga/main/export/main/sw/main/standalone_domain/bsplib/lib\libxil.a(xaxidma.o)
                              ./src/acquire.o (XAxiDma_Reset)
C:/Users/Tom/Documents/Projects/Scopy_MVP_Platform/scopy-fpga/main/export/main/sw/main/standalone_domain/bsplib/lib\libxil.a(xaxidma_sinit.o)
                              ./src/acquire.o (XAxiDma_LookupConfig)
C:/Users/Tom/Documents/Projects/Scopy_MVP_Platform/scopy-fpga/main/export/main/sw/main/standalone_domain/bsplib/lib\libxil.a(xaxidma_bdring.o)
                              C:/Users/Tom/Documents/Projects/Scopy_MVP_Platform/scopy-fpga/main/export/main/sw/main/standalone_domain/bsplib/lib\libxil.a(xaxidma.o) (XAxiDma_BdRingStart)
C:/Users/Tom/Documents/Projects/Scopy_MVP_Platform/scopy-fpga/main/export/main/sw/main/standalone_domain/bsplib/lib\libxil.a(xaxidma_g.o)
                              C:/Users/Tom/Documents/Projects/Scopy_MVP_Platform/scopy-fpga/main/export/main/sw/main/standalone_domain/bsplib/lib\libxil.a(xaxidma_sinit.o) (XAxiDma_ConfigTable)
C:/Users/Tom/Documents/Projects/Scopy_MVP_Platform/scopy-fpga/main/export/main/sw/main/standalone_domain/bsplib/lib\libxil.a(xclk_wiz.o)
                              ./src/clkwiz_interface.o (XClk_Wiz_CfgInitialize)
C:/Users/Tom/Documents/Projects/Scopy_MVP_Platform/scopy-fpga/main/export/main/sw/main/standalone_domain/bsplib/lib\libxil.a(xclk_wiz_sinit.o)
                              ./src/clkwiz_interface.o (XClk_Wiz_LookupConfig)
C:/Users/Tom/Documents/Projects/Scopy_MVP_Platform/scopy-fpga/main/export/main/sw/main/standalone_domain/bsplib/lib\libxil.a(xdmaps.o)
                              ./src/dma_gearbox.o (XDmaPs_CfgInitialize)
C:/Users/Tom/Documents/Projects/Scopy_MVP_Platform/scopy-fpga/main/export/main/sw/main/standalone_domain/bsplib/lib\libxil.a(xdmaps_sinit.o)
                              ./src/dma_gearbox.o (XDmaPs_LookupConfig)
C:/Users/Tom/Documents/Projects/Scopy_MVP_Platform/scopy-fpga/main/export/main/sw/main/standalone_domain/bsplib/lib\libxil.a(xdmaps_g.o)
                              C:/Users/Tom/Documents/Projects/Scopy_MVP_Platform/scopy-fpga/main/export/main/sw/main/standalone_domain/bsplib/lib\libxil.a(xdmaps_sinit.o) (XDmaPs_ConfigTable)
C:/Users/Tom/Documents/Projects/Scopy_MVP_Platform/scopy-fpga/main/export/main/sw/main/standalone_domain/bsplib/lib\libxil.a(xgpiops.o)
                              ./src/hal.o (XGpioPs_CfgInitialize)
C:/Users/Tom/Documents/Projects/Scopy_MVP_Platform/scopy-fpga/main/export/main/sw/main/standalone_domain/bsplib/lib\libxil.a(xgpiops_sinit.o)
                              ./src/hal.o (XGpioPs_LookupConfig)
C:/Users/Tom/Documents/Projects/Scopy_MVP_Platform/scopy-fpga/main/export/main/sw/main/standalone_domain/bsplib/lib\libxil.a(xgpiops_intr.o)
                              C:/Users/Tom/Documents/Projects/Scopy_MVP_Platform/scopy-fpga/main/export/main/sw/main/standalone_domain/bsplib/lib\libxil.a(xgpiops.o) (StubHandler)
C:/Users/Tom/Documents/Projects/Scopy_MVP_Platform/scopy-fpga/main/export/main/sw/main/standalone_domain/bsplib/lib\libxil.a(xgpiops_g.o)
                              C:/Users/Tom/Documents/Projects/Scopy_MVP_Platform/scopy-fpga/main/export/main/sw/main/standalone_domain/bsplib/lib\libxil.a(xgpiops_sinit.o) (XGpioPs_ConfigTable)
C:/Users/Tom/Documents/Projects/Scopy_MVP_Platform/scopy-fpga/main/export/main/sw/main/standalone_domain/bsplib/lib\libxil.a(xscugic_intr.o)
                              ./src/hal.o (XScuGic_InterruptHandler)
C:/Users/Tom/Documents/Projects/Scopy_MVP_Platform/scopy-fpga/main/export/main/sw/main/standalone_domain/bsplib/lib\libxil.a(xscugic.o)
                              ./src/acquire.o (XScuGic_Connect)
C:/Users/Tom/Documents/Projects/Scopy_MVP_Platform/scopy-fpga/main/export/main/sw/main/standalone_domain/bsplib/lib\libxil.a(xscugic_sinit.o)
                              ./src/hal.o (XScuGic_LookupConfig)
C:/Users/Tom/Documents/Projects/Scopy_MVP_Platform/scopy-fpga/main/export/main/sw/main/standalone_domain/bsplib/lib\libxil.a(xscutimer.o)
                              ./src/hal.o (XScuTimer_CfgInitialize)
C:/Users/Tom/Documents/Projects/Scopy_MVP_Platform/scopy-fpga/main/export/main/sw/main/standalone_domain/bsplib/lib\libxil.a(xscutimer_selftest.o)
                              ./src/hal.o (XScuTimer_SelfTest)
C:/Users/Tom/Documents/Projects/Scopy_MVP_Platform/scopy-fpga/main/export/main/sw/main/standalone_domain/bsplib/lib\libxil.a(xscutimer_sinit.o)
                              ./src/hal.o (XScuTimer_LookupConfig)
C:/Users/Tom/Documents/Projects/Scopy_MVP_Platform/scopy-fpga/main/export/main/sw/main/standalone_domain/bsplib/lib\libxil.a(xscutimer_g.o)
                              C:/Users/Tom/Documents/Projects/Scopy_MVP_Platform/scopy-fpga/main/export/main/sw/main/standalone_domain/bsplib/lib\libxil.a(xscutimer_sinit.o) (XScuTimer_ConfigTable)
[...]
Memory Configuration

Name             Origin             Length             Attributes
ps7_ram_0        0x0000000001000000 0x000000000fffffff
ocm2             0x00000000ffff0000 0x000000000000fe00
ocm1             0x0000000000000000 0x0000000000030000
*default*        0x0000000000000000 0xffffffffffffffff

Linker script and memory map

LOAD g:/xilinx/vitis/2019.2/gnu/aarch32/nt/gcc-arm-none-eabi/bin/../lib/gcc/arm-none-eabi/8.2.0/thumb/v7-a+fp/hard/crti.o
LOAD g:/xilinx/vitis/2019.2/gnu/aarch32/nt/gcc-arm-none-eabi/bin/../lib/gcc/arm-none-eabi/8.2.0/thumb/v7-a+fp/hard/crtbegin.o
                0x0000000000010000                _STACK_SIZE = DEFINED (_STACK_SIZE)?_STACK_SIZE:0x10000
                0x000000000c000000                _HEAP_SIZE = DEFINED (_HEAP_SIZE)?_HEAP_SIZE:0xc000000
                0x0000000000000400                _ABORT_STACK_SIZE = DEFINED (_ABORT_STACK_SIZE)?_ABORT_STACK_SIZE:0x400
                0x0000000000000800                _SUPERVISOR_STACK_SIZE = DEFINED (_SUPERVISOR_STACK_SIZE)?_SUPERVISOR_STACK_SIZE:0x800
                0x0000000000000400                _IRQ_STACK_SIZE = DEFINED (_IRQ_STACK_SIZE)?_IRQ_STACK_SIZE:0x400
                0x0000000000000400                _FIQ_STACK_SIZE = DEFINED (_FIQ_STACK_SIZE)?_FIQ_STACK_SIZE:0x400
                0x0000000000000400                _UNDEF_STACK_SIZE = DEFINED (_UNDEF_STACK_SIZE)?_UNDEF_STACK_SIZE:0x400

.text           0x0000000001000000    0x13d44
 *(.vectors)
 .vectors       0x0000000001000000      0x12c C:/Users/Tom/Documents/Projects/Scopy_MVP_Platform/scopy-fpga/main/export/main/sw/main/standalone_domain/bsplib/lib\libxil.a(asm_vectors.o)
                0x0000000001000000                _vector_table
 *(.boot)
 .boot          0x000000000100012c      0x3b0 C:/Users/Tom/Documents/Projects/Scopy_MVP_Platform/scopy-fpga/main/export/main/sw/main/standalone_domain/bsplib/lib\libxil.a(boot.o)
                0x000000000100012c                _prestart
                0x000000000100012c                _boot
 *(.text)
 .text          0x00000000010004dc        0x0 g:/xilinx/vitis/2019.2/gnu/aarch32/nt/gcc-arm-none-eabi/bin/../lib/gcc/arm-none-eabi/8.2.0/thumb/v7-a+fp/hard/crti.o
 .text          0x00000000010004dc       0xa8 g:/xilinx/vitis/2019.2/gnu/aarch32/nt/gcc-arm-none-eabi/bin/../lib/gcc/arm-none-eabi/8.2.0/thumb/v7-a+fp/hard/crtbegin.o
 *fill*         0x0000000001000584        0x4 
 .text          0x0000000001000588     0x1f40 ./src/acquire.o
                0x0000000001000588                _acq_irq_error_dma
                0x00000000010005c4                _acq_reset_PL_fifo
                0x0000000001000648                _acq_reset_trigger
                0x00000000010006ac                _acq_wait_for_ndone
                0x00000000010006c4                acq_init
                0x00000000010009c0                acq_get_next_alloc
                0x0000000001000a78                acq_append_next_alloc
                0x0000000001000bb0                acq_free_all_alloc
                0x0000000001000bfc                acq_prepare_triggered
                0x0000000001000fec                acq_start
                0x000000000100119c                _acq_irq_rx_handler
                0x0000000001001944                acq_is_done
                0x0000000001001960                acq_force_stop
                0x00000000010019d0                acq_debug_dump
                0x0000000001001f20                acq_debug_dump_waveraw
                0x0000000001001fc0                acq_get_ll_pointer
                0x0000000001002028                acq_debug_dump_wave
                0x0000000001002300                acq_copy_slow_mipi
 .text          0x00000000010024c8      0x6c8 ./src/clkwiz_interface.o
                0x00000000010024c8                clkwiz_init
                0x0000000001002594                clkwiz_change_mipi_freq
                0x0000000001002884                clkwiz_dump_state
                0x0000000001002afc                clkwiz_commit
 .text          0x0000000001002b90      0x3f4 ./src/dma_gearbox.o
                0x0000000001002b90                dma_gearbox_init
                0x0000000001002c1c                dma_gearbox_setup_copy
                0x0000000001002ef0                dma_gearbox_execute
                0x0000000001002f64                dma_gearbox_is_done
 .text          0x0000000001002f84      0x678 ./src/fabric_config.o
                0x0000000001002fa0                fabcfg_init
                0x0000000001003494                fabcfg_read
                0x00000000010034b0                fabcfg_write
                0x00000000010034cc                fabcfg_commit
                0x0000000001003560                fabcfg_fastcfg_start
                0x00000000010035c8                fabcfg_fastcfg_wait
 *fill*         0x00000000010035fc        0x4 
 .text          0x0000000001003600     0x1010 ./src/hal.o
                0x0000000001003600                irq_xscutimer
                0x00000000010039d8                d_xilinx_assert
                0x00000000010039f0                bogo_calibrate
                0x0000000001003ba8                bogo_delay
                0x0000000001003c0c                gpio_led_write
                0x0000000001003c40                d_printf
                0x0000000001003e00                hal_init
                0x0000000001004318                d_waitkey
                0x0000000001004340                d_iskeypress
                0x0000000001004360                d_read_global_timer
                0x0000000001004388                d_start_timing
                0x00000000010043f8                d_stop_timing
                0x0000000001004478                d_read_timing
                0x000000000100449c                d_read_timing_us
                0x0000000001004510                d_dump_timing
                0x0000000001004590                d_dump_timing_ex
 .text          0x0000000001004610        0x0 ./src/main.o
 .text          0x0000000001004610      0x750 ./src/mipi_csi.o
                0x0000000001004610                mcsi_init
                0x0000000001004630                mcsi_setup_transfer_by_id
                0x00000000010046e0                mcsi_setup_multi_transfer_by_id
                0x00000000010047e4                mcsi_start
                0x000000000100483c                _mcsi_tx_memcpy
                0x0000000001004a5c                mcsi_tick
                0x0000000001004cd4                _mcsi_tx_memcpy_assist_bounded
 .text          0x0000000001004d60      0x39c ./src/mipi_csi_hacks.o
                0x0000000001004d60                csi_hack_run
 .text          0x00000000010050fc       0x14 ./src/platform.o
                0x00000000010050fc                enable_caches
                0x0000000001005100                disable_caches
                0x0000000001005104                init_uart
                0x0000000001005108                init_platform
                0x000000000100510c                cleanup_platform
 .text          0x0000000001005110      0x838 C:/Users/Tom/Documents/Projects/Scopy_MVP_Platform/scopy-fpga/main/export/main/sw/main/standalone_domain/bsplib/lib\libxil.a(xaxidma.o)
                0x0000000001005110                XAxiDma_Reset
                0x0000000001005224                XAxiDma_ResetIsDone
                0x0000000001005270                XAxiDma_CfgInitialize
                0x00000000010054a4                XAxiDma_Pause
                0x0000000001005550                XAxiDma_Resume
                0x000000000100576c                XAxiDma_Busy
                0x0000000001005788                XAxiDma_SelectKeyHole
                0x00000000010057b0                XAxiDma_SelectCyclicMode
                0x00000000010057d8                XAxiDma_SimpleTransfer
 .text          0x0000000001005948       0x38 C:/Users/Tom/Documents/Projects/Scopy_MVP_Platform/scopy-fpga/main/export/main/sw/main/standalone_domain/bsplib/lib\libxil.a(xaxidma_sinit.o)
                0x0000000001005948                XAxiDma_LookupConfig
                0x0000000001005964                XAxiDma_LookupConfigBaseAddr
 .text          0x0000000001005980      0xd6c C:/Users/Tom/Documents/Projects/Scopy_MVP_Platform/scopy-fpga/main/export/main/sw/main/standalone_domain/bsplib/lib\libxil.a(xaxidma_bdring.o)
                0x0000000001005980                XAxiDma_UpdateBdRingCDesc
                0x0000000001005af4                XAxiDma_BdRingCreate
                0x0000000001005c90                XAxiDma_BdRingClone
                0x0000000001005d94                XAxiDma_StartBdRingHw
                0x0000000001005ec0                XAxiDma_BdRingStart
                0x0000000001005ee0                XAxiDma_BdRingSetCoalesce
                0x0000000001005f2c                XAxiDma_BdRingGetCoalesce
                0x0000000001005f48                XAxiDma_BdRingAlloc
                0x0000000001005fd0                XAxiDma_BdRingUnAlloc
                0x0000000001006080                XAxiDma_BdRingToHw
                0x00000000010062cc                XAxiDma_BdRingFromHw
                0x0000000001006420                XAxiDma_BdRingFree
                0x00000000010064b4                XAxiDma_BdRingCheck
                0x0000000001006634                XAxiDma_BdRingDumpRegs
 .text          0x00000000010066ec        0x0 C:/Users/Tom/Documents/Projects/Scopy_MVP_Platform/scopy-fpga/main/export/main/sw/main/standalone_domain/bsplib/lib\libxil.a(xaxidma_g.o)
 .text          0x00000000010066ec      0x150 C:/Users/Tom/Documents/Projects/Scopy_MVP_Platform/scopy-fpga/main/export/main/sw/main/standalone_domain/bsplib/lib\libxil.a(xclk_wiz.o)
                0x0000000001006714                XClk_Wiz_CfgInitialize
                0x00000000010067dc                XClk_Wiz_GetInterruptSettings
 .text          0x000000000100683c       0x1c C:/Users/Tom/Documents/Projects/Scopy_MVP_Platform/scopy-fpga/main/export/main/sw/main/standalone_domain/bsplib/lib\libxil.a(xclk_wiz_sinit.o)
                0x000000000100683c                XClk_Wiz_LookupConfig
 .text          0x0000000001006858     0x1240 C:/Users/Tom/Documents/Projects/Scopy_MVP_Platform/scopy-fpga/main/export/main/sw/main/standalone_domain/bsplib/lib\libxil.a(xdmaps.o)
                0x00000000010069e0                XDmaPs_CfgInitialize
                0x0000000001006abc                XDmaPs_ResetManager
                0x0000000001006acc                XDmaPs_ResetChannel
                0x0000000001006ad8                XDmaPs_FaultISR
                0x0000000001006c04                XDmaPs_SetDoneHandler
                0x0000000001006c70                XDmaPs_SetFaultHandler
                0x0000000001006cc4                XDmaPs_Instr_DMARMB
                0x0000000001006cd4                XDmaPs_Instr_DMAWMB
                0x0000000001006ce4                XDmaPs_ToCCRValue
                0x0000000001006e8c                XDmaPs_ConstructSingleLoop
                0x0000000001006f2c                XDmaPs_ConstructNestedLoop
                0x0000000001007034                XDmaPs_GenDmaProg
                0x0000000001007620                XDmaPs_FreeDmaProg
                0x00000000010076d8                XDmaPs_Start
                0x000000000100791c                XDmaPs_IsActive
                0x0000000001007980                XDmaPs_DoneISR_0
                0x0000000001007988                XDmaPs_DoneISR_1
                0x0000000001007990                XDmaPs_DoneISR_2
                0x0000000001007998                XDmaPs_DoneISR_3
                0x00000000010079a0                XDmaPs_DoneISR_4
                0x00000000010079a8                XDmaPs_DoneISR_5
                0x00000000010079b0                XDmaPs_DoneISR_6
                0x00000000010079b8                XDmaPs_DoneISR_7
                0x00000000010079c0                XDmaPs_Print_DmaProg
 .text          0x0000000001007a98       0x30 C:/Users/Tom/Documents/Projects/Scopy_MVP_Platform/scopy-fpga/main/export/main/sw/main/standalone_domain/bsplib/lib\libxil.a(xdmaps_sinit.o)
                0x0000000001007a98                XDmaPs_LookupConfig
 .text          0x0000000001007ac8        0x0 C:/Users/Tom/Documents/Projects/Scopy_MVP_Platform/scopy-fpga/main/export/main/sw/main/standalone_domain/bsplib/lib\libxil.a(xdmaps_g.o)
 .text          0x0000000001007ac8      0xcd8 C:/Users/Tom/Documents/Projects/Scopy_MVP_Platform/scopy-fpga/main/export/main/sw/main/standalone_domain/bsplib/lib\libxil.a(xgpiops.o)
                0x0000000001007ac8                XGpioPs_CfgInitialize
                0x0000000001007c44                XGpioPs_Read
                0x0000000001007cf8                XGpioPs_Write
                0x0000000001007da0                XGpioPs_SetDirection
                0x0000000001007e4c                XGpioPs_GetDirection
                0x0000000001007f04                XGpioPs_SetOutputEnable
                0x0000000001007fb0                XGpioPs_GetOutputEnable
                0x0000000001008068                XGpioPs_GetBankPin
                0x00000000010081a4                XGpioPs_ReadPin
                0x0000000001008288                XGpioPs_WritePin
                0x0000000001008388                XGpioPs_SetDirectionPin
                0x00000000010084ac                XGpioPs_GetDirectionPin
                0x0000000001008594                XGpioPs_SetOutputEnablePin
                0x00000000010086b8                XGpioPs_GetOutputEnablePin
 .text          0x00000000010087a0       0x1c C:/Users/Tom/Documents/Projects/Scopy_MVP_Platform/scopy-fpga/main/export/main/sw/main/standalone_domain/bsplib/lib\libxil.a(xgpiops_sinit.o)
                0x00000000010087a0                XGpioPs_LookupConfig
 .text          0x00000000010087bc      0xdd4 C:/Users/Tom/Documents/Projects/Scopy_MVP_Platform/scopy-fpga/main/export/main/sw/main/standalone_domain/bsplib/lib\libxil.a(xgpiops_intr.o)
                0x00000000010087bc                XGpioPs_IntrEnable
                0x0000000001008868                XGpioPs_IntrEnablePin
                0x0000000001008944                XGpioPs_IntrDisable
                0x00000000010089f0                XGpioPs_IntrDisablePin
                0x0000000001008acc                XGpioPs_IntrGetEnabled
                0x0000000001008b88                XGpioPs_IntrGetEnabledPin
                0x0000000001008c70                XGpioPs_IntrGetStatus
                0x0000000001008d28                XGpioPs_IntrGetStatusPin
                0x0000000001008e10                XGpioPs_IntrClear
                0x0000000001008ebc                XGpioPs_IntrClearPin
                0x0000000001008f9c                XGpioPs_SetIntrType
                0x0000000001009064                XGpioPs_GetIntrType
                0x0000000001009138                XGpioPs_SetIntrTypePin
                0x00000000010092d8                XGpioPs_GetIntrTypePin
                0x00000000010093e4                XGpioPs_SetCallbackHandler
                0x0000000001009484                XGpioPs_IntrHandler
                0x0000000001009568                StubHandler
 .text          0x0000000001009590        0x0 C:/Users/Tom/Documents/Projects/Scopy_MVP_Platform/scopy-fpga/main/export/main/sw/main/standalone_domain/bsplib/lib\libxil.a(xgpiops_g.o)
 .text          0x0000000001009590       0x78 C:/Users/Tom/Documents/Projects/Scopy_MVP_Platform/scopy-fpga/main/export/main/sw/main/standalone_domain/bsplib/lib\libxil.a(xscugic_intr.o)
                0x0000000001009590                XScuGic_InterruptHandler
 .text          0x0000000001009608      0xaf4 C:/Users/Tom/Documents/Projects/Scopy_MVP_Platform/scopy-fpga/main/export/main/sw/main/standalone_domain/bsplib/lib\libxil.a(xscugic.o)
                0x0000000001009658                XScuGic_Connect
                0x000000000100972c                XScuGic_Disconnect
                0x00000000010097f8                XScuGic_SoftwareIntr
                0x00000000010098dc                XScuGic_SetPriorityTriggerType
                0x0000000001009a14                XScuGic_GetPriorityTriggerType
                0x0000000001009b40                XScuGic_InterruptMaptoCpu
                0x0000000001009bb4                XScuGic_Enable
                0x0000000001009c88                XScuGic_InterruptUnmapFromCpu
                0x0000000001009cfc                XScuGic_Disable
                0x0000000001009dd0                XScuGic_UnmapAllInterruptsFromCpu
                0x0000000001009e4c                XScuGic_Stop
                0x0000000001009f28                XScuGic_CfgInitialize
                0x000000000100a09c                XScuGic_SetCpuID
                0x000000000100a0ec                XScuGic_GetCpuID
 .text          0x000000000100a0fc       0x1c C:/Users/Tom/Documents/Projects/Scopy_MVP_Platform/scopy-fpga/main/export/main/sw/main/standalone_domain/bsplib/lib\libxil.a(xscugic_sinit.o)
                0x000000000100a0fc                XScuGic_LookupConfig
 .text          0x000000000100a118      0x2d8 C:/Users/Tom/Documents/Projects/Scopy_MVP_Platform/scopy-fpga/main/export/main/sw/main/standalone_domain/bsplib/lib\libxil.a(xscutimer.o)
                0x000000000100a118                XScuTimer_CfgInitialize
                0x000000000100a1c8                XScuTimer_Start
                0x000000000100a258                XScuTimer_Stop
                0x000000000100a2e0                XScuTimer_SetPrescaler
                0x000000000100a368                XScuTimer_GetPrescaler
 .text          0x000000000100a3f0       0xbc C:/Users/Tom/Documents/Projects/Scopy_MVP_Platform/scopy-fpga/main/export/main/sw/main/standalone_domain/bsplib/lib\libxil.a(xscutimer_selftest.o)
                0x000000000100a3f0                XScuTimer_SelfTest
 .text          0x000000000100a4ac       0x1c C:/Users/Tom/Documents/Projects/Scopy_MVP_Platform/scopy-fpga/main/export/main/sw/main/standalone_domain/bsplib/lib\libxil.a(xscutimer_sinit.o)
                0x000000000100a4ac                XScuTimer_LookupConfig
 .text          0x000000000100a4c8        0x0 C:/Users/Tom/Documents/Projects/Scopy_MVP_Platform/scopy-fpga/main/export/main/sw/main/standalone_domain/bsplib/lib\libxil.a(xscutimer_g.o)
 .text          0x000000000100a4c8       0x70 C:/Users/Tom/Documents/Projects/Scopy_MVP_Platform/scopy-fpga/main/export/main/sw/main/standalone_domain/bsplib/lib\libxil.a(xil_assert.o)
                0x000000000100a4c8                Xil_Assert
                0x000000000100a524                Xil_AssertSetCallback
                0x000000000100a534                XNullHandler
 .text          0x000000000100a538       0x28 C:/Users/Tom/Documents/Projects/Scopy_MVP_Platform/scopy-fpga/main/export/main/sw/main/standalone_domain/bsplib/lib\libxil.a(print.o)
                0x000000000100a538                print
 .text          0x000000000100a560      0x96c C:/Users/Tom/Documents/Projects/Scopy_MVP_Platform/scopy-fpga/main/export/main/sw/main/standalone_domain/bsplib/lib\libxil.a(xil_cache.o)
                0x000000000100a560                Xil_DCacheInvalidateLine
                0x000000000100a598                Xil_DCacheInvalidateRange
                0x000000000100a680                Xil_DCacheFlushLine
                0x000000000100a6cc                Xil_DCacheFlushRange
                0x000000000100a720                Xil_DCacheStoreLine
                0x000000000100a758                Xil_ICacheInvalidateLine
                0x000000000100a790                Xil_ICacheInvalidateRange
                0x000000000100a7e8                Xil_L1DCacheInvalidate
                0x000000000100a89c                Xil_L1DCacheEnable
                0x000000000100a8bc                Xil_L1DCacheInvalidateLine
                0x000000000100a8d4                Xil_L1DCacheInvalidateRange
                0x000000000100a91c                Xil_L1DCacheFlush
                0x000000000100a9a8                Xil_L1DCacheDisable
                0x000000000100a9c0                Xil_DCacheFlush
                0x000000000100aa1c                Xil_L1DCacheFlushLine
                0x000000000100aa34                Xil_L1DCacheFlushRange
                0x000000000100aa7c                Xil_L1DCacheStoreLine
                0x000000000100aa94                Xil_L1ICacheEnable
                0x000000000100aab0                Xil_L1ICacheDisable
                0x000000000100aacc                Xil_L1ICacheInvalidate
                0x000000000100aae4                Xil_L1ICacheInvalidateLine
                0x000000000100aafc                Xil_L1ICacheInvalidateRange
                0x000000000100ab44                Xil_L2CacheDisable
                0x000000000100abb8                Xil_DCacheDisable
                0x000000000100abd4                Xil_ICacheDisable
                0x000000000100abf8                Xil_L2CacheInvalidate
                0x000000000100ac64                Xil_DCacheInvalidate
                0x000000000100ac84                Xil_ICacheInvalidate
                0x000000000100ad0c                Xil_L2CacheEnable
                0x000000000100ad24                Xil_DCacheEnable
                0x000000000100ad48                Xil_ICacheEnable
                0x000000000100ad78                Xil_L2CacheInvalidateLine
                0x000000000100ad8c                Xil_L2CacheInvalidateRange
                0x000000000100adf4                Xil_L2CacheFlush
                0x000000000100ae38                Xil_L2CacheFlushLine
                0x000000000100ae50                Xil_L2CacheFlushRange
                0x000000000100aeb8                Xil_L2CacheStoreLine
 .text          0x000000000100aecc       0x10 C:/Users/Tom/Documents/Projects/Scopy_MVP_Platform/scopy-fpga/main/export/main/sw/main/standalone_domain/bsplib/lib\libxil.a(outbyte.o)
                0x000000000100aecc                outbyte
 .text          0x000000000100aedc        0x8 C:/Users/Tom/Documents/Projects/Scopy_MVP_Platform/scopy-fpga/main/export/main/sw/main/standalone_domain/bsplib/lib\libxil.a(xplatform_info.o)
                0x000000000100aedc                XGetPlatform_Info
 .text          0x000000000100aee4      0x6c0 C:/Users/Tom/Documents/Projects/Scopy_MVP_Platform/scopy-fpga/main/export/main/sw/main/standalone_domain/bsplib/lib\libxil.a(xil_printf.o)
                0x000000000100b118                xil_printf
 .text          0x000000000100b5a4       0x70 C:/Users/Tom/Documents/Projects/Scopy_MVP_Platform/scopy-fpga/main/export/main/sw/main/standalone_domain/bsplib/lib\libxil.a(xil_exception.o)
                0x000000000100b5a8                Xil_DataAbortHandler
                0x000000000100b5ac                Xil_PrefetchAbortHandler
                0x000000000100b5b0                Xil_UndefinedExceptionHandler
                0x000000000100b5b4                Xil_ExceptionInit
                0x000000000100b5b8                Xil_ExceptionRegisterHandler
                0x000000000100b5d0                Xil_GetExceptionRegisterHandler
                0x000000000100b5f0                Xil_ExceptionRemoveHandler
 .text          0x000000000100b614        0x0 C:/Users/Tom/Documents/Projects/Scopy_MVP_Platform/scopy-fpga/main/export/main/sw/main/standalone_domain/bsplib/lib\libxil.a(asm_vectors.o)
 .text          0x000000000100b614       0x88 C:/Users/Tom/Documents/Projects/Scopy_MVP_Platform/scopy-fpga/main/export/main/sw/main/standalone_domain/bsplib/lib\libxil.a(xuartps_hw.o)
                0x000000000100b614                XUartPs_SendByte
                0x000000000100b62c                XUartPs_RecvByte
                0x000000000100b648                XUartPs_ResetHw
 .text          0x000000000100b69c        0x0 C:/Users/Tom/Documents/Projects/Scopy_MVP_Platform/scopy-fpga/main/export/main/sw/main/standalone_domain/bsplib/lib\libxil.a(xclk_wiz_g.o)
 .text          0x000000000100b69c        0x0 C:/Users/Tom/Documents/Projects/Scopy_MVP_Platform/scopy-fpga/main/export/main/sw/main/standalone_domain/bsplib/lib\libxil.a(xscugic_g.o)
 .text          0x000000000100b69c       0x78 C:/Users/Tom/Documents/Projects/Scopy_MVP_Platform/scopy-fpga/main/export/main/sw/main/standalone_domain/bsplib/lib\libxil.a(vectors.o)
                0x000000000100b69c                FIQInterrupt
                0x000000000100b6b0                IRQInterrupt
                0x000000000100b6c4                UndefinedException
                0x000000000100b6d8                SWInterrupt
                0x000000000100b6ec                DataAbortInterrupt
                0x000000000100b700                PrefetchAbortInterrupt
 .text          0x000000000100b714        0x0 C:/Users/Tom/Documents/Projects/Scopy_MVP_Platform/scopy-fpga/main/export/main/sw/main/standalone_domain/bsplib/lib\libxil.a(boot.o)
 .text          0x000000000100b714       0x78 C:/Users/Tom/Documents/Projects/Scopy_MVP_Platform/scopy-fpga/main/export/main/sw/main/standalone_domain/bsplib/lib\libxil.a(xil-crt0.o)
                0x000000000100b728                _start
 .text          0x000000000100b78c        0x0 C:/Users/Tom/Documents/Projects/Scopy_MVP_Platform/scopy-fpga/main/export/main/sw/main/standalone_domain/bsplib/lib\libxil.a(translation_table.o)
 .text          0x000000000100b78c       0x3c C:/Users/Tom/Documents/Projects/Scopy_MVP_Platform/scopy-fpga/main/export/main/sw/main/standalone_domain/bsplib/lib\libxil.a(cpu_init.o)
                0x000000000100b78c                __cpu_init
 .text          0x000000000100b7c8       0x4c C:/Users/Tom/Documents/Projects/Scopy_MVP_Platform/scopy-fpga/main/export/main/sw/main/standalone_domain/bsplib/lib\libxil.a(xtime_l.o)
                0x000000000100b7c8                XTime_SetTime
                0x000000000100b7ec                XTime_GetTime
 *fill*         0x000000000100b814        0x4 
 .text          0x000000000100b818      0x278 g:/xilinx/vitis/2019.2/gnu/aarch32/nt/gcc-arm-none-eabi/bin/../lib/gcc/arm-none-eabi/8.2.0/thumb/v7-a+fp/hard\libgcc.a(_udivsi3.o)
                0x000000000100b818                __aeabi_uidiv
                0x000000000100b818                __udivsi3
                0x000000000100ba74                __aeabi_uidivmod
 .text          0x000000000100ba90      0x2b0 g:/xilinx/vitis/2019.2/gnu/aarch32/nt/gcc-arm-none-eabi/bin/../lib/gcc/arm-none-eabi/8.2.0/thumb/v7-a+fp/hard\libgcc.a(_divsi3.o)
                0x000000000100ba90                __divsi3
                0x000000000100ba90                __aeabi_idiv
                0x000000000100bd24                __aeabi_idivmod
 .text          0x000000000100bd40        0x4 g:/xilinx/vitis/2019.2/gnu/aarch32/nt/gcc-arm-none-eabi/bin/../lib/gcc/arm-none-eabi/8.2.0/thumb/v7-a+fp/hard\libgcc.a(_dvmd_tls.o)
                0x000000000100bd40                __aeabi_idiv0
                0x000000000100bd40                __aeabi_ldiv0
 .text          0x000000000100bd44      0x378 g:/xilinx/vitis/2019.2/gnu/aarch32/nt/gcc-arm-none-eabi/bin/../lib/gcc/arm-none-eabi/8.2.0/thumb/v7-a+fp/hard\libgcc.a(_arm_addsubdf3.o)
                0x000000000100bd44                __aeabi_drsub
                0x000000000100bd4c                __aeabi_dsub
                0x000000000100bd4c                __subdf3
                0x000000000100bd50                __aeabi_dadd
                0x000000000100bd50                __adddf3
                0x000000000100bfc8                __floatunsidf
                0x000000000100bfc8                __aeabi_ui2d
                0x000000000100bfe8                __floatsidf
                0x000000000100bfe8                __aeabi_i2d
                0x000000000100c00c                __aeabi_f2d
                0x000000000100c00c                __extendsfdf2
                0x000000000100c050                __floatundidf
                0x000000000100c050                __aeabi_ul2d
                0x000000000100c060                __floatdidf
                0x000000000100c060                __aeabi_l2d
 .text          0x000000000100c0bc      0x21c g:/xilinx/vitis/2019.2/gnu/aarch32/nt/gcc-arm-none-eabi/bin/../lib/gcc/arm-none-eabi/8.2.0/thumb/v7-a+fp/hard\libgcc.a(_arm_addsubsf3.o)
                0x000000000100c0bc                __aeabi_frsub
                0x000000000100c0c4                __subsf3
                0x000000000100c0c4                __aeabi_fsub
                0x000000000100c0c8                __aeabi_fadd
                0x000000000100c0c8                __addsf3
                0x000000000100c228                __aeabi_ui2f
                0x000000000100c228                __floatunsisf
                0x000000000100c230                __aeabi_i2f
                0x000000000100c230                __floatsisf
                0x000000000100c24c                __aeabi_ul2f
                0x000000000100c24c                __floatundisf
                0x000000000100c25c                __aeabi_l2f
                0x000000000100c25c                __floatdisf
 .text          0x000000000100c2d8       0x30 g:/xilinx/vitis/2019.2/gnu/aarch32/nt/gcc-arm-none-eabi/bin/../lib/gcc/arm-none-eabi/8.2.0/thumb/v7-a+fp/hard\libgcc.a(_aeabi_uldivmod.o)
                0x000000000100c2d8                __aeabi_uldivmod
 .text          0x000000000100c308       0x40 g:/xilinx/vitis/2019.2/gnu/aarch32/nt/gcc-arm-none-eabi/bin/../lib/gcc/arm-none-eabi/8.2.0/thumb/v7-a+fp/hard\libgcc.a(_fixunssfdi.o)
                0x000000000100c308                __fixunssfdi
                0x000000000100c308                __aeabi_f2ulz
 .text          0x000000000100c348       0x40 g:/xilinx/vitis/2019.2/gnu/aarch32/nt/gcc-arm-none-eabi/bin/../lib/gcc/arm-none-eabi/8.2.0/thumb/v7-a+fp/hard\libgcc.a(_fixunsdfdi.o)
                0x000000000100c348                __fixunsdfdi
                0x000000000100c348                __aeabi_d2ulz
 .text          0x000000000100c388      0x118 g:/xilinx/vitis/2019.2/gnu/aarch32/nt/gcc-arm-none-eabi/bin/../lib/gcc/arm-none-eabi/8.2.0/thumb/v7-a+fp/hard\libgcc.a(_udivmoddi4.o)
                0x000000000100c388                __udivmoddi4
 .text          0x000000000100c4a0       0x20 g:/xilinx/vitis/2019.2/gnu/aarch32/nt/gcc-arm-none-eabi/bin/../arm-none-eabi/libc/usr/lib/thumb/v7-a+fp/hard\libc.a(lib_a-exit.o)
                0x000000000100c4a0                exit
 .text          0x000000000100c4c0       0x30 g:/xilinx/vitis/2019.2/gnu/aarch32/nt/gcc-arm-none-eabi/bin/../arm-none-eabi/libc/usr/lib/thumb/v7-a+fp/hard\libc.a(lib_a-fini.o)
                0x000000000100c4c0                __libc_fini_array
 .text          0x000000000100c4f0        0x0 g:/xilinx/vitis/2019.2/gnu/aarch32/nt/gcc-arm-none-eabi/bin/../arm-none-eabi/libc/usr/lib/thumb/v7-a+fp/hard\libc.a(lib_a-impure.o)
 .text          0x000000000100c4f0       0x50 g:/xilinx/vitis/2019.2/gnu/aarch32/nt/gcc-arm-none-eabi/bin/../arm-none-eabi/libc/usr/lib/thumb/v7-a+fp/hard\libc.a(lib_a-init.o)
                0x000000000100c4f0                __libc_init_array
 .text          0x000000000100c540      0x9e0 g:/xilinx/vitis/2019.2/gnu/aarch32/nt/gcc-arm-none-eabi/bin/../arm-none-eabi/libc/usr/lib/thumb/v7-a+fp/hard\libc.a(lib_a-locale.o)
                0x000000000100c5ac                __loadlocale
                0x000000000100cc2c                __get_locale_env
                0x000000000100cc80                _setlocale_r
                0x000000000100cec4                __locale_mb_cur_max
                0x000000000100cee4                __locale_ctype_ptr_l
                0x000000000100ceec                __locale_ctype_ptr
                0x000000000100cf0c                setlocale
 .text          0x000000000100cf20       0x14 g:/xilinx/vitis/2019.2/gnu/aarch32/nt/gcc-arm-none-eabi/bin/../arm-none-eabi/libc/usr/lib/thumb/v7-a+fp/hard\libc.a(lib_a-malign.o)
                0x000000000100cf20                memalign
 .text          0x000000000100cf34       0xf4 g:/xilinx/vitis/2019.2/gnu/aarch32/nt/gcc-arm-none-eabi/bin/../arm-none-eabi/libc/usr/lib/thumb/v7-a+fp/hard\libc.a(lib_a-malignr.o)
                0x000000000100cf34                _memalign_r
 .text          0x000000000100d028       0x20 g:/xilinx/vitis/2019.2/gnu/aarch32/nt/gcc-arm-none-eabi/bin/../arm-none-eabi/libc/usr/lib/thumb/v7-a+fp/hard\libc.a(lib_a-malloc.o)
                0x000000000100d028                malloc
                0x000000000100d038                free
 .text          0x000000000100d048      0x564 g:/xilinx/vitis/2019.2/gnu/aarch32/nt/gcc-arm-none-eabi/bin/../arm-none-eabi/libc/usr/lib/thumb/v7-a+fp/hard\libc.a(lib_a-mallocr.o)
                0x000000000100d048                _malloc_r
 .text          0x000000000100d5ac      0x4b8 g:/xilinx/vitis/2019.2/gnu/aarch32/nt/gcc-arm-none-eabi/bin/../arm-none-eabi/libc/usr/lib/thumb/v7-a+fp/hard\libc.a(lib_a-mbtowc_r.o)
                0x000000000100d5ac                _mbtowc_r
                0x000000000100d5d4                __ascii_mbtowc
                0x000000000100d5f8                __utf8_mbtowc
                0x000000000100d800                __sjis_mbtowc
                0x000000000100d884                __eucjp_mbtowc
                0x000000000100d93c                __jis_mbtowc
 *fill*         0x000000000100da64       0x1c 
 .text          0x000000000100da80      0x5e0 g:/xilinx/vitis/2019.2/gnu/aarch32/nt/gcc-arm-none-eabi/bin/../arm-none-eabi/libc/usr/lib/thumb/v7-a+fp/hard\libc.a(lib_a-memcpy.o)
                0x000000000100da80                memcpy
 .text          0x000000000100e060       0xa0 g:/xilinx/vitis/2019.2/gnu/aarch32/nt/gcc-arm-none-eabi/bin/../arm-none-eabi/libc/usr/lib/thumb/v7-a+fp/hard\libc.a(lib_a-memset.o)
                0x000000000100e060                memset
 .text          0x000000000100e100        0x8 g:/xilinx/vitis/2019.2/gnu/aarch32/nt/gcc-arm-none-eabi/bin/../arm-none-eabi/libc/usr/lib/thumb/v7-a+fp/hard\libc.a(lib_a-mlock.o)
                0x000000000100e100                __malloc_lock
                0x000000000100e104                __malloc_unlock
 .text          0x000000000100e108       0x28 g:/xilinx/vitis/2019.2/gnu/aarch32/nt/gcc-arm-none-eabi/bin/../arm-none-eabi/libc/usr/lib/thumb/v7-a+fp/hard\libc.a(lib_a-sbrkr.o)
                0x000000000100e108                _sbrk_r
 .text          0x000000000100e130      0x114 g:/xilinx/vitis/2019.2/gnu/aarch32/nt/gcc-arm-none-eabi/bin/../arm-none-eabi/libc/usr/lib/thumb/v7-a+fp/hard\libc.a(lib_a-snprintf.o)
                0x000000000100e130                _snprintf_r
                0x000000000100e1b4                snprintf
 .text          0x000000000100e244       0x44 g:/xilinx/vitis/2019.2/gnu/aarch32/nt/gcc-arm-none-eabi/bin/../arm-none-eabi/libc/usr/lib/thumb/v7-a+fp/hard\libc.a(lib_a-strcasecmp.o)
                0x000000000100e244                strcasecmp
 .text          0x000000000100e288       0x40 g:/xilinx/vitis/2019.2/gnu/aarch32/nt/gcc-arm-none-eabi/bin/../arm-none-eabi/libc/usr/lib/thumb/v7-a+fp/hard\libc.a(lib_a-strcat.o)
                0x000000000100e288                strcat
 .text          0x000000000100e2c8       0xe4 g:/xilinx/vitis/2019.2/gnu/aarch32/nt/gcc-arm-none-eabi/bin/../arm-none-eabi/libc/usr/lib/thumb/v7-a+fp/hard\libc.a(lib_a-strchr.o)
                0x000000000100e2c8                strchr
 *fill*         0x000000000100e3ac       0x14 
 .text          0x000000000100e3c0      0x2dc g:/xilinx/vitis/2019.2/gnu/aarch32/nt/gcc-arm-none-eabi/bin/../arm-none-eabi/libc/usr/lib/thumb/v7-a+fp/hard\libc.a(lib_a-strcmp.o)
                0x000000000100e3c8                strcmp
 .text          0x000000000100e69c       0xc4 g:/xilinx/vitis/2019.2/gnu/aarch32/nt/gcc-arm-none-eabi/bin/../arm-none-eabi/libc/usr/lib/thumb/v7-a+fp/hard\libc.a(lib_a-strcpy.o)
                0x000000000100e69c                strcpy
 .text          0x000000000100e760       0x58 g:/xilinx/vitis/2019.2/gnu/aarch32/nt/gcc-arm-none-eabi/bin/../arm-none-eabi/libc/usr/lib/thumb/v7-a+fp/hard\libc.a(lib_a-strlcpy.o)
                0x000000000100e760                strlcpy
 *fill*         0x000000000100e7b8        0x8 
 .text          0x000000000100e7c0       0xdc g:/xilinx/vitis/2019.2/gnu/aarch32/nt/gcc-arm-none-eabi/bin/../arm-none-eabi/libc/usr/lib/thumb/v7-a+fp/hard\libc.a(lib_a-strlen.o)
                0x000000000100e7c0                strlen
 .text          0x000000000100e89c       0x5c g:/xilinx/vitis/2019.2/gnu/aarch32/nt/gcc-arm-none-eabi/bin/../arm-none-eabi/libc/usr/lib/thumb/v7-a+fp/hard\libc.a(lib_a-strncasecmp.o)
                0x000000000100e89c                strncasecmp
 .text          0x000000000100e8f8       0xa4 g:/xilinx/vitis/2019.2/gnu/aarch32/nt/gcc-arm-none-eabi/bin/../arm-none-eabi/libc/usr/lib/thumb/v7-a+fp/hard\libc.a(lib_a-strncmp.o)
                0x000000000100e8f8                strncmp
 .text          0x000000000100e99c       0x80 g:/xilinx/vitis/2019.2/gnu/aarch32/nt/gcc-arm-none-eabi/bin/../arm-none-eabi/libc/usr/lib/thumb/v7-a+fp/hard\libc.a(lib_a-strncpy.o)
                0x000000000100e99c                strncpy
 .text          0x000000000100ea1c      0x198 g:/xilinx/vitis/2019.2/gnu/aarch32/nt/gcc-arm-none-eabi/bin/../arm-none-eabi/libc/usr/lib/thumb/v7-a+fp/hard\libc.a(lib_a-strtol.o)
                0x000000000100eb3c                _strtol_r
                0x000000000100eb64                strtol_l
                0x000000000100eb84                strtol
 *fill*         0x000000000100ebb4        0x4 
 .text          0x000000000100ebb8     0x1b4c g:/xilinx/vitis/2019.2/gnu/aarch32/nt/gcc-arm-none-eabi/bin/../arm-none-eabi/libc/usr/lib/thumb/v7-a+fp/hard\libc.a(lib_a-svfprintf.o)
                0x000000000100ebb8                _svfprintf_r
 .text          0x0000000001010704       0x8c g:/xilinx/vitis/2019.2/gnu/aarch32/nt/gcc-arm-none-eabi/bin/../arm-none-eabi/libc/usr/lib/thumb/v7-a+fp/hard\libc.a(lib_a-vsnprintf.o)
                0x0000000001010704                _vsnprintf_r
                0x0000000001010770                vsnprintf
 .text          0x0000000001010790       0xac g:/xilinx/vitis/2019.2/gnu/aarch32/nt/gcc-arm-none-eabi/bin/../arm-none-eabi/libc/usr/lib/thumb/v7-a+fp/hard\libc.a(lib_a-wcrtomb.o)
                0x0000000001010790                _wcrtomb_r
                0x00000000010107e4                wcrtomb
 .text          0x000000000101083c       0x3c g:/xilinx/vitis/2019.2/gnu/aarch32/nt/gcc-arm-none-eabi/bin/../arm-none-eabi/libc/usr/lib/thumb/v7-a+fp/hard\libc.a(lib_a-wcsrtombs.o)
                0x000000000101083c                _wcsrtombs_r
                0x0000000001010854                wcsrtombs
 .text          0x0000000001010878      0x22c g:/xilinx/vitis/2019.2/gnu/aarch32/nt/gcc-arm-none-eabi/bin/../arm-none-eabi/libc/usr/lib/thumb/v7-a+fp/hard\libc.a(lib_a-wctomb_r.o)
                0x0000000001010878                _wctomb_r
                0x00000000010108a0                __ascii_wctomb
                0x00000000010108b8                __utf8_wctomb
                0x000000000101095c                __sjis_wctomb
                0x00000000010109b0                __eucjp_wctomb
                0x0000000001010a20                __jis_wctomb
 .text          0x0000000001010aa4       0xdc g:/xilinx/vitis/2019.2/gnu/aarch32/nt/gcc-arm-none-eabi/bin/../arm-none-eabi/libc/usr/lib/thumb/v7-a+fp/hard\libc.a(lib_a-__call_atexit.o)
                0x0000000001010aa4                __call_exitprocs
 .text          0x0000000001010b80       0x10 g:/xilinx/vitis/2019.2/gnu/aarch32/nt/gcc-arm-none-eabi/bin/../arm-none-eabi/libc/usr/lib/thumb/v7-a+fp/hard\libc.a(lib_a-ctype_.o)
                0x0000000001010b80                __set_ctype
 .text          0x0000000001010b90      0xe54 g:/xilinx/vitis/2019.2/gnu/aarch32/nt/gcc-arm-none-eabi/bin/../arm-none-eabi/libc/usr/lib/thumb/v7-a+fp/hard\libc.a(lib_a-dtoa.o)
                0x0000000001010cd8                _dtoa_r
 .text          0x00000000010119e4      0x29c g:/xilinx/vitis/2019.2/gnu/aarch32/nt/gcc-arm-none-eabi/bin/../arm-none-eabi/libc/usr/lib/thumb/v7-a+fp/hard\libc.a(lib_a-freer.o)
                0x00000000010119e4                _malloc_trim_r
                0x0000000001011a90                _free_r
 .text          0x0000000001011c80       0x98 g:/xilinx/vitis/2019.2/gnu/aarch32/nt/gcc-arm-none-eabi/bin/../arm-none-eabi/libc/usr/lib/thumb/v7-a+fp/hard\libc.a(lib_a-getenv_r.o)
                0x0000000001011c80                _findenv_r
                0x0000000001011d08                _getenv_r
 .text          0x0000000001011d18       0x44 g:/xilinx/vitis/2019.2/gnu/aarch32/nt/gcc-arm-none-eabi/bin/../arm-none-eabi/libc/usr/lib/thumb/v7-a+fp/hard\libc.a(lib_a-localeconv.o)
                0x0000000001011d18                __localeconv_l
                0x0000000001011d1c                _localeconv_r
                0x0000000001011d3c                localeconv
 *fill*         0x0000000001011d5c        0x4 
 .text          0x0000000001011d60       0xa0 g:/xilinx/vitis/2019.2/gnu/aarch32/nt/gcc-arm-none-eabi/bin/../arm-none-eabi/libc/usr/lib/thumb/v7-a+fp/hard\libc.a(lib_a-memchr.o)
                0x0000000001011d60                memchr
 .text          0x0000000001011e00      0x8fc g:/xilinx/vitis/2019.2/gnu/aarch32/nt/gcc-arm-none-eabi/bin/../arm-none-eabi/libc/usr/lib/thumb/v7-a+fp/hard\libc.a(lib_a-mprec.o)
                0x0000000001011e00                _Balloc
                0x0000000001011e4c                _Bfree
                0x0000000001011e60                __multadd
                0x0000000001011ef0                __s2b
                0x0000000001011f88                __hi0bits
                0x0000000001011fc8                __lo0bits
                0x0000000001012024                __i2b
                0x0000000001012038                __multiply
                0x0000000001012178                __pow5mult
                0x000000000101221c                __lshift
                0x00000000010122d8                __mcmp
                0x0000000001012314                __mdiff
                0x000000000101241c                __ulp
                0x000000000101246c                __b2d
                0x000000000101251c                __d2b
                0x00000000010125d0                __ratio
                0x0000000001012630                _mprec_log10
                0x0000000001012658                __copybits
                0x00000000010126a0                __any_on
 .text          0x00000000010126fc       0xa4 g:/xilinx/vitis/2019.2/gnu/aarch32/nt/gcc-arm-none-eabi/bin/../arm-none-eabi/libc/usr/lib/thumb/v7-a+fp/hard\libc.a(lib_a-reent.o)
                0x00000000010126fc                cleanup_glue
                0x0000000001012718                _reclaim_reent
 .text          0x00000000010127a0       0x80 g:/xilinx/vitis/2019.2/gnu/aarch32/nt/gcc-arm-none-eabi/bin/../arm-none-eabi/libc/usr/lib/thumb/v7-a+fp/hard\libc.a(lib_a-s_frexp.o)
                0x00000000010127a0                frexp
 .text          0x0000000001012820      0xe90 g:/xilinx/vitis/2019.2/gnu/aarch32/nt/gcc-arm-none-eabi/bin/../arm-none-eabi/libc/usr/lib/thumb/v7-a+fp/hard\libc.a(lib_a-svfiprintf.o)
                0x0000000001012820                __ssprint_r
                0x0000000001012918                _svfiprintf_r
 .text          0x00000000010136b0      0x15c g:/xilinx/vitis/2019.2/gnu/aarch32/nt/gcc-arm-none-eabi/bin/../arm-none-eabi/libc/usr/lib/thumb/v7-a+fp/hard\libc.a(lib_a-wcsnrtombs.o)
                0x00000000010136b0                _wcsnrtombs_l
                0x00000000010137a4                _wcsnrtombs_r
                0x00000000010137d4                wcsnrtombs
 .text          0x000000000101380c       0x64 g:/xilinx/vitis/2019.2/gnu/aarch32/nt/gcc-arm-none-eabi/bin/../arm-none-eabi/libc/usr/lib/thumb/v7-a+fp/hard\libc.a(lib_a-callocr.o)
                0x000000000101380c                _calloc_r
 .text          0x0000000001013870        0x0 g:/xilinx/vitis/2019.2/gnu/aarch32/nt/gcc-arm-none-eabi/bin/../arm-none-eabi/libc/usr/lib/thumb/v7-a+fp/hard\libc.a(lib_a-environ.o)
 .text          0x0000000001013870        0x8 g:/xilinx/vitis/2019.2/gnu/aarch32/nt/gcc-arm-none-eabi/bin/../arm-none-eabi/libc/usr/lib/thumb/v7-a+fp/hard\libc.a(lib_a-envlock.o)
                0x0000000001013870                __env_lock
                0x0000000001013874                __env_unlock
 .text          0x0000000001013878       0xd0 g:/xilinx/vitis/2019.2/gnu/aarch32/nt/gcc-arm-none-eabi/bin/../arm-none-eabi/libc/usr/lib/thumb/v7-a+fp/hard\libc.a(lib_a-memmove.o)
                0x0000000001013878                memmove
 .text          0x0000000001013948      0x374 g:/xilinx/vitis/2019.2/gnu/aarch32/nt/gcc-arm-none-eabi/bin/../arm-none-eabi/libc/usr/lib/thumb/v7-a+fp/hard\libc.a(lib_a-reallocr.o)
                0x0000000001013948                _realloc_r
 .text          0x0000000001013cbc       0x40 C:/Users/Tom/Documents/Projects/Scopy_MVP_Platform/scopy-fpga/main/export/main/sw/main/standalone_domain/bsplib/lib\libxil.a(_sbrk.o)
                0x0000000001013cbc                _sbrk
 .text          0x0000000001013cfc        0x4 C:/Users/Tom/Documents/Projects/Scopy_MVP_Platform/scopy-fpga/main/export/main/sw/main/standalone_domain/bsplib/lib\libxil.a(_exit.o)
                0x0000000001013cfc                _exit
 .text          0x0000000001013d00        0x0 g:/xilinx/vitis/2019.2/gnu/aarch32/nt/gcc-arm-none-eabi/bin/../lib/gcc/arm-none-eabi/8.2.0/thumb/v7-a+fp/hard/crtend.o
 .text          0x0000000001013d00        0x0 g:/xilinx/vitis/2019.2/gnu/aarch32/nt/gcc-arm-none-eabi/bin/../lib/gcc/arm-none-eabi/8.2.0/thumb/v7-a+fp/hard/crtn.o
 *(.text.*)
 .text.startup  0x0000000001013d00       0x44 ./src/main.o
                0x0000000001013d00                main
 *(.gnu.linkonce.t.*)
 *(.plt)
 *(.gnu_warning)
 *(.gcc_execpt_table)
 *(.glue_7)
 .glue_7        0x0000000001013d44        0x0 linker stubs
 *(.glue_7t)
 .glue_7t       0x0000000001013d44        0x0 linker stubs
 *(.vfp11_veneer)
 .vfp11_veneer  0x0000000001013d44        0x0 linker stubs
 *(.ARM.extab)
 .ARM.extab     0x0000000001013d44        0x0 g:/xilinx/vitis/2019.2/gnu/aarch32/nt/gcc-arm-none-eabi/bin/../lib/gcc/arm-none-eabi/8.2.0/thumb/v7-a+fp/hard\libgcc.a(_udivmoddi4.o)
 *(.gnu.linkonce.armextab.*)

.v4_bx          0x0000000001013d44        0x0
 .v4_bx         0x0000000001013d44        0x0 linker stubs

.iplt           0x0000000001013d44        0x0
 .iplt          0x0000000001013d44        0x0 g:/xilinx/vitis/2019.2/gnu/aarch32/nt/gcc-arm-none-eabi/bin/../lib/gcc/arm-none-eabi/8.2.0/thumb/v7-a+fp/hard/crtbegin.o

.force_ocm
 *(.force_ocm)

.init           0x0000000001013d44        0xc
 *(.init)
 .init          0x0000000001013d44        0x4 g:/xilinx/vitis/2019.2/gnu/aarch32/nt/gcc-arm-none-eabi/bin/../lib/gcc/arm-none-eabi/8.2.0/thumb/v7-a+fp/hard/crti.o
                0x0000000001013d44                _init
 .init          0x0000000001013d48        0x8 g:/xilinx/vitis/2019.2/gnu/aarch32/nt/gcc-arm-none-eabi/bin/../lib/gcc/arm-none-eabi/8.2.0/thumb/v7-a+fp/hard/crtn.o

.fini           0x0000000001013d50        0xc
 *(.fini)
 .fini          0x0000000001013d50        0x4 g:/xilinx/vitis/2019.2/gnu/aarch32/nt/gcc-arm-none-eabi/bin/../lib/gcc/arm-none-eabi/8.2.0/thumb/v7-a+fp/hard/crti.o
                0x0000000001013d50                _fini
 .fini          0x0000000001013d54        0x8 g:/xilinx/vitis/2019.2/gnu/aarch32/nt/gcc-arm-none-eabi/bin/../lib/gcc/arm-none-eabi/8.2.0/thumb/v7-a+fp/hard/crtn.o

.rodata         0x0000000001013d60    0x424c8
                0x0000000001013d60                __rodata_start = .
 *(.rodata)
 .rodata        0x0000000001013d60       0x18 ./src/fabric_config.o
                0x0000000001013d60                fbcfg_dummy_tests
 .rodata        0x0000000001013d78    0x40000 ./src/mipi_csi_hacks.o
                0x0000000001013d78                norway_512x512_grey
 .rodata        0x0000000001053d78        0x4 g:/xilinx/vitis/2019.2/gnu/aarch32/nt/gcc-arm-none-eabi/bin/../arm-none-eabi/libc/usr/lib/thumb/v7-a+fp/hard\libc.a(lib_a-impure.o)
                0x0000000001053d78                _global_impure_ptr
 .rodata        0x0000000001053d7c      0x188 g:/xilinx/vitis/2019.2/gnu/aarch32/nt/gcc-arm-none-eabi/bin/../arm-none-eabi/libc/usr/lib/thumb/v7-a+fp/hard\libc.a(lib_a-locale.o)
                0x0000000001053d98                __C_locale
 .rodata        0x0000000001053f04       0x90 g:/xilinx/vitis/2019.2/gnu/aarch32/nt/gcc-arm-none-eabi/bin/../arm-none-eabi/libc/usr/lib/thumb/v7-a+fp/hard\libc.a(lib_a-mbtowc_r.o)
 .rodata        0x0000000001053f94       0x20 g:/xilinx/vitis/2019.2/gnu/aarch32/nt/gcc-arm-none-eabi/bin/../arm-none-eabi/libc/usr/lib/thumb/v7-a+fp/hard\libc.a(lib_a-svfprintf.o)
 .rodata        0x0000000001053fb4      0x101 g:/xilinx/vitis/2019.2/gnu/aarch32/nt/gcc-arm-none-eabi/bin/../arm-none-eabi/libc/usr/lib/thumb/v7-a+fp/hard\libc.a(lib_a-ctype_.o)
                0x0000000001053fb4                _ctype_
 *fill*         0x00000000010540b5        0x3 
 .rodata        0x00000000010540b8      0x128 g:/xilinx/vitis/2019.2/gnu/aarch32/nt/gcc-arm-none-eabi/bin/../arm-none-eabi/libc/usr/lib/thumb/v7-a+fp/hard\libc.a(lib_a-mprec.o)
                0x00000000010540c8                __mprec_tens
                0x0000000001054190                __mprec_tinytens
                0x00000000010541b8                __mprec_bigtens
 .rodata        0x00000000010541e0       0x20 g:/xilinx/vitis/2019.2/gnu/aarch32/nt/gcc-arm-none-eabi/bin/../arm-none-eabi/libc/usr/lib/thumb/v7-a+fp/hard\libc.a(lib_a-svfiprintf.o)
 *(.rodata.*)
 .rodata.str1.4
                0x0000000001054200      0xd72 ./src/acquire.o
                                        0xd76 (size before relaxing)
 *fill*         0x0000000001054f72        0x2 
 .rodata.str1.4
                0x0000000001054f74      0x39a ./src/clkwiz_interface.o
                                        0x39e (size before relaxing)
 *fill*         0x000000000105530e        0x2 
 .rodata.str1.4
                0x0000000001055310      0x256 ./src/dma_gearbox.o
                                        0x286 (size before relaxing)
 *fill*         0x0000000001055566        0x2 
 .rodata.str1.4
                0x0000000001055568      0x1ea ./src/fabric_config.o
 *fill*         0x0000000001055752        0x2 
 .rodata.str1.4
                0x0000000001055754      0x49b ./src/hal.o
                                        0x4cb (size before relaxing)
 *fill*         0x0000000001055bef        0x1 
 .rodata.str1.4
                0x0000000001055bf0       0x1b ./src/main.o
 *fill*         0x0000000001055c0b        0x1 
 .rodata.str1.4
                0x0000000001055c0c      0x244 ./src/mipi_csi.o
                                        0x270 (size before relaxing)
 .rodata.str1.4
                0x0000000001055e50       0x19 ./src/mipi_csi_hacks.o
 *fill*         0x0000000001055e69        0x3 
 .rodata.str1.4
                0x0000000001055e6c       0x68 C:/Users/Tom/Documents/Projects/Scopy_MVP_Platform/scopy-fpga/main/export/main/sw/main/standalone_domain/bsplib/lib\libxil.a(xaxidma_bdring.o)
                                         0x6b (size before relaxing)
 .rodata.str1.4
                0x0000000001055ed4        0xb C:/Users/Tom/Documents/Projects/Scopy_MVP_Platform/scopy-fpga/main/export/main/sw/main/standalone_domain/bsplib/lib\libxil.a(xclk_wiz.o)
 *fill*         0x0000000001055edf        0x1 
 .rodata.str1.4
                0x0000000001055ee0      0x169 C:/Users/Tom/Documents/Projects/Scopy_MVP_Platform/scopy-fpga/main/export/main/sw/main/standalone_domain/bsplib/lib\libxil.a(xdmaps.o)
 *fill*         0x0000000001056049        0x3 
 .rodata.str1.4
                0x000000000105604c        0xa C:/Users/Tom/Documents/Projects/Scopy_MVP_Platform/scopy-fpga/main/export/main/sw/main/standalone_domain/bsplib/lib\libxil.a(xgpiops.o)
 *fill*         0x0000000001056056        0x2 
 .rodata.str1.4
                0x0000000001056058        0xf C:/Users/Tom/Documents/Projects/Scopy_MVP_Platform/scopy-fpga/main/export/main/sw/main/standalone_domain/bsplib/lib\libxil.a(xgpiops_intr.o)
 *fill*         0x0000000001056067        0x1 
 .rodata.str1.4
                0x0000000001056068        0xf C:/Users/Tom/Documents/Projects/Scopy_MVP_Platform/scopy-fpga/main/export/main/sw/main/standalone_domain/bsplib/lib\libxil.a(xscugic_intr.o)
 *fill*         0x0000000001056077        0x1 
 .rodata.str1.4
                0x0000000001056078        0xa C:/Users/Tom/Documents/Projects/Scopy_MVP_Platform/scopy-fpga/main/export/main/sw/main/standalone_domain/bsplib/lib\libxil.a(xscugic.o)
 *fill*         0x0000000001056082        0x2 
 .rodata.str1.4
                0x0000000001056084        0xc C:/Users/Tom/Documents/Projects/Scopy_MVP_Platform/scopy-fpga/main/export/main/sw/main/standalone_domain/bsplib/lib\libxil.a(xscutimer.o)
 .rodata.str1.4
                0x0000000001056090       0x15 C:/Users/Tom/Documents/Projects/Scopy_MVP_Platform/scopy-fpga/main/export/main/sw/main/standalone_domain/bsplib/lib\libxil.a(xscutimer_selftest.o)
 *fill*         0x00000000010560a5        0x3 
 .rodata.str1.4
                0x00000000010560a8       0x11 C:/Users/Tom/Documents/Projects/Scopy_MVP_Platform/scopy-fpga/main/export/main/sw/main/standalone_domain/bsplib/lib\libxil.a(xil_printf.o)
 *fill*         0x00000000010560b9        0x3 
 .rodata.str1.4
                0x00000000010560bc      0x12c g:/xilinx/vitis/2019.2/gnu/aarch32/nt/gcc-arm-none-eabi/bin/../arm-none-eabi/libc/usr/lib/thumb/v7-a+fp/hard\libc.a(lib_a-locale.o)
                                        0x130 (size before relaxing)
 .rodata.str1.4
                0x00000000010561e8       0x2e g:/xilinx/vitis/2019.2/gnu/aarch32/nt/gcc-arm-none-eabi/bin/../arm-none-eabi/libc/usr/lib/thumb/v7-a+fp/hard\libc.a(lib_a-svfprintf.o)
                                         0x42 (size before relaxing)
 *fill*         0x0000000001056216        0x2 
 .rodata.str1.4
                0x0000000001056218       0x10 g:/xilinx/vitis/2019.2/gnu/aarch32/nt/gcc-arm-none-eabi/bin/../arm-none-eabi/libc/usr/lib/thumb/v7-a+fp/hard\libc.a(lib_a-dtoa.o)
                                         0x12 (size before relaxing)
 .rodata.str1.4
                0x0000000001056228       0x2f g:/xilinx/vitis/2019.2/gnu/aarch32/nt/gcc-arm-none-eabi/bin/../arm-none-eabi/libc/usr/lib/thumb/v7-a+fp/hard\libc.a(lib_a-svfiprintf.o)
 *(.gnu.linkonce.r.*)
                0x0000000001056257                __rodata_end = .

.rodata1        0x0000000001056228        0x0
                0x0000000001056228                __rodata1_start = .
 *(.rodata1)
 *(.rodata1.*)
                0x0000000001056228                __rodata1_end = .

.sdata2         0x0000000001056228        0x0
                0x0000000001056228                __sdata2_start = .
 *(.sdata2)
 *(.sdata2.*)
 *(.gnu.linkonce.s2.*)
                0x0000000001056228                __sdata2_end = .

.sbss2          0x0000000001056228        0x0
                0x0000000001056228                __sbss2_start = .
 *(.sbss2)
 *(.sbss2.*)
 *(.gnu.linkonce.sb2.*)
                0x0000000001056228                __sbss2_end = .

.data           0x0000000001056228      0xe08
                0x0000000001056228                __data_start = .
 *(.data)
 .data          0x0000000001056228        0x0 g:/xilinx/vitis/2019.2/gnu/aarch32/nt/gcc-arm-none-eabi/bin/../lib/gcc/arm-none-eabi/8.2.0/thumb/v7-a+fp/hard/crti.o
 .data          0x0000000001056228        0x4 g:/xilinx/vitis/2019.2/gnu/aarch32/nt/gcc-arm-none-eabi/bin/../lib/gcc/arm-none-eabi/8.2.0/thumb/v7-a+fp/hard/crtbegin.o
                0x0000000001056228                __dso_handle
 .data          0x000000000105622c       0x30 ./src/acquire.o
                0x000000000105622c                acq_state_to_str
                0x0000000001056244                acq_substate_to_str
 .data          0x000000000105625c        0x0 ./src/clkwiz_interface.o
 .data          0x000000000105625c        0x0 ./src/dma_gearbox.o
 .data          0x000000000105625c        0x0 ./src/fabric_config.o
 .data          0x000000000105625c        0x0 ./src/hal.o
 .data          0x000000000105625c        0x0 ./src/main.o
 .data          0x000000000105625c        0x0 ./src/mipi_csi.o
 .data          0x000000000105625c        0x0 ./src/mipi_csi_hacks.o
 .data          0x000000000105625c        0x0 ./src/platform.o
 .data          0x000000000105625c        0x0 C:/Users/Tom/Documents/Projects/Scopy_MVP_Platform/scopy-fpga/main/export/main/sw/main/standalone_domain/bsplib/lib\libxil.a(xaxidma.o)
 .data          0x000000000105625c        0x0 C:/Users/Tom/Documents/Projects/Scopy_MVP_Platform/scopy-fpga/main/export/main/sw/main/standalone_domain/bsplib/lib\libxil.a(xaxidma_sinit.o)
 .data          0x000000000105625c        0x0 C:/Users/Tom/Documents/Projects/Scopy_MVP_Platform/scopy-fpga/main/export/main/sw/main/standalone_domain/bsplib/lib\libxil.a(xaxidma_bdring.o)
 .data          0x000000000105625c       0x44 C:/Users/Tom/Documents/Projects/Scopy_MVP_Platform/scopy-fpga/main/export/main/sw/main/standalone_domain/bsplib/lib\libxil.a(xaxidma_g.o)
                0x000000000105625c                XAxiDma_ConfigTable
 .data          0x00000000010562a0        0x0 C:/Users/Tom/Documents/Projects/Scopy_MVP_Platform/scopy-fpga/main/export/main/sw/main/standalone_domain/bsplib/lib\libxil.a(xclk_wiz.o)
 .data          0x00000000010562a0        0x0 C:/Users/Tom/Documents/Projects/Scopy_MVP_Platform/scopy-fpga/main/export/main/sw/main/standalone_domain/bsplib/lib\libxil.a(xclk_wiz_sinit.o)
 .data          0x00000000010562a0        0x0 C:/Users/Tom/Documents/Projects/Scopy_MVP_Platform/scopy-fpga/main/export/main/sw/main/standalone_domain/bsplib/lib\libxil.a(xdmaps.o)
 .data          0x00000000010562a0        0x0 C:/Users/Tom/Documents/Projects/Scopy_MVP_Platform/scopy-fpga/main/export/main/sw/main/standalone_domain/bsplib/lib\libxil.a(xdmaps_sinit.o)
 .data          0x00000000010562a0       0x10 C:/Users/Tom/Documents/Projects/Scopy_MVP_Platform/scopy-fpga/main/export/main/sw/main/standalone_domain/bsplib/lib\libxil.a(xdmaps_g.o)
                0x00000000010562a0                XDmaPs_ConfigTable
 .data          0x00000000010562b0        0x0 C:/Users/Tom/Documents/Projects/Scopy_MVP_Platform/scopy-fpga/main/export/main/sw/main/standalone_domain/bsplib/lib\libxil.a(xgpiops.o)
 .data          0x00000000010562b0        0x0 C:/Users/Tom/Documents/Projects/Scopy_MVP_Platform/scopy-fpga/main/export/main/sw/main/standalone_domain/bsplib/lib\libxil.a(xgpiops_sinit.o)
 .data          0x00000000010562b0        0x0 C:/Users/Tom/Documents/Projects/Scopy_MVP_Platform/scopy-fpga/main/export/main/sw/main/standalone_domain/bsplib/lib\libxil.a(xgpiops_intr.o)
 .data          0x00000000010562b0        0x8 C:/Users/Tom/Documents/Projects/Scopy_MVP_Platform/scopy-fpga/main/export/main/sw/main/standalone_domain/bsplib/lib\libxil.a(xgpiops_g.o)
                0x00000000010562b0                XGpioPs_ConfigTable
 .data          0x00000000010562b8        0x0 C:/Users/Tom/Documents/Projects/Scopy_MVP_Platform/scopy-fpga/main/export/main/sw/main/standalone_domain/bsplib/lib\libxil.a(xscugic_intr.o)
 .data          0x00000000010562b8        0x0 C:/Users/Tom/Documents/Projects/Scopy_MVP_Platform/scopy-fpga/main/export/main/sw/main/standalone_domain/bsplib/lib\libxil.a(xscugic.o)
 .data          0x00000000010562b8        0x0 C:/Users/Tom/Documents/Projects/Scopy_MVP_Platform/scopy-fpga/main/export/main/sw/main/standalone_domain/bsplib/lib\libxil.a(xscugic_sinit.o)
 .data          0x00000000010562b8        0x0 C:/Users/Tom/Documents/Projects/Scopy_MVP_Platform/scopy-fpga/main/export/main/sw/main/standalone_domain/bsplib/lib\libxil.a(xscutimer.o)
 .data          0x00000000010562b8        0x0 C:/Users/Tom/Documents/Projects/Scopy_MVP_Platform/scopy-fpga/main/export/main/sw/main/standalone_domain/bsplib/lib\libxil.a(xscutimer_selftest.o)
 .data          0x00000000010562b8        0x0 C:/Users/Tom/Documents/Projects/Scopy_MVP_Platform/scopy-fpga/main/export/main/sw/main/standalone_domain/bsplib/lib\libxil.a(xscutimer_sinit.o)
 .data          0x00000000010562b8        0x8 C:/Users/Tom/Documents/Projects/Scopy_MVP_Platform/scopy-fpga/main/export/main/sw/main/standalone_domain/bsplib/lib\libxil.a(xscutimer_g.o)
                0x00000000010562b8                XScuTimer_ConfigTable
 .data          0x00000000010562c0        0x4 C:/Users/Tom/Documents/Projects/Scopy_MVP_Platform/scopy-fpga/main/export/main/sw/main/standalone_domain/bsplib/lib\libxil.a(xil_assert.o)
                0x00000000010562c0                Xil_AssertWait
 .data          0x00000000010562c4        0x0 C:/Users/Tom/Documents/Projects/Scopy_MVP_Platform/scopy-fpga/main/export/main/sw/main/standalone_domain/bsplib/lib\libxil.a(print.o)
 .data          0x00000000010562c4        0x0 C:/Users/Tom/Documents/Projects/Scopy_MVP_Platform/scopy-fpga/main/export/main/sw/main/standalone_domain/bsplib/lib\libxil.a(xil_cache.o)
 .data          0x00000000010562c4        0x0 C:/Users/Tom/Documents/Projects/Scopy_MVP_Platform/scopy-fpga/main/export/main/sw/main/standalone_domain/bsplib/lib\libxil.a(outbyte.o)
 .data          0x00000000010562c4        0x0 C:/Users/Tom/Documents/Projects/Scopy_MVP_Platform/scopy-fpga/main/export/main/sw/main/standalone_domain/bsplib/lib\libxil.a(xplatform_info.o)
 .data          0x00000000010562c4        0x0 C:/Users/Tom/Documents/Projects/Scopy_MVP_Platform/scopy-fpga/main/export/main/sw/main/standalone_domain/bsplib/lib\libxil.a(xil_printf.o)
 .data          0x00000000010562c4       0x38 C:/Users/Tom/Documents/Projects/Scopy_MVP_Platform/scopy-fpga/main/export/main/sw/main/standalone_domain/bsplib/lib\libxil.a(xil_exception.o)
                0x00000000010562c4                XExc_VectorTable
 .data          0x00000000010562fc        0x0 C:/Users/Tom/Documents/Projects/Scopy_MVP_Platform/scopy-fpga/main/export/main/sw/main/standalone_domain/bsplib/lib\libxil.a(asm_vectors.o)
 .data          0x00000000010562fc        0x0 C:/Users/Tom/Documents/Projects/Scopy_MVP_Platform/scopy-fpga/main/export/main/sw/main/standalone_domain/bsplib/lib\libxil.a(xuartps_hw.o)
 *fill*         0x00000000010562fc        0x4 
 .data          0x0000000001056300       0x58 C:/Users/Tom/Documents/Projects/Scopy_MVP_Platform/scopy-fpga/main/export/main/sw/main/standalone_domain/bsplib/lib\libxil.a(xclk_wiz_g.o)
                0x0000000001056300                XClk_Wiz_ConfigTable
 .data          0x0000000001056358      0x304 C:/Users/Tom/Documents/Projects/Scopy_MVP_Platform/scopy-fpga/main/export/main/sw/main/standalone_domain/bsplib/lib\libxil.a(xscugic_g.o)
                0x0000000001056358                XScuGic_ConfigTable
 .data          0x000000000105665c        0x0 C:/Users/Tom/Documents/Projects/Scopy_MVP_Platform/scopy-fpga/main/export/main/sw/main/standalone_domain/bsplib/lib\libxil.a(vectors.o)
 .data          0x000000000105665c        0x0 C:/Users/Tom/Documents/Projects/Scopy_MVP_Platform/scopy-fpga/main/export/main/sw/main/standalone_domain/bsplib/lib\libxil.a(boot.o)
 .data          0x000000000105665c        0x0 C:/Users/Tom/Documents/Projects/Scopy_MVP_Platform/scopy-fpga/main/export/main/sw/main/standalone_domain/bsplib/lib\libxil.a(xil-crt0.o)
 .data          0x000000000105665c        0x0 C:/Users/Tom/Documents/Projects/Scopy_MVP_Platform/scopy-fpga/main/export/main/sw/main/standalone_domain/bsplib/lib\libxil.a(translation_table.o)
 .data          0x000000000105665c        0x0 C:/Users/Tom/Documents/Projects/Scopy_MVP_Platform/scopy-fpga/main/export/main/sw/main/standalone_domain/bsplib/lib\libxil.a(cpu_init.o)
 .data          0x000000000105665c        0x0 C:/Users/Tom/Documents/Projects/Scopy_MVP_Platform/scopy-fpga/main/export/main/sw/main/standalone_domain/bsplib/lib\libxil.a(xtime_l.o)
 .data          0x000000000105665c        0x0 g:/xilinx/vitis/2019.2/gnu/aarch32/nt/gcc-arm-none-eabi/bin/../lib/gcc/arm-none-eabi/8.2.0/thumb/v7-a+fp/hard\libgcc.a(_udivsi3.o)
 .data          0x000000000105665c        0x0 g:/xilinx/vitis/2019.2/gnu/aarch32/nt/gcc-arm-none-eabi/bin/../lib/gcc/arm-none-eabi/8.2.0/thumb/v7-a+fp/hard\libgcc.a(_divsi3.o)
 .data          0x000000000105665c        0x0 g:/xilinx/vitis/2019.2/gnu/aarch32/nt/gcc-arm-none-eabi/bin/../lib/gcc/arm-none-eabi/8.2.0/thumb/v7-a+fp/hard\libgcc.a(_dvmd_tls.o)
 .data          0x000000000105665c        0x0 g:/xilinx/vitis/2019.2/gnu/aarch32/nt/gcc-arm-none-eabi/bin/../lib/gcc/arm-none-eabi/8.2.0/thumb/v7-a+fp/hard\libgcc.a(_arm_addsubdf3.o)
 .data          0x000000000105665c        0x0 g:/xilinx/vitis/2019.2/gnu/aarch32/nt/gcc-arm-none-eabi/bin/../lib/gcc/arm-none-eabi/8.2.0/thumb/v7-a+fp/hard\libgcc.a(_arm_addsubsf3.o)
 .data          0x000000000105665c        0x0 g:/xilinx/vitis/2019.2/gnu/aarch32/nt/gcc-arm-none-eabi/bin/../lib/gcc/arm-none-eabi/8.2.0/thumb/v7-a+fp/hard\libgcc.a(_aeabi_uldivmod.o)
 .data          0x000000000105665c        0x0 g:/xilinx/vitis/2019.2/gnu/aarch32/nt/gcc-arm-none-eabi/bin/../lib/gcc/arm-none-eabi/8.2.0/thumb/v7-a+fp/hard\libgcc.a(_fixunssfdi.o)
 .data          0x000000000105665c        0x0 g:/xilinx/vitis/2019.2/gnu/aarch32/nt/gcc-arm-none-eabi/bin/../lib/gcc/arm-none-eabi/8.2.0/thumb/v7-a+fp/hard\libgcc.a(_fixunsdfdi.o)
 .data          0x000000000105665c        0x0 g:/xilinx/vitis/2019.2/gnu/aarch32/nt/gcc-arm-none-eabi/bin/../lib/gcc/arm-none-eabi/8.2.0/thumb/v7-a+fp/hard\libgcc.a(_udivmoddi4.o)
 .data          0x000000000105665c        0x0 g:/xilinx/vitis/2019.2/gnu/aarch32/nt/gcc-arm-none-eabi/bin/../arm-none-eabi/libc/usr/lib/thumb/v7-a+fp/hard\libc.a(lib_a-exit.o)
 .data          0x000000000105665c        0x0 g:/xilinx/vitis/2019.2/gnu/aarch32/nt/gcc-arm-none-eabi/bin/../arm-none-eabi/libc/usr/lib/thumb/v7-a+fp/hard\libc.a(lib_a-fini.o)
 *fill*         0x000000000105665c        0x4 
 .data          0x0000000001056660      0x430 g:/xilinx/vitis/2019.2/gnu/aarch32/nt/gcc-arm-none-eabi/bin/../arm-none-eabi/libc/usr/lib/thumb/v7-a+fp/hard\libc.a(lib_a-impure.o)
                0x0000000001056660                _impure_ptr
 .data          0x0000000001056a90        0x0 g:/xilinx/vitis/2019.2/gnu/aarch32/nt/gcc-arm-none-eabi/bin/../arm-none-eabi/libc/usr/lib/thumb/v7-a+fp/hard\libc.a(lib_a-init.o)
 .data          0x0000000001056a90      0x18c g:/xilinx/vitis/2019.2/gnu/aarch32/nt/gcc-arm-none-eabi/bin/../arm-none-eabi/libc/usr/lib/thumb/v7-a+fp/hard\libc.a(lib_a-locale.o)
                0x0000000001056a90                __global_locale
                0x0000000001056bfc                __default_locale
 .data          0x0000000001056c1c        0x0 g:/xilinx/vitis/2019.2/gnu/aarch32/nt/gcc-arm-none-eabi/bin/../arm-none-eabi/libc/usr/lib/thumb/v7-a+fp/hard\libc.a(lib_a-malign.o)
 .data          0x0000000001056c1c        0x0 g:/xilinx/vitis/2019.2/gnu/aarch32/nt/gcc-arm-none-eabi/bin/../arm-none-eabi/libc/usr/lib/thumb/v7-a+fp/hard\libc.a(lib_a-malignr.o)
 .data          0x0000000001056c1c        0x0 g:/xilinx/vitis/2019.2/gnu/aarch32/nt/gcc-arm-none-eabi/bin/../arm-none-eabi/libc/usr/lib/thumb/v7-a+fp/hard\libc.a(lib_a-malloc.o)
 .data          0x0000000001056c1c      0x410 g:/xilinx/vitis/2019.2/gnu/aarch32/nt/gcc-arm-none-eabi/bin/../arm-none-eabi/libc/usr/lib/thumb/v7-a+fp/hard\libc.a(lib_a-mallocr.o)
                0x0000000001056c1c                __malloc_av_
                0x0000000001057024                __malloc_sbrk_base
                0x0000000001057028                __malloc_trim_threshold
 .data          0x000000000105702c        0x0 g:/xilinx/vitis/2019.2/gnu/aarch32/nt/gcc-arm-none-eabi/bin/../arm-none-eabi/libc/usr/lib/thumb/v7-a+fp/hard\libc.a(lib_a-mbtowc_r.o)
 .data          0x000000000105702c        0x0 g:/xilinx/vitis/2019.2/gnu/aarch32/nt/gcc-arm-none-eabi/bin/../arm-none-eabi/libc/usr/lib/thumb/v7-a+fp/hard\libc.a(lib_a-memcpy.o)
 .data          0x000000000105702c        0x0 g:/xilinx/vitis/2019.2/gnu/aarch32/nt/gcc-arm-none-eabi/bin/../arm-none-eabi/libc/usr/lib/thumb/v7-a+fp/hard\libc.a(lib_a-memset.o)
 .data          0x000000000105702c        0x0 g:/xilinx/vitis/2019.2/gnu/aarch32/nt/gcc-arm-none-eabi/bin/../arm-none-eabi/libc/usr/lib/thumb/v7-a+fp/hard\libc.a(lib_a-mlock.o)
 .data          0x000000000105702c        0x0 g:/xilinx/vitis/2019.2/gnu/aarch32/nt/gcc-arm-none-eabi/bin/../arm-none-eabi/libc/usr/lib/thumb/v7-a+fp/hard\libc.a(lib_a-sbrkr.o)
 .data          0x000000000105702c        0x0 g:/xilinx/vitis/2019.2/gnu/aarch32/nt/gcc-arm-none-eabi/bin/../arm-none-eabi/libc/usr/lib/thumb/v7-a+fp/hard\libc.a(lib_a-snprintf.o)
 .data          0x000000000105702c        0x0 g:/xilinx/vitis/2019.2/gnu/aarch32/nt/gcc-arm-none-eabi/bin/../arm-none-eabi/libc/usr/lib/thumb/v7-a+fp/hard\libc.a(lib_a-strcasecmp.o)
 .data          0x000000000105702c        0x0 g:/xilinx/vitis/2019.2/gnu/aarch32/nt/gcc-arm-none-eabi/bin/../arm-none-eabi/libc/usr/lib/thumb/v7-a+fp/hard\libc.a(lib_a-strcat.o)
 .data          0x000000000105702c        0x0 g:/xilinx/vitis/2019.2/gnu/aarch32/nt/gcc-arm-none-eabi/bin/../arm-none-eabi/libc/usr/lib/thumb/v7-a+fp/hard\libc.a(lib_a-strchr.o)
 .data          0x000000000105702c        0x0 g:/xilinx/vitis/2019.2/gnu/aarch32/nt/gcc-arm-none-eabi/bin/../arm-none-eabi/libc/usr/lib/thumb/v7-a+fp/hard\libc.a(lib_a-strcmp.o)
 .data          0x000000000105702c        0x0 g:/xilinx/vitis/2019.2/gnu/aarch32/nt/gcc-arm-none-eabi/bin/../arm-none-eabi/libc/usr/lib/thumb/v7-a+fp/hard\libc.a(lib_a-strcpy.o)
 .data          0x000000000105702c        0x0 g:/xilinx/vitis/2019.2/gnu/aarch32/nt/gcc-arm-none-eabi/bin/../arm-none-eabi/libc/usr/lib/thumb/v7-a+fp/hard\libc.a(lib_a-strlcpy.o)
 .data          0x000000000105702c        0x0 g:/xilinx/vitis/2019.2/gnu/aarch32/nt/gcc-arm-none-eabi/bin/../arm-none-eabi/libc/usr/lib/thumb/v7-a+fp/hard\libc.a(lib_a-strlen.o)
 .data          0x000000000105702c        0x0 g:/xilinx/vitis/2019.2/gnu/aarch32/nt/gcc-arm-none-eabi/bin/../arm-none-eabi/libc/usr/lib/thumb/v7-a+fp/hard\libc.a(lib_a-strncasecmp.o)
 .data          0x000000000105702c        0x0 g:/xilinx/vitis/2019.2/gnu/aarch32/nt/gcc-arm-none-eabi/bin/../arm-none-eabi/libc/usr/lib/thumb/v7-a+fp/hard\libc.a(lib_a-strncmp.o)
 .data          0x000000000105702c        0x0 g:/xilinx/vitis/2019.2/gnu/aarch32/nt/gcc-arm-none-eabi/bin/../arm-none-eabi/libc/usr/lib/thumb/v7-a+fp/hard\libc.a(lib_a-strncpy.o)
 .data          0x000000000105702c        0x0 g:/xilinx/vitis/2019.2/gnu/aarch32/nt/gcc-arm-none-eabi/bin/../arm-none-eabi/libc/usr/lib/thumb/v7-a+fp/hard\libc.a(lib_a-strtol.o)
 .data          0x000000000105702c        0x0 g:/xilinx/vitis/2019.2/gnu/aarch32/nt/gcc-arm-none-eabi/bin/../arm-none-eabi/libc/usr/lib/thumb/v7-a+fp/hard\libc.a(lib_a-svfprintf.o)
 .data          0x000000000105702c        0x0 g:/xilinx/vitis/2019.2/gnu/aarch32/nt/gcc-arm-none-eabi/bin/../arm-none-eabi/libc/usr/lib/thumb/v7-a+fp/hard\libc.a(lib_a-vsnprintf.o)
 .data          0x000000000105702c        0x0 g:/xilinx/vitis/2019.2/gnu/aarch32/nt/gcc-arm-none-eabi/bin/../arm-none-eabi/libc/usr/lib/thumb/v7-a+fp/hard\libc.a(lib_a-wcrtomb.o)
 .data          0x000000000105702c        0x0 g:/xilinx/vitis/2019.2/gnu/aarch32/nt/gcc-arm-none-eabi/bin/../arm-none-eabi/libc/usr/lib/thumb/v7-a+fp/hard\libc.a(lib_a-wcsrtombs.o)
 .data          0x000000000105702c        0x0 g:/xilinx/vitis/2019.2/gnu/aarch32/nt/gcc-arm-none-eabi/bin/../arm-none-eabi/libc/usr/lib/thumb/v7-a+fp/hard\libc.a(lib_a-wctomb_r.o)
 .data          0x000000000105702c        0x0 g:/xilinx/vitis/2019.2/gnu/aarch32/nt/gcc-arm-none-eabi/bin/../arm-none-eabi/libc/usr/lib/thumb/v7-a+fp/hard\libc.a(lib_a-__call_atexit.o)
 .data          0x000000000105702c        0x0 g:/xilinx/vitis/2019.2/gnu/aarch32/nt/gcc-arm-none-eabi/bin/../arm-none-eabi/libc/usr/lib/thumb/v7-a+fp/hard\libc.a(lib_a-ctype_.o)
 .data          0x000000000105702c        0x0 g:/xilinx/vitis/2019.2/gnu/aarch32/nt/gcc-arm-none-eabi/bin/../arm-none-eabi/libc/usr/lib/thumb/v7-a+fp/hard\libc.a(lib_a-dtoa.o)
 .data          0x000000000105702c        0x0 g:/xilinx/vitis/2019.2/gnu/aarch32/nt/gcc-arm-none-eabi/bin/../arm-none-eabi/libc/usr/lib/thumb/v7-a+fp/hard\libc.a(lib_a-freer.o)
 .data          0x000000000105702c        0x0 g:/xilinx/vitis/2019.2/gnu/aarch32/nt/gcc-arm-none-eabi/bin/../arm-none-eabi/libc/usr/lib/thumb/v7-a+fp/hard\libc.a(lib_a-getenv_r.o)
 .data          0x000000000105702c        0x0 g:/xilinx/vitis/2019.2/gnu/aarch32/nt/gcc-arm-none-eabi/bin/../arm-none-eabi/libc/usr/lib/thumb/v7-a+fp/hard\libc.a(lib_a-localeconv.o)
 .data          0x000000000105702c        0x0 g:/xilinx/vitis/2019.2/gnu/aarch32/nt/gcc-arm-none-eabi/bin/../arm-none-eabi/libc/usr/lib/thumb/v7-a+fp/hard\libc.a(lib_a-memchr.o)
 .data          0x000000000105702c        0x0 g:/xilinx/vitis/2019.2/gnu/aarch32/nt/gcc-arm-none-eabi/bin/../arm-none-eabi/libc/usr/lib/thumb/v7-a+fp/hard\libc.a(lib_a-mprec.o)
 .data          0x000000000105702c        0x0 g:/xilinx/vitis/2019.2/gnu/aarch32/nt/gcc-arm-none-eabi/bin/../arm-none-eabi/libc/usr/lib/thumb/v7-a+fp/hard\libc.a(lib_a-reent.o)
 .data          0x000000000105702c        0x0 g:/xilinx/vitis/2019.2/gnu/aarch32/nt/gcc-arm-none-eabi/bin/../arm-none-eabi/libc/usr/lib/thumb/v7-a+fp/hard\libc.a(lib_a-s_frexp.o)
 .data          0x000000000105702c        0x0 g:/xilinx/vitis/2019.2/gnu/aarch32/nt/gcc-arm-none-eabi/bin/../arm-none-eabi/libc/usr/lib/thumb/v7-a+fp/hard\libc.a(lib_a-svfiprintf.o)
 .data          0x000000000105702c        0x0 g:/xilinx/vitis/2019.2/gnu/aarch32/nt/gcc-arm-none-eabi/bin/../arm-none-eabi/libc/usr/lib/thumb/v7-a+fp/hard\libc.a(lib_a-wcsnrtombs.o)
 .data          0x000000000105702c        0x0 g:/xilinx/vitis/2019.2/gnu/aarch32/nt/gcc-arm-none-eabi/bin/../arm-none-eabi/libc/usr/lib/thumb/v7-a+fp/hard\libc.a(lib_a-callocr.o)
 .data          0x000000000105702c        0x4 g:/xilinx/vitis/2019.2/gnu/aarch32/nt/gcc-arm-none-eabi/bin/../arm-none-eabi/libc/usr/lib/thumb/v7-a+fp/hard\libc.a(lib_a-environ.o)
                0x000000000105702c                environ
 .data          0x0000000001057030        0x0 g:/xilinx/vitis/2019.2/gnu/aarch32/nt/gcc-arm-none-eabi/bin/../arm-none-eabi/libc/usr/lib/thumb/v7-a+fp/hard\libc.a(lib_a-envlock.o)
 .data          0x0000000001057030        0x0 g:/xilinx/vitis/2019.2/gnu/aarch32/nt/gcc-arm-none-eabi/bin/../arm-none-eabi/libc/usr/lib/thumb/v7-a+fp/hard\libc.a(lib_a-memmove.o)
 .data          0x0000000001057030        0x0 g:/xilinx/vitis/2019.2/gnu/aarch32/nt/gcc-arm-none-eabi/bin/../arm-none-eabi/libc/usr/lib/thumb/v7-a+fp/hard\libc.a(lib_a-reallocr.o)
 .data          0x0000000001057030        0x0 C:/Users/Tom/Documents/Projects/Scopy_MVP_Platform/scopy-fpga/main/export/main/sw/main/standalone_domain/bsplib/lib\libxil.a(_sbrk.o)
 .data          0x0000000001057030        0x0 C:/Users/Tom/Documents/Projects/Scopy_MVP_Platform/scopy-fpga/main/export/main/sw/main/standalone_domain/bsplib/lib\libxil.a(_exit.o)
 .data          0x0000000001057030        0x0 g:/xilinx/vitis/2019.2/gnu/aarch32/nt/gcc-arm-none-eabi/bin/../lib/gcc/arm-none-eabi/8.2.0/thumb/v7-a+fp/hard/crtend.o
 .data          0x0000000001057030        0x0 g:/xilinx/vitis/2019.2/gnu/aarch32/nt/gcc-arm-none-eabi/bin/../lib/gcc/arm-none-eabi/8.2.0/thumb/v7-a+fp/hard/crtn.o
 *(.data.*)
 *(.gnu.linkonce.d.*)
 *(.jcr)
 *(.got)
 *(.got.plt)
                0x0000000001057030                __data_end = .

.tm_clone_table
                0x0000000001057030        0x0
 .tm_clone_table
                0x0000000001057030        0x0 g:/xilinx/vitis/2019.2/gnu/aarch32/nt/gcc-arm-none-eabi/bin/../lib/gcc/arm-none-eabi/8.2.0/thumb/v7-a+fp/hard/crtbegin.o
 .tm_clone_table
                0x0000000001057030        0x0 g:/xilinx/vitis/2019.2/gnu/aarch32/nt/gcc-arm-none-eabi/bin/../lib/gcc/arm-none-eabi/8.2.0/thumb/v7-a+fp/hard/crtend.o

.igot.plt       0x0000000001057030        0x0
 .igot.plt      0x0000000001057030        0x0 g:/xilinx/vitis/2019.2/gnu/aarch32/nt/gcc-arm-none-eabi/bin/../lib/gcc/arm-none-eabi/8.2.0/thumb/v7-a+fp/hard/crtbegin.o

.got2           0x0000000001057030        0x0
 .got2          0x0000000001057030        0x0 C:/Users/Tom/Documents/Projects/Scopy_MVP_Platform/scopy-fpga/main/export/main/sw/main/standalone_domain/bsplib/lib\libxil.a(xil-crt0.o)

.data1          0x0000000001057030        0x0
                0x0000000001057030                __data1_start = .
 *(.data1)
 *(.data1.*)
                0x0000000001057030                __data1_end = .

.got
 *(.got)

.ctors          0x0000000001057030        0x0
                0x0000000001057030                __CTOR_LIST__ = .
                0x0000000001057030                ___CTORS_LIST___ = .
 *crtbegin.o(.ctors)
 *(EXCLUDE_FILE(*crtend.o) .ctors)
 *(SORT_BY_NAME(.ctors.*))
 *(.ctors)
                0x0000000001057030                __CTOR_END__ = .
                0x0000000001057030                ___CTORS_END___ = .

.dtors          0x0000000001057030        0x0
                0x0000000001057030                __DTOR_LIST__ = .
                0x0000000001057030                ___DTORS_LIST___ = .
 *crtbegin.o(.dtors)
 *(EXCLUDE_FILE(*crtend.o) .dtors)
 *(SORT_BY_NAME(.dtors.*))
 *(.dtors)
                0x0000000001057030                __DTOR_END__ = .
                0x0000000001057030                ___DTORS_END___ = .

.fixup          0x0000000001057030        0x0
                0x0000000001057030                __fixup_start = .
 *(.fixup)
                0x0000000001057030                __fixup_end = .

.eh_frame       0x0000000001057030        0x4
 *(.eh_frame)
 .eh_frame      0x0000000001057030        0x0 g:/xilinx/vitis/2019.2/gnu/aarch32/nt/gcc-arm-none-eabi/bin/../lib/gcc/arm-none-eabi/8.2.0/thumb/v7-a+fp/hard/crtbegin.o
 .eh_frame      0x0000000001057030        0x4 g:/xilinx/vitis/2019.2/gnu/aarch32/nt/gcc-arm-none-eabi/bin/../lib/gcc/arm-none-eabi/8.2.0/thumb/v7-a+fp/hard/crtend.o

.eh_framehdr    0x0000000001057034        0x0
                0x0000000001057034                __eh_framehdr_start = .
 *(.eh_framehdr)
                0x0000000001057034                __eh_framehdr_end = .

.gcc_except_table
 *(.gcc_except_table)

.mmu_tbl        0x0000000001058000     0x4000
                0x0000000001058000                __mmu_tbl_start = .
 *(.mmu_tbl)
 .mmu_tbl       0x0000000001058000     0x4000 C:/Users/Tom/Documents/Projects/Scopy_MVP_Platform/scopy-fpga/main/export/main/sw/main/standalone_domain/bsplib/lib\libxil.a(translation_table.o)
                0x0000000001058000                MMUTable
                0x000000000105c000                __mmu_tbl_end = .

.ARM.exidx      0x000000000105c000        0x8
                0x000000000105c000                __exidx_start = .
 *(.ARM.exidx*)
 .ARM.exidx     0x000000000105c000        0x8 g:/xilinx/vitis/2019.2/gnu/aarch32/nt/gcc-arm-none-eabi/bin/../lib/gcc/arm-none-eabi/8.2.0/thumb/v7-a+fp/hard\libgcc.a(_udivmoddi4.o)
 *(.gnu.linkonce.armexidix.*.*)
                0x000000000105c008                __exidx_end = .

.rel.dyn        0x000000000105c008        0x0
 .rel.iplt      0x000000000105c008        0x0 g:/xilinx/vitis/2019.2/gnu/aarch32/nt/gcc-arm-none-eabi/bin/../lib/gcc/arm-none-eabi/8.2.0/thumb/v7-a+fp/hard/crtbegin.o

.preinit_array  0x000000000105c008        0x0
                0x000000000105c008                __preinit_array_start = .
 *(SORT_BY_NAME(.preinit_array.*))
 *(.preinit_array)
                0x000000000105c008                __preinit_array_end = .

.init_array     0x000000000105c008        0x4
                0x000000000105c008                __init_array_start = .
 *(SORT_BY_NAME(.init_array.*))
 *(.init_array)
 .init_array    0x000000000105c008        0x4 g:/xilinx/vitis/2019.2/gnu/aarch32/nt/gcc-arm-none-eabi/bin/../lib/gcc/arm-none-eabi/8.2.0/thumb/v7-a+fp/hard/crtbegin.o
                0x000000000105c00c                __init_array_end = .

.fini_array     0x000000000105c00c        0x4
                0x000000000105c00c                __fini_array_start = .
 *(SORT_BY_NAME(.fini_array.*))
 *(.fini_array)
 .fini_array    0x000000000105c00c        0x4 g:/xilinx/vitis/2019.2/gnu/aarch32/nt/gcc-arm-none-eabi/bin/../lib/gcc/arm-none-eabi/8.2.0/thumb/v7-a+fp/hard/crtbegin.o
                0x000000000105c010                __fini_array_end = .

.ARM.attributes
                0x000000000105c010       0x33
                0x000000000105c010                __ARM.attributes_start = .
 *(.ARM.attributes)
 .ARM.attributes
                0x000000000105c010       0x1f g:/xilinx/vitis/2019.2/gnu/aarch32/nt/gcc-arm-none-eabi/bin/../lib/gcc/arm-none-eabi/8.2.0/thumb/v7-a+fp/hard/crti.o
 .ARM.attributes
                0x000000000105c02f       0x33 g:/xilinx/vitis/2019.2/gnu/aarch32/nt/gcc-arm-none-eabi/bin/../lib/gcc/arm-none-eabi/8.2.0/thumb/v7-a+fp/hard/crtbegin.o
 .ARM.attributes
                0x000000000105c062       0x33 ./src/acquire.o
 .ARM.attributes
                0x000000000105c095       0x33 ./src/clkwiz_interface.o
 .ARM.attributes
                0x000000000105c0c8       0x33 ./src/dma_gearbox.o
 .ARM.attributes
                0x000000000105c0fb       0x33 ./src/fabric_config.o
 .ARM.attributes
                0x000000000105c12e       0x33 ./src/hal.o
 .ARM.attributes
                0x000000000105c161       0x33 ./src/main.o
 .ARM.attributes
                0x000000000105c194       0x33 ./src/mipi_csi.o
 .ARM.attributes
                0x000000000105c1c7       0x33 ./src/mipi_csi_hacks.o
 .ARM.attributes
                0x000000000105c1fa       0x33 ./src/platform.o
 .ARM.attributes
                0x000000000105c22d       0x33 C:/Users/Tom/Documents/Projects/Scopy_MVP_Platform/scopy-fpga/main/export/main/sw/main/standalone_domain/bsplib/lib\libxil.a(xaxidma.o)
 .ARM.attributes
                0x000000000105c260       0x33 C:/Users/Tom/Documents/Projects/Scopy_MVP_Platform/scopy-fpga/main/export/main/sw/main/standalone_domain/bsplib/lib\libxil.a(xaxidma_sinit.o)
 .ARM.attributes
                0x000000000105c293       0x33 C:/Users/Tom/Documents/Projects/Scopy_MVP_Platform/scopy-fpga/main/export/main/sw/main/standalone_domain/bsplib/lib\libxil.a(xaxidma_bdring.o)
 .ARM.attributes
                0x000000000105c2c6       0x3d C:/Users/Tom/Documents/Projects/Scopy_MVP_Platform/scopy-fpga/main/export/main/sw/main/standalone_domain/bsplib/lib\libxil.a(xaxidma_g.o)
 .ARM.attributes
                0x000000000105c303       0x33 C:/Users/Tom/Documents/Projects/Scopy_MVP_Platform/scopy-fpga/main/export/main/sw/main/standalone_domain/bsplib/lib\libxil.a(xclk_wiz.o)
 .ARM.attributes
                0x000000000105c336       0x33 C:/Users/Tom/Documents/Projects/Scopy_MVP_Platform/scopy-fpga/main/export/main/sw/main/standalone_domain/bsplib/lib\libxil.a(xclk_wiz_sinit.o)
 .ARM.attributes
                0x000000000105c369       0x33 C:/Users/Tom/Documents/Projects/Scopy_MVP_Platform/scopy-fpga/main/export/main/sw/main/standalone_domain/bsplib/lib\libxil.a(xdmaps.o)
 .ARM.attributes
                0x000000000105c39c       0x33 C:/Users/Tom/Documents/Projects/Scopy_MVP_Platform/scopy-fpga/main/export/main/sw/main/standalone_domain/bsplib/lib\libxil.a(xdmaps_sinit.o)
 .ARM.attributes
                0x000000000105c3cf       0x3d C:/Users/Tom/Documents/Projects/Scopy_MVP_Platform/scopy-fpga/main/export/main/sw/main/standalone_domain/bsplib/lib\libxil.a(xdmaps_g.o)
 .ARM.attributes
                0x000000000105c40c       0x33 C:/Users/Tom/Documents/Projects/Scopy_MVP_Platform/scopy-fpga/main/export/main/sw/main/standalone_domain/bsplib/lib\libxil.a(xgpiops.o)
 .ARM.attributes
                0x000000000105c43f       0x33 C:/Users/Tom/Documents/Projects/Scopy_MVP_Platform/scopy-fpga/main/export/main/sw/main/standalone_domain/bsplib/lib\libxil.a(xgpiops_sinit.o)
 .ARM.attributes
                0x000000000105c472       0x33 C:/Users/Tom/Documents/Projects/Scopy_MVP_Platform/scopy-fpga/main/export/main/sw/main/standalone_domain/bsplib/lib\libxil.a(xgpiops_intr.o)
 .ARM.attributes
                0x000000000105c4a5       0x3d C:/Users/Tom/Documents/Projects/Scopy_MVP_Platform/scopy-fpga/main/export/main/sw/main/standalone_domain/bsplib/lib\libxil.a(xgpiops_g.o)
 .ARM.attributes
                0x000000000105c4e2       0x33 C:/Users/Tom/Documents/Projects/Scopy_MVP_Platform/scopy-fpga/main/export/main/sw/main/standalone_domain/bsplib/lib\libxil.a(xscugic_intr.o)
 .ARM.attributes
                0x000000000105c515       0x33 C:/Users/Tom/Documents/Projects/Scopy_MVP_Platform/scopy-fpga/main/export/main/sw/main/standalone_domain/bsplib/lib\libxil.a(xscugic.o)
 .ARM.attributes
                0x000000000105c548       0x33 C:/Users/Tom/Documents/Projects/Scopy_MVP_Platform/scopy-fpga/main/export/main/sw/main/standalone_domain/bsplib/lib\libxil.a(xscugic_sinit.o)
 .ARM.attributes
                0x000000000105c57b       0x33 C:/Users/Tom/Documents/Projects/Scopy_MVP_Platform/scopy-fpga/main/export/main/sw/main/standalone_domain/bsplib/lib\libxil.a(xscutimer.o)
 .ARM.attributes
                0x000000000105c5ae       0x33 C:/Users/Tom/Documents/Projects/Scopy_MVP_Platform/scopy-fpga/main/export/main/sw/main/standalone_domain/bsplib/lib\libxil.a(xscutimer_selftest.o)
 .ARM.attributes
                0x000000000105c5e1       0x33 C:/Users/Tom/Documents/Projects/Scopy_MVP_Platform/scopy-fpga/main/export/main/sw/main/standalone_domain/bsplib/lib\libxil.a(xscutimer_sinit.o)
 .ARM.attributes
                0x000000000105c614       0x3d C:/Users/Tom/Documents/Projects/Scopy_MVP_Platform/scopy-fpga/main/export/main/sw/main/standalone_domain/bsplib/lib\libxil.a(xscutimer_g.o)
 .ARM.attributes
                0x000000000105c651       0x33 C:/Users/Tom/Documents/Projects/Scopy_MVP_Platform/scopy-fpga/main/export/main/sw/main/standalone_domain/bsplib/lib\libxil.a(xil_assert.o)
 .ARM.attributes
                0x000000000105c684       0x33 C:/Users/Tom/Documents/Projects/Scopy_MVP_Platform/scopy-fpga/main/export/main/sw/main/standalone_domain/bsplib/lib\libxil.a(print.o)
 .ARM.attributes
                0x000000000105c6b7       0x33 C:/Users/Tom/Documents/Projects/Scopy_MVP_Platform/scopy-fpga/main/export/main/sw/main/standalone_domain/bsplib/lib\libxil.a(xil_cache.o)
 .ARM.attributes
                0x000000000105c6ea       0x33 C:/Users/Tom/Documents/Projects/Scopy_MVP_Platform/scopy-fpga/main/export/main/sw/main/standalone_domain/bsplib/lib\libxil.a(outbyte.o)
 .ARM.attributes
                0x000000000105c71d       0x33 C:/Users/Tom/Documents/Projects/Scopy_MVP_Platform/scopy-fpga/main/export/main/sw/main/standalone_domain/bsplib/lib\libxil.a(xplatform_info.o)
 .ARM.attributes
                0x000000000105c750       0x33 C:/Users/Tom/Documents/Projects/Scopy_MVP_Platform/scopy-fpga/main/export/main/sw/main/standalone_domain/bsplib/lib\libxil.a(xil_printf.o)
 .ARM.attributes
                0x000000000105c783       0x33 C:/Users/Tom/Documents/Projects/Scopy_MVP_Platform/scopy-fpga/main/export/main/sw/main/standalone_domain/bsplib/lib\libxil.a(xil_exception.o)
 .ARM.attributes
                0x000000000105c7b6       0x1f C:/Users/Tom/Documents/Projects/Scopy_MVP_Platform/scopy-fpga/main/export/main/sw/main/standalone_domain/bsplib/lib\libxil.a(asm_vectors.o)
 .ARM.attributes
                0x000000000105c7d5       0x33 C:/Users/Tom/Documents/Projects/Scopy_MVP_Platform/scopy-fpga/main/export/main/sw/main/standalone_domain/bsplib/lib\libxil.a(xuartps_hw.o)
 .ARM.attributes
                0x000000000105c808       0x3d C:/Users/Tom/Documents/Projects/Scopy_MVP_Platform/scopy-fpga/main/export/main/sw/main/standalone_domain/bsplib/lib\libxil.a(xclk_wiz_g.o)
 .ARM.attributes
                0x000000000105c845       0x3d C:/Users/Tom/Documents/Projects/Scopy_MVP_Platform/scopy-fpga/main/export/main/sw/main/standalone_domain/bsplib/lib\libxil.a(xscugic_g.o)
 .ARM.attributes
                0x000000000105c882       0x33 C:/Users/Tom/Documents/Projects/Scopy_MVP_Platform/scopy-fpga/main/export/main/sw/main/standalone_domain/bsplib/lib\libxil.a(vectors.o)
 .ARM.attributes
                0x000000000105c8b5       0x1f C:/Users/Tom/Documents/Projects/Scopy_MVP_Platform/scopy-fpga/main/export/main/sw/main/standalone_domain/bsplib/lib\libxil.a(boot.o)
 .ARM.attributes
                0x000000000105c8d4       0x1f C:/Users/Tom/Documents/Projects/Scopy_MVP_Platform/scopy-fpga/main/export/main/sw/main/standalone_domain/bsplib/lib\libxil.a(xil-crt0.o)
 .ARM.attributes
                0x000000000105c8f3       0x1f C:/Users/Tom/Documents/Projects/Scopy_MVP_Platform/scopy-fpga/main/export/main/sw/main/standalone_domain/bsplib/lib\libxil.a(translation_table.o)
 .ARM.attributes
                0x000000000105c912       0x1f C:/Users/Tom/Documents/Projects/Scopy_MVP_Platform/scopy-fpga/main/export/main/sw/main/standalone_domain/bsplib/lib\libxil.a(cpu_init.o)
 .ARM.attributes
                0x000000000105c931       0x33 C:/Users/Tom/Documents/Projects/Scopy_MVP_Platform/scopy-fpga/main/export/main/sw/main/standalone_domain/bsplib/lib\libxil.a(xtime_l.o)
 .ARM.attributes
                0x000000000105c964       0x1f g:/xilinx/vitis/2019.2/gnu/aarch32/nt/gcc-arm-none-eabi/bin/../lib/gcc/arm-none-eabi/8.2.0/thumb/v7-a+fp/hard\libgcc.a(_udivsi3.o)
 .ARM.attributes
                0x000000000105c983       0x1f g:/xilinx/vitis/2019.2/gnu/aarch32/nt/gcc-arm-none-eabi/bin/../lib/gcc/arm-none-eabi/8.2.0/thumb/v7-a+fp/hard\libgcc.a(_divsi3.o)
 .ARM.attributes
                0x000000000105c9a2       0x1f g:/xilinx/vitis/2019.2/gnu/aarch32/nt/gcc-arm-none-eabi/bin/../lib/gcc/arm-none-eabi/8.2.0/thumb/v7-a+fp/hard\libgcc.a(_dvmd_tls.o)
 .ARM.attributes
                0x000000000105c9c1       0x1f g:/xilinx/vitis/2019.2/gnu/aarch32/nt/gcc-arm-none-eabi/bin/../lib/gcc/arm-none-eabi/8.2.0/thumb/v7-a+fp/hard\libgcc.a(_arm_addsubdf3.o)
 .ARM.attributes
                0x000000000105c9e0       0x1f g:/xilinx/vitis/2019.2/gnu/aarch32/nt/gcc-arm-none-eabi/bin/../lib/gcc/arm-none-eabi/8.2.0/thumb/v7-a+fp/hard\libgcc.a(_arm_addsubsf3.o)
 .ARM.attributes
                0x000000000105c9ff       0x1f g:/xilinx/vitis/2019.2/gnu/aarch32/nt/gcc-arm-none-eabi/bin/../lib/gcc/arm-none-eabi/8.2.0/thumb/v7-a+fp/hard\libgcc.a(_aeabi_uldivmod.o)
 .ARM.attributes
                0x000000000105ca1e       0x33 g:/xilinx/vitis/2019.2/gnu/aarch32/nt/gcc-arm-none-eabi/bin/../lib/gcc/arm-none-eabi/8.2.0/thumb/v7-a+fp/hard\libgcc.a(_fixunssfdi.o)
 .ARM.attributes
                0x000000000105ca51       0x33 g:/xilinx/vitis/2019.2/gnu/aarch32/nt/gcc-arm-none-eabi/bin/../lib/gcc/arm-none-eabi/8.2.0/thumb/v7-a+fp/hard\libgcc.a(_fixunsdfdi.o)
 .ARM.attributes
                0x000000000105ca84       0x33 g:/xilinx/vitis/2019.2/gnu/aarch32/nt/gcc-arm-none-eabi/bin/../lib/gcc/arm-none-eabi/8.2.0/thumb/v7-a+fp/hard\libgcc.a(_udivmoddi4.o)
 .ARM.attributes
                0x000000000105cab7       0x33 g:/xilinx/vitis/2019.2/gnu/aarch32/nt/gcc-arm-none-eabi/bin/../arm-none-eabi/libc/usr/lib/thumb/v7-a+fp/hard\libc.a(lib_a-exit.o)
 .ARM.attributes
                0x000000000105caea       0x33 g:/xilinx/vitis/2019.2/gnu/aarch32/nt/gcc-arm-none-eabi/bin/../arm-none-eabi/libc/usr/lib/thumb/v7-a+fp/hard\libc.a(lib_a-fini.o)
 .ARM.attributes
                0x000000000105cb1d       0x31 g:/xilinx/vitis/2019.2/gnu/aarch32/nt/gcc-arm-none-eabi/bin/../arm-none-eabi/libc/usr/lib/thumb/v7-a+fp/hard\libc.a(lib_a-impure.o)
 .ARM.attributes
                0x000000000105cb4e       0x33 g:/xilinx/vitis/2019.2/gnu/aarch32/nt/gcc-arm-none-eabi/bin/../arm-none-eabi/libc/usr/lib/thumb/v7-a+fp/hard\libc.a(lib_a-init.o)
 .ARM.attributes
                0x000000000105cb81       0x33 g:/xilinx/vitis/2019.2/gnu/aarch32/nt/gcc-arm-none-eabi/bin/../arm-none-eabi/libc/usr/lib/thumb/v7-a+fp/hard\libc.a(lib_a-locale.o)
 .ARM.attributes
                0x000000000105cbb4       0x33 g:/xilinx/vitis/2019.2/gnu/aarch32/nt/gcc-arm-none-eabi/bin/../arm-none-eabi/libc/usr/lib/thumb/v7-a+fp/hard\libc.a(lib_a-malign.o)
 .ARM.attributes
                0x000000000105cbe7       0x33 g:/xilinx/vitis/2019.2/gnu/aarch32/nt/gcc-arm-none-eabi/bin/../arm-none-eabi/libc/usr/lib/thumb/v7-a+fp/hard\libc.a(lib_a-malignr.o)
 .ARM.attributes
                0x000000000105cc1a       0x33 g:/xilinx/vitis/2019.2/gnu/aarch32/nt/gcc-arm-none-eabi/bin/../arm-none-eabi/libc/usr/lib/thumb/v7-a+fp/hard\libc.a(lib_a-malloc.o)
 .ARM.attributes
                0x000000000105cc4d       0x33 g:/xilinx/vitis/2019.2/gnu/aarch32/nt/gcc-arm-none-eabi/bin/../arm-none-eabi/libc/usr/lib/thumb/v7-a+fp/hard\libc.a(lib_a-mallocr.o)
 .ARM.attributes
                0x000000000105cc80       0x33 g:/xilinx/vitis/2019.2/gnu/aarch32/nt/gcc-arm-none-eabi/bin/../arm-none-eabi/libc/usr/lib/thumb/v7-a+fp/hard\libc.a(lib_a-mbtowc_r.o)
 .ARM.attributes
                0x000000000105ccb3       0x1b g:/xilinx/vitis/2019.2/gnu/aarch32/nt/gcc-arm-none-eabi/bin/../arm-none-eabi/libc/usr/lib/thumb/v7-a+fp/hard\libc.a(lib_a-memcpy.o)
 .ARM.attributes
                0x000000000105ccce       0x33 g:/xilinx/vitis/2019.2/gnu/aarch32/nt/gcc-arm-none-eabi/bin/../arm-none-eabi/libc/usr/lib/thumb/v7-a+fp/hard\libc.a(lib_a-memset.o)
 .ARM.attributes
                0x000000000105cd01       0x33 g:/xilinx/vitis/2019.2/gnu/aarch32/nt/gcc-arm-none-eabi/bin/../arm-none-eabi/libc/usr/lib/thumb/v7-a+fp/hard\libc.a(lib_a-mlock.o)
 .ARM.attributes
                0x000000000105cd34       0x33 g:/xilinx/vitis/2019.2/gnu/aarch32/nt/gcc-arm-none-eabi/bin/../arm-none-eabi/libc/usr/lib/thumb/v7-a+fp/hard\libc.a(lib_a-sbrkr.o)
 .ARM.attributes
                0x000000000105cd67       0x33 g:/xilinx/vitis/2019.2/gnu/aarch32/nt/gcc-arm-none-eabi/bin/../arm-none-eabi/libc/usr/lib/thumb/v7-a+fp/hard\libc.a(lib_a-snprintf.o)
 .ARM.attributes
                0x000000000105cd9a       0x33 g:/xilinx/vitis/2019.2/gnu/aarch32/nt/gcc-arm-none-eabi/bin/../arm-none-eabi/libc/usr/lib/thumb/v7-a+fp/hard\libc.a(lib_a-strcasecmp.o)
 .ARM.attributes
                0x000000000105cdcd       0x33 g:/xilinx/vitis/2019.2/gnu/aarch32/nt/gcc-arm-none-eabi/bin/../arm-none-eabi/libc/usr/lib/thumb/v7-a+fp/hard\libc.a(lib_a-strcat.o)
 .ARM.attributes
                0x000000000105ce00       0x33 g:/xilinx/vitis/2019.2/gnu/aarch32/nt/gcc-arm-none-eabi/bin/../arm-none-eabi/libc/usr/lib/thumb/v7-a+fp/hard\libc.a(lib_a-strchr.o)
 .ARM.attributes
                0x000000000105ce33       0x1d g:/xilinx/vitis/2019.2/gnu/aarch32/nt/gcc-arm-none-eabi/bin/../arm-none-eabi/libc/usr/lib/thumb/v7-a+fp/hard\libc.a(lib_a-strcmp.o)
 .ARM.attributes
                0x000000000105ce50       0x33 g:/xilinx/vitis/2019.2/gnu/aarch32/nt/gcc-arm-none-eabi/bin/../arm-none-eabi/libc/usr/lib/thumb/v7-a+fp/hard\libc.a(lib_a-strcpy.o)
 .ARM.attributes