Archive member included to satisfy reference by file (symbol)

C:\Users\Tom\Documents\Projects\Scopy_MVP_Platform\scopy-fpga\main\ps7_cortexa9_0\standalone_domain\bsp\ps7_cortexa9_0\lib\libxil.a(xaxidma.o)
                              ./src/acquire.o (XAxiDma_Reset)
C:\Users\Tom\Documents\Projects\Scopy_MVP_Platform\scopy-fpga\main\ps7_cortexa9_0\standalone_domain\bsp\ps7_cortexa9_0\lib\libxil.a(xaxidma_sinit.o)
                              ./src/acquire.o (XAxiDma_LookupConfig)
C:\Users\Tom\Documents\Projects\Scopy_MVP_Platform\scopy-fpga\main\ps7_cortexa9_0\standalone_domain\bsp\ps7_cortexa9_0\lib\libxil.a(xaxidma_selftest.o)
                              ./src/mipi_csi.o (XAxiDma_Selftest)
C:\Users\Tom\Documents\Projects\Scopy_MVP_Platform\scopy-fpga\main\ps7_cortexa9_0\standalone_domain\bsp\ps7_cortexa9_0\lib\libxil.a(xaxidma_bdring.o)
                              C:\Users\Tom\Documents\Projects\Scopy_MVP_Platform\scopy-fpga\main\ps7_cortexa9_0\standalone_domain\bsp\ps7_cortexa9_0\lib\libxil.a(xaxidma.o) (XAxiDma_BdRingStart)
C:\Users\Tom\Documents\Projects\Scopy_MVP_Platform\scopy-fpga\main\ps7_cortexa9_0\standalone_domain\bsp\ps7_cortexa9_0\lib\libxil.a(xaxidma_g.o)
                              C:\Users\Tom\Documents\Projects\Scopy_MVP_Platform\scopy-fpga\main\ps7_cortexa9_0\standalone_domain\bsp\ps7_cortexa9_0\lib\libxil.a(xaxidma_sinit.o) (XAxiDma_ConfigTable)
C:\Users\Tom\Documents\Projects\Scopy_MVP_Platform\scopy-fpga\main\ps7_cortexa9_0\standalone_domain\bsp\ps7_cortexa9_0\lib\libxil.a(xclk_wiz.o)
                              ./src/clkwiz_interface.o (XClk_Wiz_CfgInitialize)
C:\Users\Tom\Documents\Projects\Scopy_MVP_Platform\scopy-fpga\main\ps7_cortexa9_0\standalone_domain\bsp\ps7_cortexa9_0\lib\libxil.a(xclk_wiz_sinit.o)
                              ./src/clkwiz_interface.o (XClk_Wiz_LookupConfig)
C:\Users\Tom\Documents\Projects\Scopy_MVP_Platform\scopy-fpga\main\ps7_cortexa9_0\standalone_domain\bsp\ps7_cortexa9_0\lib\libxil.a(xgpiops.o)
                              ./src/hal.o (XGpioPs_CfgInitialize)
C:\Users\Tom\Documents\Projects\Scopy_MVP_Platform\scopy-fpga\main\ps7_cortexa9_0\standalone_domain\bsp\ps7_cortexa9_0\lib\libxil.a(xgpiops_sinit.o)
                              ./src/hal.o (XGpioPs_LookupConfig)
C:\Users\Tom\Documents\Projects\Scopy_MVP_Platform\scopy-fpga\main\ps7_cortexa9_0\standalone_domain\bsp\ps7_cortexa9_0\lib\libxil.a(xgpiops_intr.o)
                              C:\Users\Tom\Documents\Projects\Scopy_MVP_Platform\scopy-fpga\main\ps7_cortexa9_0\standalone_domain\bsp\ps7_cortexa9_0\lib\libxil.a(xgpiops.o) (StubHandler)
C:\Users\Tom\Documents\Projects\Scopy_MVP_Platform\scopy-fpga\main\ps7_cortexa9_0\standalone_domain\bsp\ps7_cortexa9_0\lib\libxil.a(xgpiops_g.o)
                              C:\Users\Tom\Documents\Projects\Scopy_MVP_Platform\scopy-fpga\main\ps7_cortexa9_0\standalone_domain\bsp\ps7_cortexa9_0\lib\libxil.a(xgpiops_sinit.o) (XGpioPs_ConfigTable)
C:\Users\Tom\Documents\Projects\Scopy_MVP_Platform\scopy-fpga\main\ps7_cortexa9_0\standalone_domain\bsp\ps7_cortexa9_0\lib\libxil.a(xscugic_intr.o)
                              ./src/hal.o (XScuGic_InterruptHandler)
C:\Users\Tom\Documents\Projects\Scopy_MVP_Platform\scopy-fpga\main\ps7_cortexa9_0\standalone_domain\bsp\ps7_cortexa9_0\lib\libxil.a(xscugic.o)
                              ./src/acquire.o (XScuGic_Connect)
C:\Users\Tom\Documents\Projects\Scopy_MVP_Platform\scopy-fpga\main\ps7_cortexa9_0\standalone_domain\bsp\ps7_cortexa9_0\lib\libxil.a(xscugic_sinit.o)
                              ./src/hal.o (XScuGic_LookupConfig)
C:\Users\Tom\Documents\Projects\Scopy_MVP_Platform\scopy-fpga\main\ps7_cortexa9_0\standalone_domain\bsp\ps7_cortexa9_0\lib\libxil.a(xscugic_selftest.o)
                              ./src/hal.o (XScuGic_SelfTest)
C:\Users\Tom\Documents\Projects\Scopy_MVP_Platform\scopy-fpga\main\ps7_cortexa9_0\standalone_domain\bsp\ps7_cortexa9_0\lib\libxil.a(xscutimer.o)
                              ./src/hal.o (XScuTimer_CfgInitialize)
C:\Users\Tom\Documents\Projects\Scopy_MVP_Platform\scopy-fpga\main\ps7_cortexa9_0\standalone_domain\bsp\ps7_cortexa9_0\lib\libxil.a(xscutimer_selftest.o)
                              ./src/hal.o (XScuTimer_SelfTest)
C:\Users\Tom\Documents\Projects\Scopy_MVP_Platform\scopy-fpga\main\ps7_cortexa9_0\standalone_domain\bsp\ps7_cortexa9_0\lib\libxil.a(xscutimer_sinit.o)
                              ./src/hal.o (XScuTimer_LookupConfig)
C:\Users\Tom\Documents\Projects\Scopy_MVP_Platform\scopy-fpga\main\ps7_cortexa9_0\standalone_domain\bsp\ps7_cortexa9_0\lib\libxil.a(xscutimer_g.o)
                              C:\Users\Tom\Documents\Projects\Scopy_MVP_Platform\scopy-fpga\main\ps7_cortexa9_0\standalone_domain\bsp\ps7_cortexa9_0\lib\libxil.a(xscutimer_sinit.o) (XScuTimer_ConfigTable)
C:\Users\Tom\Documents\Projects\Scopy_MVP_Platform\scopy-fpga\main\ps7_cortexa9_0\standalone_domain\bsp\ps7_cortexa9_0\lib\libxil.a(xspips.o)
[...]
Memory Configuration

Name             Origin             Length             Attributes
ps7_ram_0        0x0000000001000000 0x000000000fffffff
ocm2             0x00000000ffff0000 0x000000000000fe00
ocm1             0x0000000000000000 0x0000000000030000
*default*        0x0000000000000000 0xffffffffffffffff

Linker script and memory map

LOAD g:/xilinx/vitis/2019.2/gnu/aarch32/nt/gcc-arm-none-eabi/bin/../lib/gcc/arm-none-eabi/8.2.0/thumb/v7-a+fp/hard/crti.o
LOAD g:/xilinx/vitis/2019.2/gnu/aarch32/nt/gcc-arm-none-eabi/bin/../lib/gcc/arm-none-eabi/8.2.0/thumb/v7-a+fp/hard/crtbegin.o
                0x0000000000010000                _STACK_SIZE = DEFINED (_STACK_SIZE)?_STACK_SIZE:0x10000
                0x000000000d800000                _HEAP_SIZE = DEFINED (_HEAP_SIZE)?_HEAP_SIZE:0xd800000
                0x0000000000000400                _ABORT_STACK_SIZE = DEFINED (_ABORT_STACK_SIZE)?_ABORT_STACK_SIZE:0x400
                0x0000000000000800                _SUPERVISOR_STACK_SIZE = DEFINED (_SUPERVISOR_STACK_SIZE)?_SUPERVISOR_STACK_SIZE:0x800
                0x0000000000000400                _IRQ_STACK_SIZE = DEFINED (_IRQ_STACK_SIZE)?_IRQ_STACK_SIZE:0x400
                0x0000000000000400                _FIQ_STACK_SIZE = DEFINED (_FIQ_STACK_SIZE)?_FIQ_STACK_SIZE:0x400
                0x0000000000000400                _UNDEF_STACK_SIZE = DEFINED (_UNDEF_STACK_SIZE)?_UNDEF_STACK_SIZE:0x400

.text           0x0000000001000000    0x27840
 *(.vectors)
 .vectors       0x0000000001000000      0x12c C:\Users\Tom\Documents\Projects\Scopy_MVP_Platform\scopy-fpga\main\ps7_cortexa9_0\standalone_domain\bsp\ps7_cortexa9_0\lib\libxil.a(asm_vectors.o)
                0x0000000001000000                _vector_table
 *(.boot)
 .boot          0x000000000100012c      0x3b0 C:\Users\Tom\Documents\Projects\Scopy_MVP_Platform\scopy-fpga\main\ps7_cortexa9_0\standalone_domain\bsp\ps7_cortexa9_0\lib\libxil.a(boot.o)
                0x000000000100012c                _prestart
                0x000000000100012c                _boot
 *(.text)
 .text          0x00000000010004dc        0x0 g:/xilinx/vitis/2019.2/gnu/aarch32/nt/gcc-arm-none-eabi/bin/../lib/gcc/arm-none-eabi/8.2.0/thumb/v7-a+fp/hard/crti.o
 .text          0x00000000010004dc       0xa8 g:/xilinx/vitis/2019.2/gnu/aarch32/nt/gcc-arm-none-eabi/bin/../lib/gcc/arm-none-eabi/8.2.0/thumb/v7-a+fp/hard/crtbegin.o
 .text          0x0000000001000584     0x150c ./src/Collections-C/src/array.o
                0x0000000001000584                array_new
                0x0000000001000608                array_new_conf
                0x00000000010006e0                array_conf_init
                0x0000000001000718                array_destroy
                0x000000000100073c                array_destroy_cb
                0x0000000001000790                array_add
                0x000000000100083c                array_add_at
                0x00000000010009d8                array_replace_at
                0x0000000001000a1c                array_swap_at
                0x0000000001000a64                array_remove
                0x0000000001000b10                array_remove_at
                0x0000000001000b84                array_remove_last
                0x0000000001000bbc                array_remove_all
                0x0000000001000bc8                array_remove_all_free
                0x0000000001000c08                array_get_at
                0x0000000001000c28                array_get_last
                0x0000000001000c4c                array_get_buffer
                0x0000000001000c54                array_index_of
                0x0000000001000cac                array_subarray
                0x0000000001000d70                array_copy_shallow
                0x0000000001000e10                array_copy_deep
                0x0000000001000edc                array_filter_mut
                0x0000000001000fac                array_filter
                0x00000000010010bc                array_reverse
                0x0000000001001110                array_trim_capacity
                0x0000000001001188                array_contains
                0x00000000010011bc                array_contains_value
                0x0000000001001210                array_size
                0x0000000001001218                array_capacity
                0x0000000001001220                array_sort
                0x0000000001001238                array_map
                0x0000000001001274                array_reduce
                0x00000000010012f0                array_iter_init
                0x0000000001001300                array_iter_next
                0x0000000001001348                array_iter_remove
                0x00000000010013d4                array_iter_add
                0x0000000001001574                array_iter_replace
                0x00000000010015c4                array_iter_index
                0x00000000010015d0                array_zip_iter_init
                0x00000000010015e0                array_zip_iter_next
                0x0000000001001648                array_zip_iter_remove
                0x0000000001001744                array_zip_iter_add
                0x00000000010019e4                array_zip_iter_replace
                0x0000000001001a84                array_zip_iter_index
 .text          0x0000000001001a90        0x4 ./src/Collections-C/src/common.o
                0x0000000001001a90                cc_common_cmp_str
 .text          0x0000000001001a94     0x19a0 ./src/Collections-C/src/deque.o
                0x0000000001001b4c                deque_new
                0x0000000001001bd8                deque_new_conf
                0x0000000001001c8c                deque_conf_init
                0x0000000001001cb4                deque_destroy
                0x0000000001001cd8                deque_destroy_cb
                0x0000000001001d4c                deque_add
                0x0000000001001db0                deque_add_first
                0x0000000001001e90                deque_add_last
                0x0000000001001ef4                deque_add_at
                0x0000000001002180                deque_replace_at
                0x00000000010021d8                deque_remove_at
                0x00000000010023d4                deque_remove
                0x0000000001002440                deque_remove_first
                0x0000000001002490                deque_remove_last
                0x00000000010024e0                deque_remove_all
                0x00000000010024f4                deque_remove_all_cb
                0x0000000001002550                deque_get_at
                0x0000000001002594                deque_get_first
                0x00000000010025bc                deque_get_last
                0x00000000010025f4                deque_copy_shallow
                0x00000000010026cc                deque_copy_deep
                0x0000000001002810                deque_trim_capacity
                0x0000000001002900                deque_reverse
                0x000000000100295c                deque_contains
                0x00000000010029a8                deque_contains_value
                0x0000000001002a10                deque_index_of
                0x0000000001002a7c                deque_size
                0x0000000001002a84                deque_capacity
                0x0000000001002a8c                deque_get_buffer
                0x0000000001002a94                deque_foreach
                0x0000000001002ae0                deque_filter_mut
                0x0000000001002d04                deque_filter
                0x0000000001002e38                deque_iter_init
                0x0000000001002e48                deque_iter_next
                0x0000000001002eb4                deque_iter_remove
                0x00000000010030c4                deque_iter_add
                0x00000000010030e8                deque_iter_replace
                0x0000000001003148                deque_iter_index
                0x0000000001003154                deque_zip_iter_init
                0x0000000001003164                deque_zip_iter_next
                0x0000000001003210                deque_zip_iter_add
                0x00000000010032cc                deque_zip_iter_remove
                0x000000000100335c                deque_zip_iter_replace
                0x0000000001003428                deque_zip_iter_index
 .text          0x0000000001003434      0x1b0 ./src/Collections-C/src/hashset.o
                0x0000000001003434                hashset_conf_init
                0x0000000001003438                hashset_new
                0x00000000010034c4                hashset_new_conf
                0x000000000100354c                hashset_destroy
                0x000000000100356c                hashset_add
                0x0000000001003574                hashset_remove
                0x000000000100357c                hashset_remove_all
                0x0000000001003584                hashset_contains
                0x000000000100358c                hashset_size
                0x0000000001003594                hashset_capacity
                0x000000000100359c                hashset_foreach
                0x00000000010035a4                hashset_iter_init
                0x00000000010035ac                hashset_iter_next
                0x00000000010035e0                hashset_iter_remove
 .text          0x00000000010035e4      0xde0 ./src/Collections-C/src/hashtable.o
                0x00000000010035e4                hashtable_hash_string
                0x0000000001003618                hashtable_new
                0x00000000010036d4                hashtable_new_conf
                0x00000000010037c0                hashtable_conf_init
                0x0000000001003820                hashtable_destroy
                0x000000000100388c                hashtable_add
                0x0000000001003a94                hashtable_get
                0x0000000001003b54                hashtable_remove
                0x0000000001003cc8                hashtable_remove_all
                0x0000000001003d3c                hashtable_size
                0x0000000001003d44                hashtable_capacity
                0x0000000001003d4c                hashtable_contains_key
                0x0000000001003dc0                hashtable_get_values
                0x0000000001003e84                hashtable_get_keys
                0x0000000001003f48                hashtable_foreach_key
                0x0000000001003f9c                hashtable_foreach_value
                0x0000000001003ff0                hashtable_iter_init
                0x0000000001004050                hashtable_iter_next
                0x00000000010040e4                hashtable_iter_remove
                0x00000000010040f8                hashtable_hash
                0x0000000001004360                hashtable_hash_ptr
 .text          0x00000000010043c4     0x2068 ./src/Collections-C/src/list.o
                0x0000000001004724                list_conf_init
                0x0000000001004744                list_new
                0x0000000001004798                list_new_conf
                0x00000000010047dc                list_destroy
                0x0000000001004894                list_destroy_cb
                0x000000000100499c                list_add
                0x00000000010049f8                list_add_first
                0x0000000001004a58                list_add_last
                0x0000000001004ab4                list_add_at
                0x0000000001004b9c                list_add_all
                0x0000000001004c80                list_add_all_at
                0x0000000001004cb8                list_splice
                0x0000000001004d7c                list_splice_at
                0x0000000001004f04                list_remove
                0x0000000001004f88                list_remove_at
                0x0000000001005040                list_remove_first
                0x00000000010050b4                list_remove_last
                0x0000000001005128                list_remove_all
                0x00000000010051d0                list_remove_all_cb
                0x00000000010052d8                list_replace_at
                0x0000000001005364                list_get_first
                0x0000000001005384                list_get_last
                0x00000000010053a4                list_get_at
                0x000000000100541c                list_reverse
                0x000000000100550c                list_sublist
                0x0000000001005704                list_copy_shallow
                0x0000000001005870                list_copy_deep
                0x00000000010059e8                list_to_array
                0x0000000001005a5c                list_contains
                0x0000000001005a90                list_contains_value
                0x0000000001005ae0                list_index_of
                0x0000000001005b38                list_size
                0x0000000001005b40                list_sort
                0x0000000001005bf8                list_sort_in_place
                0x0000000001005c08                list_foreach
                0x0000000001005c34                list_filter_mut
                0x0000000001005cc8                list_filter
                0x0000000001005da4                list_iter_init
                0x0000000001005dc0                list_iter_remove
                0x0000000001005e44                list_iter_add
                0x0000000001005ee8                list_iter_replace
                0x0000000001005f14                list_iter_index
                0x0000000001005f20                list_iter_next
                0x0000000001005f64                list_diter_init
                0x0000000001005f84                list_diter_add
                0x0000000001006018                list_diter_remove
                0x000000000100609c                list_diter_replace
                0x00000000010060c8                list_diter_index
                0x00000000010060d4                list_diter_next
                0x0000000001006118                list_zip_iter_init
                0x0000000001006148                list_zip_iter_next
                0x00000000010061b4                list_zip_iter_add
                0x00000000010062f4                list_zip_iter_remove
                0x00000000010063d0                list_zip_iter_replace
                0x0000000001006420                list_zip_iter_index
 .text          0x000000000100642c      0x4e0 ./src/Collections-C/src/pqueue.o
                0x000000000100642c                pqueue_conf_init
                0x0000000001006468                pqueue_new
                0x00000000010064f4                pqueue_new_conf
                0x00000000010065dc                pqueue_destroy
                0x0000000001006600                pqueue_destroy_cb
                0x0000000001006654                pqueue_push
                0x0000000001006770                pqueue_top
                0x0000000001006790                pqueue_pop
 .text          0x000000000100690c      0x184 ./src/Collections-C/src/queue.o
                0x000000000100690c                queue_conf_init
                0x0000000001006910                queue_new
                0x0000000001006990                queue_new_conf
                0x0000000001006a08                queue_destroy
                0x0000000001006a28                queue_destroy_cb
                0x0000000001006a44                queue_peek
                0x0000000001006a4c                queue_poll
                0x0000000001006a54                queue_enqueue
                0x0000000001006a5c                queue_size
                0x0000000001006a64                queue_foreach
                0x0000000001006a6c                queue_iter_init
                0x0000000001006a74                queue_iter_next
                0x0000000001006a78                queue_iter_replace
                0x0000000001006a7c                queue_zip_iter_init
                0x0000000001006a88                queue_zip_iter_next
                0x0000000001006a8c                queue_zip_iter_replace
 .text          0x0000000001006a90      0x258 ./src/Collections-C/src/ring_buffer.o
                0x0000000001006a90                rbuf_new
                0x0000000001006b20                rbuf_conf_new
                0x0000000001006bb4                rbuf_conf_init
                0x0000000001006bdc                rbuf_destroy
                0x0000000001006c00                rbuf_is_empty
                0x0000000001006c10                rbuf_size
                0x0000000001006c18                rbuf_enqueue
                0x0000000001006c80                rbuf_dequeue
                0x0000000001006cd8                rbuf_peek
 .text          0x0000000001006ce8     0x16e0 ./src/Collections-C/src/slist.o
                0x0000000001006ce8                slist_conf_init
                0x0000000001006d08                slist_new
                0x0000000001006d5c                slist_new_conf
                0x0000000001006da0                slist_destroy
                0x0000000001006dfc                slist_destroy_cb
                0x0000000001006e94                slist_add
                0x0000000001006eec                slist_add_first
                0x0000000001006f48                slist_add_last
                0x0000000001006fa0                slist_add_at
                0x0000000001007054                slist_add_all
                0x0000000001007138                slist_add_all_at
                0x0000000001007260                slist_splice
                0x00000000010072b8                slist_splice_at
                0x0000000001007358                slist_remove
                0x000000000100741c                slist_remove_at
                0x00000000010074c0                slist_remove_first
                0x0000000001007520                slist_remove_last
                0x00000000010075c4                slist_remove_all
                0x0000000001007620                slist_remove_all_cb
                0x00000000010076b8                slist_replace_at
                0x0000000001007704                slist_get_first
                0x0000000001007724                slist_get_last
                0x0000000001007744                slist_get_at
                0x0000000001007788                slist_size
                0x0000000001007790                slist_reverse
                0x00000000010077d4                slist_sublist
                0x00000000010079ac                slist_copy_shallow
                0x0000000001007ad0                slist_copy_deep
                0x0000000001007bfc                slist_contains
                0x0000000001007c30                slist_contains_value
                0x0000000001007c80                slist_index_of
                0x0000000001007cd0                slist_to_array
                0x0000000001007d34                slist_sort
                0x0000000001007de8                slist_foreach
                0x0000000001007e14                slist_filter
                0x0000000001007ee8                slist_filter_mut
                0x0000000001007f70                slist_iter_init
                0x0000000001007f8c                slist_iter_remove
                0x0000000001008018                slist_iter_add
                0x0000000001008088                slist_iter_replace
                0x00000000010080b4                slist_iter_next
                0x0000000001008104                slist_iter_index
                0x0000000001008110                slist_zip_iter_init
                0x0000000001008140                slist_zip_iter_next
                0x00000000010081bc                slist_zip_iter_add
                0x0000000001008290                slist_zip_iter_remove
                0x000000000100836c                slist_zip_iter_replace
                0x00000000010083bc                slist_zip_iter_index
 .text          0x00000000010083c8      0x194 ./src/Collections-C/src/stack.o
                0x00000000010083c8                stack_conf_init
                0x00000000010083cc                stack_new
                0x0000000001008454                stack_new_conf
                0x00000000010084d4                stack_destroy
                0x00000000010084f4                stack_destroy_cb
                0x0000000001008510                stack_push
                0x0000000001008518                stack_peek
                0x0000000001008520                stack_pop
                0x0000000001008528                stack_size
                0x0000000001008530                stack_map
                0x0000000001008538                stack_iter_init
                0x0000000001008540                stack_iter_next
                0x0000000001008544                stack_iter_replace
                0x0000000001008548                stack_zip_iter_init
                0x0000000001008554                stack_zip_iter_next
                0x0000000001008558                stack_zip_iter_replace
 .text          0x000000000100855c      0x22c ./src/Collections-C/src/treeset.o
                0x000000000100855c                treeset_conf_init
                0x0000000001008560                treeset_new
                0x00000000010085f4                treeset_new_conf
                0x000000000100867c                treeset_destroy
                0x000000000100869c                treeset_add
                0x00000000010086a4                treeset_remove
                0x00000000010086c0                treeset_remove_all
                0x00000000010086c8                treeset_get_first
                0x00000000010086e4                treeset_get_last
                0x0000000001008700                treeset_get_greater_than
                0x000000000100871c                treeset_get_lesser_than
                0x0000000001008738                treeset_contains
                0x0000000001008740                treeset_size
                0x0000000001008748                treeset_foreach
                0x0000000001008750                treeset_iter_init
                0x0000000001008758                treeset_iter_next
                0x0000000001008784                treeset_iter_remove
 .text          0x0000000001008788     0x1ec0 ./src/Collections-C/src/treetable.o
                0x0000000001008d08                treetable_conf_init
                0x0000000001008d30                treetable_new
                0x0000000001008dc4                treetable_new_conf
                0x0000000001008e5c                treetable_destroy
                0x0000000001009470                treetable_get
                0x00000000010094ec                treetable_get_first_value
                0x0000000001009520                treetable_get_last_value
                0x0000000001009554                treetable_get_first_key
                0x0000000001009588                treetable_get_last_key
                0x00000000010095bc                treetable_get_greater_than
                0x00000000010096b4                treetable_get_lesser_than
                0x00000000010097a8                treetable_size
                0x00000000010097b0                treetable_contains_key
                0x0000000001009824                treetable_contains_value
                0x00000000010098dc                treetable_add
                0x0000000001009bd8                treetable_remove
                0x0000000001009c68                treetable_remove_first
                0x0000000001009cb4                treetable_remove_last
                0x0000000001009cec                treetable_remove_all
                0x000000000100a2f4                treetable_foreach_key
                0x000000000100a3a0                treetable_foreach_value
                0x000000000100a44c                treetable_iter_init
                0x000000000100a47c                treetable_iter_next
                0x000000000100a520                treetable_iter_remove
                0x000000000100a564                treetable_assert_rb_rules
 .text          0x000000000100a648      0x100 ./src/acq_hacks.o
                0x000000000100a648                acq_hacks_init
                0x000000000100a6b8                acq_hacks_run
 .text          0x000000000100a748     0x2c04 ./src/acquire.o
                0x000000000100a748                _acq_irq_fifo_gen_rst
                0x000000000100a8cc                _acq_irq_error_dma
                0x000000000100a950                _acq_reset_PL_fifo
                0x000000000100a990                _acq_reset_trigger
                0x000000000100a9bc                _acq_wait_for_ndone
                0x000000000100a9d4                _acq_fast_dma_start
                0x000000000100a9fc                _acq_core_dma_start
                0x000000000100aa54                acq_write_training
                0x000000000100ab0c                acq_init
                0x000000000100acd0                acq_get_next_alloc
                0x000000000100ad8c                acq_append_next_alloc
                0x000000000100aecc                acq_free_all_alloc_core
                0x000000000100af30                acq_free_all_alloc
                0x000000000100b028                acq_rewind
                0x000000000100b094                acq_swap
                0x000000000100b16c                acq_prepare_triggered
                0x000000000100b714                acq_start
                0x000000000100b888                acq_stop
                0x000000000100b8f8                acq_abort_done
                0x000000000100b918                acq_is_done
                0x000000000100b934                acq_make_status
                0x000000000100b9d4                acq_debug_dump
                0x000000000100c068                _acq_irq_rx_handler
                0x000000000100c844                acq_debug_ll_dump
                0x000000000100c8d8                acq_debug_dump_waveraw
                0x000000000100c978                acq_get_ll_pointer
                0x000000000100ca30                acq_get_ll_pointer_in_base
                0x000000000100ca94                acq_next_ll_pointer
                0x000000000100caf0                acq_debug_dump_wave_pointer
                0x000000000100cd48                acq_debug_dump_wave
                0x000000000100ce08                acq_copy_slow_mipi
                0x000000000100cfb8                acq_dma_address_helper
                0x000000000100d090                acq_dma_address_helper_debug
                0x000000000100d148                acq_dma_clipped_address_helper
                0x000000000100d2c4                acq_get_wave_size_bytes
                0x000000000100d2f4                acq_get_wave_bit_depth
                0x000000000100d324                acq_get_wave_bit_packed_depth
 *fill*         0x000000000100d34c        0x4 
 .text          0x000000000100d350      0x6d0 ./src/clkwiz_interface.o
                0x000000000100d350                clkwiz_init
                0x000000000100d424                clkwiz_change_mipi_freq
                0x000000000100d714                clkwiz_dump_state
                0x000000000100d98c                clkwiz_commit
 .text          0x000000000100da20     0x1164 ./src/dma_bd.o
                0x000000000100da20                dma_bd_init
                0x000000000100da94                dma_bd_create_ring
                0x000000000100dc70                dma_bd_destroy_ring
                0x000000000100dd24                dma_bd_allocate
                0x000000000100df00                dma_bd_free_from
                0x000000000100df64                dma_bd_free
                0x000000000100dfd8                dma_bd_trim
                0x000000000100e050                dma_bd_rewind
                0x000000000100e08c                dma_bd_add_raw_sg_entry
                0x000000000100e1f4                dma_bd_add_large_sg_entry
                0x000000000100e3a8                dma_bd_add_zero_sg_entry
                0x000000000100e560                dma_bd_flush_to_ram
                0x000000000100e58c                dma_bd_finalise
                0x000000000100e5c0                dma_bd_debug_dump
                0x000000000100e75c                dma_bd_start
                0x000000000100e828                dma_bd_test
 .text          0x000000000100eb84      0x328 ./src/fabric_config.o
                0x000000000100eb84                fabcfg_dump_state
                0x000000000100ed48                fabcfg_init
 *fill*         0x000000000100eeac        0x4 
 .text          0x000000000100eeb0      0xff4 ./src/hal.o
                0x000000000100eeb0                irq_xscutimer
                0x000000000100f138                d_xilinx_assert
                0x000000000100f150                bogo_calibrate
                0x000000000100f304                bogo_delay
                0x000000000100f368                d_printf
                0x000000000100f540                d_waitkey
                0x000000000100f54c                d_iskeypress
                0x000000000100f56c                d_getkey
                0x000000000100f58c                d_read_global_timer
                0x000000000100f5b4                d_start_timing
                0x000000000100f624                d_stop_timing
                0x000000000100f6b4                d_read_timing
                0x000000000100f710                d_read_timing_us
                0x000000000100f790                d_dump_timing
                0x000000000100f848                d_dump_timing_ex
                0x000000000100f888                d_dump_malloc_info
                0x000000000100f95c                hal_init
                0x000000000100fe84                d_trap_handle
 .text          0x000000000100fea4        0x0 ./src/main.o
 .text          0x000000000100fea4      0xff8 ./src/mipi_csi.o
                0x0000000001010118                mipi_csi_init
                0x00000000010102e8                mipi_csi_alloc_item
                0x0000000001010340                mipi_csi_queue_buffer
                0x00000000010104ac                mipi_csi_queue_waverange
                0x00000000010105f0                mipi_csi_queue_all_waves
                0x00000000010106dc                mipi_csi_set_datatype_and_frame_wct
                0x0000000001010748                mipi_csi_free_item
                0x00000000010107b4                mipi_csi_generate_sg_list_for_buffer_range
                0x00000000010107b8                mipi_csi_generate_sg_list_for_waves
                0x0000000001010a24                mipi_csi_clear_queue
                0x0000000001010a88                mipi_csi_unpop_and_start
                0x0000000001010ab8                mipi_csi_unpop_and_start_all
                0x0000000001010ae4                mipi_csi_process_queue_item
                0x0000000001010c60                mipi_csi_tick
                0x0000000001010dd0                mipi_csi_get_status
                0x0000000001010e4c                mipi_csi_get_size_report
 .text          0x0000000001010e9c      0x428 ./src/mipi_csi_hw.o
                0x0000000001010e9c                mipi_csi_send_fifo_reset
                0x0000000001010ec0                mipi_csi_send_sof
                0x0000000001010f80                mipi_csi_send_eof
                0x0000000001011010                mipi_csi_stop
                0x00000000010110b0                mipi_csi_transfer_packet
                0x000000000101120c                mipi_csi_pack_padding
 .text          0x00000000010112c4       0x14 ./src/platform.o
                0x00000000010112c4                enable_caches
                0x00000000010112c8                disable_caches
                0x00000000010112cc                init_uart
                0x00000000010112d0                init_platform
                0x00000000010112d4                cleanup_platform
 .text          0x00000000010112d8     0x1398 ./src/spi.o
                0x00000000010112d8                spi_isr_handler
                0x000000000101167c                spi_init
                0x0000000001011ab8                spi_reset_hw
                0x0000000001011aec                spi_crc_lut_gen
                0x0000000001011b74                spi_command_lut_gen
                0x0000000001011c3c                spi_transmit_packet_nonblock
                0x0000000001011d8c                spi_command_find_free_slot
                0x0000000001011dd4                spi_command_count_allocated
                0x0000000001011e00                spi_command_pack_response_simple
                0x0000000001011e90                spi_command_pack_response_pre_alloc
                0x0000000001011ef4                spi_command_tick
 .text          0x0000000001012670      0xbd8 ./src/spi_commands.o
                0x0000000001012670                spicmd_csi_setup_wave_range
                0x0000000001012674                spicmd_hello
                0x00000000010126a4                spicmd_version
                0x00000000010126b4                spicmd_stats
                0x000000000101271c                spicmd_acq_setup_trigd
                0x0000000001012798                spicmd_acq_start
                0x00000000010127c4                spicmd_acq_rewind
                0x00000000010127c8                spicmd_acq_status
                0x00000000010127f4                spicmd_trig_configure_edge
                0x0000000001012820                spicmd_trig_configure_always
                0x0000000001012824                spicmd_trig_force
                0x0000000001012828                spicmd_trig_arm
                0x000000000101282c                spicmd_trig_disarm
                0x0000000001012830                spicmd_csi_setup_addr_range
                0x0000000001012848                spicmd_csi_setup_testpatt
                0x0000000001012fc8                spicmd_csi_set_params_queue
                0x0000000001013008                spicmd_csi_stream_clear_queue
                0x000000000101300c                spicmd_csi_stream_unpop_start
                0x0000000001013010                spicmd_csi_stream_unpop_start_all
                0x0000000001013014                spicmd_csi_stream_stop
                0x0000000001013018                spicmd_csi_status
                0x0000000001013044                spicmd_comp0
                0x0000000001013200                spicmd_acq_stop
                0x0000000001013238                spicmd_csi_setup_trigpos_all
                0x000000000101323c                spicmd_csi_setup_bitpack_wave
                0x0000000001013240                spicmd_csi_setup_wave_all
                0x0000000001013244                spicmd_csi_setup_trigpos_range
 .text          0x0000000001013248      0x350 ./src/system_control.o
                0x0000000001013248                sysctrl_tick_irq
                0x0000000001013298                sysctrl_init
                0x00000000010133e0                systick_get_time_us_nonirq
                0x00000000010133f8                sysctrl_led_mode
                0x0000000001013460                sysctrl_led_tick
                0x00000000010134ec                sysctrl_xadc_tick
                0x00000000010134f0                sysctrl_main_loop
 .text          0x0000000001013598        0x0 ./src/test_patterns.o
 .text          0x0000000001013598      0x744 ./src/trigger.o
                0x0000000001013598                trig_zero_levels
                0x00000000010135cc                trig_write_levels
                0x000000000101371c                trig_configure_always
                0x000000000101375c                trig_configure_edge
                0x00000000010139a0                trig_configure_holdoff
                0x0000000001013a1c                trig_dump_state
                0x0000000001013bc8                trig_init
                0x0000000001013c5c                trig_has_trigd
                0x0000000001013c88                trig_arm
                0x0000000001013ca0                trig_disarm
                0x0000000001013cb8                trig_force
 .text          0x0000000001013cdc      0x91c C:\Users\Tom\Documents\Projects\Scopy_MVP_Platform\scopy-fpga\main\ps7_cortexa9_0\standalone_domain\bsp\ps7_cortexa9_0\lib\libxil.a(xaxidma.o)
                0x0000000001013cdc                XAxiDma_Reset
                0x0000000001013df0                XAxiDma_ResetIsDone
                0x0000000001013e3c                XAxiDma_CfgInitialize
                0x0000000001014078                XAxiDma_Pause
                0x0000000001014128                XAxiDma_Resume
                0x00000000010143e0                XAxiDma_Busy
                0x00000000010143fc                XAxiDma_SelectKeyHole
                0x0000000001014424                XAxiDma_SelectCyclicMode
                0x000000000101444c                XAxiDma_SimpleTransfer
 .text          0x00000000010145f8       0x60 C:\Users\Tom\Documents\Projects\Scopy_MVP_Platform\scopy-fpga\main\ps7_cortexa9_0\standalone_domain\bsp\ps7_cortexa9_0\lib\libxil.a(xaxidma_sinit.o)
                0x00000000010145f8                XAxiDma_LookupConfig
                0x0000000001014628                XAxiDma_LookupConfigBaseAddr
 .text          0x0000000001014658       0x78 C:\Users\Tom\Documents\Projects\Scopy_MVP_Platform\scopy-fpga\main\ps7_cortexa9_0\standalone_domain\bsp\ps7_cortexa9_0\lib\libxil.a(xaxidma_selftest.o)
                0x0000000001014658                XAxiDma_Selftest
 .text          0x00000000010146d0      0xfd4 C:\Users\Tom\Documents\Projects\Scopy_MVP_Platform\scopy-fpga\main\ps7_cortexa9_0\standalone_domain\bsp\ps7_cortexa9_0\lib\libxil.a(xaxidma_bdring.o)
                0x00000000010146d0                XAxiDma_UpdateBdRingCDesc
                0x0000000001014854                XAxiDma_BdRingCreate
                0x0000000001014a6c                XAxiDma_BdRingClone
                0x0000000001014ba4                XAxiDma_StartBdRingHw
                0x0000000001014cd0                XAxiDma_BdRingStart
                0x0000000001014d24                XAxiDma_BdRingSetCoalesce
                0x0000000001014d98                XAxiDma_BdRingGetCoalesce
                0x0000000001014db4                XAxiDma_BdRingAlloc
                0x0000000001014e54                XAxiDma_BdRingUnAlloc
                0x0000000001014f2c                XAxiDma_BdRingToHw
                0x00000000010151cc                XAxiDma_BdRingFromHw
                0x0000000001015320                XAxiDma_BdRingFree
                0x00000000010153d4                XAxiDma_BdRingCheck
                0x00000000010155ec                XAxiDma_BdRingDumpRegs
 .text          0x00000000010156a4        0x0 C:\Users\Tom\Documents\Projects\Scopy_MVP_Platform\scopy-fpga\main\ps7_cortexa9_0\standalone_domain\bsp\ps7_cortexa9_0\lib\libxil.a(xaxidma_g.o)
 .text          0x00000000010156a4      0x150 C:\Users\Tom\Documents\Projects\Scopy_MVP_Platform\scopy-fpga\main\ps7_cortexa9_0\standalone_domain\bsp\ps7_cortexa9_0\lib\libxil.a(xclk_wiz.o)
                0x00000000010156cc                XClk_Wiz_CfgInitialize
                0x0000000001015794                XClk_Wiz_GetInterruptSettings
 .text          0x00000000010157f4       0x1c C:\Users\Tom\Documents\Projects\Scopy_MVP_Platform\scopy-fpga\main\ps7_cortexa9_0\standalone_domain\bsp\ps7_cortexa9_0\lib\libxil.a(xclk_wiz_sinit.o)
                0x00000000010157f4                XClk_Wiz_LookupConfig
 .text          0x0000000001015810      0xcd8 C:\Users\Tom\Documents\Projects\Scopy_MVP_Platform\scopy-fpga\main\ps7_cortexa9_0\standalone_domain\bsp\ps7_cortexa9_0\lib\libxil.a(xgpiops.o)
                0x0000000001015810                XGpioPs_CfgInitialize
                0x000000000101598c                XGpioPs_Read
                0x0000000001015a40                XGpioPs_Write
                0x0000000001015ae8                XGpioPs_SetDirection
                0x0000000001015b94                XGpioPs_GetDirection
                0x0000000001015c4c                XGpioPs_SetOutputEnable
                0x0000000001015cf8                XGpioPs_GetOutputEnable
                0x0000000001015db0                XGpioPs_GetBankPin
                0x0000000001015eec                XGpioPs_ReadPin
                0x0000000001015fd0                XGpioPs_WritePin
                0x00000000010160d0                XGpioPs_SetDirectionPin
                0x00000000010161f4                XGpioPs_GetDirectionPin
                0x00000000010162dc                XGpioPs_SetOutputEnablePin
                0x0000000001016400                XGpioPs_GetOutputEnablePin
 .text          0x00000000010164e8       0x1c C:\Users\Tom\Documents\Projects\Scopy_MVP_Platform\scopy-fpga\main\ps7_cortexa9_0\standalone_domain\bsp\ps7_cortexa9_0\lib\libxil.a(xgpiops_sinit.o)
                0x00000000010164e8                XGpioPs_LookupConfig
 .text          0x0000000001016504      0xdd4 C:\Users\Tom\Documents\Projects\Scopy_MVP_Platform\scopy-fpga\main\ps7_cortexa9_0\standalone_domain\bsp\ps7_cortexa9_0\lib\libxil.a(xgpiops_intr.o)
                0x0000000001016504                XGpioPs_IntrEnable
                0x00000000010165b0                XGpioPs_IntrEnablePin
                0x000000000101668c                XGpioPs_IntrDisable
                0x0000000001016738                XGpioPs_IntrDisablePin
                0x0000000001016814                XGpioPs_IntrGetEnabled
                0x00000000010168d0                XGpioPs_IntrGetEnabledPin
                0x00000000010169b8                XGpioPs_IntrGetStatus
                0x0000000001016a70                XGpioPs_IntrGetStatusPin
                0x0000000001016b58                XGpioPs_IntrClear
                0x0000000001016c04                XGpioPs_IntrClearPin
                0x0000000001016ce4                XGpioPs_SetIntrType
                0x0000000001016dac                XGpioPs_GetIntrType
                0x0000000001016e80                XGpioPs_SetIntrTypePin
                0x0000000001017020                XGpioPs_GetIntrTypePin
                0x000000000101712c                XGpioPs_SetCallbackHandler
                0x00000000010171cc                XGpioPs_IntrHandler
                0x00000000010172b0                StubHandler
 .text          0x00000000010172d8        0x0 C:\Users\Tom\Documents\Projects\Scopy_MVP_Platform\scopy-fpga\main\ps7_cortexa9_0\standalone_domain\bsp\ps7_cortexa9_0\lib\libxil.a(xgpiops_g.o)
 .text          0x00000000010172d8       0x78 C:\Users\Tom\Documents\Projects\Scopy_MVP_Platform\scopy-fpga\main\ps7_cortexa9_0\standalone_domain\bsp\ps7_cortexa9_0\lib\libxil.a(xscugic_intr.o)
                0x00000000010172d8                XScuGic_InterruptHandler
 .text          0x0000000001017350      0xaf4 C:\Users\Tom\Documents\Projects\Scopy_MVP_Platform\scopy-fpga\main\ps7_cortexa9_0\standalone_domain\bsp\ps7_cortexa9_0\lib\libxil.a(xscugic.o)
                0x00000000010173a0                XScuGic_Connect
                0x0000000001017474                XScuGic_Disconnect
                0x0000000001017540                XScuGic_SoftwareIntr
                0x0000000001017624                XScuGic_SetPriorityTriggerType
                0x000000000101775c                XScuGic_GetPriorityTriggerType
                0x0000000001017888                XScuGic_InterruptMaptoCpu
                0x00000000010178fc                XScuGic_Enable
                0x00000000010179d0                XScuGic_InterruptUnmapFromCpu
                0x0000000001017a44                XScuGic_Disable
                0x0000000001017b18                XScuGic_UnmapAllInterruptsFromCpu
                0x0000000001017b94                XScuGic_Stop
                0x0000000001017c70                XScuGic_CfgInitialize
                0x0000000001017de4                XScuGic_SetCpuID
                0x0000000001017e34                XScuGic_GetCpuID
 .text          0x0000000001017e44       0x1c C:\Users\Tom\Documents\Projects\Scopy_MVP_Platform\scopy-fpga\main\ps7_cortexa9_0\standalone_domain\bsp\ps7_cortexa9_0\lib\libxil.a(xscugic_sinit.o)
                0x0000000001017e44                XScuGic_LookupConfig
 .text          0x0000000001017e60       0xb4 C:\Users\Tom\Documents\Projects\Scopy_MVP_Platform\scopy-fpga\main\ps7_cortexa9_0\standalone_domain\bsp\ps7_cortexa9_0\lib\libxil.a(xscugic_selftest.o)
                0x0000000001017e60                XScuGic_SelfTest
 .text          0x0000000001017f14      0x2d8 C:\Users\Tom\Documents\Projects\Scopy_MVP_Platform\scopy-fpga\main\ps7_cortexa9_0\standalone_domain\bsp\ps7_cortexa9_0\lib\libxil.a(xscutimer.o)
                0x0000000001017f14                XScuTimer_CfgInitialize
                0x0000000001017fc4                XScuTimer_Start
                0x0000000001018054                XScuTimer_Stop
                0x00000000010180dc                XScuTimer_SetPrescaler
                0x0000000001018164                XScuTimer_GetPrescaler
 .text          0x00000000010181ec       0xbc C:\Users\Tom\Documents\Projects\Scopy_MVP_Platform\scopy-fpga\main\ps7_cortexa9_0\standalone_domain\bsp\ps7_cortexa9_0\lib\libxil.a(xscutimer_selftest.o)
                0x00000000010181ec                XScuTimer_SelfTest
 .text          0x00000000010182a8       0x1c C:\Users\Tom\Documents\Projects\Scopy_MVP_Platform\scopy-fpga\main\ps7_cortexa9_0\standalone_domain\bsp\ps7_cortexa9_0\lib\libxil.a(xscutimer_sinit.o)
                0x00000000010182a8                XScuTimer_LookupConfig
 .text          0x00000000010182c4        0x0 C:\Users\Tom\Documents\Projects\Scopy_MVP_Platform\scopy-fpga\main\ps7_cortexa9_0\standalone_domain\bsp\ps7_cortexa9_0\lib\libxil.a(xscutimer_g.o)
 .text          0x00000000010182c4      0xaf0 C:\Users\Tom\Documents\Projects\Scopy_MVP_Platform\scopy-fpga\main\ps7_cortexa9_0\standalone_domain\bsp\ps7_cortexa9_0\lib\libxil.a(xspips.o)
                0x00000000010182ec                XSpiPs_Transfer
                0x00000000010184cc                XSpiPs_PolledTransfer
                0x0000000001018750                XSpiPs_SetSlaveSelect
                0x0000000001018830                XSpiPs_GetSlaveSelect
                0x00000000010188d8                XSpiPs_SetStatusHandler
                0x0000000001018978                XSpiPs_Abort
                0x00000000010189d4                XSpiPs_Reset
                0x0000000001018a58                XSpiPs_CfgInitialize
                0x0000000001018b28                XSpiPs_InterruptHandler
 .text          0x0000000001018db4       0x1c C:\Users\Tom\Documents\Projects\Scopy_MVP_Platform\scopy-fpga\main\ps7_cortexa9_0\standalone_domain\bsp\ps7_cortexa9_0\lib\libxil.a(xspips_sinit.o)
                0x0000000001018db4                XSpiPs_LookupConfig
 .text          0x0000000001018dd0        0x0 C:\Users\Tom\Documents\Projects\Scopy_MVP_Platform\scopy-fpga\main\ps7_cortexa9_0\standalone_domain\bsp\ps7_cortexa9_0\lib\libxil.a(xspips_g.o)
 .text          0x0000000001018dd0      0x16c C:\Users\Tom\Documents\Projects\Scopy_MVP_Platform\scopy-fpga\main\ps7_cortexa9_0\standalone_domain\bsp\ps7_cortexa9_0\lib\libxil.a(xspips_selftest.o)
                0x0000000001018dd0                XSpiPs_SelfTest
 .text          0x0000000001018f3c       0x70 C:\Users\Tom\Documents\Projects\Scopy_MVP_Platform\scopy-fpga\main\ps7_cortexa9_0\standalone_domain\bsp\ps7_cortexa9_0\lib\libxil.a(xil_assert.o)
                0x0000000001018f3c                Xil_Assert
                0x0000000001018f98                Xil_AssertSetCallback
                0x0000000001018fa8                XNullHandler
 .text          0x0000000001018fac       0x28 C:\Users\Tom\Documents\Projects\Scopy_MVP_Platform\scopy-fpga\main\ps7_cortexa9_0\standalone_domain\bsp\ps7_cortexa9_0\lib\libxil.a(print.o)
                0x0000000001018fac                print
 .text          0x0000000001018fd4      0x96c C:\Users\Tom\Documents\Projects\Scopy_MVP_Platform\scopy-fpga\main\ps7_cortexa9_0\standalone_domain\bsp\ps7_cortexa9_0\lib\libxil.a(xil_cache.o)
                0x0000000001018fd4                Xil_DCacheInvalidateLine
                0x000000000101900c                Xil_DCacheInvalidateRange
                0x00000000010190f4                Xil_DCacheFlushLine
                0x0000000001019140                Xil_DCacheFlushRange
                0x0000000001019194                Xil_DCacheStoreLine
                0x00000000010191cc                Xil_ICacheInvalidateLine
                0x0000000001019204                Xil_ICacheInvalidateRange
                0x000000000101925c                Xil_L1DCacheInvalidate
                0x0000000001019310                Xil_L1DCacheEnable
                0x0000000001019330                Xil_L1DCacheInvalidateLine
                0x0000000001019348                Xil_L1DCacheInvalidateRange
                0x0000000001019390                Xil_L1DCacheFlush
                0x000000000101941c                Xil_L1DCacheDisable
                0x0000000001019434                Xil_DCacheFlush
                0x0000000001019490                Xil_L1DCacheFlushLine
                0x00000000010194a8                Xil_L1DCacheFlushRange
                0x00000000010194f0                Xil_L1DCacheStoreLine
                0x0000000001019508                Xil_L1ICacheEnable
                0x0000000001019524                Xil_L1ICacheDisable
                0x0000000001019540                Xil_L1ICacheInvalidate
                0x0000000001019558                Xil_L1ICacheInvalidateLine
                0x0000000001019570                Xil_L1ICacheInvalidateRange
                0x00000000010195b8                Xil_L2CacheDisable
                0x000000000101962c                Xil_DCacheDisable
                0x0000000001019648                Xil_ICacheDisable
                0x000000000101966c                Xil_L2CacheInvalidate
                0x00000000010196d8                Xil_DCacheInvalidate
                0x00000000010196f8                Xil_ICacheInvalidate
                0x0000000001019780                Xil_L2CacheEnable
                0x0000000001019798                Xil_DCacheEnable
                0x00000000010197bc                Xil_ICacheEnable
                0x00000000010197ec                Xil_L2CacheInvalidateLine
                0x0000000001019800                Xil_L2CacheInvalidateRange
                0x0000000001019868                Xil_L2CacheFlush
                0x00000000010198ac                Xil_L2CacheFlushLine
                0x00000000010198c4                Xil_L2CacheFlushRange
                0x000000000101992c                Xil_L2CacheStoreLine
 .text          0x0000000001019940       0x10 C:\Users\Tom\Documents\Projects\Scopy_MVP_Platform\scopy-fpga\main\ps7_cortexa9_0\standalone_domain\bsp\ps7_cortexa9_0\lib\libxil.a(outbyte.o)
                0x0000000001019940                outbyte
 .text          0x0000000001019950        0x8 C:\Users\Tom\Documents\Projects\Scopy_MVP_Platform\scopy-fpga\main\ps7_cortexa9_0\standalone_domain\bsp\ps7_cortexa9_0\lib\libxil.a(xplatform_info.o)
                0x0000000001019950                XGetPlatform_Info
 .text          0x0000000001019958      0x6c0 C:\Users\Tom\Documents\Projects\Scopy_MVP_Platform\scopy-fpga\main\ps7_cortexa9_0\standalone_domain\bsp\ps7_cortexa9_0\lib\libxil.a(xil_printf.o)
                0x0000000001019b8c                xil_printf
 .text          0x000000000101a018       0xe4 C:\Users\Tom\Documents\Projects\Scopy_MVP_Platform\scopy-fpga\main\ps7_cortexa9_0\standalone_domain\bsp\ps7_cortexa9_0\lib\libxil.a(xil_exception.o)
                0x000000000101a01c                Xil_DataAbortHandler
                0x000000000101a04c                Xil_PrefetchAbortHandler
                0x000000000101a07c                Xil_UndefinedExceptionHandler
                0x000000000101a09c                Xil_ExceptionInit
                0x000000000101a0a0                Xil_ExceptionRegisterHandler
                0x000000000101a0b8                Xil_GetExceptionRegisterHandler
                0x000000000101a0d8                Xil_ExceptionRemoveHandler
 .text          0x000000000101a0fc        0x0 C:\Users\Tom\Documents\Projects\Scopy_MVP_Platform\scopy-fpga\main\ps7_cortexa9_0\standalone_domain\bsp\ps7_cortexa9_0\lib\libxil.a(asm_vectors.o)
 .text          0x000000000101a0fc      0x5d4 C:\Users\Tom\Documents\Projects\Scopy_MVP_Platform\scopy-fpga\main\ps7_cortexa9_0\standalone_domain\bsp\ps7_cortexa9_0\lib\libxil.a(xttcps.o)
                0x000000000101a124                XTtcPs_CfgInitialize
                0x000000000101a240                XTtcPs_SetMatchValue
                0x000000000101a2ec                XTtcPs_GetMatchValue
                0x000000000101a3a8                XTtcPs_SetPrescaler
                0x000000000101a458                XTtcPs_GetPrescaler
                0x000000000101a4f0                XTtcPs_CalcIntervalFromFreq
                0x000000000101a5d0                XTtcPs_InterruptHandler
                0x000000000101a630                XTtcPs_SetStatusHandler
 .text          0x000000000101a6d0       0x40 C:\Users\Tom\Documents\Projects\Scopy_MVP_Platform\scopy-fpga\main\ps7_cortexa9_0\standalone_domain\bsp\ps7_cortexa9_0\lib\libxil.a(xttcps_sinit.o)
                0x000000000101a6d0                XTtcPs_LookupConfig
 .text          0x000000000101a710        0x0 C:\Users\Tom\Documents\Projects\Scopy_MVP_Platform\scopy-fpga\main\ps7_cortexa9_0\standalone_domain\bsp\ps7_cortexa9_0\lib\libxil.a(xttcps_g.o)
 .text          0x000000000101a710      0x1ac C:\Users\Tom\Documents\Projects\Scopy_MVP_Platform\scopy-fpga\main\ps7_cortexa9_0\standalone_domain\bsp\ps7_cortexa9_0\lib\libxil.a(xttcps_options.o)
                0x000000000101a710                XTtcPs_SetOptions
                0x000000000101a804                XTtcPs_GetOptions
 .text          0x000000000101a8bc       0x88 C:\Users\Tom\Documents\Projects\Scopy_MVP_Platform\scopy-fpga\main\ps7_cortexa9_0\standalone_domain\bsp\ps7_cortexa9_0\lib\libxil.a(xuartps_hw.o)
                0x000000000101a8bc                XUartPs_SendByte
                0x000000000101a8d4                XUartPs_RecvByte
                0x000000000101a8f0                XUartPs_ResetHw
 .text          0x000000000101a944        0x0 C:\Users\Tom\Documents\Projects\Scopy_MVP_Platform\scopy-fpga\main\ps7_cortexa9_0\standalone_domain\bsp\ps7_cortexa9_0\lib\libxil.a(xclk_wiz_g.o)
 .text          0x000000000101a944        0x0 C:\Users\Tom\Documents\Projects\Scopy_MVP_Platform\scopy-fpga\main\ps7_cortexa9_0\standalone_domain\bsp\ps7_cortexa9_0\lib\libxil.a(xscugic_g.o)
 .text          0x000000000101a944      0x448 C:\Users\Tom\Documents\Projects\Scopy_MVP_Platform\scopy-fpga\main\ps7_cortexa9_0\standalone_domain\bsp\ps7_cortexa9_0\lib\libxil.a(xspips_options.o)
                0x000000000101a944                XSpiPs_SetOptions
                0x000000000101aa48                XSpiPs_GetOptions
                0x000000000101aafc                XSpiPs_SetClkPrescaler
                0x000000000101abbc                XSpiPs_GetClkPrescaler
                0x000000000101ac44                XSpiPs_SetDelays
                0x000000000101acf0                XSpiPs_GetDelays
 .text          0x000000000101ad8c       0x78 C:\Users\Tom\Documents\Projects\Scopy_MVP_Platform\scopy-fpga\main\ps7_cortexa9_0\standalone_domain\bsp\ps7_cortexa9_0\lib\libxil.a(vectors.o)
                0x000000000101ad8c                FIQInterrupt
                0x000000000101ada0                IRQInterrupt
                0x000000000101adb4                UndefinedException
                0x000000000101adc8                SWInterrupt
                0x000000000101addc                DataAbortInterrupt
                0x000000000101adf0                PrefetchAbortInterrupt
 .text          0x000000000101ae04        0x0 C:\Users\Tom\Documents\Projects\Scopy_MVP_Platform\scopy-fpga\main\ps7_cortexa9_0\standalone_domain\bsp\ps7_cortexa9_0\lib\libxil.a(boot.o)
 .text          0x000000000101ae04       0x78 C:\Users\Tom\Documents\Projects\Scopy_MVP_Platform\scopy-fpga\main\ps7_cortexa9_0\standalone_domain\bsp\ps7_cortexa9_0\lib\libxil.a(xil-crt0.o)
                0x000000000101ae18                _start
 .text          0x000000000101ae7c        0x0 C:\Users\Tom\Documents\Projects\Scopy_MVP_Platform\scopy-fpga\main\ps7_cortexa9_0\standalone_domain\bsp\ps7_cortexa9_0\lib\libxil.a(translation_table.o)
 .text          0x000000000101ae7c       0x3c C:\Users\Tom\Documents\Projects\Scopy_MVP_Platform\scopy-fpga\main\ps7_cortexa9_0\standalone_domain\bsp\ps7_cortexa9_0\lib\libxil.a(cpu_init.o)
                0x000000000101ae7c                __cpu_init
 .text          0x000000000101aeb8       0x4c C:\Users\Tom\Documents\Projects\Scopy_MVP_Platform\scopy-fpga\main\ps7_cortexa9_0\standalone_domain\bsp\ps7_cortexa9_0\lib\libxil.a(xtime_l.o)
                0x000000000101aeb8                XTime_SetTime
                0x000000000101aedc                XTime_GetTime
 *fill*         0x000000000101af04        0x4 
 .text          0x000000000101af08      0x278 g:/xilinx/vitis/2019.2/gnu/aarch32/nt/gcc-arm-none-eabi/bin/../lib/gcc/arm-none-eabi/8.2.0/thumb/v7-a+fp/hard\libgcc.a(_udivsi3.o)
                0x000000000101af08                __aeabi_uidiv
                0x000000000101af08                __udivsi3
                0x000000000101b164                __aeabi_uidivmod
 .text          0x000000000101b180      0x2b0 g:/xilinx/vitis/2019.2/gnu/aarch32/nt/gcc-arm-none-eabi/bin/../lib/gcc/arm-none-eabi/8.2.0/thumb/v7-a+fp/hard\libgcc.a(_divsi3.o)
                0x000000000101b180                __divsi3
                0x000000000101b180                __aeabi_idiv
                0x000000000101b414                __aeabi_idivmod
 .text          0x000000000101b430        0x4 g:/xilinx/vitis/2019.2/gnu/aarch32/nt/gcc-arm-none-eabi/bin/../lib/gcc/arm-none-eabi/8.2.0/thumb/v7-a+fp/hard\libgcc.a(_dvmd_tls.o)
                0x000000000101b430                __aeabi_idiv0
                0x000000000101b430                __aeabi_ldiv0
 .text          0x000000000101b434      0x378 g:/xilinx/vitis/2019.2/gnu/aarch32/nt/gcc-arm-none-eabi/bin/../lib/gcc/arm-none-eabi/8.2.0/thumb/v7-a+fp/hard\libgcc.a(_arm_addsubdf3.o)
                0x000000000101b434                __aeabi_drsub
                0x000000000101b43c                __aeabi_dsub
                0x000000000101b43c                __subdf3
                0x000000000101b440                __aeabi_dadd
                0x000000000101b440                __adddf3
                0x000000000101b6b8                __floatunsidf
                0x000000000101b6b8                __aeabi_ui2d
                0x000000000101b6d8                __floatsidf
                0x000000000101b6d8                __aeabi_i2d
                0x000000000101b6fc                __aeabi_f2d
                0x000000000101b6fc                __extendsfdf2
                0x000000000101b740                __floatundidf
                0x000000000101b740                __aeabi_ul2d
                0x000000000101b750                __floatdidf
                0x000000000101b750                __aeabi_l2d
 .text          0x000000000101b7ac      0x21c g:/xilinx/vitis/2019.2/gnu/aarch32/nt/gcc-arm-none-eabi/bin/../lib/gcc/arm-none-eabi/8.2.0/thumb/v7-a+fp/hard\libgcc.a(_arm_addsubsf3.o)
                0x000000000101b7ac                __aeabi_frsub
                0x000000000101b7b4                __subsf3
                0x000000000101b7b4                __aeabi_fsub
                0x000000000101b7b8                __aeabi_fadd
                0x000000000101b7b8                __addsf3
                0x000000000101b918                __aeabi_ui2f
                0x000000000101b918                __floatunsisf
                0x000000000101b920                __aeabi_i2f
                0x000000000101b920                __floatsisf
                0x000000000101b93c                __aeabi_ul2f
                0x000000000101b93c                __floatundisf
                0x000000000101b94c                __aeabi_l2f
                0x000000000101b94c                __floatdisf
 .text          0x000000000101b9c8       0x30 g:/xilinx/vitis/2019.2/gnu/aarch32/nt/gcc-arm-none-eabi/bin/../lib/gcc/arm-none-eabi/8.2.0/thumb/v7-a+fp/hard\libgcc.a(_aeabi_uldivmod.o)
                0x000000000101b9c8                __aeabi_uldivmod
 .text          0x000000000101b9f8       0x28 g:/xilinx/vitis/2019.2/gnu/aarch32/nt/gcc-arm-none-eabi/bin/../lib/gcc/arm-none-eabi/8.2.0/thumb/v7-a+fp/hard\libgcc.a(_popcountsi2.o)
                0x000000000101b9f8                __popcountsi2
 .text          0x000000000101ba20       0x40 g:/xilinx/vitis/2019.2/gnu/aarch32/nt/gcc-arm-none-eabi/bin/../lib/gcc/arm-none-eabi/8.2.0/thumb/v7-a+fp/hard\libgcc.a(_fixunssfdi.o)
                0x000000000101ba20                __fixunssfdi
                0x000000000101ba20                __aeabi_f2ulz
 .text          0x000000000101ba60       0x40 g:/xilinx/vitis/2019.2/gnu/aarch32/nt/gcc-arm-none-eabi/bin/../lib/gcc/arm-none-eabi/8.2.0/thumb/v7-a+fp/hard\libgcc.a(_fixunsdfdi.o)
                0x000000000101ba60                __fixunsdfdi
                0x000000000101ba60                __aeabi_d2ulz
 .text          0x000000000101baa0      0x118 g:/xilinx/vitis/2019.2/gnu/aarch32/nt/gcc-arm-none-eabi/bin/../lib/gcc/arm-none-eabi/8.2.0/thumb/v7-a+fp/hard\libgcc.a(_udivmoddi4.o)
                0x000000000101baa0                __udivmoddi4
 .text          0x000000000101bbb8       0x14 g:/xilinx/vitis/2019.2/gnu/aarch32/nt/gcc-arm-none-eabi/bin/../arm-none-eabi/libc/usr/lib/thumb/v7-a+fp/hard\libc.a(lib_a-calloc.o)
                0x000000000101bbb8                calloc
 .text          0x000000000101bbcc       0x64 g:/xilinx/vitis/2019.2/gnu/aarch32/nt/gcc-arm-none-eabi/bin/../arm-none-eabi/libc/usr/lib/thumb/v7-a+fp/hard\libc.a(lib_a-callocr.o)
                0x000000000101bbcc                _calloc_r
 .text          0x000000000101bc30       0x20 g:/xilinx/vitis/2019.2/gnu/aarch32/nt/gcc-arm-none-eabi/bin/../arm-none-eabi/libc/usr/lib/thumb/v7-a+fp/hard\libc.a(lib_a-exit.o)
                0x000000000101bc30                exit
 .text          0x000000000101bc50       0x30 g:/xilinx/vitis/2019.2/gnu/aarch32/nt/gcc-arm-none-eabi/bin/../arm-none-eabi/libc/usr/lib/thumb/v7-a+fp/hard\libc.a(lib_a-fini.o)
                0x000000000101bc50                __libc_fini_array
 .text          0x000000000101bc80        0x0 g:/xilinx/vitis/2019.2/gnu/aarch32/nt/gcc-arm-none-eabi/bin/../arm-none-eabi/libc/usr/lib/thumb/v7-a+fp/hard\libc.a(lib_a-impure.o)
 .text          0x000000000101bc80       0x50 g:/xilinx/vitis/2019.2/gnu/aarch32/nt/gcc-arm-none-eabi/bin/../arm-none-eabi/libc/usr/lib/thumb/v7-a+fp/hard\libc.a(lib_a-init.o)
                0x000000000101bc80                __libc_init_array
 .text          0x000000000101bcd0      0x9e0 g:/xilinx/vitis/2019.2/gnu/aarch32/nt/gcc-arm-none-eabi/bin/../arm-none-eabi/libc/usr/lib/thumb/v7-a+fp/hard\libc.a(lib_a-locale.o)
                0x000000000101bd3c                __loadlocale
                0x000000000101c3bc                __get_locale_env
                0x000000000101c410                _setlocale_r
                0x000000000101c654                __locale_mb_cur_max
                0x000000000101c674                __locale_ctype_ptr_l
                0x000000000101c67c                __locale_ctype_ptr
                0x000000000101c69c                setlocale
 .text          0x000000000101c6b0       0x14 g:/xilinx/vitis/2019.2/gnu/aarch32/nt/gcc-arm-none-eabi/bin/../arm-none-eabi/libc/usr/lib/thumb/v7-a+fp/hard\libc.a(lib_a-malign.o)
                0x000000000101c6b0                memalign
 .text          0x000000000101c6c4       0xf4 g:/xilinx/vitis/2019.2/gnu/aarch32/nt/gcc-arm-none-eabi/bin/../arm-none-eabi/libc/usr/lib/thumb/v7-a+fp/hard\libc.a(lib_a-malignr.o)
                0x000000000101c6c4                _memalign_r
 .text          0x000000000101c7b8       0x20 g:/xilinx/vitis/2019.2/gnu/aarch32/nt/gcc-arm-none-eabi/bin/../arm-none-eabi/libc/usr/lib/thumb/v7-a+fp/hard\libc.a(lib_a-malloc.o)
                0x000000000101c7b8                malloc
                0x000000000101c7c8                free
 .text          0x000000000101c7d8      0x564 g:/xilinx/vitis/2019.2/gnu/aarch32/nt/gcc-arm-none-eabi/bin/../arm-none-eabi/libc/usr/lib/thumb/v7-a+fp/hard\libc.a(lib_a-mallocr.o)
                0x000000000101c7d8                _malloc_r
 .text          0x000000000101cd3c      0x4b8 g:/xilinx/vitis/2019.2/gnu/aarch32/nt/gcc-arm-none-eabi/bin/../arm-none-eabi/libc/usr/lib/thumb/v7-a+fp/hard\libc.a(lib_a-mbtowc_r.o)
                0x000000000101cd3c                _mbtowc_r
                0x000000000101cd64                __ascii_mbtowc
                0x000000000101cd88                __utf8_mbtowc
                0x000000000101cf90                __sjis_mbtowc
                0x000000000101d014                __eucjp_mbtowc
                0x000000000101d0cc                __jis_mbtowc
 *fill*         0x000000000101d1f4        0xc 
 .text          0x000000000101d200      0x5e0 g:/xilinx/vitis/2019.2/gnu/aarch32/nt/gcc-arm-none-eabi/bin/../arm-none-eabi/libc/usr/lib/thumb/v7-a+fp/hard\libc.a(lib_a-memcpy.o)
                0x000000000101d200                memcpy
 .text          0x000000000101d7e0       0xd0 g:/xilinx/vitis/2019.2/gnu/aarch32/nt/gcc-arm-none-eabi/bin/../arm-none-eabi/libc/usr/lib/thumb/v7-a+fp/hard\libc.a(lib_a-memmove.o)
                0x000000000101d7e0                memmove
 .text          0x000000000101d8b0       0xa0 g:/xilinx/vitis/2019.2/gnu/aarch32/nt/gcc-arm-none-eabi/bin/../arm-none-eabi/libc/usr/lib/thumb/v7-a+fp/hard\libc.a(lib_a-memset.o)
                0x000000000101d8b0                memset
 .text          0x000000000101d950        0x8 g:/xilinx/vitis/2019.2/gnu/aarch32/nt/gcc-arm-none-eabi/bin/../arm-none-eabi/libc/usr/lib/thumb/v7-a+fp/hard\libc.a(lib_a-mlock.o)
                0x000000000101d950                __malloc_lock
                0x000000000101d954                __malloc_unlock
 .text          0x000000000101d958       0x84 g:/xilinx/vitis/2019.2/gnu/aarch32/nt/gcc-arm-none-eabi/bin/../arm-none-eabi/libc/usr/lib/thumb/v7-a+fp/hard\libc.a(lib_a-mstats.o)
                0x000000000101d958                mallinfo
                0x000000000101d970                malloc_stats
                0x000000000101d980                mallopt
                0x000000000101d994                _mstats_r
                0x000000000101d9b4                mstats
 .text          0x000000000101d9dc       0x4c g:/xilinx/vitis/2019.2/gnu/aarch32/nt/gcc-arm-none-eabi/bin/../arm-none-eabi/libc/usr/lib/thumb/v7-a+fp/hard\libc.a(lib_a-printf.o)
                0x000000000101d9dc                _printf_r
                0x000000000101d9fc                printf
 .text          0x000000000101da28       0x78 g:/xilinx/vitis/2019.2/gnu/aarch32/nt/gcc-arm-none-eabi/bin/../arm-none-eabi/libc/usr/lib/thumb/v7-a+fp/hard\libc.a(lib_a-puts.o)
                0x000000000101da28                _puts_r
                0x000000000101da90                puts
 .text          0x000000000101daa0      0x5b4 g:/xilinx/vitis/2019.2/gnu/aarch32/nt/gcc-arm-none-eabi/bin/../arm-none-eabi/libc/usr/lib/thumb/v7-a+fp/hard\libc.a(lib_a-qsort.o)
                0x000000000101daa0                qsort
 .text          0x000000000101e054       0x28 g:/xilinx/vitis/2019.2/gnu/aarch32/nt/gcc-arm-none-eabi/bin/../arm-none-eabi/libc/usr/lib/thumb/v7-a+fp/hard\libc.a(lib_a-sbrkr.o)
                0x000000000101e054                _sbrk_r
 .text          0x000000000101e07c      0x114 g:/xilinx/vitis/2019.2/gnu/aarch32/nt/gcc-arm-none-eabi/bin/../arm-none-eabi/libc/usr/lib/thumb/v7-a+fp/hard\libc.a(lib_a-snprintf.o)
                0x000000000101e07c                _snprintf_r
                0x000000000101e100                snprintf
 .text          0x000000000101e190       0x44 g:/xilinx/vitis/2019.2/gnu/aarch32/nt/gcc-arm-none-eabi/bin/../arm-none-eabi/libc/usr/lib/thumb/v7-a+fp/hard\libc.a(lib_a-strcasecmp.o)
                0x000000000101e190                strcasecmp
 .text          0x000000000101e1d4       0x40 g:/xilinx/vitis/2019.2/gnu/aarch32/nt/gcc-arm-none-eabi/bin/../arm-none-eabi/libc/usr/lib/thumb/v7-a+fp/hard\libc.a(lib_a-strcat.o)
                0x000000000101e1d4                strcat
 .text          0x000000000101e214       0xe4 g:/xilinx/vitis/2019.2/gnu/aarch32/nt/gcc-arm-none-eabi/bin/../arm-none-eabi/libc/usr/lib/thumb/v7-a+fp/hard\libc.a(lib_a-strchr.o)
                0x000000000101e214                strchr
 *fill*         0x000000000101e2f8        0x8 
 .text          0x000000000101e300      0x2dc g:/xilinx/vitis/2019.2/gnu/aarch32/nt/gcc-arm-none-eabi/bin/../arm-none-eabi/libc/usr/lib/thumb/v7-a+fp/hard\libc.a(lib_a-strcmp.o)
                0x000000000101e308                strcmp
 .text          0x000000000101e5dc       0xc4 g:/xilinx/vitis/2019.2/gnu/aarch32/nt/gcc-arm-none-eabi/bin/../arm-none-eabi/libc/usr/lib/thumb/v7-a+fp/hard\libc.a(lib_a-strcpy.o)
                0x000000000101e5dc                strcpy
 .text          0x000000000101e6a0       0x58 g:/xilinx/vitis/2019.2/gnu/aarch32/nt/gcc-arm-none-eabi/bin/../arm-none-eabi/libc/usr/lib/thumb/v7-a+fp/hard\libc.a(lib_a-strlcpy.o)
                0x000000000101e6a0                strlcpy
 *fill*         0x000000000101e6f8        0x8 
 .text          0x000000000101e700       0xdc g:/xilinx/vitis/2019.2/gnu/aarch32/nt/gcc-arm-none-eabi/bin/../arm-none-eabi/libc/usr/lib/thumb/v7-a+fp/hard\libc.a(lib_a-strlen.o)
                0x000000000101e700                strlen
 .text          0x000000000101e7dc       0x5c g:/xilinx/vitis/2019.2/gnu/aarch32/nt/gcc-arm-none-eabi/bin/../arm-none-eabi/libc/usr/lib/thumb/v7-a+fp/hard\libc.a(lib_a-strncasecmp.o)
                0x000000000101e7dc                strncasecmp
 .text          0x000000000101e838       0xa4 g:/xilinx/vitis/2019.2/gnu/aarch32/nt/gcc-arm-none-eabi/bin/../arm-none-eabi/libc/usr/lib/thumb/v7-a+fp/hard\libc.a(lib_a-strncmp.o)
                0x000000000101e838                strncmp
 .text          0x000000000101e8dc       0x80 g:/xilinx/vitis/2019.2/gnu/aarch32/nt/gcc-arm-none-eabi/bin/../arm-none-eabi/libc/usr/lib/thumb/v7-a+fp/hard\libc.a(lib_a-strncpy.o)
                0x000000000101e8dc                strncpy
 .text          0x000000000101e95c      0x198 g:/xilinx/vitis/2019.2/gnu/aarch32/nt/gcc-arm-none-eabi/bin/../arm-none-eabi/libc/usr/lib/thumb/v7-a+fp/hard\libc.a(lib_a-strtol.o)
                0x000000000101ea7c                _strtol_r
                0x000000000101eaa4                strtol_l
                0x000000000101eac4                strtol
 *fill*         0x000000000101eaf4        0x4 
 .text          0x000000000101eaf8     0x1b4c g:/xilinx/vitis/2019.2/gnu/aarch32/nt/gcc-arm-none-eabi/bin/../arm-none-eabi/libc/usr/lib/thumb/v7-a+fp/hard\libc.a(lib_a-svfprintf.o)
                0x000000000101eaf8                _svfprintf_r
 *fill*         0x0000000001020644        0x4 
 .text          0x0000000001020648     0x1c28 g:/xilinx/vitis/2019.2/gnu/aarch32/nt/gcc-arm-none-eabi/bin/../arm-none-eabi/libc/usr/lib/thumb/v7-a+fp/hard\libc.a(lib_a-vfprintf.o)
                0x0000000001020648                _vfprintf_r
                0x00000000010221e8                vfprintf
 .text          0x0000000001022270       0x8c g:/xilinx/vitis/2019.2/gnu/aarch32/nt/gcc-arm-none-eabi/bin/../arm-none-eabi/libc/usr/lib/thumb/v7-a+fp/hard\libc.a(lib_a-vsnprintf.o)
                0x0000000001022270                _vsnprintf_r
                0x00000000010222dc                vsnprintf
 .text          0x00000000010222fc       0xac g:/xilinx/vitis/2019.2/gnu/aarch32/nt/gcc-arm-none-eabi/bin/../arm-none-eabi/libc/usr/lib/thumb/v7-a+fp/hard\libc.a(lib_a-wcrtomb.o)
                0x00000000010222fc                _wcrtomb_r
                0x0000000001022350                wcrtomb
 .text          0x00000000010223a8       0x3c g:/xilinx/vitis/2019.2/gnu/aarch32/nt/gcc-arm-none-eabi/bin/../arm-none-eabi/libc/usr/lib/thumb/v7-a+fp/hard\libc.a(lib_a-wcsrtombs.o)
                0x00000000010223a8                _wcsrtombs_r
                0x00000000010223c0                wcsrtombs
 .text          0x00000000010223e4      0x22c g:/xilinx/vitis/2019.2/gnu/aarch32/nt/gcc-arm-none-eabi/bin/../arm-none-eabi/libc/usr/lib/thumb/v7-a+fp/hard\libc.a(lib_a-wctomb_r.o)
                0x00000000010223e4                _wctomb_r
                0x000000000102240c                __ascii_wctomb
                0x0000000001022424                __utf8_wctomb
                0x00000000010224c8                __sjis_wctomb
                0x000000000102251c                __eucjp_wctomb
                0x000000000102258c                __jis_wctomb
 .text          0x0000000001022610       0xc8 g:/xilinx/vitis/2019.2/gnu/aarch32/nt/gcc-arm-none-eabi/bin/../arm-none-eabi/libc/usr/lib/thumb/v7-a+fp/hard\libc.a(lib_a-wsetup.o)
                0x0000000001022610                __swsetup_r
 .text          0x00000000010226d8       0xdc g:/xilinx/vitis/2019.2/gnu/aarch32/nt/gcc-arm-none-eabi/bin/../arm-none-eabi/libc/usr/lib/thumb/v7-a+fp/hard\libc.a(lib_a-__call_atexit.o)
                0x00000000010226d8                __call_exitprocs
 .text          0x00000000010227b4       0x10 g:/xilinx/vitis/2019.2/gnu/aarch32/nt/gcc-arm-none-eabi/bin/../arm-none-eabi/libc/usr/lib/thumb/v7-a+fp/hard\libc.a(lib_a-ctype_.o)
                0x00000000010227b4                __set_ctype
 *fill*         0x00000000010227c4        0x4 
 .text          0x00000000010227c8      0xe54 g:/xilinx/vitis/2019.2/gnu/aarch32/nt/gcc-arm-none-eabi/bin/../arm-none-eabi/libc/usr/lib/thumb/v7-a+fp/hard\libc.a(lib_a-dtoa.o)
                0x0000000001022910                _dtoa_r
 .text          0x000000000102361c      0x1a8 g:/xilinx/vitis/2019.2/gnu/aarch32/nt/gcc-arm-none-eabi/bin/../arm-none-eabi/libc/usr/lib/thumb/v7-a+fp/hard\libc.a(lib_a-fflush.o)
                0x000000000102361c                __sflush_r
                0x0000000001023768                _fflush_r
                0x000000000102379c                fflush
 .text          0x00000000010237c4      0x210 g:/xilinx/vitis/2019.2/gnu/aarch32/nt/gcc-arm-none-eabi/bin/../arm-none-eabi/libc/usr/lib/thumb/v7-a+fp/hard\libc.a(lib_a-findfp.o)
                0x00000000010237c8                _cleanup_r
                0x00000000010238bc                __sfmoreglue
                0x00000000010238ec                __sfp
                0x0000000001023974                _cleanup
                0x000000000102398c                __sinit
                0x0000000001023994                __sfp_lock_acquire
                0x0000000001023998                __sfp_lock_release
                0x000000000102399c                __sinit_lock_acquire
                0x00000000010239a0                __sinit_lock_release
                0x00000000010239a4                __fp_lock_all
                0x00000000010239bc                __fp_unlock_all
 .text          0x00000000010239d4       0x4c g:/xilinx/vitis/2019.2/gnu/aarch32/nt/gcc-arm-none-eabi/bin/../arm-none-eabi/libc/usr/lib/thumb/v7-a+fp/hard\libc.a(lib_a-fiprintf.o)
                0x00000000010239d4                _fiprintf_r
                0x00000000010239f4                fiprintf
 .text          0x0000000001023a20      0x29c g:/xilinx/vitis/2019.2/gnu/aarch32/nt/gcc-arm-none-eabi/bin/../arm-none-eabi/libc/usr/lib/thumb/v7-a+fp/hard\libc.a(lib_a-freer.o)
                0x0000000001023a20                _malloc_trim_r
                0x0000000001023acc                _free_r
 .text          0x0000000001023cbc      0x32c g:/xilinx/vitis/2019.2/gnu/aarch32/nt/gcc-arm-none-eabi/bin/../arm-none-eabi/libc/usr/lib/thumb/v7-a+fp/hard\libc.a(lib_a-fvwrite.o)
                0x0000000001023cbc                __sfvwrite_r
 .text          0x0000000001023fe8       0x98 g:/xilinx/vitis/2019.2/gnu/aarch32/nt/gcc-arm-none-eabi/bin/../arm-none-eabi/libc/usr/lib/thumb/v7-a+fp/hard\libc.a(lib_a-fwalk.o)
                0x0000000001023fe8                _fwalk
                0x0000000001024030                _fwalk_reent
 .text          0x0000000001024080       0x98 g:/xilinx/vitis/2019.2/gnu/aarch32/nt/gcc-arm-none-eabi/bin/../arm-none-eabi/libc/usr/lib/thumb/v7-a+fp/hard\libc.a(lib_a-getenv_r.o)
                0x0000000001024080                _findenv_r
                0x0000000001024108                _getenv_r
 .text          0x0000000001024118       0x44 g:/xilinx/vitis/2019.2/gnu/aarch32/nt/gcc-arm-none-eabi/bin/../arm-none-eabi/libc/usr/lib/thumb/v7-a+fp/hard\libc.a(lib_a-localeconv.o)
                0x0000000001024118                __localeconv_l
                0x000000000102411c                _localeconv_r
                0x000000000102413c                localeconv
 .text          0x000000000102415c       0xf8 g:/xilinx/vitis/2019.2/gnu/aarch32/nt/gcc-arm-none-eabi/bin/../arm-none-eabi/libc/usr/lib/thumb/v7-a+fp/hard\libc.a(lib_a-makebuf.o)
                0x000000000102415c                __swhatbuf_r
                0x00000000010241b8                __smakebuf_r
 .text          0x0000000001024254       0x8c g:/xilinx/vitis/2019.2/gnu/aarch32/nt/gcc-arm-none-eabi/bin/../arm-none-eabi/libc/usr/lib/thumb/v7-a+fp/hard\libc.a(lib_a-mallinfor.o)
                0x0000000001024254                __malloc_update_mallinfo
                0x00000000010242ac                _mallinfo_r
 .text          0x00000000010242e0       0x64 g:/xilinx/vitis/2019.2/gnu/aarch32/nt/gcc-arm-none-eabi/bin/../arm-none-eabi/libc/usr/lib/thumb/v7-a+fp/hard\libc.a(lib_a-malloptr.o)
                0x00000000010242e0                _mallopt_r
 .text          0x0000000001024344       0x60 g:/xilinx/vitis/2019.2/gnu/aarch32/nt/gcc-arm-none-eabi/bin/../arm-none-eabi/libc/usr/lib/thumb/v7-a+fp/hard\libc.a(lib_a-mallstatsr.o)
                0x0000000001024344                _malloc_stats_r
 *fill*         0x00000000010243a4        0xc 
 .text          0x00000000010243b0       0xa0 g:/xilinx/vitis/2019.2/gnu/aarch32/nt/gcc-arm-none-eabi/bin/../arm-none-eabi/libc/usr/lib/thumb/v7-a+fp/hard\libc.a(lib_a-memchr.o)
                0x00000000010243b0                memchr
 .text          0x0000000001024450      0x8fc g:/xilinx/vitis/2019.2/gnu/aarch32/nt/gcc-arm-none-eabi/bin/../arm-none-eabi/libc/usr/lib/thumb/v7-a+fp/hard\libc.a(lib_a-mprec.o)
                0x0000000001024450                _Balloc
                0x000000000102449c                _Bfree
                0x00000000010244b0                __multadd
                0x0000000001024540                __s2b
                0x00000000010245d8                __hi0bits
                0x0000000001024618                __lo0bits
                0x0000000001024674                __i2b
                0x0000000001024688                __multiply
                0x00000000010247c8                __pow5mult
                0x000000000102486c                __lshift
                0x0000000001024928                __mcmp
                0x0000000001024964                __mdiff
                0x0000000001024a6c                __ulp
                0x0000000001024abc                __b2d
                0x0000000001024b6c                __d2b
                0x0000000001024c20                __ratio
                0x0000000001024c80                _mprec_log10
                0x0000000001024ca8                __copybits
                0x0000000001024cf0                __any_on
 .text          0x0000000001024d4c      0x374 g:/xilinx/vitis/2019.2/gnu/aarch32/nt/gcc-arm-none-eabi/bin/../arm-none-eabi/libc/usr/lib/thumb/v7-a+fp/hard\libc.a(lib_a-reallocr.o)
                0x0000000001024d4c                _realloc_r
 .text          0x00000000010250c0       0xa4 g:/xilinx/vitis/2019.2/gnu/aarch32/nt/gcc-arm-none-eabi/bin/../arm-none-eabi/libc/usr/lib/thumb/v7-a+fp/hard\libc.a(lib_a-reent.o)
                0x00000000010250c0                cleanup_glue
                0x00000000010250dc                _reclaim_reent
 *fill*         0x0000000001025164        0x4 
 .text          0x0000000001025168       0x80 g:/xilinx/vitis/2019.2/gnu/aarch32/nt/gcc-arm-none-eabi/bin/../arm-none-eabi/libc/usr/lib/thumb/v7-a+fp/hard\libc.a(lib_a-s_frexp.o)
                0x0000000001025168                frexp
 .text          0x00000000010251e8       0x90 g:/xilinx/vitis/2019.2/gnu/aarch32/nt/gcc-arm-none-eabi/bin/../arm-none-eabi/libc/usr/lib/thumb/v7-a+fp/hard\libc.a(lib_a-stdio.o)
                0x00000000010251e8                __sread
                0x000000000102520c                __seofread
                0x0000000001025210                __swrite
                0x0000000001025250                __sseek
                0x0000000001025270                __sclose
 .text          0x0000000001025278      0xe90 g:/xilinx/vitis/2019.2/gnu/aarch32/nt/gcc-arm-none-eabi/bin/../arm-none-eabi/libc/usr/lib/thumb/v7-a+fp/hard\libc.a(lib_a-svfiprintf.o)
                0x0000000001025278                __ssprint_r
                0x0000000001025370                _svfiprintf_r
 .text          0x0000000001026108     0x108c g:/xilinx/vitis/2019.2/gnu/aarch32/nt/gcc-arm-none-eabi/bin/../arm-none-eabi/libc/usr/lib/thumb/v7-a+fp/hard\libc.a(lib_a-vfiprintf.o)
                0x000000000102617c                __sprint_r
                0x0000000001026190                _vfiprintf_r
                0x000000000102710c                vfiprintf
 .text          0x0000000001027194      0x15c g:/xilinx/vitis/2019.2/gnu/aarch32/nt/gcc-arm-none-eabi/bin/../arm-none-eabi/libc/usr/lib/thumb/v7-a+fp/hard\libc.a(lib_a-wcsnrtombs.o)
                0x0000000001027194                _wcsnrtombs_l
                0x0000000001027288                _wcsnrtombs_r
                0x00000000010272b8                wcsnrtombs
 .text          0x00000000010272f0       0x2c g:/xilinx/vitis/2019.2/gnu/aarch32/nt/gcc-arm-none-eabi/bin/../arm-none-eabi/libc/usr/lib/thumb/v7-a+fp/hard\libc.a(lib_a-writer.o)
                0x00000000010272f0                _write_r
 .text          0x000000000102731c       0x28 g:/xilinx/vitis/2019.2/gnu/aarch32/nt/gcc-arm-none-eabi/bin/../arm-none-eabi/libc/usr/lib/thumb/v7-a+fp/hard\libc.a(lib_a-closer.o)
                0x000000000102731c                _close_r
 .text          0x0000000001027344        0x0 g:/xilinx/vitis/2019.2/gnu/aarch32/nt/gcc-arm-none-eabi/bin/../arm-none-eabi/libc/usr/lib/thumb/v7-a+fp/hard\libc.a(lib_a-environ.o)
 .text          0x0000000001027344        0x8 g:/xilinx/vitis/2019.2/gnu/aarch32/nt/gcc-arm-none-eabi/bin/../arm-none-eabi/libc/usr/lib/thumb/v7-a+fp/hard\libc.a(lib_a-envlock.o)
                0x0000000001027344                __env_lock
                0x0000000001027348                __env_unlock
 .text          0x000000000102734c       0x98 g:/xilinx/vitis/2019.2/gnu/aarch32/nt/gcc-arm-none-eabi/bin/../arm-none-eabi/libc/usr/lib/thumb/v7-a+fp/hard\libc.a(lib_a-fclose.o)
                0x000000000102734c                _fclose_r
                0x00000000010273d4                fclose
 .text          0x00000000010273e4      0x11c g:/xilinx/vitis/2019.2/gnu/aarch32/nt/gcc-arm-none-eabi/bin/../arm-none-eabi/libc/usr/lib/thumb/v7-a+fp/hard\libc.a(lib_a-fputwc.o)
                0x00000000010273e4                __fputwc
                0x0000000001027494                _fputwc_r
                0x00000000010274bc                fputwc
 .text          0x0000000001027500       0x2c g:/xilinx/vitis/2019.2/gnu/aarch32/nt/gcc-arm-none-eabi/bin/../arm-none-eabi/libc/usr/lib/thumb/v7-a+fp/hard\libc.a(lib_a-fstatr.o)
                0x0000000001027500                _fstat_r
 .text          0x000000000102752c       0x28 g:/xilinx/vitis/2019.2/gnu/aarch32/nt/gcc-arm-none-eabi/bin/../arm-none-eabi/libc/usr/lib/thumb/v7-a+fp/hard\libc.a(lib_a-isattyr.o)
                0x000000000102752c                _isatty_r
 .text          0x0000000001027554       0x2c g:/xilinx/vitis/2019.2/gnu/aarch32/nt/gcc-arm-none-eabi/bin/../arm-none-eabi/libc/usr/lib/thumb/v7-a+fp/hard\libc.a(lib_a-lseekr.o)
                0x0000000001027554                _lseek_r
 .text          0x0000000001027580       0x2c g:/xilinx/vitis/2019.2/gnu/aarch32/nt/gcc-arm-none-eabi/bin/../arm-none-eabi/libc/usr/lib/thumb/v7-a+fp/hard\libc.a(lib_a-readr.o)
                0x0000000001027580                _read_r
 .text          0x00000000010275ac       0xc4 g:/xilinx/vitis/2019.2/gnu/aarch32/nt/gcc-arm-none-eabi/bin/../arm-none-eabi/libc/usr/lib/thumb/v7-a+fp/hard\libc.a(lib_a-wbuf.o)
                0x00000000010275ac                __swbuf_r
                0x000000000102765c                __swbuf
 .text          0x0000000001027670       0x40 C:\Users\Tom\Documents\Projects\Scopy_MVP_Platform\scopy-fpga\main\ps7_cortexa9_0\standalone_domain\bsp\ps7_cortexa9_0\lib\libxil.a(_sbrk.o)
                0x0000000001027670                _sbrk
 .text          0x00000000010276b0       0x30 C:\Users\Tom\Documents\Projects\Scopy_MVP_Platform\scopy-fpga\main\ps7_cortexa9_0\standalone_domain\bsp\ps7_cortexa9_0\lib\libxil.a(lseek.o)
                0x00000000010276b0                lseek
                0x00000000010276c8                _lseek
 .text          0x00000000010276e0       0x70 C:\Users\Tom\Documents\Projects\Scopy_MVP_Platform\scopy-fpga\main\ps7_cortexa9_0\standalone_domain\bsp\ps7_cortexa9_0\lib\libxil.a(write.o)
                0x00000000010276e0                write
                0x000000000102774c                _write
 .text          0x0000000001027750       0x60 C:\Users\Tom\Documents\Projects\Scopy_MVP_Platform\scopy-fpga\main\ps7_cortexa9_0\standalone_domain\bsp\ps7_cortexa9_0\lib\libxil.a(read.o)
                0x0000000001027750                read
                0x00000000010277ac                _read
 .text          0x00000000010277b0       0x10 C:\Users\Tom\Documents\Projects\Scopy_MVP_Platform\scopy-fpga\main\ps7_cortexa9_0\standalone_domain\bsp\ps7_cortexa9_0\lib\libxil.a(fstat.o)
                0x00000000010277b0                _fstat
 .text          0x00000000010277c0       0x10 C:\Users\Tom\Documents\Projects\Scopy_MVP_Platform\scopy-fpga\main\ps7_cortexa9_0\standalone_domain\bsp\ps7_cortexa9_0\lib\libxil.a(errno.o)
                0x00000000010277c0                __errno
 .text          0x00000000010277d0        0x4 C:\Users\Tom\Documents\Projects\Scopy_MVP_Platform\scopy-fpga\main\ps7_cortexa9_0\standalone_domain\bsp\ps7_cortexa9_0\lib\libxil.a(_exit.o)
                0x00000000010277d0                _exit
 .text          0x00000000010277d4       0x10 C:\Users\Tom\Documents\Projects\Scopy_MVP_Platform\scopy-fpga\main\ps7_cortexa9_0\standalone_domain\bsp\ps7_cortexa9_0\lib\libxil.a(isatty.o)
                0x00000000010277d4                isatty
                0x00000000010277dc                _isatty
 .text          0x00000000010277e4        0xc C:\Users\Tom\Documents\Projects\Scopy_MVP_Platform\scopy-fpga\main\ps7_cortexa9_0\standalone_domain\bsp\ps7_cortexa9_0\lib\libxil.a(inbyte.o)
                0x00000000010277e4                inbyte
 .text          0x00000000010277f0        0x8 C:\Users\Tom\Documents\Projects\Scopy_MVP_Platform\scopy-fpga\main\ps7_cortexa9_0\standalone_domain\bsp\ps7_cortexa9_0\lib\libxil.a(close.o)
                0x00000000010277f0                _close
 .text          0x00000000010277f8        0x0 g:/xilinx/vitis/2019.2/gnu/aarch32/nt/gcc-arm-none-eabi/bin/../lib/gcc/arm-none-eabi/8.2.0/thumb/v7-a+fp/hard/crtend.o
 .text          0x00000000010277f8        0x0 g:/xilinx/vitis/2019.2/gnu/aarch32/nt/gcc-arm-none-eabi/bin/../lib/gcc/arm-none-eabi/8.2.0/thumb/v7-a+fp/hard/crtn.o
 *(.text.*)
 .text.startup  0x00000000010277f8       0x2c ./src/main.o
                0x00000000010277f8                main
 *fill*         0x0000000001027824        0x4 
 .text.startup.__stub
                0x0000000001027828       0x18 linker stubs
 *(.gnu.linkonce.t.*)
 *(.plt)
 *(.gnu_warning)
 *(.gcc_execpt_table)
 *(.glue_7)
 .glue_7        0x0000000001027840        0x0 linker stubs
 *(.glue_7t)
 .glue_7t       0x0000000001027840        0x0 linker stubs
 *(.vfp11_veneer)
 .vfp11_veneer  0x0000000001027840        0x0 linker stubs
 *(.ARM.extab)
 .ARM.extab     0x0000000001027840        0x0 g:/xilinx/vitis/2019.2/gnu/aarch32/nt/gcc-arm-none-eabi/bin/../lib/gcc/arm-none-eabi/8.2.0/thumb/v7-a+fp/hard\libgcc.a(_udivmoddi4.o)
 *(.gnu.linkonce.armextab.*)

.v4_bx          0x0000000001027840        0x0
 .v4_bx         0x0000000001027840        0x0 linker stubs

.iplt           0x0000000001027840        0x0
 .iplt          0x0000000001027840        0x0 g:/xilinx/vitis/2019.2/gnu/aarch32/nt/gcc-arm-none-eabi/bin/../lib/gcc/arm-none-eabi/8.2.0/thumb/v7-a+fp/hard/crtbegin.o

.force_ocm
 *(.force_ocm)

.init           0x0000000001027840        0xc
 *(.init)
 .init          0x0000000001027840        0x4 g:/xilinx/vitis/2019.2/gnu/aarch32/nt/gcc-arm-none-eabi/bin/../lib/gcc/arm-none-eabi/8.2.0/thumb/v7-a+fp/hard/crti.o
                0x0000000001027840                _init
 .init          0x0000000001027844        0x8 g:/xilinx/vitis/2019.2/gnu/aarch32/nt/gcc-arm-none-eabi/bin/../lib/gcc/arm-none-eabi/8.2.0/thumb/v7-a+fp/hard/crtn.o

.fini           0x000000000102784c        0xc
 *(.fini)
 .fini          0x000000000102784c        0x4 g:/xilinx/vitis/2019.2/gnu/aarch32/nt/gcc-arm-none-eabi/bin/../lib/gcc/arm-none-eabi/8.2.0/thumb/v7-a+fp/hard/crti.o
                0x000000000102784c                _fini
 .fini          0x0000000001027850        0x8 g:/xilinx/vitis/2019.2/gnu/aarch32/nt/gcc-arm-none-eabi/bin/../lib/gcc/arm-none-eabi/8.2.0/thumb/v7-a+fp/hard/crtn.o

.rodata         0x0000000001027860    0x44998
                0x0000000001027860                __rodata_start = .
 *(.rodata)
 .rodata        0x0000000001027860       0x18 ./src/fabric_config.o
                0x0000000001027860                fabcfg_dummy_tests
 .rodata        0x0000000001027878      0x30c ./src/spi_commands.o
                0x0000000001027878                spi_command_defs
 *fill*         0x0000000001027b84       0x1c 
 .rodata        0x0000000001027ba0    0x40000 ./src/test_patterns.o
                0x0000000001027ba0                testpatt_norway_512x512_grey
 .rodata        0x0000000001067ba0       0x54 C:\Users\Tom\Documents\Projects\Scopy_MVP_Platform\scopy-fpga\main\ps7_cortexa9_0\standalone_domain\bsp\ps7_cortexa9_0\lib\libxil.a(xttcps_options.o)
 .rodata        0x0000000001067bf4       0x30 C:\Users\Tom\Documents\Projects\Scopy_MVP_Platform\scopy-fpga\main\ps7_cortexa9_0\standalone_domain\bsp\ps7_cortexa9_0\lib\libxil.a(xspips_options.o)
 .rodata        0x0000000001067c24        0x4 g:/xilinx/vitis/2019.2/gnu/aarch32/nt/gcc-arm-none-eabi/bin/../arm-none-eabi/libc/usr/lib/thumb/v7-a+fp/hard\libc.a(lib_a-impure.o)
                0x0000000001067c24                _global_impure_ptr
 .rodata        0x0000000001067c28      0x188 g:/xilinx/vitis/2019.2/gnu/aarch32/nt/gcc-arm-none-eabi/bin/../arm-none-eabi/libc/usr/lib/thumb/v7-a+fp/hard\libc.a(lib_a-locale.o)
                0x0000000001067c44                __C_locale
 .rodata        0x0000000001067db0       0x90 g:/xilinx/vitis/2019.2/gnu/aarch32/nt/gcc-arm-none-eabi/bin/../arm-none-eabi/libc/usr/lib/thumb/v7-a+fp/hard\libc.a(lib_a-mbtowc_r.o)
 .rodata        0x0000000001067e40       0x20 g:/xilinx/vitis/2019.2/gnu/aarch32/nt/gcc-arm-none-eabi/bin/../arm-none-eabi/libc/usr/lib/thumb/v7-a+fp/hard\libc.a(lib_a-svfprintf.o)
 .rodata        0x0000000001067e60       0x20 g:/xilinx/vitis/2019.2/gnu/aarch32/nt/gcc-arm-none-eabi/bin/../arm-none-eabi/libc/usr/lib/thumb/v7-a+fp/hard\libc.a(lib_a-vfprintf.o)
 .rodata        0x0000000001067e80      0x101 g:/xilinx/vitis/2019.2/gnu/aarch32/nt/gcc-arm-none-eabi/bin/../arm-none-eabi/libc/usr/lib/thumb/v7-a+fp/hard\libc.a(lib_a-ctype_.o)
                0x0000000001067e80                _ctype_
 *fill*         0x0000000001067f81        0x7 
 .rodata        0x0000000001067f88      0x128 g:/xilinx/vitis/2019.2/gnu/aarch32/nt/gcc-arm-none-eabi/bin/../arm-none-eabi/libc/usr/lib/thumb/v7-a+fp/hard\libc.a(lib_a-mprec.o)
                0x0000000001067f98                __mprec_tens
                0x0000000001068060                __mprec_tinytens
                0x0000000001068088                __mprec_bigtens
 .rodata        0x00000000010680b0       0x20 g:/xilinx/vitis/2019.2/gnu/aarch32/nt/gcc-arm-none-eabi/bin/../arm-none-eabi/libc/usr/lib/thumb/v7-a+fp/hard\libc.a(lib_a-svfiprintf.o)
 .rodata        0x00000000010680d0       0x20 g:/xilinx/vitis/2019.2/gnu/aarch32/nt/gcc-arm-none-eabi/bin/../arm-none-eabi/libc/usr/lib/thumb/v7-a+fp/hard\libc.a(lib_a-vfiprintf.o)
 *(.rodata.*)
 .rodata.str1.4
                0x00000000010680f0       0x51 ./src/acq_hacks.o
 *fill*         0x0000000001068141        0x3 
 .rodata.str1.4
                0x0000000001068144     0x17d7 ./src/acquire.o
                                       0x17db (size before relaxing)
 *fill*         0x000000000106991b        0x1 
 .rodata.str1.4
                0x000000000106991c      0x376 ./src/clkwiz_interface.o
                                        0x3a6 (size before relaxing)
 *fill*         0x0000000001069c92        0x2 
 .rodata.str1.4
                0x0000000001069c94      0x31b ./src/dma_bd.o
                                        0x35b (size before relaxing)
 *fill*         0x0000000001069faf        0x1 
 .rodata.str1.4
                0x0000000001069fb0      0x23a ./src/fabric_config.o
                                        0x23e (size before relaxing)
 *fill*         0x000000000106a1ea        0x2 
 .rodata.str1.4
                0x000000000106a1ec      0x55f ./src/hal.o
                                        0x58f (size before relaxing)