Archive member included to satisfy reference by file (symbol)

C:\Users\Tom\Documents\Projects\Scopy_MVP_Platform\scopy-fpga\main\ps7_cortexa9_0\standalone_domain\bsp\ps7_cortexa9_0\lib\libxil.a(xaxidma.o)
                              ./src/acquire.o (XAxiDma_Reset)
C:\Users\Tom\Documents\Projects\Scopy_MVP_Platform\scopy-fpga\main\ps7_cortexa9_0\standalone_domain\bsp\ps7_cortexa9_0\lib\libxil.a(xaxidma_sinit.o)
                              ./src/acquire.o (XAxiDma_LookupConfig)
C:\Users\Tom\Documents\Projects\Scopy_MVP_Platform\scopy-fpga\main\ps7_cortexa9_0\standalone_domain\bsp\ps7_cortexa9_0\lib\libxil.a(xaxidma_selftest.o)
                              ./src/mipi_csi.o (XAxiDma_Selftest)
C:\Users\Tom\Documents\Projects\Scopy_MVP_Platform\scopy-fpga\main\ps7_cortexa9_0\standalone_domain\bsp\ps7_cortexa9_0\lib\libxil.a(xaxidma_bdring.o)
                              C:\Users\Tom\Documents\Projects\Scopy_MVP_Platform\scopy-fpga\main\ps7_cortexa9_0\standalone_domain\bsp\ps7_cortexa9_0\lib\libxil.a(xaxidma.o) (XAxiDma_BdRingStart)
C:\Users\Tom\Documents\Projects\Scopy_MVP_Platform\scopy-fpga\main\ps7_cortexa9_0\standalone_domain\bsp\ps7_cortexa9_0\lib\libxil.a(xaxidma_g.o)
                              C:\Users\Tom\Documents\Projects\Scopy_MVP_Platform\scopy-fpga\main\ps7_cortexa9_0\standalone_domain\bsp\ps7_cortexa9_0\lib\libxil.a(xaxidma_sinit.o) (XAxiDma_ConfigTable)
C:\Users\Tom\Documents\Projects\Scopy_MVP_Platform\scopy-fpga\main\ps7_cortexa9_0\standalone_domain\bsp\ps7_cortexa9_0\lib\libxil.a(xclk_wiz.o)
                              ./src/clkwiz_interface.o (XClk_Wiz_CfgInitialize)
C:\Users\Tom\Documents\Projects\Scopy_MVP_Platform\scopy-fpga\main\ps7_cortexa9_0\standalone_domain\bsp\ps7_cortexa9_0\lib\libxil.a(xclk_wiz_sinit.o)
                              ./src/clkwiz_interface.o (XClk_Wiz_LookupConfig)
C:\Users\Tom\Documents\Projects\Scopy_MVP_Platform\scopy-fpga\main\ps7_cortexa9_0\standalone_domain\bsp\ps7_cortexa9_0\lib\libxil.a(xgpiops.o)
                              ./src/hal.o (XGpioPs_CfgInitialize)
C:\Users\Tom\Documents\Projects\Scopy_MVP_Platform\scopy-fpga\main\ps7_cortexa9_0\standalone_domain\bsp\ps7_cortexa9_0\lib\libxil.a(xgpiops_sinit.o)
                              ./src/hal.o (XGpioPs_LookupConfig)
C:\Users\Tom\Documents\Projects\Scopy_MVP_Platform\scopy-fpga\main\ps7_cortexa9_0\standalone_domain\bsp\ps7_cortexa9_0\lib\libxil.a(xgpiops_intr.o)
                              C:\Users\Tom\Documents\Projects\Scopy_MVP_Platform\scopy-fpga\main\ps7_cortexa9_0\standalone_domain\bsp\ps7_cortexa9_0\lib\libxil.a(xgpiops.o) (StubHandler)
C:\Users\Tom\Documents\Projects\Scopy_MVP_Platform\scopy-fpga\main\ps7_cortexa9_0\standalone_domain\bsp\ps7_cortexa9_0\lib\libxil.a(xgpiops_g.o)
                              C:\Users\Tom\Documents\Projects\Scopy_MVP_Platform\scopy-fpga\main\ps7_cortexa9_0\standalone_domain\bsp\ps7_cortexa9_0\lib\libxil.a(xgpiops_sinit.o) (XGpioPs_ConfigTable)
C:\Users\Tom\Documents\Projects\Scopy_MVP_Platform\scopy-fpga\main\ps7_cortexa9_0\standalone_domain\bsp\ps7_cortexa9_0\lib\libxil.a(xscugic_intr.o)
                              ./src/hal.o (XScuGic_InterruptHandler)
C:\Users\Tom\Documents\Projects\Scopy_MVP_Platform\scopy-fpga\main\ps7_cortexa9_0\standalone_domain\bsp\ps7_cortexa9_0\lib\libxil.a(xscugic.o)
                              ./src/acquire.o (XScuGic_Connect)
C:\Users\Tom\Documents\Projects\Scopy_MVP_Platform\scopy-fpga\main\ps7_cortexa9_0\standalone_domain\bsp\ps7_cortexa9_0\lib\libxil.a(xscugic_sinit.o)
                              ./src/hal.o (XScuGic_LookupConfig)
C:\Users\Tom\Documents\Projects\Scopy_MVP_Platform\scopy-fpga\main\ps7_cortexa9_0\standalone_domain\bsp\ps7_cortexa9_0\lib\libxil.a(xscugic_selftest.o)
                              ./src/hal.o (XScuGic_SelfTest)
C:\Users\Tom\Documents\Projects\Scopy_MVP_Platform\scopy-fpga\main\ps7_cortexa9_0\standalone_domain\bsp\ps7_cortexa9_0\lib\libxil.a(xscutimer.o)
                              ./src/hal.o (XScuTimer_CfgInitialize)
C:\Users\Tom\Documents\Projects\Scopy_MVP_Platform\scopy-fpga\main\ps7_cortexa9_0\standalone_domain\bsp\ps7_cortexa9_0\lib\libxil.a(xscutimer_selftest.o)
                              ./src/hal.o (XScuTimer_SelfTest)
C:\Users\Tom\Documents\Projects\Scopy_MVP_Platform\scopy-fpga\main\ps7_cortexa9_0\standalone_domain\bsp\ps7_cortexa9_0\lib\libxil.a(xscutimer_sinit.o)
                              ./src/hal.o (XScuTimer_LookupConfig)
C:\Users\Tom\Documents\Projects\Scopy_MVP_Platform\scopy-fpga\main\ps7_cortexa9_0\standalone_domain\bsp\ps7_cortexa9_0\lib\libxil.a(xscutimer_g.o)
                              C:\Users\Tom\Documents\Projects\Scopy_MVP_Platform\scopy-fpga\main\ps7_cortexa9_0\standalone_domain\bsp\ps7_cortexa9_0\lib\libxil.a(xscutimer_sinit.o) (XScuTimer_ConfigTable)
C:\Users\Tom\Documents\Projects\Scopy_MVP_Platform\scopy-fpga\main\ps7_cortexa9_0\standalone_domain\bsp\ps7_cortexa9_0\lib\libxil.a(xspips.o)
[...]
Memory Configuration

Name             Origin             Length             Attributes
ps7_ram_0        0x0000000001000000 0x000000000fffffff
ocm2             0x00000000ffff0000 0x000000000000fe00
ocm1             0x0000000000000000 0x0000000000030000
*default*        0x0000000000000000 0xffffffffffffffff

Linker script and memory map

LOAD g:/xilinx/vitis/2019.2/gnu/aarch32/nt/gcc-arm-none-eabi/bin/../lib/gcc/arm-none-eabi/8.2.0/thumb/v7-a+fp/hard/crti.o
LOAD g:/xilinx/vitis/2019.2/gnu/aarch32/nt/gcc-arm-none-eabi/bin/../lib/gcc/arm-none-eabi/8.2.0/thumb/v7-a+fp/hard/crtbegin.o
                0x0000000000010000                _STACK_SIZE = DEFINED (_STACK_SIZE)?_STACK_SIZE:0x10000
                0x000000000d800000                _HEAP_SIZE = DEFINED (_HEAP_SIZE)?_HEAP_SIZE:0xd800000
                0x0000000000000400                _ABORT_STACK_SIZE = DEFINED (_ABORT_STACK_SIZE)?_ABORT_STACK_SIZE:0x400
                0x0000000000000800                _SUPERVISOR_STACK_SIZE = DEFINED (_SUPERVISOR_STACK_SIZE)?_SUPERVISOR_STACK_SIZE:0x800
                0x0000000000000400                _IRQ_STACK_SIZE = DEFINED (_IRQ_STACK_SIZE)?_IRQ_STACK_SIZE:0x400
                0x0000000000000400                _FIQ_STACK_SIZE = DEFINED (_FIQ_STACK_SIZE)?_FIQ_STACK_SIZE:0x400
                0x0000000000000400                _UNDEF_STACK_SIZE = DEFINED (_UNDEF_STACK_SIZE)?_UNDEF_STACK_SIZE:0x400

.text           0x0000000001000000    0x275c8
 *(.vectors)
 .vectors       0x0000000001000000      0x12c C:\Users\Tom\Documents\Projects\Scopy_MVP_Platform\scopy-fpga\main\ps7_cortexa9_0\standalone_domain\bsp\ps7_cortexa9_0\lib\libxil.a(asm_vectors.o)
                0x0000000001000000                _vector_table
 *(.boot)
 .boot          0x000000000100012c      0x3b0 C:\Users\Tom\Documents\Projects\Scopy_MVP_Platform\scopy-fpga\main\ps7_cortexa9_0\standalone_domain\bsp\ps7_cortexa9_0\lib\libxil.a(boot.o)
                0x000000000100012c                _prestart
                0x000000000100012c                _boot
 *(.text)
 .text          0x00000000010004dc        0x0 g:/xilinx/vitis/2019.2/gnu/aarch32/nt/gcc-arm-none-eabi/bin/../lib/gcc/arm-none-eabi/8.2.0/thumb/v7-a+fp/hard/crti.o
 .text          0x00000000010004dc       0xa8 g:/xilinx/vitis/2019.2/gnu/aarch32/nt/gcc-arm-none-eabi/bin/../lib/gcc/arm-none-eabi/8.2.0/thumb/v7-a+fp/hard/crtbegin.o
 .text          0x0000000001000584     0x150c ./src/Collections-C/src/array.o
                0x0000000001000584                array_new
                0x0000000001000608                array_new_conf
                0x00000000010006e0                array_conf_init
                0x0000000001000718                array_destroy
                0x000000000100073c                array_destroy_cb
                0x0000000001000790                array_add
                0x000000000100083c                array_add_at
                0x00000000010009d8                array_replace_at
                0x0000000001000a1c                array_swap_at
                0x0000000001000a64                array_remove
                0x0000000001000b10                array_remove_at
                0x0000000001000b84                array_remove_last
                0x0000000001000bbc                array_remove_all
                0x0000000001000bc8                array_remove_all_free
                0x0000000001000c08                array_get_at
                0x0000000001000c28                array_get_last
                0x0000000001000c4c                array_get_buffer
                0x0000000001000c54                array_index_of
                0x0000000001000cac                array_subarray
                0x0000000001000d70                array_copy_shallow
                0x0000000001000e10                array_copy_deep
                0x0000000001000edc                array_filter_mut
                0x0000000001000fac                array_filter
                0x00000000010010bc                array_reverse
                0x0000000001001110                array_trim_capacity
                0x0000000001001188                array_contains
                0x00000000010011bc                array_contains_value
                0x0000000001001210                array_size
                0x0000000001001218                array_capacity
                0x0000000001001220                array_sort
                0x0000000001001238                array_map
                0x0000000001001274                array_reduce
                0x00000000010012f0                array_iter_init
                0x0000000001001300                array_iter_next
                0x0000000001001348                array_iter_remove
                0x00000000010013d4                array_iter_add
                0x0000000001001574                array_iter_replace
                0x00000000010015c4                array_iter_index
                0x00000000010015d0                array_zip_iter_init
                0x00000000010015e0                array_zip_iter_next
                0x0000000001001648                array_zip_iter_remove
                0x0000000001001744                array_zip_iter_add
                0x00000000010019e4                array_zip_iter_replace
                0x0000000001001a84                array_zip_iter_index
 .text          0x0000000001001a90        0x4 ./src/Collections-C/src/common.o
                0x0000000001001a90                cc_common_cmp_str
 .text          0x0000000001001a94     0x19a0 ./src/Collections-C/src/deque.o
                0x0000000001001b4c                deque_new
                0x0000000001001bd8                deque_new_conf
                0x0000000001001c8c                deque_conf_init
                0x0000000001001cb4                deque_destroy
                0x0000000001001cd8                deque_destroy_cb
                0x0000000001001d4c                deque_add
                0x0000000001001db0                deque_add_first
                0x0000000001001e90                deque_add_last
                0x0000000001001ef4                deque_add_at
                0x0000000001002180                deque_replace_at
                0x00000000010021d8                deque_remove_at
                0x00000000010023d4                deque_remove
                0x0000000001002440                deque_remove_first
                0x0000000001002490                deque_remove_last
                0x00000000010024e0                deque_remove_all
                0x00000000010024f4                deque_remove_all_cb
                0x0000000001002550                deque_get_at
                0x0000000001002594                deque_get_first
                0x00000000010025bc                deque_get_last
                0x00000000010025f4                deque_copy_shallow
                0x00000000010026cc                deque_copy_deep
                0x0000000001002810                deque_trim_capacity
                0x0000000001002900                deque_reverse
                0x000000000100295c                deque_contains
                0x00000000010029a8                deque_contains_value
                0x0000000001002a10                deque_index_of
                0x0000000001002a7c                deque_size
                0x0000000001002a84                deque_capacity
                0x0000000001002a8c                deque_get_buffer
                0x0000000001002a94                deque_foreach
                0x0000000001002ae0                deque_filter_mut
                0x0000000001002d04                deque_filter
                0x0000000001002e38                deque_iter_init
                0x0000000001002e48                deque_iter_next
                0x0000000001002eb4                deque_iter_remove
                0x00000000010030c4                deque_iter_add
                0x00000000010030e8                deque_iter_replace
                0x0000000001003148                deque_iter_index
                0x0000000001003154                deque_zip_iter_init
                0x0000000001003164                deque_zip_iter_next
                0x0000000001003210                deque_zip_iter_add
                0x00000000010032cc                deque_zip_iter_remove
                0x000000000100335c                deque_zip_iter_replace
                0x0000000001003428                deque_zip_iter_index
 .text          0x0000000001003434      0x1b0 ./src/Collections-C/src/hashset.o
                0x0000000001003434                hashset_conf_init
                0x0000000001003438                hashset_new
                0x00000000010034c4                hashset_new_conf
                0x000000000100354c                hashset_destroy
                0x000000000100356c                hashset_add
                0x0000000001003574                hashset_remove
                0x000000000100357c                hashset_remove_all
                0x0000000001003584                hashset_contains
                0x000000000100358c                hashset_size
                0x0000000001003594                hashset_capacity
                0x000000000100359c                hashset_foreach
                0x00000000010035a4                hashset_iter_init
                0x00000000010035ac                hashset_iter_next
                0x00000000010035e0                hashset_iter_remove
 .text          0x00000000010035e4      0xde0 ./src/Collections-C/src/hashtable.o
                0x00000000010035e4                hashtable_hash_string
                0x0000000001003618                hashtable_new
                0x00000000010036d4                hashtable_new_conf
                0x00000000010037c0                hashtable_conf_init
                0x0000000001003820                hashtable_destroy
                0x000000000100388c                hashtable_add
                0x0000000001003a94                hashtable_get
                0x0000000001003b54                hashtable_remove
                0x0000000001003cc8                hashtable_remove_all
                0x0000000001003d3c                hashtable_size
                0x0000000001003d44                hashtable_capacity
                0x0000000001003d4c                hashtable_contains_key
                0x0000000001003dc0                hashtable_get_values
                0x0000000001003e84                hashtable_get_keys
                0x0000000001003f48                hashtable_foreach_key
                0x0000000001003f9c                hashtable_foreach_value
                0x0000000001003ff0                hashtable_iter_init
                0x0000000001004050                hashtable_iter_next
                0x00000000010040e4                hashtable_iter_remove
                0x00000000010040f8                hashtable_hash
                0x0000000001004360                hashtable_hash_ptr
 .text          0x00000000010043c4     0x2068 ./src/Collections-C/src/list.o
                0x0000000001004724                list_conf_init
                0x0000000001004744                list_new
                0x0000000001004798                list_new_conf
                0x00000000010047dc                list_destroy
                0x0000000001004894                list_destroy_cb
                0x000000000100499c                list_add
                0x00000000010049f8                list_add_first
                0x0000000001004a58                list_add_last
                0x0000000001004ab4                list_add_at
                0x0000000001004b9c                list_add_all
                0x0000000001004c80                list_add_all_at
                0x0000000001004cb8                list_splice
                0x0000000001004d7c                list_splice_at
                0x0000000001004f04                list_remove
                0x0000000001004f88                list_remove_at
                0x0000000001005040                list_remove_first
                0x00000000010050b4                list_remove_last
                0x0000000001005128                list_remove_all
                0x00000000010051d0                list_remove_all_cb
                0x00000000010052d8                list_replace_at
                0x0000000001005364                list_get_first
                0x0000000001005384                list_get_last
                0x00000000010053a4                list_get_at
                0x000000000100541c                list_reverse
                0x000000000100550c                list_sublist
                0x0000000001005704                list_copy_shallow
                0x0000000001005870                list_copy_deep
                0x00000000010059e8                list_to_array
                0x0000000001005a5c                list_contains
                0x0000000001005a90                list_contains_value
                0x0000000001005ae0                list_index_of
                0x0000000001005b38                list_size
                0x0000000001005b40                list_sort
                0x0000000001005bf8                list_sort_in_place
                0x0000000001005c08                list_foreach
                0x0000000001005c34                list_filter_mut
                0x0000000001005cc8                list_filter
                0x0000000001005da4                list_iter_init
                0x0000000001005dc0                list_iter_remove
                0x0000000001005e44                list_iter_add
                0x0000000001005ee8                list_iter_replace
                0x0000000001005f14                list_iter_index
                0x0000000001005f20                list_iter_next
                0x0000000001005f64                list_diter_init
                0x0000000001005f84                list_diter_add
                0x0000000001006018                list_diter_remove
                0x000000000100609c                list_diter_replace
                0x00000000010060c8                list_diter_index
                0x00000000010060d4                list_diter_next
                0x0000000001006118                list_zip_iter_init
                0x0000000001006148                list_zip_iter_next
                0x00000000010061b4                list_zip_iter_add
                0x00000000010062f4                list_zip_iter_remove
                0x00000000010063d0                list_zip_iter_replace
                0x0000000001006420                list_zip_iter_index
 .text          0x000000000100642c      0x4e0 ./src/Collections-C/src/pqueue.o
                0x000000000100642c                pqueue_conf_init
                0x0000000001006468                pqueue_new
                0x00000000010064f4                pqueue_new_conf
                0x00000000010065dc                pqueue_destroy
                0x0000000001006600                pqueue_destroy_cb
                0x0000000001006654                pqueue_push
                0x0000000001006770                pqueue_top
                0x0000000001006790                pqueue_pop
 .text          0x000000000100690c      0x184 ./src/Collections-C/src/queue.o
                0x000000000100690c                queue_conf_init
                0x0000000001006910                queue_new
                0x0000000001006990                queue_new_conf
                0x0000000001006a08                queue_destroy
                0x0000000001006a28                queue_destroy_cb
                0x0000000001006a44                queue_peek
                0x0000000001006a4c                queue_poll
                0x0000000001006a54                queue_enqueue
                0x0000000001006a5c                queue_size
                0x0000000001006a64                queue_foreach
                0x0000000001006a6c                queue_iter_init
                0x0000000001006a74                queue_iter_next
                0x0000000001006a78                queue_iter_replace
                0x0000000001006a7c                queue_zip_iter_init
                0x0000000001006a88                queue_zip_iter_next
                0x0000000001006a8c                queue_zip_iter_replace
 .text          0x0000000001006a90      0x258 ./src/Collections-C/src/ring_buffer.o
                0x0000000001006a90                rbuf_new
                0x0000000001006b20                rbuf_conf_new
                0x0000000001006bb4                rbuf_conf_init
                0x0000000001006bdc                rbuf_destroy
                0x0000000001006c00                rbuf_is_empty
                0x0000000001006c10                rbuf_size
                0x0000000001006c18                rbuf_enqueue
                0x0000000001006c80                rbuf_dequeue
                0x0000000001006cd8                rbuf_peek
 .text          0x0000000001006ce8     0x16e0 ./src/Collections-C/src/slist.o
                0x0000000001006ce8                slist_conf_init
                0x0000000001006d08                slist_new
                0x0000000001006d5c                slist_new_conf
                0x0000000001006da0                slist_destroy
                0x0000000001006dfc                slist_destroy_cb
                0x0000000001006e94                slist_add
                0x0000000001006eec                slist_add_first
                0x0000000001006f48                slist_add_last
                0x0000000001006fa0                slist_add_at
                0x0000000001007054                slist_add_all
                0x0000000001007138                slist_add_all_at
                0x0000000001007260                slist_splice
                0x00000000010072b8                slist_splice_at
                0x0000000001007358                slist_remove
                0x000000000100741c                slist_remove_at
                0x00000000010074c0                slist_remove_first
                0x0000000001007520                slist_remove_last
                0x00000000010075c4                slist_remove_all
                0x0000000001007620                slist_remove_all_cb
                0x00000000010076b8                slist_replace_at
                0x0000000001007704                slist_get_first
                0x0000000001007724                slist_get_last
                0x0000000001007744                slist_get_at
                0x0000000001007788                slist_size
                0x0000000001007790                slist_reverse
                0x00000000010077d4                slist_sublist
                0x00000000010079ac                slist_copy_shallow
                0x0000000001007ad0                slist_copy_deep
                0x0000000001007bfc                slist_contains
                0x0000000001007c30                slist_contains_value
                0x0000000001007c80                slist_index_of
                0x0000000001007cd0                slist_to_array
                0x0000000001007d34                slist_sort
                0x0000000001007de8                slist_foreach
                0x0000000001007e14                slist_filter
                0x0000000001007ee8                slist_filter_mut
                0x0000000001007f70                slist_iter_init
                0x0000000001007f8c                slist_iter_remove
                0x0000000001008018                slist_iter_add
                0x0000000001008088                slist_iter_replace
                0x00000000010080b4                slist_iter_next
                0x0000000001008104                slist_iter_index
                0x0000000001008110                slist_zip_iter_init
                0x0000000001008140                slist_zip_iter_next
                0x00000000010081bc                slist_zip_iter_add
                0x0000000001008290                slist_zip_iter_remove
                0x000000000100836c                slist_zip_iter_replace
                0x00000000010083bc                slist_zip_iter_index
 .text          0x00000000010083c8      0x194 ./src/Collections-C/src/stack.o
                0x00000000010083c8                stack_conf_init
                0x00000000010083cc                stack_new
                0x0000000001008454                stack_new_conf
                0x00000000010084d4                stack_destroy
                0x00000000010084f4                stack_destroy_cb
                0x0000000001008510                stack_push
                0x0000000001008518                stack_peek
                0x0000000001008520                stack_pop
                0x0000000001008528                stack_size
                0x0000000001008530                stack_map
                0x0000000001008538                stack_iter_init
                0x0000000001008540                stack_iter_next
                0x0000000001008544                stack_iter_replace
                0x0000000001008548                stack_zip_iter_init
                0x0000000001008554                stack_zip_iter_next
                0x0000000001008558                stack_zip_iter_replace
 .text          0x000000000100855c      0x22c ./src/Collections-C/src/treeset.o
                0x000000000100855c                treeset_conf_init
                0x0000000001008560                treeset_new
                0x00000000010085f4                treeset_new_conf
                0x000000000100867c                treeset_destroy
                0x000000000100869c                treeset_add
                0x00000000010086a4                treeset_remove
                0x00000000010086c0                treeset_remove_all
                0x00000000010086c8                treeset_get_first
                0x00000000010086e4                treeset_get_last
                0x0000000001008700                treeset_get_greater_than
                0x000000000100871c                treeset_get_lesser_than
                0x0000000001008738                treeset_contains
                0x0000000001008740                treeset_size
                0x0000000001008748                treeset_foreach
                0x0000000001008750                treeset_iter_init
                0x0000000001008758                treeset_iter_next
                0x0000000001008784                treeset_iter_remove
 .text          0x0000000001008788     0x1ec0 ./src/Collections-C/src/treetable.o
                0x0000000001008d08                treetable_conf_init
                0x0000000001008d30                treetable_new
                0x0000000001008dc4                treetable_new_conf
                0x0000000001008e5c                treetable_destroy
                0x0000000001009470                treetable_get
                0x00000000010094ec                treetable_get_first_value
                0x0000000001009520                treetable_get_last_value
                0x0000000001009554                treetable_get_first_key
                0x0000000001009588                treetable_get_last_key
                0x00000000010095bc                treetable_get_greater_than
                0x00000000010096b4                treetable_get_lesser_than
                0x00000000010097a8                treetable_size
                0x00000000010097b0                treetable_contains_key
                0x0000000001009824                treetable_contains_value
                0x00000000010098dc                treetable_add
                0x0000000001009bd8                treetable_remove
                0x0000000001009c68                treetable_remove_first
                0x0000000001009cb4                treetable_remove_last
                0x0000000001009cec                treetable_remove_all
                0x000000000100a2f4                treetable_foreach_key
                0x000000000100a3a0                treetable_foreach_value
                0x000000000100a44c                treetable_iter_init
                0x000000000100a47c                treetable_iter_next
                0x000000000100a520                treetable_iter_remove
                0x000000000100a564                treetable_assert_rb_rules
 .text          0x000000000100a648      0x3d0 ./src/acq_ctrl.o
                0x000000000100a648                acq_ctrl_init
                0x000000000100a6ac                acq_ctrl_setup_auto_period
                0x000000000100a710                acq_ctrl_start
                0x000000000100a738                acq_ctrl_stop
                0x000000000100a74c                acq_ctrl_tick
                0x000000000100a9f8                acq_ctrl_reset
 .text          0x000000000100aa18       0x74 ./src/acq_hacks.o
                0x000000000100aa18                acq_hacks_init
                0x000000000100aa88                acq_hacks_run
 *fill*         0x000000000100aa8c        0x4 
 .text          0x000000000100aa90     0x2c04 ./src/acquire.o
                0x000000000100aa90                _acq_irq_fifo_gen_rst
                0x000000000100ac14                _acq_irq_error_dma
                0x000000000100ac98                _acq_reset_PL_fifo
                0x000000000100acd8                _acq_reset_trigger
                0x000000000100ad04                _acq_wait_for_ndone
                0x000000000100ad1c                _acq_fast_dma_start
                0x000000000100ad44                _acq_core_dma_start
                0x000000000100ad9c                acq_write_training
                0x000000000100ae54                acq_init
                0x000000000100b018                acq_get_next_alloc
                0x000000000100b0d4                acq_append_next_alloc
                0x000000000100b214                acq_free_all_alloc_core
                0x000000000100b278                acq_free_all_alloc
                0x000000000100b370                acq_rewind
                0x000000000100b3dc                acq_swap
                0x000000000100b4b4                acq_prepare_triggered
                0x000000000100ba5c                acq_start
                0x000000000100bbd0                acq_stop
                0x000000000100bc40                acq_abort_done
                0x000000000100bc60                acq_is_done
                0x000000000100bc7c                acq_make_status
                0x000000000100bd1c                acq_debug_dump
                0x000000000100c3b0                _acq_irq_rx_handler
                0x000000000100cb8c                acq_debug_ll_dump
                0x000000000100cc20                acq_debug_dump_waveraw
                0x000000000100ccc0                acq_get_ll_pointer
                0x000000000100cd78                acq_get_ll_pointer_in_base
                0x000000000100cddc                acq_next_ll_pointer
                0x000000000100ce38                acq_debug_dump_wave_pointer
                0x000000000100d090                acq_debug_dump_wave
                0x000000000100d150                acq_copy_slow_mipi
                0x000000000100d300                acq_dma_address_helper
                0x000000000100d3d8                acq_dma_address_helper_debug
                0x000000000100d490                acq_dma_clipped_address_helper
                0x000000000100d60c                acq_get_wave_size_bytes
                0x000000000100d63c                acq_get_wave_bit_depth
                0x000000000100d66c                acq_get_wave_bit_packed_depth
 *fill*         0x000000000100d694        0x4 
 .text          0x000000000100d698      0x6d0 ./src/clkwiz_interface.o
                0x000000000100d698                clkwiz_init
                0x000000000100d76c                clkwiz_change_mipi_freq
                0x000000000100da5c                clkwiz_dump_state
                0x000000000100dcd4                clkwiz_commit
 .text          0x000000000100dd68     0x13c4 ./src/dma_bd.o
                0x000000000100dd68                dma_bd_init
                0x000000000100dddc                dma_bd_create_ring
                0x000000000100dfb8                dma_bd_destroy_ring
                0x000000000100e06c                dma_bd_allocate
                0x000000000100e248                dma_bd_free_from
                0x000000000100e2ac                dma_bd_free
                0x000000000100e320                dma_bd_trim
                0x000000000100e398                dma_bd_rewind
                0x000000000100e3d8                dma_bd_add_raw_sg_entry
                0x000000000100e5a4                dma_bd_add_large_sg_entry
                0x000000000100e7c4                dma_bd_add_zero_sg_entry
                0x000000000100e9e4                dma_bd_flush_to_ram
                0x000000000100ea10                dma_bd_finalise
                0x000000000100ea44                dma_bd_debug_dump
                0x000000000100ecf0                dma_bd_start
                0x000000000100edbc                dma_bd_test
 .text          0x000000000100f12c      0x328 ./src/fabric_config.o
                0x000000000100f12c                fabcfg_dump_state
                0x000000000100f2f0                fabcfg_init
 *fill*         0x000000000100f454        0x4 
 .text          0x000000000100f458     0x119c ./src/hal.o
                0x000000000100f458                irq_xscutimer
                0x000000000100f6e0                d_xilinx_assert
                0x000000000100f6f8                gpio_set_ps_irq_direction
                0x000000000100f7cc                gpio_write_ps_irq
                0x000000000100f830                gpio_read_ps_irq
                0x000000000100f89c                bogo_calibrate
                0x000000000100fa54                bogo_delay
                0x000000000100fab8                d_printf
                0x000000000100fc90                d_waitkey
                0x000000000100fc9c                d_iskeypress
                0x000000000100fcbc                d_getkey
                0x000000000100fcdc                d_read_global_timer
                0x000000000100fd04                d_start_timing
                0x000000000100fd74                d_stop_timing
                0x000000000100fe04                d_read_timing
                0x000000000100fe60                d_read_timing_us
                0x000000000100fee0                d_dump_timing
                0x000000000100ff98                d_dump_timing_ex
                0x000000000100ffd8                d_dump_malloc_info
                0x00000000010100ac                hal_init
                0x00000000010105d4                d_trap_handle
 .text          0x00000000010105f4        0x0 ./src/main.o
 *fill*         0x00000000010105f4        0x4 
 .text          0x00000000010105f8      0x86c ./src/mipi_csi.o
                0x00000000010105f8                mipi_csi_init
                0x0000000001010800                mipi_csi_set_datatype_and_frame_wct
                0x000000000101086c                mipi_csi_generate_sg_list_for_waves
                0x0000000001010b84                mipi_csi_process_queue_item
                0x0000000001010cb8                mipi_csi_tick
                0x0000000001010d74                mipi_csi_get_status
                0x0000000001010df0                mipi_csi_get_size_report
                0x0000000001010e40                mcsi_get_task_done
 .text          0x0000000001010e64      0x378 ./src/mipi_csi_hw.o
                0x0000000001010e64                mipi_csi_send_fifo_reset
                0x0000000001010e88                mipi_csi_send_sof
                0x0000000001010f48                mipi_csi_send_eof
                0x0000000001010fe0                mipi_csi_stop
                0x0000000001011080                mipi_csi_transfer_packet
 .text          0x00000000010111dc       0x14 ./src/platform.o
                0x00000000010111dc                enable_caches
                0x00000000010111e0                disable_caches
                0x00000000010111e4                init_uart
                0x00000000010111e8                init_platform
                0x00000000010111ec                cleanup_platform
 .text          0x00000000010111f0     0x1398 ./src/spi.o
                0x00000000010111f0                spi_isr_handler
                0x0000000001011594                spi_init
                0x00000000010119d0                spi_reset_hw
                0x0000000001011a04                spi_crc_lut_gen
                0x0000000001011a8c                spi_command_lut_gen
                0x0000000001011b54                spi_transmit_packet_nonblock
                0x0000000001011ca4                spi_command_find_free_slot
                0x0000000001011cec                spi_command_count_allocated
                0x0000000001011d18                spi_command_pack_response_simple
                0x0000000001011da8                spi_command_pack_response_pre_alloc
                0x0000000001011e0c                spi_command_tick
 .text          0x0000000001012588      0xa20 ./src/spi_commands.o
                0x0000000001012588                spicmd_csi_setup_addr_range
                0x000000000101258c                spicmd_hello
                0x00000000010125bc                spicmd_version
                0x00000000010125cc                spicmd_stats
                0x0000000001012634                spicmd_acq_setup_trigd
                0x00000000010126b0                spicmd_acq_start
                0x00000000010126dc                spicmd_acq_rewind
                0x00000000010126e0                spicmd_acq_status
                0x000000000101270c                spicmd_trig_configure_edge
                0x0000000001012738                spicmd_trig_configure_always
                0x000000000101273c                spicmd_trig_force
                0x0000000001012740                spicmd_trig_arm
                0x0000000001012744                spicmd_trig_disarm
                0x0000000001012748                spicmd_csi_setup_testpatt
                0x0000000001012e7c                spicmd_csi_set_params
                0x0000000001012ebc                spicmd_csi_stream_stop
                0x0000000001012ec0                spicmd_csi_status
                0x0000000001012eec                spicmd_ac_setup_acq_and_stream
                0x0000000001012f18                spicmd_ac_stop
                0x0000000001012f1c                spicmd_ac_start
                0x0000000001012f40                spicmd_ac_reset
                0x0000000001012f5c                spicmd_acq_stop
                0x0000000001012f94                spicmd_csi_setup_trigpos_all
                0x0000000001012f98                spicmd_csi_setup_wave_range
                0x0000000001012f9c                spicmd_csi_setup_wave_all
                0x0000000001012fa0                spicmd_csi_setup_trigpos_range
                0x0000000001012fa4                spicmd_csi_setup_bitpack_wave
 .text          0x0000000001012fa8      0x354 ./src/system_control.o
                0x0000000001012fa8                sysctrl_tick_irq
                0x0000000001012ff8                sysctrl_init
                0x0000000001013140                systick_get_time_us_nonirq
                0x0000000001013158                sysctrl_led_mode
                0x00000000010131c0                sysctrl_led_tick
                0x000000000101324c                sysctrl_xadc_tick
                0x0000000001013250                sysctrl_main_loop
 .text          0x00000000010132fc        0x0 ./src/test_patterns.o
 .text          0x00000000010132fc      0x744 ./src/trigger.o
                0x00000000010132fc                trig_zero_levels
                0x0000000001013330                trig_write_levels
                0x0000000001013480                trig_configure_always
                0x00000000010134c0                trig_configure_edge
                0x0000000001013704                trig_configure_holdoff
                0x0000000001013780                trig_dump_state
                0x000000000101392c                trig_init
                0x00000000010139c0                trig_has_trigd
                0x00000000010139ec                trig_arm
                0x0000000001013a04                trig_disarm
                0x0000000001013a1c                trig_force
 .text          0x0000000001013a40      0x91c C:\Users\Tom\Documents\Projects\Scopy_MVP_Platform\scopy-fpga\main\ps7_cortexa9_0\standalone_domain\bsp\ps7_cortexa9_0\lib\libxil.a(xaxidma.o)
                0x0000000001013a40                XAxiDma_Reset
                0x0000000001013b54                XAxiDma_ResetIsDone
                0x0000000001013ba0                XAxiDma_CfgInitialize
                0x0000000001013ddc                XAxiDma_Pause
                0x0000000001013e8c                XAxiDma_Resume
                0x0000000001014144                XAxiDma_Busy
                0x0000000001014160                XAxiDma_SelectKeyHole
                0x0000000001014188                XAxiDma_SelectCyclicMode
                0x00000000010141b0                XAxiDma_SimpleTransfer
 .text          0x000000000101435c       0x60 C:\Users\Tom\Documents\Projects\Scopy_MVP_Platform\scopy-fpga\main\ps7_cortexa9_0\standalone_domain\bsp\ps7_cortexa9_0\lib\libxil.a(xaxidma_sinit.o)
                0x000000000101435c                XAxiDma_LookupConfig
                0x000000000101438c                XAxiDma_LookupConfigBaseAddr
 .text          0x00000000010143bc       0x78 C:\Users\Tom\Documents\Projects\Scopy_MVP_Platform\scopy-fpga\main\ps7_cortexa9_0\standalone_domain\bsp\ps7_cortexa9_0\lib\libxil.a(xaxidma_selftest.o)
                0x00000000010143bc                XAxiDma_Selftest
 .text          0x0000000001014434      0xfd4 C:\Users\Tom\Documents\Projects\Scopy_MVP_Platform\scopy-fpga\main\ps7_cortexa9_0\standalone_domain\bsp\ps7_cortexa9_0\lib\libxil.a(xaxidma_bdring.o)
                0x0000000001014434                XAxiDma_UpdateBdRingCDesc
                0x00000000010145b8                XAxiDma_BdRingCreate
                0x00000000010147d0                XAxiDma_BdRingClone
                0x0000000001014908                XAxiDma_StartBdRingHw
                0x0000000001014a34                XAxiDma_BdRingStart
                0x0000000001014a88                XAxiDma_BdRingSetCoalesce
                0x0000000001014afc                XAxiDma_BdRingGetCoalesce
                0x0000000001014b18                XAxiDma_BdRingAlloc
                0x0000000001014bb8                XAxiDma_BdRingUnAlloc
                0x0000000001014c90                XAxiDma_BdRingToHw
                0x0000000001014f30                XAxiDma_BdRingFromHw
                0x0000000001015084                XAxiDma_BdRingFree
                0x0000000001015138                XAxiDma_BdRingCheck
                0x0000000001015350                XAxiDma_BdRingDumpRegs
 .text          0x0000000001015408        0x0 C:\Users\Tom\Documents\Projects\Scopy_MVP_Platform\scopy-fpga\main\ps7_cortexa9_0\standalone_domain\bsp\ps7_cortexa9_0\lib\libxil.a(xaxidma_g.o)
 .text          0x0000000001015408      0x150 C:\Users\Tom\Documents\Projects\Scopy_MVP_Platform\scopy-fpga\main\ps7_cortexa9_0\standalone_domain\bsp\ps7_cortexa9_0\lib\libxil.a(xclk_wiz.o)
                0x0000000001015430                XClk_Wiz_CfgInitialize
                0x00000000010154f8                XClk_Wiz_GetInterruptSettings
 .text          0x0000000001015558       0x1c C:\Users\Tom\Documents\Projects\Scopy_MVP_Platform\scopy-fpga\main\ps7_cortexa9_0\standalone_domain\bsp\ps7_cortexa9_0\lib\libxil.a(xclk_wiz_sinit.o)
                0x0000000001015558                XClk_Wiz_LookupConfig
 .text          0x0000000001015574      0xcd8 C:\Users\Tom\Documents\Projects\Scopy_MVP_Platform\scopy-fpga\main\ps7_cortexa9_0\standalone_domain\bsp\ps7_cortexa9_0\lib\libxil.a(xgpiops.o)
                0x0000000001015574                XGpioPs_CfgInitialize
                0x00000000010156f0                XGpioPs_Read
                0x00000000010157a4                XGpioPs_Write
                0x000000000101584c                XGpioPs_SetDirection
                0x00000000010158f8                XGpioPs_GetDirection
                0x00000000010159b0                XGpioPs_SetOutputEnable
                0x0000000001015a5c                XGpioPs_GetOutputEnable
                0x0000000001015b14                XGpioPs_GetBankPin
                0x0000000001015c50                XGpioPs_ReadPin
                0x0000000001015d34                XGpioPs_WritePin
                0x0000000001015e34                XGpioPs_SetDirectionPin
                0x0000000001015f58                XGpioPs_GetDirectionPin
                0x0000000001016040                XGpioPs_SetOutputEnablePin
                0x0000000001016164                XGpioPs_GetOutputEnablePin
 .text          0x000000000101624c       0x1c C:\Users\Tom\Documents\Projects\Scopy_MVP_Platform\scopy-fpga\main\ps7_cortexa9_0\standalone_domain\bsp\ps7_cortexa9_0\lib\libxil.a(xgpiops_sinit.o)
                0x000000000101624c                XGpioPs_LookupConfig
 .text          0x0000000001016268      0xdd4 C:\Users\Tom\Documents\Projects\Scopy_MVP_Platform\scopy-fpga\main\ps7_cortexa9_0\standalone_domain\bsp\ps7_cortexa9_0\lib\libxil.a(xgpiops_intr.o)
                0x0000000001016268                XGpioPs_IntrEnable
                0x0000000001016314                XGpioPs_IntrEnablePin
                0x00000000010163f0                XGpioPs_IntrDisable
                0x000000000101649c                XGpioPs_IntrDisablePin
                0x0000000001016578                XGpioPs_IntrGetEnabled
                0x0000000001016634                XGpioPs_IntrGetEnabledPin
                0x000000000101671c                XGpioPs_IntrGetStatus
                0x00000000010167d4                XGpioPs_IntrGetStatusPin
                0x00000000010168bc                XGpioPs_IntrClear
                0x0000000001016968                XGpioPs_IntrClearPin
                0x0000000001016a48                XGpioPs_SetIntrType
                0x0000000001016b10                XGpioPs_GetIntrType
                0x0000000001016be4                XGpioPs_SetIntrTypePin
                0x0000000001016d84                XGpioPs_GetIntrTypePin
                0x0000000001016e90                XGpioPs_SetCallbackHandler
                0x0000000001016f30                XGpioPs_IntrHandler
                0x0000000001017014                StubHandler
 .text          0x000000000101703c        0x0 C:\Users\Tom\Documents\Projects\Scopy_MVP_Platform\scopy-fpga\main\ps7_cortexa9_0\standalone_domain\bsp\ps7_cortexa9_0\lib\libxil.a(xgpiops_g.o)
 .text          0x000000000101703c       0x78 C:\Users\Tom\Documents\Projects\Scopy_MVP_Platform\scopy-fpga\main\ps7_cortexa9_0\standalone_domain\bsp\ps7_cortexa9_0\lib\libxil.a(xscugic_intr.o)
                0x000000000101703c                XScuGic_InterruptHandler
 .text          0x00000000010170b4      0xaf4 C:\Users\Tom\Documents\Projects\Scopy_MVP_Platform\scopy-fpga\main\ps7_cortexa9_0\standalone_domain\bsp\ps7_cortexa9_0\lib\libxil.a(xscugic.o)
                0x0000000001017104                XScuGic_Connect
                0x00000000010171d8                XScuGic_Disconnect
                0x00000000010172a4                XScuGic_SoftwareIntr
                0x0000000001017388                XScuGic_SetPriorityTriggerType
                0x00000000010174c0                XScuGic_GetPriorityTriggerType
                0x00000000010175ec                XScuGic_InterruptMaptoCpu
                0x0000000001017660                XScuGic_Enable
                0x0000000001017734                XScuGic_InterruptUnmapFromCpu
                0x00000000010177a8                XScuGic_Disable
                0x000000000101787c                XScuGic_UnmapAllInterruptsFromCpu
                0x00000000010178f8                XScuGic_Stop
                0x00000000010179d4                XScuGic_CfgInitialize
                0x0000000001017b48                XScuGic_SetCpuID
                0x0000000001017b98                XScuGic_GetCpuID
 .text          0x0000000001017ba8       0x1c C:\Users\Tom\Documents\Projects\Scopy_MVP_Platform\scopy-fpga\main\ps7_cortexa9_0\standalone_domain\bsp\ps7_cortexa9_0\lib\libxil.a(xscugic_sinit.o)
                0x0000000001017ba8                XScuGic_LookupConfig
 .text          0x0000000001017bc4       0xb4 C:\Users\Tom\Documents\Projects\Scopy_MVP_Platform\scopy-fpga\main\ps7_cortexa9_0\standalone_domain\bsp\ps7_cortexa9_0\lib\libxil.a(xscugic_selftest.o)
                0x0000000001017bc4                XScuGic_SelfTest
 .text          0x0000000001017c78      0x2d8 C:\Users\Tom\Documents\Projects\Scopy_MVP_Platform\scopy-fpga\main\ps7_cortexa9_0\standalone_domain\bsp\ps7_cortexa9_0\lib\libxil.a(xscutimer.o)
                0x0000000001017c78                XScuTimer_CfgInitialize
                0x0000000001017d28                XScuTimer_Start
                0x0000000001017db8                XScuTimer_Stop
                0x0000000001017e40                XScuTimer_SetPrescaler
                0x0000000001017ec8                XScuTimer_GetPrescaler
 .text          0x0000000001017f50       0xbc C:\Users\Tom\Documents\Projects\Scopy_MVP_Platform\scopy-fpga\main\ps7_cortexa9_0\standalone_domain\bsp\ps7_cortexa9_0\lib\libxil.a(xscutimer_selftest.o)
                0x0000000001017f50                XScuTimer_SelfTest
 .text          0x000000000101800c       0x1c C:\Users\Tom\Documents\Projects\Scopy_MVP_Platform\scopy-fpga\main\ps7_cortexa9_0\standalone_domain\bsp\ps7_cortexa9_0\lib\libxil.a(xscutimer_sinit.o)
                0x000000000101800c                XScuTimer_LookupConfig
 .text          0x0000000001018028        0x0 C:\Users\Tom\Documents\Projects\Scopy_MVP_Platform\scopy-fpga\main\ps7_cortexa9_0\standalone_domain\bsp\ps7_cortexa9_0\lib\libxil.a(xscutimer_g.o)
 .text          0x0000000001018028      0xaf0 C:\Users\Tom\Documents\Projects\Scopy_MVP_Platform\scopy-fpga\main\ps7_cortexa9_0\standalone_domain\bsp\ps7_cortexa9_0\lib\libxil.a(xspips.o)
                0x0000000001018050                XSpiPs_Transfer
                0x0000000001018230                XSpiPs_PolledTransfer
                0x00000000010184b4                XSpiPs_SetSlaveSelect
                0x0000000001018594                XSpiPs_GetSlaveSelect
                0x000000000101863c                XSpiPs_SetStatusHandler
                0x00000000010186dc                XSpiPs_Abort
                0x0000000001018738                XSpiPs_Reset
                0x00000000010187bc                XSpiPs_CfgInitialize
                0x000000000101888c                XSpiPs_InterruptHandler
 .text          0x0000000001018b18       0x1c C:\Users\Tom\Documents\Projects\Scopy_MVP_Platform\scopy-fpga\main\ps7_cortexa9_0\standalone_domain\bsp\ps7_cortexa9_0\lib\libxil.a(xspips_sinit.o)
                0x0000000001018b18                XSpiPs_LookupConfig
 .text          0x0000000001018b34        0x0 C:\Users\Tom\Documents\Projects\Scopy_MVP_Platform\scopy-fpga\main\ps7_cortexa9_0\standalone_domain\bsp\ps7_cortexa9_0\lib\libxil.a(xspips_g.o)
 .text          0x0000000001018b34      0x16c C:\Users\Tom\Documents\Projects\Scopy_MVP_Platform\scopy-fpga\main\ps7_cortexa9_0\standalone_domain\bsp\ps7_cortexa9_0\lib\libxil.a(xspips_selftest.o)
                0x0000000001018b34                XSpiPs_SelfTest
 .text          0x0000000001018ca0       0x70 C:\Users\Tom\Documents\Projects\Scopy_MVP_Platform\scopy-fpga\main\ps7_cortexa9_0\standalone_domain\bsp\ps7_cortexa9_0\lib\libxil.a(xil_assert.o)
                0x0000000001018ca0                Xil_Assert
                0x0000000001018cfc                Xil_AssertSetCallback
                0x0000000001018d0c                XNullHandler
 .text          0x0000000001018d10       0x28 C:\Users\Tom\Documents\Projects\Scopy_MVP_Platform\scopy-fpga\main\ps7_cortexa9_0\standalone_domain\bsp\ps7_cortexa9_0\lib\libxil.a(print.o)
                0x0000000001018d10                print
 .text          0x0000000001018d38      0x96c C:\Users\Tom\Documents\Projects\Scopy_MVP_Platform\scopy-fpga\main\ps7_cortexa9_0\standalone_domain\bsp\ps7_cortexa9_0\lib\libxil.a(xil_cache.o)
                0x0000000001018d38                Xil_DCacheInvalidateLine
                0x0000000001018d70                Xil_DCacheInvalidateRange
                0x0000000001018e58                Xil_DCacheFlushLine
                0x0000000001018ea4                Xil_DCacheFlushRange
                0x0000000001018ef8                Xil_DCacheStoreLine
                0x0000000001018f30                Xil_ICacheInvalidateLine
                0x0000000001018f68                Xil_ICacheInvalidateRange
                0x0000000001018fc0                Xil_L1DCacheInvalidate
                0x0000000001019074                Xil_L1DCacheEnable
                0x0000000001019094                Xil_L1DCacheInvalidateLine
                0x00000000010190ac                Xil_L1DCacheInvalidateRange
                0x00000000010190f4                Xil_L1DCacheFlush
                0x0000000001019180                Xil_L1DCacheDisable
                0x0000000001019198                Xil_DCacheFlush
                0x00000000010191f4                Xil_L1DCacheFlushLine
                0x000000000101920c                Xil_L1DCacheFlushRange
                0x0000000001019254                Xil_L1DCacheStoreLine
                0x000000000101926c                Xil_L1ICacheEnable
                0x0000000001019288                Xil_L1ICacheDisable
                0x00000000010192a4                Xil_L1ICacheInvalidate
                0x00000000010192bc                Xil_L1ICacheInvalidateLine
                0x00000000010192d4                Xil_L1ICacheInvalidateRange
                0x000000000101931c                Xil_L2CacheDisable
                0x0000000001019390                Xil_DCacheDisable
                0x00000000010193ac                Xil_ICacheDisable
                0x00000000010193d0                Xil_L2CacheInvalidate
                0x000000000101943c                Xil_DCacheInvalidate
                0x000000000101945c                Xil_ICacheInvalidate
                0x00000000010194e4                Xil_L2CacheEnable
                0x00000000010194fc                Xil_DCacheEnable
                0x0000000001019520                Xil_ICacheEnable
                0x0000000001019550                Xil_L2CacheInvalidateLine
                0x0000000001019564                Xil_L2CacheInvalidateRange
                0x00000000010195cc                Xil_L2CacheFlush
                0x0000000001019610                Xil_L2CacheFlushLine
                0x0000000001019628                Xil_L2CacheFlushRange
                0x0000000001019690                Xil_L2CacheStoreLine
 .text          0x00000000010196a4       0x10 C:\Users\Tom\Documents\Projects\Scopy_MVP_Platform\scopy-fpga\main\ps7_cortexa9_0\standalone_domain\bsp\ps7_cortexa9_0\lib\libxil.a(outbyte.o)
                0x00000000010196a4                outbyte
 .text          0x00000000010196b4        0x8 C:\Users\Tom\Documents\Projects\Scopy_MVP_Platform\scopy-fpga\main\ps7_cortexa9_0\standalone_domain\bsp\ps7_cortexa9_0\lib\libxil.a(xplatform_info.o)
                0x00000000010196b4                XGetPlatform_Info
 .text          0x00000000010196bc      0x6c0 C:\Users\Tom\Documents\Projects\Scopy_MVP_Platform\scopy-fpga\main\ps7_cortexa9_0\standalone_domain\bsp\ps7_cortexa9_0\lib\libxil.a(xil_printf.o)
                0x00000000010198f0                xil_printf
 .text          0x0000000001019d7c       0xe4 C:\Users\Tom\Documents\Projects\Scopy_MVP_Platform\scopy-fpga\main\ps7_cortexa9_0\standalone_domain\bsp\ps7_cortexa9_0\lib\libxil.a(xil_exception.o)
                0x0000000001019d80                Xil_DataAbortHandler
                0x0000000001019db0                Xil_PrefetchAbortHandler
                0x0000000001019de0                Xil_UndefinedExceptionHandler
                0x0000000001019e00                Xil_ExceptionInit
                0x0000000001019e04                Xil_ExceptionRegisterHandler
                0x0000000001019e1c                Xil_GetExceptionRegisterHandler
                0x0000000001019e3c                Xil_ExceptionRemoveHandler
 .text          0x0000000001019e60        0x0 C:\Users\Tom\Documents\Projects\Scopy_MVP_Platform\scopy-fpga\main\ps7_cortexa9_0\standalone_domain\bsp\ps7_cortexa9_0\lib\libxil.a(asm_vectors.o)
 .text          0x0000000001019e60      0x5d4 C:\Users\Tom\Documents\Projects\Scopy_MVP_Platform\scopy-fpga\main\ps7_cortexa9_0\standalone_domain\bsp\ps7_cortexa9_0\lib\libxil.a(xttcps.o)
                0x0000000001019e88                XTtcPs_CfgInitialize
                0x0000000001019fa4                XTtcPs_SetMatchValue
                0x000000000101a050                XTtcPs_GetMatchValue
                0x000000000101a10c                XTtcPs_SetPrescaler
                0x000000000101a1bc                XTtcPs_GetPrescaler
                0x000000000101a254                XTtcPs_CalcIntervalFromFreq
                0x000000000101a334                XTtcPs_InterruptHandler
                0x000000000101a394                XTtcPs_SetStatusHandler
 .text          0x000000000101a434       0x40 C:\Users\Tom\Documents\Projects\Scopy_MVP_Platform\scopy-fpga\main\ps7_cortexa9_0\standalone_domain\bsp\ps7_cortexa9_0\lib\libxil.a(xttcps_sinit.o)
                0x000000000101a434                XTtcPs_LookupConfig
 .text          0x000000000101a474        0x0 C:\Users\Tom\Documents\Projects\Scopy_MVP_Platform\scopy-fpga\main\ps7_cortexa9_0\standalone_domain\bsp\ps7_cortexa9_0\lib\libxil.a(xttcps_g.o)
 .text          0x000000000101a474      0x1ac C:\Users\Tom\Documents\Projects\Scopy_MVP_Platform\scopy-fpga\main\ps7_cortexa9_0\standalone_domain\bsp\ps7_cortexa9_0\lib\libxil.a(xttcps_options.o)
                0x000000000101a474                XTtcPs_SetOptions
                0x000000000101a568                XTtcPs_GetOptions
 .text          0x000000000101a620       0x88 C:\Users\Tom\Documents\Projects\Scopy_MVP_Platform\scopy-fpga\main\ps7_cortexa9_0\standalone_domain\bsp\ps7_cortexa9_0\lib\libxil.a(xuartps_hw.o)
                0x000000000101a620                XUartPs_SendByte
                0x000000000101a638                XUartPs_RecvByte
                0x000000000101a654                XUartPs_ResetHw
 .text          0x000000000101a6a8        0x0 C:\Users\Tom\Documents\Projects\Scopy_MVP_Platform\scopy-fpga\main\ps7_cortexa9_0\standalone_domain\bsp\ps7_cortexa9_0\lib\libxil.a(xclk_wiz_g.o)
 .text          0x000000000101a6a8        0x0 C:\Users\Tom\Documents\Projects\Scopy_MVP_Platform\scopy-fpga\main\ps7_cortexa9_0\standalone_domain\bsp\ps7_cortexa9_0\lib\libxil.a(xscugic_g.o)
 .text          0x000000000101a6a8      0x448 C:\Users\Tom\Documents\Projects\Scopy_MVP_Platform\scopy-fpga\main\ps7_cortexa9_0\standalone_domain\bsp\ps7_cortexa9_0\lib\libxil.a(xspips_options.o)
                0x000000000101a6a8                XSpiPs_SetOptions
                0x000000000101a7ac                XSpiPs_GetOptions
                0x000000000101a860                XSpiPs_SetClkPrescaler
                0x000000000101a920                XSpiPs_GetClkPrescaler
                0x000000000101a9a8                XSpiPs_SetDelays
                0x000000000101aa54                XSpiPs_GetDelays
 .text          0x000000000101aaf0       0x78 C:\Users\Tom\Documents\Projects\Scopy_MVP_Platform\scopy-fpga\main\ps7_cortexa9_0\standalone_domain\bsp\ps7_cortexa9_0\lib\libxil.a(vectors.o)
                0x000000000101aaf0                FIQInterrupt
                0x000000000101ab04                IRQInterrupt
                0x000000000101ab18                UndefinedException
                0x000000000101ab2c                SWInterrupt
                0x000000000101ab40                DataAbortInterrupt
                0x000000000101ab54                PrefetchAbortInterrupt
 .text          0x000000000101ab68        0x0 C:\Users\Tom\Documents\Projects\Scopy_MVP_Platform\scopy-fpga\main\ps7_cortexa9_0\standalone_domain\bsp\ps7_cortexa9_0\lib\libxil.a(boot.o)
 .text          0x000000000101ab68       0x78 C:\Users\Tom\Documents\Projects\Scopy_MVP_Platform\scopy-fpga\main\ps7_cortexa9_0\standalone_domain\bsp\ps7_cortexa9_0\lib\libxil.a(xil-crt0.o)
                0x000000000101ab7c                _start
 .text          0x000000000101abe0        0x0 C:\Users\Tom\Documents\Projects\Scopy_MVP_Platform\scopy-fpga\main\ps7_cortexa9_0\standalone_domain\bsp\ps7_cortexa9_0\lib\libxil.a(translation_table.o)
 .text          0x000000000101abe0       0x3c C:\Users\Tom\Documents\Projects\Scopy_MVP_Platform\scopy-fpga\main\ps7_cortexa9_0\standalone_domain\bsp\ps7_cortexa9_0\lib\libxil.a(cpu_init.o)
                0x000000000101abe0                __cpu_init
 .text          0x000000000101ac1c       0x4c C:\Users\Tom\Documents\Projects\Scopy_MVP_Platform\scopy-fpga\main\ps7_cortexa9_0\standalone_domain\bsp\ps7_cortexa9_0\lib\libxil.a(xtime_l.o)
                0x000000000101ac1c                XTime_SetTime
                0x000000000101ac40                XTime_GetTime
 .text          0x000000000101ac68      0x278 g:/xilinx/vitis/2019.2/gnu/aarch32/nt/gcc-arm-none-eabi/bin/../lib/gcc/arm-none-eabi/8.2.0/thumb/v7-a+fp/hard\libgcc.a(_udivsi3.o)
                0x000000000101ac68                __aeabi_uidiv
                0x000000000101ac68                __udivsi3
                0x000000000101aec4                __aeabi_uidivmod
 .text          0x000000000101aee0      0x2b0 g:/xilinx/vitis/2019.2/gnu/aarch32/nt/gcc-arm-none-eabi/bin/../lib/gcc/arm-none-eabi/8.2.0/thumb/v7-a+fp/hard\libgcc.a(_divsi3.o)
                0x000000000101aee0                __divsi3
                0x000000000101aee0                __aeabi_idiv
                0x000000000101b174                __aeabi_idivmod
 .text          0x000000000101b190        0x4 g:/xilinx/vitis/2019.2/gnu/aarch32/nt/gcc-arm-none-eabi/bin/../lib/gcc/arm-none-eabi/8.2.0/thumb/v7-a+fp/hard\libgcc.a(_dvmd_tls.o)
                0x000000000101b190                __aeabi_idiv0
                0x000000000101b190                __aeabi_ldiv0
 .text          0x000000000101b194      0x378 g:/xilinx/vitis/2019.2/gnu/aarch32/nt/gcc-arm-none-eabi/bin/../lib/gcc/arm-none-eabi/8.2.0/thumb/v7-a+fp/hard\libgcc.a(_arm_addsubdf3.o)
                0x000000000101b194                __aeabi_drsub
                0x000000000101b19c                __aeabi_dsub
                0x000000000101b19c                __subdf3
                0x000000000101b1a0                __aeabi_dadd
                0x000000000101b1a0                __adddf3
                0x000000000101b418                __floatunsidf
                0x000000000101b418                __aeabi_ui2d
                0x000000000101b438                __floatsidf
                0x000000000101b438                __aeabi_i2d
                0x000000000101b45c                __aeabi_f2d
                0x000000000101b45c                __extendsfdf2
                0x000000000101b4a0                __floatundidf
                0x000000000101b4a0                __aeabi_ul2d
                0x000000000101b4b0                __floatdidf
                0x000000000101b4b0                __aeabi_l2d
 .text          0x000000000101b50c      0x21c g:/xilinx/vitis/2019.2/gnu/aarch32/nt/gcc-arm-none-eabi/bin/../lib/gcc/arm-none-eabi/8.2.0/thumb/v7-a+fp/hard\libgcc.a(_arm_addsubsf3.o)
                0x000000000101b50c                __aeabi_frsub
                0x000000000101b514                __subsf3
                0x000000000101b514                __aeabi_fsub
                0x000000000101b518                __aeabi_fadd
                0x000000000101b518                __addsf3
                0x000000000101b678                __aeabi_ui2f
                0x000000000101b678                __floatunsisf
                0x000000000101b680                __aeabi_i2f
                0x000000000101b680                __floatsisf
                0x000000000101b69c                __aeabi_ul2f
                0x000000000101b69c                __floatundisf
                0x000000000101b6ac                __aeabi_l2f
                0x000000000101b6ac                __floatdisf
 .text          0x000000000101b728       0x30 g:/xilinx/vitis/2019.2/gnu/aarch32/nt/gcc-arm-none-eabi/bin/../lib/gcc/arm-none-eabi/8.2.0/thumb/v7-a+fp/hard\libgcc.a(_aeabi_uldivmod.o)
                0x000000000101b728                __aeabi_uldivmod
 .text          0x000000000101b758       0x28 g:/xilinx/vitis/2019.2/gnu/aarch32/nt/gcc-arm-none-eabi/bin/../lib/gcc/arm-none-eabi/8.2.0/thumb/v7-a+fp/hard\libgcc.a(_popcountsi2.o)
                0x000000000101b758                __popcountsi2
 .text          0x000000000101b780       0x40 g:/xilinx/vitis/2019.2/gnu/aarch32/nt/gcc-arm-none-eabi/bin/../lib/gcc/arm-none-eabi/8.2.0/thumb/v7-a+fp/hard\libgcc.a(_fixunssfdi.o)
                0x000000000101b780                __fixunssfdi
                0x000000000101b780                __aeabi_f2ulz
 .text          0x000000000101b7c0       0x40 g:/xilinx/vitis/2019.2/gnu/aarch32/nt/gcc-arm-none-eabi/bin/../lib/gcc/arm-none-eabi/8.2.0/thumb/v7-a+fp/hard\libgcc.a(_fixunsdfdi.o)
                0x000000000101b7c0                __fixunsdfdi
                0x000000000101b7c0                __aeabi_d2ulz
 .text          0x000000000101b800      0x118 g:/xilinx/vitis/2019.2/gnu/aarch32/nt/gcc-arm-none-eabi/bin/../lib/gcc/arm-none-eabi/8.2.0/thumb/v7-a+fp/hard\libgcc.a(_udivmoddi4.o)
                0x000000000101b800                __udivmoddi4
 .text          0x000000000101b918       0x14 g:/xilinx/vitis/2019.2/gnu/aarch32/nt/gcc-arm-none-eabi/bin/../arm-none-eabi/libc/usr/lib/thumb/v7-a+fp/hard\libc.a(lib_a-calloc.o)
                0x000000000101b918                calloc
 .text          0x000000000101b92c       0x64 g:/xilinx/vitis/2019.2/gnu/aarch32/nt/gcc-arm-none-eabi/bin/../arm-none-eabi/libc/usr/lib/thumb/v7-a+fp/hard\libc.a(lib_a-callocr.o)
                0x000000000101b92c                _calloc_r
 .text          0x000000000101b990       0x20 g:/xilinx/vitis/2019.2/gnu/aarch32/nt/gcc-arm-none-eabi/bin/../arm-none-eabi/libc/usr/lib/thumb/v7-a+fp/hard\libc.a(lib_a-exit.o)
                0x000000000101b990                exit
 .text          0x000000000101b9b0       0x30 g:/xilinx/vitis/2019.2/gnu/aarch32/nt/gcc-arm-none-eabi/bin/../arm-none-eabi/libc/usr/lib/thumb/v7-a+fp/hard\libc.a(lib_a-fini.o)
                0x000000000101b9b0                __libc_fini_array
 .text          0x000000000101b9e0        0x0 g:/xilinx/vitis/2019.2/gnu/aarch32/nt/gcc-arm-none-eabi/bin/../arm-none-eabi/libc/usr/lib/thumb/v7-a+fp/hard\libc.a(lib_a-impure.o)
 .text          0x000000000101b9e0       0x50 g:/xilinx/vitis/2019.2/gnu/aarch32/nt/gcc-arm-none-eabi/bin/../arm-none-eabi/libc/usr/lib/thumb/v7-a+fp/hard\libc.a(lib_a-init.o)
                0x000000000101b9e0                __libc_init_array
 .text          0x000000000101ba30      0x9e0 g:/xilinx/vitis/2019.2/gnu/aarch32/nt/gcc-arm-none-eabi/bin/../arm-none-eabi/libc/usr/lib/thumb/v7-a+fp/hard\libc.a(lib_a-locale.o)
                0x000000000101ba9c                __loadlocale
                0x000000000101c11c                __get_locale_env
                0x000000000101c170                _setlocale_r
                0x000000000101c3b4                __locale_mb_cur_max
                0x000000000101c3d4                __locale_ctype_ptr_l
                0x000000000101c3dc                __locale_ctype_ptr
                0x000000000101c3fc                setlocale
 .text          0x000000000101c410       0x14 g:/xilinx/vitis/2019.2/gnu/aarch32/nt/gcc-arm-none-eabi/bin/../arm-none-eabi/libc/usr/lib/thumb/v7-a+fp/hard\libc.a(lib_a-malign.o)
                0x000000000101c410                memalign
 .text          0x000000000101c424       0xf4 g:/xilinx/vitis/2019.2/gnu/aarch32/nt/gcc-arm-none-eabi/bin/../arm-none-eabi/libc/usr/lib/thumb/v7-a+fp/hard\libc.a(lib_a-malignr.o)
                0x000000000101c424                _memalign_r
 .text          0x000000000101c518       0x20 g:/xilinx/vitis/2019.2/gnu/aarch32/nt/gcc-arm-none-eabi/bin/../arm-none-eabi/libc/usr/lib/thumb/v7-a+fp/hard\libc.a(lib_a-malloc.o)
                0x000000000101c518                malloc
                0x000000000101c528                free
 .text          0x000000000101c538      0x564 g:/xilinx/vitis/2019.2/gnu/aarch32/nt/gcc-arm-none-eabi/bin/../arm-none-eabi/libc/usr/lib/thumb/v7-a+fp/hard\libc.a(lib_a-mallocr.o)
                0x000000000101c538                _malloc_r
 .text          0x000000000101ca9c      0x4b8 g:/xilinx/vitis/2019.2/gnu/aarch32/nt/gcc-arm-none-eabi/bin/../arm-none-eabi/libc/usr/lib/thumb/v7-a+fp/hard\libc.a(lib_a-mbtowc_r.o)
                0x000000000101ca9c                _mbtowc_r
                0x000000000101cac4                __ascii_mbtowc
                0x000000000101cae8                __utf8_mbtowc
                0x000000000101ccf0                __sjis_mbtowc
                0x000000000101cd74                __eucjp_mbtowc
                0x000000000101ce2c                __jis_mbtowc
 *fill*         0x000000000101cf54       0x2c 
 .text          0x000000000101cf80      0x5e0 g:/xilinx/vitis/2019.2/gnu/aarch32/nt/gcc-arm-none-eabi/bin/../arm-none-eabi/libc/usr/lib/thumb/v7-a+fp/hard\libc.a(lib_a-memcpy.o)
                0x000000000101cf80                memcpy
 .text          0x000000000101d560       0xd0 g:/xilinx/vitis/2019.2/gnu/aarch32/nt/gcc-arm-none-eabi/bin/../arm-none-eabi/libc/usr/lib/thumb/v7-a+fp/hard\libc.a(lib_a-memmove.o)
                0x000000000101d560                memmove
 .text          0x000000000101d630       0xa0 g:/xilinx/vitis/2019.2/gnu/aarch32/nt/gcc-arm-none-eabi/bin/../arm-none-eabi/libc/usr/lib/thumb/v7-a+fp/hard\libc.a(lib_a-memset.o)
                0x000000000101d630                memset
 .text          0x000000000101d6d0        0x8 g:/xilinx/vitis/2019.2/gnu/aarch32/nt/gcc-arm-none-eabi/bin/../arm-none-eabi/libc/usr/lib/thumb/v7-a+fp/hard\libc.a(lib_a-mlock.o)
                0x000000000101d6d0                __malloc_lock
                0x000000000101d6d4                __malloc_unlock
 .text          0x000000000101d6d8       0x84 g:/xilinx/vitis/2019.2/gnu/aarch32/nt/gcc-arm-none-eabi/bin/../arm-none-eabi/libc/usr/lib/thumb/v7-a+fp/hard\libc.a(lib_a-mstats.o)
                0x000000000101d6d8                mallinfo
                0x000000000101d6f0                malloc_stats
                0x000000000101d700                mallopt
                0x000000000101d714                _mstats_r
                0x000000000101d734                mstats
 .text          0x000000000101d75c       0x4c g:/xilinx/vitis/2019.2/gnu/aarch32/nt/gcc-arm-none-eabi/bin/../arm-none-eabi/libc/usr/lib/thumb/v7-a+fp/hard\libc.a(lib_a-printf.o)
                0x000000000101d75c                _printf_r
                0x000000000101d77c                printf
 .text          0x000000000101d7a8       0x78 g:/xilinx/vitis/2019.2/gnu/aarch32/nt/gcc-arm-none-eabi/bin/../arm-none-eabi/libc/usr/lib/thumb/v7-a+fp/hard\libc.a(lib_a-puts.o)
                0x000000000101d7a8                _puts_r
                0x000000000101d810                puts
 .text          0x000000000101d820      0x5b4 g:/xilinx/vitis/2019.2/gnu/aarch32/nt/gcc-arm-none-eabi/bin/../arm-none-eabi/libc/usr/lib/thumb/v7-a+fp/hard\libc.a(lib_a-qsort.o)
                0x000000000101d820                qsort
 .text          0x000000000101ddd4       0x28 g:/xilinx/vitis/2019.2/gnu/aarch32/nt/gcc-arm-none-eabi/bin/../arm-none-eabi/libc/usr/lib/thumb/v7-a+fp/hard\libc.a(lib_a-sbrkr.o)
                0x000000000101ddd4                _sbrk_r
 .text          0x000000000101ddfc      0x114 g:/xilinx/vitis/2019.2/gnu/aarch32/nt/gcc-arm-none-eabi/bin/../arm-none-eabi/libc/usr/lib/thumb/v7-a+fp/hard\libc.a(lib_a-snprintf.o)
                0x000000000101ddfc                _snprintf_r
                0x000000000101de80                snprintf
 .text          0x000000000101df10       0x44 g:/xilinx/vitis/2019.2/gnu/aarch32/nt/gcc-arm-none-eabi/bin/../arm-none-eabi/libc/usr/lib/thumb/v7-a+fp/hard\libc.a(lib_a-strcasecmp.o)
                0x000000000101df10                strcasecmp
 .text          0x000000000101df54       0x40 g:/xilinx/vitis/2019.2/gnu/aarch32/nt/gcc-arm-none-eabi/bin/../arm-none-eabi/libc/usr/lib/thumb/v7-a+fp/hard\libc.a(lib_a-strcat.o)
                0x000000000101df54                strcat
 .text          0x000000000101df94       0xe4 g:/xilinx/vitis/2019.2/gnu/aarch32/nt/gcc-arm-none-eabi/bin/../arm-none-eabi/libc/usr/lib/thumb/v7-a+fp/hard\libc.a(lib_a-strchr.o)
                0x000000000101df94                strchr
 *fill*         0x000000000101e078        0x8 
 .text          0x000000000101e080      0x2dc g:/xilinx/vitis/2019.2/gnu/aarch32/nt/gcc-arm-none-eabi/bin/../arm-none-eabi/libc/usr/lib/thumb/v7-a+fp/hard\libc.a(lib_a-strcmp.o)
                0x000000000101e088                strcmp
 .text          0x000000000101e35c       0xc4 g:/xilinx/vitis/2019.2/gnu/aarch32/nt/gcc-arm-none-eabi/bin/../arm-none-eabi/libc/usr/lib/thumb/v7-a+fp/hard\libc.a(lib_a-strcpy.o)
                0x000000000101e35c                strcpy
 .text          0x000000000101e420       0x58 g:/xilinx/vitis/2019.2/gnu/aarch32/nt/gcc-arm-none-eabi/bin/../arm-none-eabi/libc/usr/lib/thumb/v7-a+fp/hard\libc.a(lib_a-strlcpy.o)
                0x000000000101e420                strlcpy
 *fill*         0x000000000101e478        0x8 
 .text          0x000000000101e480       0xdc g:/xilinx/vitis/2019.2/gnu/aarch32/nt/gcc-arm-none-eabi/bin/../arm-none-eabi/libc/usr/lib/thumb/v7-a+fp/hard\libc.a(lib_a-strlen.o)
                0x000000000101e480                strlen
 .text          0x000000000101e55c       0x5c g:/xilinx/vitis/2019.2/gnu/aarch32/nt/gcc-arm-none-eabi/bin/../arm-none-eabi/libc/usr/lib/thumb/v7-a+fp/hard\libc.a(lib_a-strncasecmp.o)
                0x000000000101e55c                strncasecmp
 .text          0x000000000101e5b8       0xa4 g:/xilinx/vitis/2019.2/gnu/aarch32/nt/gcc-arm-none-eabi/bin/../arm-none-eabi/libc/usr/lib/thumb/v7-a+fp/hard\libc.a(lib_a-strncmp.o)
                0x000000000101e5b8                strncmp
 .text          0x000000000101e65c       0x80 g:/xilinx/vitis/2019.2/gnu/aarch32/nt/gcc-arm-none-eabi/bin/../arm-none-eabi/libc/usr/lib/thumb/v7-a+fp/hard\libc.a(lib_a-strncpy.o)
                0x000000000101e65c                strncpy
 .text          0x000000000101e6dc      0x198 g:/xilinx/vitis/2019.2/gnu/aarch32/nt/gcc-arm-none-eabi/bin/../arm-none-eabi/libc/usr/lib/thumb/v7-a+fp/hard\libc.a(lib_a-strtol.o)
                0x000000000101e7fc                _strtol_r
                0x000000000101e824                strtol_l
                0x000000000101e844                strtol
 *fill*         0x000000000101e874        0x4 
 .text          0x000000000101e878     0x1b4c g:/xilinx/vitis/2019.2/gnu/aarch32/nt/gcc-arm-none-eabi/bin/../arm-none-eabi/libc/usr/lib/thumb/v7-a+fp/hard\libc.a(lib_a-svfprintf.o)
                0x000000000101e878                _svfprintf_r
 *fill*         0x00000000010203c4        0x4 
 .text          0x00000000010203c8     0x1c28 g:/xilinx/vitis/2019.2/gnu/aarch32/nt/gcc-arm-none-eabi/bin/../arm-none-eabi/libc/usr/lib/thumb/v7-a+fp/hard\libc.a(lib_a-vfprintf.o)
                0x00000000010203c8                _vfprintf_r
                0x0000000001021f68                vfprintf
 .text          0x0000000001021ff0       0x8c g:/xilinx/vitis/2019.2/gnu/aarch32/nt/gcc-arm-none-eabi/bin/../arm-none-eabi/libc/usr/lib/thumb/v7-a+fp/hard\libc.a(lib_a-vsnprintf.o)
                0x0000000001021ff0                _vsnprintf_r
                0x000000000102205c                vsnprintf
 .text          0x000000000102207c       0xac g:/xilinx/vitis/2019.2/gnu/aarch32/nt/gcc-arm-none-eabi/bin/../arm-none-eabi/libc/usr/lib/thumb/v7-a+fp/hard\libc.a(lib_a-wcrtomb.o)
                0x000000000102207c                _wcrtomb_r
                0x00000000010220d0                wcrtomb
 .text          0x0000000001022128       0x3c g:/xilinx/vitis/2019.2/gnu/aarch32/nt/gcc-arm-none-eabi/bin/../arm-none-eabi/libc/usr/lib/thumb/v7-a+fp/hard\libc.a(lib_a-wcsrtombs.o)
                0x0000000001022128                _wcsrtombs_r
                0x0000000001022140                wcsrtombs
 .text          0x0000000001022164      0x22c g:/xilinx/vitis/2019.2/gnu/aarch32/nt/gcc-arm-none-eabi/bin/../arm-none-eabi/libc/usr/lib/thumb/v7-a+fp/hard\libc.a(lib_a-wctomb_r.o)
                0x0000000001022164                _wctomb_r
                0x000000000102218c                __ascii_wctomb
                0x00000000010221a4                __utf8_wctomb
                0x0000000001022248                __sjis_wctomb
                0x000000000102229c                __eucjp_wctomb
                0x000000000102230c                __jis_wctomb
 .text          0x0000000001022390       0xc8 g:/xilinx/vitis/2019.2/gnu/aarch32/nt/gcc-arm-none-eabi/bin/../arm-none-eabi/libc/usr/lib/thumb/v7-a+fp/hard\libc.a(lib_a-wsetup.o)
                0x0000000001022390                __swsetup_r
 .text          0x0000000001022458       0xdc g:/xilinx/vitis/2019.2/gnu/aarch32/nt/gcc-arm-none-eabi/bin/../arm-none-eabi/libc/usr/lib/thumb/v7-a+fp/hard\libc.a(lib_a-__call_atexit.o)
                0x0000000001022458                __call_exitprocs
 .text          0x0000000001022534       0x10 g:/xilinx/vitis/2019.2/gnu/aarch32/nt/gcc-arm-none-eabi/bin/../arm-none-eabi/libc/usr/lib/thumb/v7-a+fp/hard\libc.a(lib_a-ctype_.o)
                0x0000000001022534                __set_ctype
 *fill*         0x0000000001022544        0x4 
 .text          0x0000000001022548      0xe54 g:/xilinx/vitis/2019.2/gnu/aarch32/nt/gcc-arm-none-eabi/bin/../arm-none-eabi/libc/usr/lib/thumb/v7-a+fp/hard\libc.a(lib_a-dtoa.o)
                0x0000000001022690                _dtoa_r
 .text          0x000000000102339c      0x1a8 g:/xilinx/vitis/2019.2/gnu/aarch32/nt/gcc-arm-none-eabi/bin/../arm-none-eabi/libc/usr/lib/thumb/v7-a+fp/hard\libc.a(lib_a-fflush.o)
                0x000000000102339c                __sflush_r
                0x00000000010234e8                _fflush_r
                0x000000000102351c                fflush
 .text          0x0000000001023544      0x210 g:/xilinx/vitis/2019.2/gnu/aarch32/nt/gcc-arm-none-eabi/bin/../arm-none-eabi/libc/usr/lib/thumb/v7-a+fp/hard\libc.a(lib_a-findfp.o)
                0x0000000001023548                _cleanup_r
                0x000000000102363c                __sfmoreglue
                0x000000000102366c                __sfp
                0x00000000010236f4                _cleanup
                0x000000000102370c                __sinit
                0x0000000001023714                __sfp_lock_acquire
                0x0000000001023718                __sfp_lock_release
                0x000000000102371c                __sinit_lock_acquire
                0x0000000001023720                __sinit_lock_release
                0x0000000001023724                __fp_lock_all
                0x000000000102373c                __fp_unlock_all
 .text          0x0000000001023754       0x4c g:/xilinx/vitis/2019.2/gnu/aarch32/nt/gcc-arm-none-eabi/bin/../arm-none-eabi/libc/usr/lib/thumb/v7-a+fp/hard\libc.a(lib_a-fiprintf.o)
                0x0000000001023754                _fiprintf_r
                0x0000000001023774                fiprintf
 .text          0x00000000010237a0      0x29c g:/xilinx/vitis/2019.2/gnu/aarch32/nt/gcc-arm-none-eabi/bin/../arm-none-eabi/libc/usr/lib/thumb/v7-a+fp/hard\libc.a(lib_a-freer.o)
                0x00000000010237a0                _malloc_trim_r
                0x000000000102384c                _free_r
 .text          0x0000000001023a3c      0x32c g:/xilinx/vitis/2019.2/gnu/aarch32/nt/gcc-arm-none-eabi/bin/../arm-none-eabi/libc/usr/lib/thumb/v7-a+fp/hard\libc.a(lib_a-fvwrite.o)
                0x0000000001023a3c                __sfvwrite_r
 .text          0x0000000001023d68       0x98 g:/xilinx/vitis/2019.2/gnu/aarch32/nt/gcc-arm-none-eabi/bin/../arm-none-eabi/libc/usr/lib/thumb/v7-a+fp/hard\libc.a(lib_a-fwalk.o)
                0x0000000001023d68                _fwalk
                0x0000000001023db0                _fwalk_reent
 .text          0x0000000001023e00       0x98 g:/xilinx/vitis/2019.2/gnu/aarch32/nt/gcc-arm-none-eabi/bin/../arm-none-eabi/libc/usr/lib/thumb/v7-a+fp/hard\libc.a(lib_a-getenv_r.o)
                0x0000000001023e00                _findenv_r
                0x0000000001023e88                _getenv_r
 .text          0x0000000001023e98       0x44 g:/xilinx/vitis/2019.2/gnu/aarch32/nt/gcc-arm-none-eabi/bin/../arm-none-eabi/libc/usr/lib/thumb/v7-a+fp/hard\libc.a(lib_a-localeconv.o)
                0x0000000001023e98                __localeconv_l
                0x0000000001023e9c                _localeconv_r
                0x0000000001023ebc                localeconv
 .text          0x0000000001023edc       0xf8 g:/xilinx/vitis/2019.2/gnu/aarch32/nt/gcc-arm-none-eabi/bin/../arm-none-eabi/libc/usr/lib/thumb/v7-a+fp/hard\libc.a(lib_a-makebuf.o)
                0x0000000001023edc                __swhatbuf_r
                0x0000000001023f38                __smakebuf_r
 .text          0x0000000001023fd4       0x8c g:/xilinx/vitis/2019.2/gnu/aarch32/nt/gcc-arm-none-eabi/bin/../arm-none-eabi/libc/usr/lib/thumb/v7-a+fp/hard\libc.a(lib_a-mallinfor.o)
                0x0000000001023fd4                __malloc_update_mallinfo
                0x000000000102402c                _mallinfo_r
 .text          0x0000000001024060       0x64 g:/xilinx/vitis/2019.2/gnu/aarch32/nt/gcc-arm-none-eabi/bin/../arm-none-eabi/libc/usr/lib/thumb/v7-a+fp/hard\libc.a(lib_a-malloptr.o)
                0x0000000001024060                _mallopt_r
 .text          0x00000000010240c4       0x60 g:/xilinx/vitis/2019.2/gnu/aarch32/nt/gcc-arm-none-eabi/bin/../arm-none-eabi/libc/usr/lib/thumb/v7-a+fp/hard\libc.a(lib_a-mallstatsr.o)
                0x00000000010240c4                _malloc_stats_r
 *fill*         0x0000000001024124        0xc 
 .text          0x0000000001024130       0xa0 g:/xilinx/vitis/2019.2/gnu/aarch32/nt/gcc-arm-none-eabi/bin/../arm-none-eabi/libc/usr/lib/thumb/v7-a+fp/hard\libc.a(lib_a-memchr.o)
                0x0000000001024130                memchr
 .text          0x00000000010241d0      0x8fc g:/xilinx/vitis/2019.2/gnu/aarch32/nt/gcc-arm-none-eabi/bin/../arm-none-eabi/libc/usr/lib/thumb/v7-a+fp/hard\libc.a(lib_a-mprec.o)
                0x00000000010241d0                _Balloc
                0x000000000102421c                _Bfree
                0x0000000001024230                __multadd
                0x00000000010242c0                __s2b
                0x0000000001024358                __hi0bits
                0x0000000001024398                __lo0bits
                0x00000000010243f4                __i2b
                0x0000000001024408                __multiply
                0x0000000001024548                __pow5mult
                0x00000000010245ec                __lshift
                0x00000000010246a8                __mcmp
                0x00000000010246e4                __mdiff
                0x00000000010247ec                __ulp
                0x000000000102483c                __b2d
                0x00000000010248ec                __d2b
                0x00000000010249a0                __ratio
                0x0000000001024a00                _mprec_log10
                0x0000000001024a28                __copybits
                0x0000000001024a70                __any_on
 .text          0x0000000001024acc      0x374 g:/xilinx/vitis/2019.2/gnu/aarch32/nt/gcc-arm-none-eabi/bin/../arm-none-eabi/libc/usr/lib/thumb/v7-a+fp/hard\libc.a(lib_a-reallocr.o)
                0x0000000001024acc                _realloc_r
 .text          0x0000000001024e40       0xa4 g:/xilinx/vitis/2019.2/gnu/aarch32/nt/gcc-arm-none-eabi/bin/../arm-none-eabi/libc/usr/lib/thumb/v7-a+fp/hard\libc.a(lib_a-reent.o)
                0x0000000001024e40                cleanup_glue
                0x0000000001024e5c                _reclaim_reent
 *fill*         0x0000000001024ee4        0x4 
 .text          0x0000000001024ee8       0x80 g:/xilinx/vitis/2019.2/gnu/aarch32/nt/gcc-arm-none-eabi/bin/../arm-none-eabi/libc/usr/lib/thumb/v7-a+fp/hard\libc.a(lib_a-s_frexp.o)
                0x0000000001024ee8                frexp
 .text          0x0000000001024f68       0x90 g:/xilinx/vitis/2019.2/gnu/aarch32/nt/gcc-arm-none-eabi/bin/../arm-none-eabi/libc/usr/lib/thumb/v7-a+fp/hard\libc.a(lib_a-stdio.o)
                0x0000000001024f68                __sread
                0x0000000001024f8c                __seofread
                0x0000000001024f90                __swrite
                0x0000000001024fd0                __sseek
                0x0000000001024ff0                __sclose
 .text          0x0000000001024ff8      0xe90 g:/xilinx/vitis/2019.2/gnu/aarch32/nt/gcc-arm-none-eabi/bin/../arm-none-eabi/libc/usr/lib/thumb/v7-a+fp/hard\libc.a(lib_a-svfiprintf.o)
                0x0000000001024ff8                __ssprint_r
                0x00000000010250f0                _svfiprintf_r
 .text          0x0000000001025e88     0x108c g:/xilinx/vitis/2019.2/gnu/aarch32/nt/gcc-arm-none-eabi/bin/../arm-none-eabi/libc/usr/lib/thumb/v7-a+fp/hard\libc.a(lib_a-vfiprintf.o)
                0x0000000001025efc                __sprint_r
                0x0000000001025f10                _vfiprintf_r
                0x0000000001026e8c                vfiprintf
 .text          0x0000000001026f14      0x15c g:/xilinx/vitis/2019.2/gnu/aarch32/nt/gcc-arm-none-eabi/bin/../arm-none-eabi/libc/usr/lib/thumb/v7-a+fp/hard\libc.a(lib_a-wcsnrtombs.o)
                0x0000000001026f14                _wcsnrtombs_l
                0x0000000001027008                _wcsnrtombs_r
                0x0000000001027038                wcsnrtombs
 .text          0x0000000001027070       0x2c g:/xilinx/vitis/2019.2/gnu/aarch32/nt/gcc-arm-none-eabi/bin/../arm-none-eabi/libc/usr/lib/thumb/v7-a+fp/hard\libc.a(lib_a-writer.o)
                0x0000000001027070                _write_r
 .text          0x000000000102709c       0x28 g:/xilinx/vitis/2019.2/gnu/aarch32/nt/gcc-arm-none-eabi/bin/../arm-none-eabi/libc/usr/lib/thumb/v7-a+fp/hard\libc.a(lib_a-closer.o)
                0x000000000102709c                _close_r
 .text          0x00000000010270c4        0x0 g:/xilinx/vitis/2019.2/gnu/aarch32/nt/gcc-arm-none-eabi/bin/../arm-none-eabi/libc/usr/lib/thumb/v7-a+fp/hard\libc.a(lib_a-environ.o)
 .text          0x00000000010270c4        0x8 g:/xilinx/vitis/2019.2/gnu/aarch32/nt/gcc-arm-none-eabi/bin/../arm-none-eabi/libc/usr/lib/thumb/v7-a+fp/hard\libc.a(lib_a-envlock.o)
                0x00000000010270c4                __env_lock
                0x00000000010270c8                __env_unlock
 .text          0x00000000010270cc       0x98 g:/xilinx/vitis/2019.2/gnu/aarch32/nt/gcc-arm-none-eabi/bin/../arm-none-eabi/libc/usr/lib/thumb/v7-a+fp/hard\libc.a(lib_a-fclose.o)
                0x00000000010270cc                _fclose_r
                0x0000000001027154                fclose
 .text          0x0000000001027164      0x11c g:/xilinx/vitis/2019.2/gnu/aarch32/nt/gcc-arm-none-eabi/bin/../arm-none-eabi/libc/usr/lib/thumb/v7-a+fp/hard\libc.a(lib_a-fputwc.o)
                0x0000000001027164                __fputwc
                0x0000000001027214                _fputwc_r
                0x000000000102723c                fputwc
 .text          0x0000000001027280       0x2c g:/xilinx/vitis/2019.2/gnu/aarch32/nt/gcc-arm-none-eabi/bin/../arm-none-eabi/libc/usr/lib/thumb/v7-a+fp/hard\libc.a(lib_a-fstatr.o)
                0x0000000001027280                _fstat_r
 .text          0x00000000010272ac       0x28 g:/xilinx/vitis/2019.2/gnu/aarch32/nt/gcc-arm-none-eabi/bin/../arm-none-eabi/libc/usr/lib/thumb/v7-a+fp/hard\libc.a(lib_a-isattyr.o)
                0x00000000010272ac                _isatty_r
 .text          0x00000000010272d4       0x2c g:/xilinx/vitis/2019.2/gnu/aarch32/nt/gcc-arm-none-eabi/bin/../arm-none-eabi/libc/usr/lib/thumb/v7-a+fp/hard\libc.a(lib_a-lseekr.o)
                0x00000000010272d4                _lseek_r
 .text          0x0000000001027300       0x2c g:/xilinx/vitis/2019.2/gnu/aarch32/nt/gcc-arm-none-eabi/bin/../arm-none-eabi/libc/usr/lib/thumb/v7-a+fp/hard\libc.a(lib_a-readr.o)
                0x0000000001027300                _read_r
 .text          0x000000000102732c       0xc4 g:/xilinx/vitis/2019.2/gnu/aarch32/nt/gcc-arm-none-eabi/bin/../arm-none-eabi/libc/usr/lib/thumb/v7-a+fp/hard\libc.a(lib_a-wbuf.o)
                0x000000000102732c                __swbuf_r
                0x00000000010273dc                __swbuf
 .text          0x00000000010273f0       0x40 C:\Users\Tom\Documents\Projects\Scopy_MVP_Platform\scopy-fpga\main\ps7_cortexa9_0\standalone_domain\bsp\ps7_cortexa9_0\lib\libxil.a(_sbrk.o)
                0x00000000010273f0                _sbrk
 .text          0x0000000001027430       0x30 C:\Users\Tom\Documents\Projects\Scopy_MVP_Platform\scopy-fpga\main\ps7_cortexa9_0\standalone_domain\bsp\ps7_cortexa9_0\lib\libxil.a(lseek.o)
                0x0000000001027430                lseek
                0x0000000001027448                _lseek
 .text          0x0000000001027460       0x70 C:\Users\Tom\Documents\Projects\Scopy_MVP_Platform\scopy-fpga\main\ps7_cortexa9_0\standalone_domain\bsp\ps7_cortexa9_0\lib\libxil.a(write.o)
                0x0000000001027460                write
                0x00000000010274cc                _write
 .text          0x00000000010274d0       0x60 C:\Users\Tom\Documents\Projects\Scopy_MVP_Platform\scopy-fpga\main\ps7_cortexa9_0\standalone_domain\bsp\ps7_cortexa9_0\lib\libxil.a(read.o)
                0x00000000010274d0                read
                0x000000000102752c                _read
 .text          0x0000000001027530       0x10 C:\Users\Tom\Documents\Projects\Scopy_MVP_Platform\scopy-fpga\main\ps7_cortexa9_0\standalone_domain\bsp\ps7_cortexa9_0\lib\libxil.a(fstat.o)
                0x0000000001027530                _fstat
 .text          0x0000000001027540       0x10 C:\Users\Tom\Documents\Projects\Scopy_MVP_Platform\scopy-fpga\main\ps7_cortexa9_0\standalone_domain\bsp\ps7_cortexa9_0\lib\libxil.a(errno.o)
                0x0000000001027540                __errno
 .text          0x0000000001027550        0x4 C:\Users\Tom\Documents\Projects\Scopy_MVP_Platform\scopy-fpga\main\ps7_cortexa9_0\standalone_domain\bsp\ps7_cortexa9_0\lib\libxil.a(_exit.o)
                0x0000000001027550                _exit
 .text          0x0000000001027554       0x10 C:\Users\Tom\Documents\Projects\Scopy_MVP_Platform\scopy-fpga\main\ps7_cortexa9_0\standalone_domain\bsp\ps7_cortexa9_0\lib\libxil.a(isatty.o)
                0x0000000001027554                isatty
                0x000000000102755c                _isatty
 .text          0x0000000001027564        0xc C:\Users\Tom\Documents\Projects\Scopy_MVP_Platform\scopy-fpga\main\ps7_cortexa9_0\standalone_domain\bsp\ps7_cortexa9_0\lib\libxil.a(inbyte.o)
                0x0000000001027564                inbyte
 .text          0x0000000001027570        0x8 C:\Users\Tom\Documents\Projects\Scopy_MVP_Platform\scopy-fpga\main\ps7_cortexa9_0\standalone_domain\bsp\ps7_cortexa9_0\lib\libxil.a(close.o)
                0x0000000001027570                _close
 .text          0x0000000001027578        0x0 g:/xilinx/vitis/2019.2/gnu/aarch32/nt/gcc-arm-none-eabi/bin/../lib/gcc/arm-none-eabi/8.2.0/thumb/v7-a+fp/hard/crtend.o
 .text          0x0000000001027578        0x0 g:/xilinx/vitis/2019.2/gnu/aarch32/nt/gcc-arm-none-eabi/bin/../lib/gcc/arm-none-eabi/8.2.0/thumb/v7-a+fp/hard/crtn.o
 *(.text.*)
 .text.startup  0x0000000001027578       0x30 ./src/main.o
                0x0000000001027578                main
 .text.startup.__stub
                0x00000000010275a8       0x20 linker stubs
 *(.gnu.linkonce.t.*)
 *(.plt)
 *(.gnu_warning)
 *(.gcc_execpt_table)
 *(.glue_7)
 .glue_7        0x00000000010275c8        0x0 linker stubs
 *(.glue_7t)
 .glue_7t       0x00000000010275c8        0x0 linker stubs
 *(.vfp11_veneer)
 .vfp11_veneer  0x00000000010275c8        0x0 linker stubs
 *(.ARM.extab)
 .ARM.extab     0x00000000010275c8        0x0 g:/xilinx/vitis/2019.2/gnu/aarch32/nt/gcc-arm-none-eabi/bin/../lib/gcc/arm-none-eabi/8.2.0/thumb/v7-a+fp/hard\libgcc.a(_udivmoddi4.o)
 *(.gnu.linkonce.armextab.*)

.v4_bx          0x00000000010275c8        0x0
 .v4_bx         0x00000000010275c8        0x0 linker stubs

.iplt           0x00000000010275c8        0x0
 .iplt          0x00000000010275c8        0x0 g:/xilinx/vitis/2019.2/gnu/aarch32/nt/gcc-arm-none-eabi/bin/../lib/gcc/arm-none-eabi/8.2.0/thumb/v7-a+fp/hard/crtbegin.o

.force_ocm
 *(.force_ocm)

.init           0x00000000010275c8        0xc
 *(.init)
 .init          0x00000000010275c8        0x4 g:/xilinx/vitis/2019.2/gnu/aarch32/nt/gcc-arm-none-eabi/bin/../lib/gcc/arm-none-eabi/8.2.0/thumb/v7-a+fp/hard/crti.o
                0x00000000010275c8                _init
 .init          0x00000000010275cc        0x8 g:/xilinx/vitis/2019.2/gnu/aarch32/nt/gcc-arm-none-eabi/bin/../lib/gcc/arm-none-eabi/8.2.0/thumb/v7-a+fp/hard/crtn.o

.fini           0x00000000010275d4        0xc
 *(.fini)
 .fini          0x00000000010275d4        0x4 g:/xilinx/vitis/2019.2/gnu/aarch32/nt/gcc-arm-none-eabi/bin/../lib/gcc/arm-none-eabi/8.2.0/thumb/v7-a+fp/hard/crti.o
                0x00000000010275d4                _fini
 .fini          0x00000000010275d8        0x8 g:/xilinx/vitis/2019.2/gnu/aarch32/nt/gcc-arm-none-eabi/bin/../lib/gcc/arm-none-eabi/8.2.0/thumb/v7-a+fp/hard/crtn.o

.rodata         0x00000000010275e0    0x448e4
                0x00000000010275e0                __rodata_start = .
 *(.rodata)
 .rodata        0x00000000010275e0       0x18 ./src/fabric_config.o
                0x00000000010275e0                fabcfg_dummy_tests
 .rodata        0x00000000010275f8       0x10 ./src/hal.o
                0x00000000010275f8                gpio_ps_pins
 .rodata        0x0000000001027608      0x2e4 ./src/spi_commands.o
                0x0000000001027608                spi_command_defs
 *fill*         0x00000000010278ec       0x14 
 .rodata        0x0000000001027900    0x40000 ./src/test_patterns.o
                0x0000000001027900                testpatt_norway_512x512_grey
 .rodata        0x0000000001067900       0x54 C:\Users\Tom\Documents\Projects\Scopy_MVP_Platform\scopy-fpga\main\ps7_cortexa9_0\standalone_domain\bsp\ps7_cortexa9_0\lib\libxil.a(xttcps_options.o)
 .rodata        0x0000000001067954       0x30 C:\Users\Tom\Documents\Projects\Scopy_MVP_Platform\scopy-fpga\main\ps7_cortexa9_0\standalone_domain\bsp\ps7_cortexa9_0\lib\libxil.a(xspips_options.o)
 .rodata        0x0000000001067984        0x4 g:/xilinx/vitis/2019.2/gnu/aarch32/nt/gcc-arm-none-eabi/bin/../arm-none-eabi/libc/usr/lib/thumb/v7-a+fp/hard\libc.a(lib_a-impure.o)
                0x0000000001067984                _global_impure_ptr
 .rodata        0x0000000001067988      0x188 g:/xilinx/vitis/2019.2/gnu/aarch32/nt/gcc-arm-none-eabi/bin/../arm-none-eabi/libc/usr/lib/thumb/v7-a+fp/hard\libc.a(lib_a-locale.o)
                0x00000000010679a4                __C_locale
 .rodata        0x0000000001067b10       0x90 g:/xilinx/vitis/2019.2/gnu/aarch32/nt/gcc-arm-none-eabi/bin/../arm-none-eabi/libc/usr/lib/thumb/v7-a+fp/hard\libc.a(lib_a-mbtowc_r.o)
 .rodata        0x0000000001067ba0       0x20 g:/xilinx/vitis/2019.2/gnu/aarch32/nt/gcc-arm-none-eabi/bin/../arm-none-eabi/libc/usr/lib/thumb/v7-a+fp/hard\libc.a(lib_a-svfprintf.o)
 .rodata        0x0000000001067bc0       0x20 g:/xilinx/vitis/2019.2/gnu/aarch32/nt/gcc-arm-none-eabi/bin/../arm-none-eabi/libc/usr/lib/thumb/v7-a+fp/hard\libc.a(lib_a-vfprintf.o)
 .rodata        0x0000000001067be0      0x101 g:/xilinx/vitis/2019.2/gnu/aarch32/nt/gcc-arm-none-eabi/bin/../arm-none-eabi/libc/usr/lib/thumb/v7-a+fp/hard\libc.a(lib_a-ctype_.o)
                0x0000000001067be0                _ctype_
 *fill*         0x0000000001067ce1        0x7 
 .rodata        0x0000000001067ce8      0x128 g:/xilinx/vitis/2019.2/gnu/aarch32/nt/gcc-arm-none-eabi/bin/../arm-none-eabi/libc/usr/lib/thumb/v7-a+fp/hard\libc.a(lib_a-mprec.o)
                0x0000000001067cf8                __mprec_tens
                0x0000000001067dc0                __mprec_tinytens
                0x0000000001067de8                __mprec_bigtens
 .rodata        0x0000000001067e10       0x20 g:/xilinx/vitis/2019.2/gnu/aarch32/nt/gcc-arm-none-eabi/bin/../arm-none-eabi/libc/usr/lib/thumb/v7-a+fp/hard\libc.a(lib_a-svfiprintf.o)
 .rodata        0x0000000001067e30       0x20 g:/xilinx/vitis/2019.2/gnu/aarch32/nt/gcc-arm-none-eabi/bin/../arm-none-eabi/libc/usr/lib/thumb/v7-a+fp/hard\libc.a(lib_a-vfiprintf.o)
 *(.rodata.*)
 .rodata.str1.4
                0x0000000001067e50       0x52 ./src/acq_ctrl.o
                                         0x56 (size before relaxing)
 *fill*         0x0000000001067ea2        0x2 
 .rodata.str1.4
                0x0000000001067ea4       0x16 ./src/acq_hacks.o
 *fill*         0x0000000001067eba        0x2 
 .rodata.str1.4
                0x0000000001067ebc     0x17ab ./src/acquire.o
                                       0x17db (size before relaxing)
 *fill*         0x0000000001069667        0x1 
 .rodata.str1.4
                0x0000000001069668      0x376 ./src/clkwiz_interface.o
                                        0x3a6 (size before relaxing)
 *fill*         0x00000000010699de        0x2 
 .rodata.str1.4
                0x00000000010699e0      0x3bb ./src/dma_bd.o
                                        0x3eb (size before relaxing)
 *fill*         0x0000000001069d9b        0x1 
 .rodata.str1.4
                0x0000000001069d9c      0x23a ./src/fabric_config.o