Archive member included to satisfy reference by file (symbol)

C:\Users\Tom\Documents\Projects\Scopy_MVP_Platform\scopy-fpga\main\ps7_cortexa9_0\standalone_domain\bsp\ps7_cortexa9_0\lib\libxil.a(xaxidma.o)
                              ./src/acquire.o (XAxiDma_Reset)
C:\Users\Tom\Documents\Projects\Scopy_MVP_Platform\scopy-fpga\main\ps7_cortexa9_0\standalone_domain\bsp\ps7_cortexa9_0\lib\libxil.a(xaxidma_sinit.o)
                              ./src/acquire.o (XAxiDma_LookupConfig)
C:\Users\Tom\Documents\Projects\Scopy_MVP_Platform\scopy-fpga\main\ps7_cortexa9_0\standalone_domain\bsp\ps7_cortexa9_0\lib\libxil.a(xaxidma_selftest.o)
                              ./src/mipi_csi.o (XAxiDma_Selftest)
C:\Users\Tom\Documents\Projects\Scopy_MVP_Platform\scopy-fpga\main\ps7_cortexa9_0\standalone_domain\bsp\ps7_cortexa9_0\lib\libxil.a(xaxidma_bd.o)
                              ./src/mipi_csi.o (XAxiDma_BdSetLength)
C:\Users\Tom\Documents\Projects\Scopy_MVP_Platform\scopy-fpga\main\ps7_cortexa9_0\standalone_domain\bsp\ps7_cortexa9_0\lib\libxil.a(xaxidma_bdring.o)
                              ./src/mipi_csi.o (XAxiDma_BdRingCreate)
C:\Users\Tom\Documents\Projects\Scopy_MVP_Platform\scopy-fpga\main\ps7_cortexa9_0\standalone_domain\bsp\ps7_cortexa9_0\lib\libxil.a(xaxidma_g.o)
                              C:\Users\Tom\Documents\Projects\Scopy_MVP_Platform\scopy-fpga\main\ps7_cortexa9_0\standalone_domain\bsp\ps7_cortexa9_0\lib\libxil.a(xaxidma_sinit.o) (XAxiDma_ConfigTable)
C:\Users\Tom\Documents\Projects\Scopy_MVP_Platform\scopy-fpga\main\ps7_cortexa9_0\standalone_domain\bsp\ps7_cortexa9_0\lib\libxil.a(xclk_wiz.o)
                              ./src/clkwiz_interface.o (XClk_Wiz_CfgInitialize)
C:\Users\Tom\Documents\Projects\Scopy_MVP_Platform\scopy-fpga\main\ps7_cortexa9_0\standalone_domain\bsp\ps7_cortexa9_0\lib\libxil.a(xclk_wiz_sinit.o)
                              ./src/clkwiz_interface.o (XClk_Wiz_LookupConfig)
C:\Users\Tom\Documents\Projects\Scopy_MVP_Platform\scopy-fpga\main\ps7_cortexa9_0\standalone_domain\bsp\ps7_cortexa9_0\lib\libxil.a(xgpiops.o)
                              ./src/hal.o (XGpioPs_CfgInitialize)
C:\Users\Tom\Documents\Projects\Scopy_MVP_Platform\scopy-fpga\main\ps7_cortexa9_0\standalone_domain\bsp\ps7_cortexa9_0\lib\libxil.a(xgpiops_sinit.o)
                              ./src/hal.o (XGpioPs_LookupConfig)
C:\Users\Tom\Documents\Projects\Scopy_MVP_Platform\scopy-fpga\main\ps7_cortexa9_0\standalone_domain\bsp\ps7_cortexa9_0\lib\libxil.a(xgpiops_intr.o)
                              C:\Users\Tom\Documents\Projects\Scopy_MVP_Platform\scopy-fpga\main\ps7_cortexa9_0\standalone_domain\bsp\ps7_cortexa9_0\lib\libxil.a(xgpiops.o) (StubHandler)
C:\Users\Tom\Documents\Projects\Scopy_MVP_Platform\scopy-fpga\main\ps7_cortexa9_0\standalone_domain\bsp\ps7_cortexa9_0\lib\libxil.a(xgpiops_g.o)
                              C:\Users\Tom\Documents\Projects\Scopy_MVP_Platform\scopy-fpga\main\ps7_cortexa9_0\standalone_domain\bsp\ps7_cortexa9_0\lib\libxil.a(xgpiops_sinit.o) (XGpioPs_ConfigTable)
C:\Users\Tom\Documents\Projects\Scopy_MVP_Platform\scopy-fpga\main\ps7_cortexa9_0\standalone_domain\bsp\ps7_cortexa9_0\lib\libxil.a(xscugic_intr.o)
                              ./src/hal.o (XScuGic_InterruptHandler)
C:\Users\Tom\Documents\Projects\Scopy_MVP_Platform\scopy-fpga\main\ps7_cortexa9_0\standalone_domain\bsp\ps7_cortexa9_0\lib\libxil.a(xscugic.o)
                              ./src/acquire.o (XScuGic_Connect)
C:\Users\Tom\Documents\Projects\Scopy_MVP_Platform\scopy-fpga\main\ps7_cortexa9_0\standalone_domain\bsp\ps7_cortexa9_0\lib\libxil.a(xscugic_sinit.o)
                              ./src/hal.o (XScuGic_LookupConfig)
C:\Users\Tom\Documents\Projects\Scopy_MVP_Platform\scopy-fpga\main\ps7_cortexa9_0\standalone_domain\bsp\ps7_cortexa9_0\lib\libxil.a(xscugic_selftest.o)
                              ./src/hal.o (XScuGic_SelfTest)
C:\Users\Tom\Documents\Projects\Scopy_MVP_Platform\scopy-fpga\main\ps7_cortexa9_0\standalone_domain\bsp\ps7_cortexa9_0\lib\libxil.a(xscutimer.o)
                              ./src/hal.o (XScuTimer_CfgInitialize)
C:\Users\Tom\Documents\Projects\Scopy_MVP_Platform\scopy-fpga\main\ps7_cortexa9_0\standalone_domain\bsp\ps7_cortexa9_0\lib\libxil.a(xscutimer_selftest.o)
                              ./src/hal.o (XScuTimer_SelfTest)
C:\Users\Tom\Documents\Projects\Scopy_MVP_Platform\scopy-fpga\main\ps7_cortexa9_0\standalone_domain\bsp\ps7_cortexa9_0\lib\libxil.a(xscutimer_sinit.o)
                              ./src/hal.o (XScuTimer_LookupConfig)
C:\Users\Tom\Documents\Projects\Scopy_MVP_Platform\scopy-fpga\main\ps7_cortexa9_0\standalone_domain\bsp\ps7_cortexa9_0\lib\libxil.a(xscutimer_g.o)
                              C:\Users\Tom\Documents\Projects\Scopy_MVP_Platform\scopy-fpga\main\ps7_cortexa9_0\standalone_domain\bsp\ps7_cortexa9_0\lib\libxil.a(xscutimer_sinit.o) (XScuTimer_ConfigTable)
[...]
Memory Configuration

Name             Origin             Length             Attributes
ps7_ram_0        0x0000000001000000 0x000000000fffffff
ocm2             0x00000000ffff0000 0x000000000000fe00
ocm1             0x0000000000000000 0x0000000000030000
*default*        0x0000000000000000 0xffffffffffffffff

Linker script and memory map

LOAD g:/xilinx/vitis/2019.2/gnu/aarch32/nt/gcc-arm-none-eabi/bin/../lib/gcc/arm-none-eabi/8.2.0/thumb/v7-a+fp/hard/crti.o
LOAD g:/xilinx/vitis/2019.2/gnu/aarch32/nt/gcc-arm-none-eabi/bin/../lib/gcc/arm-none-eabi/8.2.0/thumb/v7-a+fp/hard/crtbegin.o
                0x0000000000010000                _STACK_SIZE = DEFINED (_STACK_SIZE)?_STACK_SIZE:0x10000
                0x000000000d800000                _HEAP_SIZE = DEFINED (_HEAP_SIZE)?_HEAP_SIZE:0xd800000
                0x0000000000000400                _ABORT_STACK_SIZE = DEFINED (_ABORT_STACK_SIZE)?_ABORT_STACK_SIZE:0x400
                0x0000000000000800                _SUPERVISOR_STACK_SIZE = DEFINED (_SUPERVISOR_STACK_SIZE)?_SUPERVISOR_STACK_SIZE:0x800
                0x0000000000000400                _IRQ_STACK_SIZE = DEFINED (_IRQ_STACK_SIZE)?_IRQ_STACK_SIZE:0x400
                0x0000000000000400                _FIQ_STACK_SIZE = DEFINED (_FIQ_STACK_SIZE)?_FIQ_STACK_SIZE:0x400
                0x0000000000000400                _UNDEF_STACK_SIZE = DEFINED (_UNDEF_STACK_SIZE)?_UNDEF_STACK_SIZE:0x400

.text           0x0000000001000000    0x27584
 *(.vectors)
 .vectors       0x0000000001000000      0x12c C:\Users\Tom\Documents\Projects\Scopy_MVP_Platform\scopy-fpga\main\ps7_cortexa9_0\standalone_domain\bsp\ps7_cortexa9_0\lib\libxil.a(asm_vectors.o)
                0x0000000001000000                _vector_table
 *(.boot)
 .boot          0x000000000100012c      0x3b0 C:\Users\Tom\Documents\Projects\Scopy_MVP_Platform\scopy-fpga\main\ps7_cortexa9_0\standalone_domain\bsp\ps7_cortexa9_0\lib\libxil.a(boot.o)
                0x000000000100012c                _prestart
                0x000000000100012c                _boot
 *(.text)
 .text          0x00000000010004dc        0x0 g:/xilinx/vitis/2019.2/gnu/aarch32/nt/gcc-arm-none-eabi/bin/../lib/gcc/arm-none-eabi/8.2.0/thumb/v7-a+fp/hard/crti.o
 .text          0x00000000010004dc       0xa8 g:/xilinx/vitis/2019.2/gnu/aarch32/nt/gcc-arm-none-eabi/bin/../lib/gcc/arm-none-eabi/8.2.0/thumb/v7-a+fp/hard/crtbegin.o
 .text          0x0000000001000584     0x150c ./src/Collections-C/src/array.o
                0x0000000001000584                array_new
                0x0000000001000608                array_new_conf
                0x00000000010006e0                array_conf_init
                0x0000000001000718                array_destroy
                0x000000000100073c                array_destroy_cb
                0x0000000001000790                array_add
                0x000000000100083c                array_add_at
                0x00000000010009d8                array_replace_at
                0x0000000001000a1c                array_swap_at
                0x0000000001000a64                array_remove
                0x0000000001000b10                array_remove_at
                0x0000000001000b84                array_remove_last
                0x0000000001000bbc                array_remove_all
                0x0000000001000bc8                array_remove_all_free
                0x0000000001000c08                array_get_at
                0x0000000001000c28                array_get_last
                0x0000000001000c4c                array_get_buffer
                0x0000000001000c54                array_index_of
                0x0000000001000cac                array_subarray
                0x0000000001000d70                array_copy_shallow
                0x0000000001000e10                array_copy_deep
                0x0000000001000edc                array_filter_mut
                0x0000000001000fac                array_filter
                0x00000000010010bc                array_reverse
                0x0000000001001110                array_trim_capacity
                0x0000000001001188                array_contains
                0x00000000010011bc                array_contains_value
                0x0000000001001210                array_size
                0x0000000001001218                array_capacity
                0x0000000001001220                array_sort
                0x0000000001001238                array_map
                0x0000000001001274                array_reduce
                0x00000000010012f0                array_iter_init
                0x0000000001001300                array_iter_next
                0x0000000001001348                array_iter_remove
                0x00000000010013d4                array_iter_add
                0x0000000001001574                array_iter_replace
                0x00000000010015c4                array_iter_index
                0x00000000010015d0                array_zip_iter_init
                0x00000000010015e0                array_zip_iter_next
                0x0000000001001648                array_zip_iter_remove
                0x0000000001001744                array_zip_iter_add
                0x00000000010019e4                array_zip_iter_replace
                0x0000000001001a84                array_zip_iter_index
 .text          0x0000000001001a90        0x4 ./src/Collections-C/src/common.o
                0x0000000001001a90                cc_common_cmp_str
 .text          0x0000000001001a94     0x19a0 ./src/Collections-C/src/deque.o
                0x0000000001001b4c                deque_new
                0x0000000001001bd8                deque_new_conf
                0x0000000001001c8c                deque_conf_init
                0x0000000001001cb4                deque_destroy
                0x0000000001001cd8                deque_destroy_cb
                0x0000000001001d4c                deque_add
                0x0000000001001db0                deque_add_first
                0x0000000001001e90                deque_add_last
                0x0000000001001ef4                deque_add_at
                0x0000000001002180                deque_replace_at
                0x00000000010021d8                deque_remove_at
                0x00000000010023d4                deque_remove
                0x0000000001002440                deque_remove_first
                0x0000000001002490                deque_remove_last
                0x00000000010024e0                deque_remove_all
                0x00000000010024f4                deque_remove_all_cb
                0x0000000001002550                deque_get_at
                0x0000000001002594                deque_get_first
                0x00000000010025bc                deque_get_last
                0x00000000010025f4                deque_copy_shallow
                0x00000000010026cc                deque_copy_deep
                0x0000000001002810                deque_trim_capacity
                0x0000000001002900                deque_reverse
                0x000000000100295c                deque_contains
                0x00000000010029a8                deque_contains_value
                0x0000000001002a10                deque_index_of
                0x0000000001002a7c                deque_size
                0x0000000001002a84                deque_capacity
                0x0000000001002a8c                deque_get_buffer
                0x0000000001002a94                deque_foreach
                0x0000000001002ae0                deque_filter_mut
                0x0000000001002d04                deque_filter
                0x0000000001002e38                deque_iter_init
                0x0000000001002e48                deque_iter_next
                0x0000000001002eb4                deque_iter_remove
                0x00000000010030c4                deque_iter_add
                0x00000000010030e8                deque_iter_replace
                0x0000000001003148                deque_iter_index
                0x0000000001003154                deque_zip_iter_init
                0x0000000001003164                deque_zip_iter_next
                0x0000000001003210                deque_zip_iter_add
                0x00000000010032cc                deque_zip_iter_remove
                0x000000000100335c                deque_zip_iter_replace
                0x0000000001003428                deque_zip_iter_index
 .text          0x0000000001003434      0x1b0 ./src/Collections-C/src/hashset.o
                0x0000000001003434                hashset_conf_init
                0x0000000001003438                hashset_new
                0x00000000010034c4                hashset_new_conf
                0x000000000100354c                hashset_destroy
                0x000000000100356c                hashset_add
                0x0000000001003574                hashset_remove
                0x000000000100357c                hashset_remove_all
                0x0000000001003584                hashset_contains
                0x000000000100358c                hashset_size
                0x0000000001003594                hashset_capacity
                0x000000000100359c                hashset_foreach
                0x00000000010035a4                hashset_iter_init
                0x00000000010035ac                hashset_iter_next
                0x00000000010035e0                hashset_iter_remove
 .text          0x00000000010035e4      0xde0 ./src/Collections-C/src/hashtable.o
                0x00000000010035e4                hashtable_hash_string
                0x0000000001003618                hashtable_new
                0x00000000010036d4                hashtable_new_conf
                0x00000000010037c0                hashtable_conf_init
                0x0000000001003820                hashtable_destroy
                0x000000000100388c                hashtable_add
                0x0000000001003a94                hashtable_get
                0x0000000001003b54                hashtable_remove
                0x0000000001003cc8                hashtable_remove_all
                0x0000000001003d3c                hashtable_size
                0x0000000001003d44                hashtable_capacity
                0x0000000001003d4c                hashtable_contains_key
                0x0000000001003dc0                hashtable_get_values
                0x0000000001003e84                hashtable_get_keys
                0x0000000001003f48                hashtable_foreach_key
                0x0000000001003f9c                hashtable_foreach_value
                0x0000000001003ff0                hashtable_iter_init
                0x0000000001004050                hashtable_iter_next
                0x00000000010040e4                hashtable_iter_remove
                0x00000000010040f8                hashtable_hash
                0x0000000001004360                hashtable_hash_ptr
 .text          0x00000000010043c4     0x2068 ./src/Collections-C/src/list.o
                0x0000000001004724                list_conf_init
                0x0000000001004744                list_new
                0x0000000001004798                list_new_conf
                0x00000000010047dc                list_destroy
                0x0000000001004894                list_destroy_cb
                0x000000000100499c                list_add
                0x00000000010049f8                list_add_first
                0x0000000001004a58                list_add_last
                0x0000000001004ab4                list_add_at
                0x0000000001004b9c                list_add_all
                0x0000000001004c80                list_add_all_at
                0x0000000001004cb8                list_splice
                0x0000000001004d7c                list_splice_at
                0x0000000001004f04                list_remove
                0x0000000001004f88                list_remove_at
                0x0000000001005040                list_remove_first
                0x00000000010050b4                list_remove_last
                0x0000000001005128                list_remove_all
                0x00000000010051d0                list_remove_all_cb
                0x00000000010052d8                list_replace_at
                0x0000000001005364                list_get_first
                0x0000000001005384                list_get_last
                0x00000000010053a4                list_get_at
                0x000000000100541c                list_reverse
                0x000000000100550c                list_sublist
                0x0000000001005704                list_copy_shallow
                0x0000000001005870                list_copy_deep
                0x00000000010059e8                list_to_array
                0x0000000001005a5c                list_contains
                0x0000000001005a90                list_contains_value
                0x0000000001005ae0                list_index_of
                0x0000000001005b38                list_size
                0x0000000001005b40                list_sort
                0x0000000001005bf8                list_sort_in_place
                0x0000000001005c08                list_foreach
                0x0000000001005c34                list_filter_mut
                0x0000000001005cc8                list_filter
                0x0000000001005da4                list_iter_init
                0x0000000001005dc0                list_iter_remove
                0x0000000001005e44                list_iter_add
                0x0000000001005ee8                list_iter_replace
                0x0000000001005f14                list_iter_index
                0x0000000001005f20                list_iter_next
                0x0000000001005f64                list_diter_init
                0x0000000001005f84                list_diter_add
                0x0000000001006018                list_diter_remove
                0x000000000100609c                list_diter_replace
                0x00000000010060c8                list_diter_index
                0x00000000010060d4                list_diter_next
                0x0000000001006118                list_zip_iter_init
                0x0000000001006148                list_zip_iter_next
                0x00000000010061b4                list_zip_iter_add
                0x00000000010062f4                list_zip_iter_remove
                0x00000000010063d0                list_zip_iter_replace
                0x0000000001006420                list_zip_iter_index
 .text          0x000000000100642c      0x4e0 ./src/Collections-C/src/pqueue.o
                0x000000000100642c                pqueue_conf_init
                0x0000000001006468                pqueue_new
                0x00000000010064f4                pqueue_new_conf
                0x00000000010065dc                pqueue_destroy
                0x0000000001006600                pqueue_destroy_cb
                0x0000000001006654                pqueue_push
                0x0000000001006770                pqueue_top
                0x0000000001006790                pqueue_pop
 .text          0x000000000100690c      0x184 ./src/Collections-C/src/queue.o
                0x000000000100690c                queue_conf_init
                0x0000000001006910                queue_new
                0x0000000001006990                queue_new_conf
                0x0000000001006a08                queue_destroy
                0x0000000001006a28                queue_destroy_cb
                0x0000000001006a44                queue_peek
                0x0000000001006a4c                queue_poll
                0x0000000001006a54                queue_enqueue
                0x0000000001006a5c                queue_size
                0x0000000001006a64                queue_foreach
                0x0000000001006a6c                queue_iter_init
                0x0000000001006a74                queue_iter_next
                0x0000000001006a78                queue_iter_replace
                0x0000000001006a7c                queue_zip_iter_init
                0x0000000001006a88                queue_zip_iter_next
                0x0000000001006a8c                queue_zip_iter_replace
 .text          0x0000000001006a90      0x258 ./src/Collections-C/src/ring_buffer.o
                0x0000000001006a90                rbuf_new
                0x0000000001006b20                rbuf_conf_new
                0x0000000001006bb4                rbuf_conf_init
                0x0000000001006bdc                rbuf_destroy
                0x0000000001006c00                rbuf_is_empty
                0x0000000001006c10                rbuf_size
                0x0000000001006c18                rbuf_enqueue
                0x0000000001006c80                rbuf_dequeue
                0x0000000001006cd8                rbuf_peek
 .text          0x0000000001006ce8     0x16e0 ./src/Collections-C/src/slist.o
                0x0000000001006ce8                slist_conf_init
                0x0000000001006d08                slist_new
                0x0000000001006d5c                slist_new_conf
                0x0000000001006da0                slist_destroy
                0x0000000001006dfc                slist_destroy_cb
                0x0000000001006e94                slist_add
                0x0000000001006eec                slist_add_first
                0x0000000001006f48                slist_add_last
                0x0000000001006fa0                slist_add_at
                0x0000000001007054                slist_add_all
                0x0000000001007138                slist_add_all_at
                0x0000000001007260                slist_splice
                0x00000000010072b8                slist_splice_at
                0x0000000001007358                slist_remove
                0x000000000100741c                slist_remove_at
                0x00000000010074c0                slist_remove_first
                0x0000000001007520                slist_remove_last
                0x00000000010075c4                slist_remove_all
                0x0000000001007620                slist_remove_all_cb
                0x00000000010076b8                slist_replace_at
                0x0000000001007704                slist_get_first
                0x0000000001007724                slist_get_last
                0x0000000001007744                slist_get_at
                0x0000000001007788                slist_size
                0x0000000001007790                slist_reverse
                0x00000000010077d4                slist_sublist
                0x00000000010079ac                slist_copy_shallow
                0x0000000001007ad0                slist_copy_deep
                0x0000000001007bfc                slist_contains
                0x0000000001007c30                slist_contains_value
                0x0000000001007c80                slist_index_of
                0x0000000001007cd0                slist_to_array
                0x0000000001007d34                slist_sort
                0x0000000001007de8                slist_foreach
                0x0000000001007e14                slist_filter
                0x0000000001007ee8                slist_filter_mut
                0x0000000001007f70                slist_iter_init
                0x0000000001007f8c                slist_iter_remove
                0x0000000001008018                slist_iter_add
                0x0000000001008088                slist_iter_replace
                0x00000000010080b4                slist_iter_next
                0x0000000001008104                slist_iter_index
                0x0000000001008110                slist_zip_iter_init
                0x0000000001008140                slist_zip_iter_next
                0x00000000010081bc                slist_zip_iter_add
                0x0000000001008290                slist_zip_iter_remove
                0x000000000100836c                slist_zip_iter_replace
                0x00000000010083bc                slist_zip_iter_index
 .text          0x00000000010083c8      0x194 ./src/Collections-C/src/stack.o
                0x00000000010083c8                stack_conf_init
                0x00000000010083cc                stack_new
                0x0000000001008454                stack_new_conf
                0x00000000010084d4                stack_destroy
                0x00000000010084f4                stack_destroy_cb
                0x0000000001008510                stack_push
                0x0000000001008518                stack_peek
                0x0000000001008520                stack_pop
                0x0000000001008528                stack_size
                0x0000000001008530                stack_map
                0x0000000001008538                stack_iter_init
                0x0000000001008540                stack_iter_next
                0x0000000001008544                stack_iter_replace
                0x0000000001008548                stack_zip_iter_init
                0x0000000001008554                stack_zip_iter_next
                0x0000000001008558                stack_zip_iter_replace
 .text          0x000000000100855c      0x22c ./src/Collections-C/src/treeset.o
                0x000000000100855c                treeset_conf_init
                0x0000000001008560                treeset_new
                0x00000000010085f4                treeset_new_conf
                0x000000000100867c                treeset_destroy
                0x000000000100869c                treeset_add
                0x00000000010086a4                treeset_remove
                0x00000000010086c0                treeset_remove_all
                0x00000000010086c8                treeset_get_first
                0x00000000010086e4                treeset_get_last
                0x0000000001008700                treeset_get_greater_than
                0x000000000100871c                treeset_get_lesser_than
                0x0000000001008738                treeset_contains
                0x0000000001008740                treeset_size
                0x0000000001008748                treeset_foreach
                0x0000000001008750                treeset_iter_init
                0x0000000001008758                treeset_iter_next
                0x0000000001008784                treeset_iter_remove
 .text          0x0000000001008788     0x1ec0 ./src/Collections-C/src/treetable.o
                0x0000000001008d08                treetable_conf_init
                0x0000000001008d30                treetable_new
                0x0000000001008dc4                treetable_new_conf
                0x0000000001008e5c                treetable_destroy
                0x0000000001009470                treetable_get
                0x00000000010094ec                treetable_get_first_value
                0x0000000001009520                treetable_get_last_value
                0x0000000001009554                treetable_get_first_key
                0x0000000001009588                treetable_get_last_key
                0x00000000010095bc                treetable_get_greater_than
                0x00000000010096b4                treetable_get_lesser_than
                0x00000000010097a8                treetable_size
                0x00000000010097b0                treetable_contains_key
                0x0000000001009824                treetable_contains_value
                0x00000000010098dc                treetable_add
                0x0000000001009bd8                treetable_remove
                0x0000000001009c68                treetable_remove_first
                0x0000000001009cb4                treetable_remove_last
                0x0000000001009cec                treetable_remove_all
                0x000000000100a2f4                treetable_foreach_key
                0x000000000100a3a0                treetable_foreach_value
                0x000000000100a44c                treetable_iter_init
                0x000000000100a47c                treetable_iter_next
                0x000000000100a520                treetable_iter_remove
                0x000000000100a564                treetable_assert_rb_rules
 .text          0x000000000100a648        0x0 ./src/acq_hacks.o
 .text          0x000000000100a648     0x2b08 ./src/acquire.o
                0x000000000100a648                _acq_irq_fifo_gen_rst
                0x000000000100a7cc                _acq_irq_error_dma
                0x000000000100a850                _acq_reset_PL_fifo
                0x000000000100a890                _acq_reset_trigger
                0x000000000100a8bc                _acq_wait_for_ndone
                0x000000000100a8d4                _acq_fast_dma_start
                0x000000000100a8fc                _acq_core_dma_start
                0x000000000100a954                acq_write_training
                0x000000000100aa0c                acq_init
                0x000000000100abd0                acq_get_next_alloc
                0x000000000100ac8c                acq_append_next_alloc
                0x000000000100adcc                acq_free_all_alloc_core
                0x000000000100ae30                acq_free_all_alloc
                0x000000000100af28                acq_rewind
                0x000000000100af94                acq_swap
                0x000000000100b06c                acq_prepare_triggered
                0x000000000100b614                acq_start
                0x000000000100b788                acq_stop
                0x000000000100b7f8                acq_abort_done
                0x000000000100b818                acq_is_done
                0x000000000100b834                acq_make_status
                0x000000000100b8d4                acq_debug_dump
                0x000000000100bf68                _acq_irq_rx_handler
                0x000000000100c744                acq_debug_ll_dump
                0x000000000100c7d8                acq_debug_dump_waveraw
                0x000000000100c878                acq_get_ll_pointer
                0x000000000100c930                acq_get_ll_pointer_in_base
                0x000000000100c994                acq_next_ll_pointer
                0x000000000100c9f0                acq_debug_dump_wave_pointer
                0x000000000100cc48                acq_debug_dump_wave
                0x000000000100cd08                acq_copy_slow_mipi
                0x000000000100ceb8                acq_dma_address_helper
                0x000000000100cf74                acq_dma_clipped_address_helper
                0x000000000100d0c8                acq_get_wave_size_bytes
                0x000000000100d0f8                acq_get_wave_bit_depth
                0x000000000100d128                acq_get_wave_bit_packed_depth
 .text          0x000000000100d150      0x6d0 ./src/clkwiz_interface.o
                0x000000000100d150                clkwiz_init
                0x000000000100d224                clkwiz_change_mipi_freq
                0x000000000100d514                clkwiz_dump_state
                0x000000000100d78c                clkwiz_commit
 .text          0x000000000100d820      0x788 ./src/dma_bd.o
                0x000000000100d820                dma_bd_init
                0x000000000100d894                dma_bd_allocate
                0x000000000100d9cc                dma_bd_free_from
                0x000000000100d9f8                dma_bd_free
                0x000000000100da28                dma_bd_trim
                0x000000000100da58                dma_bd_rewind
                0x000000000100da8c                dma_bd_add_raw_sg_entry
                0x000000000100dbdc                dma_bd_add_large_sg_entry
                0x000000000100dd88                dma_bd_add_zero_sg_entry
                0x000000000100df34                dma_bd_start
 .text          0x000000000100dfa8      0x328 ./src/fabric_config.o
                0x000000000100dfa8                fabcfg_dump_state
                0x000000000100e16c                fabcfg_init
 .text          0x000000000100e2d0      0xfb4 ./src/hal.o
                0x000000000100e2d0                irq_xscutimer
                0x000000000100e558                d_xilinx_assert
                0x000000000100e570                bogo_calibrate
                0x000000000100e724                bogo_delay
                0x000000000100e788                d_printf
                0x000000000100e960                d_waitkey
                0x000000000100e96c                d_iskeypress
                0x000000000100e98c                d_getkey
                0x000000000100e9ac                d_read_global_timer
                0x000000000100e9d4                d_start_timing
                0x000000000100ea44                d_stop_timing
                0x000000000100ead4                d_read_timing
                0x000000000100eb30                d_read_timing_us
                0x000000000100ebb0                d_dump_timing
                0x000000000100ec68                d_dump_timing_ex
                0x000000000100eca8                d_dump_malloc_info
                0x000000000100ed5c                hal_init
 .text          0x000000000100f284        0x0 ./src/main.o
 .text          0x000000000100f284     0x1a9c ./src/mipi_csi.o
                0x000000000100f284                mipi_csi_init
                0x000000000100f45c                mipi_csi_set_datatype_and_frame_wct
                0x000000000100f4c8                mipi_csi_alloc_item
                0x000000000100f51c                mipi_csi_free_item
                0x000000000100f588                mipi_csi_queue_buffer
                0x000000000100f6f0                mipi_csi_queue_waverange
                0x000000000100f830                mipi_csi_queue_all_waves
                0x000000000100f918                mipi_csi_setup_bdring_and_bd
                0x000000000100fa1c                mipi_csi_generate_sg_list_for_buffer_range
                0x000000000100fd74                mipi_csi_generate_sg_list_for_waves
                0x000000000101033c                mipi_csi_send_fifo_reset
                0x0000000001010360                mipi_csi_send_sof
                0x0000000001010424                mipi_csi_send_eof
                0x00000000010104b8                mipi_csi_stop
                0x0000000001010558                mipi_csi_transfer_packet
                0x00000000010106b4                mipi_csi_pack_padding
                0x000000000101076c                mipi_csi_clear_queue
                0x00000000010107d0                mipi_csi_unpop_and_start
                0x0000000001010800                mipi_csi_unpop_and_start_all
                0x000000000101082c                mipi_csi_get_status
                0x00000000010108a8                mipi_csi_get_size_report
                0x00000000010108f8                mipi_csi_process_queue_item
                0x0000000001010a98                mipi_csi_tick
 .text          0x0000000001010d20       0x14 ./src/platform.o
                0x0000000001010d20                enable_caches
                0x0000000001010d24                disable_caches
                0x0000000001010d28                init_uart
                0x0000000001010d2c                init_platform
                0x0000000001010d30                cleanup_platform
 .text          0x0000000001010d34     0x1398 ./src/spi.o
                0x0000000001010d34                spi_isr_handler
                0x00000000010110d8                spi_init
                0x0000000001011514                spi_reset_hw
                0x0000000001011548                spi_crc_lut_gen
                0x00000000010115d0                spi_command_lut_gen
                0x0000000001011698                spi_transmit_packet_nonblock
                0x00000000010117e8                spi_command_find_free_slot
                0x0000000001011830                spi_command_count_allocated
                0x000000000101185c                spi_command_pack_response_simple
                0x00000000010118ec                spi_command_pack_response_pre_alloc
                0x0000000001011950                spi_command_tick
 .text          0x00000000010120cc      0xbf0 ./src/spi_commands.o
                0x00000000010120cc                spicmd_csi_setup_wave_range
                0x00000000010120d0                spicmd_hello
                0x0000000001012100                spicmd_version
                0x0000000001012110                spicmd_stats
                0x0000000001012178                spicmd_acq_setup_trigd
                0x00000000010121f4                spicmd_acq_start
                0x0000000001012220                spicmd_acq_rewind
                0x0000000001012224                spicmd_acq_status
                0x0000000001012250                spicmd_trig_configure_edge
                0x000000000101227c                spicmd_trig_configure_always
                0x0000000001012280                spicmd_trig_force
                0x0000000001012284                spicmd_trig_arm
                0x0000000001012288                spicmd_trig_disarm
                0x000000000101228c                spicmd_csi_setup_addr_range
                0x00000000010122a4                spicmd_csi_setup_testpatt
                0x0000000001012a24                spicmd_csi_set_params_queue
                0x0000000001012a64                spicmd_csi_stream_clear_queue
                0x0000000001012a68                spicmd_csi_stream_unpop_start
                0x0000000001012a6c                spicmd_csi_stream_unpop_start_all
                0x0000000001012a70                spicmd_csi_stream_stop
                0x0000000001012a74                spicmd_csi_status
                0x0000000001012aa0                spicmd_comp0
                0x0000000001012c74                spicmd_acq_stop
                0x0000000001012cac                spicmd_csi_setup_trigpos_all
                0x0000000001012cb0                spicmd_csi_setup_bitpack_wave
                0x0000000001012cb4                spicmd_csi_setup_wave_all
                0x0000000001012cb8                spicmd_csi_setup_trigpos_range
 *fill*         0x0000000001012cbc        0x4 
 .text          0x0000000001012cc0      0x338 ./src/system_control.o
                0x0000000001012cc0                sysctrl_tick_irq
                0x0000000001012d10                sysctrl_init
                0x0000000001012e58                sysctrl_led_mode
                0x0000000001012ec0                sysctrl_led_tick
                0x0000000001012f4c                sysctrl_xadc_tick
                0x0000000001012f50                sysctrl_main_loop
 .text          0x0000000001012ff8        0x0 ./src/test_patterns.o
 .text          0x0000000001012ff8      0x744 ./src/trigger.o
                0x0000000001012ff8                trig_zero_levels
                0x000000000101302c                trig_write_levels
                0x000000000101317c                trig_configure_always
                0x00000000010131bc                trig_configure_edge
                0x0000000001013400                trig_configure_holdoff
                0x000000000101347c                trig_dump_state
                0x0000000001013628                trig_init
                0x00000000010136bc                trig_has_trigd
                0x00000000010136e8                trig_arm
                0x0000000001013700                trig_disarm
                0x0000000001013718                trig_force
 .text          0x000000000101373c      0x91c C:\Users\Tom\Documents\Projects\Scopy_MVP_Platform\scopy-fpga\main\ps7_cortexa9_0\standalone_domain\bsp\ps7_cortexa9_0\lib\libxil.a(xaxidma.o)
                0x000000000101373c                XAxiDma_Reset
                0x0000000001013850                XAxiDma_ResetIsDone
                0x000000000101389c                XAxiDma_CfgInitialize
                0x0000000001013ad8                XAxiDma_Pause
                0x0000000001013b88                XAxiDma_Resume
                0x0000000001013e40                XAxiDma_Busy
                0x0000000001013e5c                XAxiDma_SelectKeyHole
                0x0000000001013e84                XAxiDma_SelectCyclicMode
                0x0000000001013eac                XAxiDma_SimpleTransfer
 .text          0x0000000001014058       0x60 C:\Users\Tom\Documents\Projects\Scopy_MVP_Platform\scopy-fpga\main\ps7_cortexa9_0\standalone_domain\bsp\ps7_cortexa9_0\lib\libxil.a(xaxidma_sinit.o)
                0x0000000001014058                XAxiDma_LookupConfig
                0x0000000001014088                XAxiDma_LookupConfigBaseAddr
 .text          0x00000000010140b8       0x78 C:\Users\Tom\Documents\Projects\Scopy_MVP_Platform\scopy-fpga\main\ps7_cortexa9_0\standalone_domain\bsp\ps7_cortexa9_0\lib\libxil.a(xaxidma_selftest.o)
                0x00000000010140b8                XAxiDma_Selftest
 .text          0x0000000001014130      0x2c4 C:\Users\Tom\Documents\Projects\Scopy_MVP_Platform\scopy-fpga\main\ps7_cortexa9_0\standalone_domain\bsp\ps7_cortexa9_0\lib\libxil.a(xaxidma_bd.o)
                0x0000000001014130                XAxiDma_BdSetLength
                0x0000000001014184                XAxiDma_BdSetBufAddr
                0x00000000010141d8                XAxiDma_BdSetBufAddrMicroMode
                0x0000000001014210                XAxiDma_BdSetAppWord
                0x0000000001014270                XAxiDma_BdGetAppWord
                0x00000000010142d4                XAxiDma_BdSetCtrl
                0x00000000010142ec                XAxiDma_DumpBd
 .text          0x00000000010143f4      0xfd4 C:\Users\Tom\Documents\Projects\Scopy_MVP_Platform\scopy-fpga\main\ps7_cortexa9_0\standalone_domain\bsp\ps7_cortexa9_0\lib\libxil.a(xaxidma_bdring.o)
                0x00000000010143f4                XAxiDma_UpdateBdRingCDesc
                0x0000000001014578                XAxiDma_BdRingCreate
                0x0000000001014790                XAxiDma_BdRingClone
                0x00000000010148c8                XAxiDma_StartBdRingHw
                0x00000000010149f4                XAxiDma_BdRingStart
                0x0000000001014a48                XAxiDma_BdRingSetCoalesce
                0x0000000001014abc                XAxiDma_BdRingGetCoalesce
                0x0000000001014ad8                XAxiDma_BdRingAlloc
                0x0000000001014b78                XAxiDma_BdRingUnAlloc
                0x0000000001014c50                XAxiDma_BdRingToHw
                0x0000000001014ef0                XAxiDma_BdRingFromHw
                0x0000000001015044                XAxiDma_BdRingFree
                0x00000000010150f8                XAxiDma_BdRingCheck
                0x0000000001015310                XAxiDma_BdRingDumpRegs
 .text          0x00000000010153c8        0x0 C:\Users\Tom\Documents\Projects\Scopy_MVP_Platform\scopy-fpga\main\ps7_cortexa9_0\standalone_domain\bsp\ps7_cortexa9_0\lib\libxil.a(xaxidma_g.o)
 .text          0x00000000010153c8      0x150 C:\Users\Tom\Documents\Projects\Scopy_MVP_Platform\scopy-fpga\main\ps7_cortexa9_0\standalone_domain\bsp\ps7_cortexa9_0\lib\libxil.a(xclk_wiz.o)
                0x00000000010153f0                XClk_Wiz_CfgInitialize
                0x00000000010154b8                XClk_Wiz_GetInterruptSettings
 .text          0x0000000001015518       0x1c C:\Users\Tom\Documents\Projects\Scopy_MVP_Platform\scopy-fpga\main\ps7_cortexa9_0\standalone_domain\bsp\ps7_cortexa9_0\lib\libxil.a(xclk_wiz_sinit.o)
                0x0000000001015518                XClk_Wiz_LookupConfig
 .text          0x0000000001015534      0xcd8 C:\Users\Tom\Documents\Projects\Scopy_MVP_Platform\scopy-fpga\main\ps7_cortexa9_0\standalone_domain\bsp\ps7_cortexa9_0\lib\libxil.a(xgpiops.o)
                0x0000000001015534                XGpioPs_CfgInitialize
                0x00000000010156b0                XGpioPs_Read
                0x0000000001015764                XGpioPs_Write
                0x000000000101580c                XGpioPs_SetDirection
                0x00000000010158b8                XGpioPs_GetDirection
                0x0000000001015970                XGpioPs_SetOutputEnable
                0x0000000001015a1c                XGpioPs_GetOutputEnable
                0x0000000001015ad4                XGpioPs_GetBankPin
                0x0000000001015c10                XGpioPs_ReadPin
                0x0000000001015cf4                XGpioPs_WritePin
                0x0000000001015df4                XGpioPs_SetDirectionPin
                0x0000000001015f18                XGpioPs_GetDirectionPin
                0x0000000001016000                XGpioPs_SetOutputEnablePin
                0x0000000001016124                XGpioPs_GetOutputEnablePin
 .text          0x000000000101620c       0x1c C:\Users\Tom\Documents\Projects\Scopy_MVP_Platform\scopy-fpga\main\ps7_cortexa9_0\standalone_domain\bsp\ps7_cortexa9_0\lib\libxil.a(xgpiops_sinit.o)
                0x000000000101620c                XGpioPs_LookupConfig
 .text          0x0000000001016228      0xdd4 C:\Users\Tom\Documents\Projects\Scopy_MVP_Platform\scopy-fpga\main\ps7_cortexa9_0\standalone_domain\bsp\ps7_cortexa9_0\lib\libxil.a(xgpiops_intr.o)
                0x0000000001016228                XGpioPs_IntrEnable
                0x00000000010162d4                XGpioPs_IntrEnablePin
                0x00000000010163b0                XGpioPs_IntrDisable
                0x000000000101645c                XGpioPs_IntrDisablePin
                0x0000000001016538                XGpioPs_IntrGetEnabled
                0x00000000010165f4                XGpioPs_IntrGetEnabledPin
                0x00000000010166dc                XGpioPs_IntrGetStatus
                0x0000000001016794                XGpioPs_IntrGetStatusPin
                0x000000000101687c                XGpioPs_IntrClear
                0x0000000001016928                XGpioPs_IntrClearPin
                0x0000000001016a08                XGpioPs_SetIntrType
                0x0000000001016ad0                XGpioPs_GetIntrType
                0x0000000001016ba4                XGpioPs_SetIntrTypePin
                0x0000000001016d44                XGpioPs_GetIntrTypePin
                0x0000000001016e50                XGpioPs_SetCallbackHandler
                0x0000000001016ef0                XGpioPs_IntrHandler
                0x0000000001016fd4                StubHandler
 .text          0x0000000001016ffc        0x0 C:\Users\Tom\Documents\Projects\Scopy_MVP_Platform\scopy-fpga\main\ps7_cortexa9_0\standalone_domain\bsp\ps7_cortexa9_0\lib\libxil.a(xgpiops_g.o)
 .text          0x0000000001016ffc       0x78 C:\Users\Tom\Documents\Projects\Scopy_MVP_Platform\scopy-fpga\main\ps7_cortexa9_0\standalone_domain\bsp\ps7_cortexa9_0\lib\libxil.a(xscugic_intr.o)
                0x0000000001016ffc                XScuGic_InterruptHandler
 .text          0x0000000001017074      0xaf4 C:\Users\Tom\Documents\Projects\Scopy_MVP_Platform\scopy-fpga\main\ps7_cortexa9_0\standalone_domain\bsp\ps7_cortexa9_0\lib\libxil.a(xscugic.o)
                0x00000000010170c4                XScuGic_Connect
                0x0000000001017198                XScuGic_Disconnect
                0x0000000001017264                XScuGic_SoftwareIntr
                0x0000000001017348                XScuGic_SetPriorityTriggerType
                0x0000000001017480                XScuGic_GetPriorityTriggerType
                0x00000000010175ac                XScuGic_InterruptMaptoCpu
                0x0000000001017620                XScuGic_Enable
                0x00000000010176f4                XScuGic_InterruptUnmapFromCpu
                0x0000000001017768                XScuGic_Disable
                0x000000000101783c                XScuGic_UnmapAllInterruptsFromCpu
                0x00000000010178b8                XScuGic_Stop
                0x0000000001017994                XScuGic_CfgInitialize
                0x0000000001017b08                XScuGic_SetCpuID
                0x0000000001017b58                XScuGic_GetCpuID
 .text          0x0000000001017b68       0x1c C:\Users\Tom\Documents\Projects\Scopy_MVP_Platform\scopy-fpga\main\ps7_cortexa9_0\standalone_domain\bsp\ps7_cortexa9_0\lib\libxil.a(xscugic_sinit.o)
                0x0000000001017b68                XScuGic_LookupConfig
 .text          0x0000000001017b84       0xb4 C:\Users\Tom\Documents\Projects\Scopy_MVP_Platform\scopy-fpga\main\ps7_cortexa9_0\standalone_domain\bsp\ps7_cortexa9_0\lib\libxil.a(xscugic_selftest.o)
                0x0000000001017b84                XScuGic_SelfTest
 .text          0x0000000001017c38      0x2d8 C:\Users\Tom\Documents\Projects\Scopy_MVP_Platform\scopy-fpga\main\ps7_cortexa9_0\standalone_domain\bsp\ps7_cortexa9_0\lib\libxil.a(xscutimer.o)
                0x0000000001017c38                XScuTimer_CfgInitialize
                0x0000000001017ce8                XScuTimer_Start
                0x0000000001017d78                XScuTimer_Stop
                0x0000000001017e00                XScuTimer_SetPrescaler
                0x0000000001017e88                XScuTimer_GetPrescaler
 .text          0x0000000001017f10       0xbc C:\Users\Tom\Documents\Projects\Scopy_MVP_Platform\scopy-fpga\main\ps7_cortexa9_0\standalone_domain\bsp\ps7_cortexa9_0\lib\libxil.a(xscutimer_selftest.o)
                0x0000000001017f10                XScuTimer_SelfTest
 .text          0x0000000001017fcc       0x1c C:\Users\Tom\Documents\Projects\Scopy_MVP_Platform\scopy-fpga\main\ps7_cortexa9_0\standalone_domain\bsp\ps7_cortexa9_0\lib\libxil.a(xscutimer_sinit.o)
                0x0000000001017fcc                XScuTimer_LookupConfig
 .text          0x0000000001017fe8        0x0 C:\Users\Tom\Documents\Projects\Scopy_MVP_Platform\scopy-fpga\main\ps7_cortexa9_0\standalone_domain\bsp\ps7_cortexa9_0\lib\libxil.a(xscutimer_g.o)
 .text          0x0000000001017fe8      0xaf0 C:\Users\Tom\Documents\Projects\Scopy_MVP_Platform\scopy-fpga\main\ps7_cortexa9_0\standalone_domain\bsp\ps7_cortexa9_0\lib\libxil.a(xspips.o)
                0x0000000001018010                XSpiPs_Transfer
                0x00000000010181f0                XSpiPs_PolledTransfer
                0x0000000001018474                XSpiPs_SetSlaveSelect
                0x0000000001018554                XSpiPs_GetSlaveSelect
                0x00000000010185fc                XSpiPs_SetStatusHandler
                0x000000000101869c                XSpiPs_Abort
                0x00000000010186f8                XSpiPs_Reset
                0x000000000101877c                XSpiPs_CfgInitialize
                0x000000000101884c                XSpiPs_InterruptHandler
 .text          0x0000000001018ad8       0x1c C:\Users\Tom\Documents\Projects\Scopy_MVP_Platform\scopy-fpga\main\ps7_cortexa9_0\standalone_domain\bsp\ps7_cortexa9_0\lib\libxil.a(xspips_sinit.o)
                0x0000000001018ad8                XSpiPs_LookupConfig
 .text          0x0000000001018af4        0x0 C:\Users\Tom\Documents\Projects\Scopy_MVP_Platform\scopy-fpga\main\ps7_cortexa9_0\standalone_domain\bsp\ps7_cortexa9_0\lib\libxil.a(xspips_g.o)
 .text          0x0000000001018af4      0x16c C:\Users\Tom\Documents\Projects\Scopy_MVP_Platform\scopy-fpga\main\ps7_cortexa9_0\standalone_domain\bsp\ps7_cortexa9_0\lib\libxil.a(xspips_selftest.o)
                0x0000000001018af4                XSpiPs_SelfTest
 .text          0x0000000001018c60       0x70 C:\Users\Tom\Documents\Projects\Scopy_MVP_Platform\scopy-fpga\main\ps7_cortexa9_0\standalone_domain\bsp\ps7_cortexa9_0\lib\libxil.a(xil_assert.o)
                0x0000000001018c60                Xil_Assert
                0x0000000001018cbc                Xil_AssertSetCallback
                0x0000000001018ccc                XNullHandler
 .text          0x0000000001018cd0       0x28 C:\Users\Tom\Documents\Projects\Scopy_MVP_Platform\scopy-fpga\main\ps7_cortexa9_0\standalone_domain\bsp\ps7_cortexa9_0\lib\libxil.a(print.o)
                0x0000000001018cd0                print
 .text          0x0000000001018cf8      0x96c C:\Users\Tom\Documents\Projects\Scopy_MVP_Platform\scopy-fpga\main\ps7_cortexa9_0\standalone_domain\bsp\ps7_cortexa9_0\lib\libxil.a(xil_cache.o)
                0x0000000001018cf8                Xil_DCacheInvalidateLine
                0x0000000001018d30                Xil_DCacheInvalidateRange
                0x0000000001018e18                Xil_DCacheFlushLine
                0x0000000001018e64                Xil_DCacheFlushRange
                0x0000000001018eb8                Xil_DCacheStoreLine
                0x0000000001018ef0                Xil_ICacheInvalidateLine
                0x0000000001018f28                Xil_ICacheInvalidateRange
                0x0000000001018f80                Xil_L1DCacheInvalidate
                0x0000000001019034                Xil_L1DCacheEnable
                0x0000000001019054                Xil_L1DCacheInvalidateLine
                0x000000000101906c                Xil_L1DCacheInvalidateRange
                0x00000000010190b4                Xil_L1DCacheFlush
                0x0000000001019140                Xil_L1DCacheDisable
                0x0000000001019158                Xil_DCacheFlush
                0x00000000010191b4                Xil_L1DCacheFlushLine
                0x00000000010191cc                Xil_L1DCacheFlushRange
                0x0000000001019214                Xil_L1DCacheStoreLine
                0x000000000101922c                Xil_L1ICacheEnable
                0x0000000001019248                Xil_L1ICacheDisable
                0x0000000001019264                Xil_L1ICacheInvalidate
                0x000000000101927c                Xil_L1ICacheInvalidateLine
                0x0000000001019294                Xil_L1ICacheInvalidateRange
                0x00000000010192dc                Xil_L2CacheDisable
                0x0000000001019350                Xil_DCacheDisable
                0x000000000101936c                Xil_ICacheDisable
                0x0000000001019390                Xil_L2CacheInvalidate
                0x00000000010193fc                Xil_DCacheInvalidate
                0x000000000101941c                Xil_ICacheInvalidate
                0x00000000010194a4                Xil_L2CacheEnable
                0x00000000010194bc                Xil_DCacheEnable
                0x00000000010194e0                Xil_ICacheEnable
                0x0000000001019510                Xil_L2CacheInvalidateLine
                0x0000000001019524                Xil_L2CacheInvalidateRange
                0x000000000101958c                Xil_L2CacheFlush
                0x00000000010195d0                Xil_L2CacheFlushLine
                0x00000000010195e8                Xil_L2CacheFlushRange
                0x0000000001019650                Xil_L2CacheStoreLine
 .text          0x0000000001019664       0x10 C:\Users\Tom\Documents\Projects\Scopy_MVP_Platform\scopy-fpga\main\ps7_cortexa9_0\standalone_domain\bsp\ps7_cortexa9_0\lib\libxil.a(outbyte.o)
                0x0000000001019664                outbyte
 .text          0x0000000001019674        0x8 C:\Users\Tom\Documents\Projects\Scopy_MVP_Platform\scopy-fpga\main\ps7_cortexa9_0\standalone_domain\bsp\ps7_cortexa9_0\lib\libxil.a(xplatform_info.o)
                0x0000000001019674                XGetPlatform_Info
 .text          0x000000000101967c      0x6c0 C:\Users\Tom\Documents\Projects\Scopy_MVP_Platform\scopy-fpga\main\ps7_cortexa9_0\standalone_domain\bsp\ps7_cortexa9_0\lib\libxil.a(xil_printf.o)
                0x00000000010198b0                xil_printf
 .text          0x0000000001019d3c       0xe4 C:\Users\Tom\Documents\Projects\Scopy_MVP_Platform\scopy-fpga\main\ps7_cortexa9_0\standalone_domain\bsp\ps7_cortexa9_0\lib\libxil.a(xil_exception.o)
                0x0000000001019d40                Xil_DataAbortHandler
                0x0000000001019d70                Xil_PrefetchAbortHandler
                0x0000000001019da0                Xil_UndefinedExceptionHandler
                0x0000000001019dc0                Xil_ExceptionInit
                0x0000000001019dc4                Xil_ExceptionRegisterHandler
                0x0000000001019ddc                Xil_GetExceptionRegisterHandler
                0x0000000001019dfc                Xil_ExceptionRemoveHandler
 .text          0x0000000001019e20        0x0 C:\Users\Tom\Documents\Projects\Scopy_MVP_Platform\scopy-fpga\main\ps7_cortexa9_0\standalone_domain\bsp\ps7_cortexa9_0\lib\libxil.a(asm_vectors.o)
 .text          0x0000000001019e20      0x5d4 C:\Users\Tom\Documents\Projects\Scopy_MVP_Platform\scopy-fpga\main\ps7_cortexa9_0\standalone_domain\bsp\ps7_cortexa9_0\lib\libxil.a(xttcps.o)
                0x0000000001019e48                XTtcPs_CfgInitialize
                0x0000000001019f64                XTtcPs_SetMatchValue
                0x000000000101a010                XTtcPs_GetMatchValue
                0x000000000101a0cc                XTtcPs_SetPrescaler
                0x000000000101a17c                XTtcPs_GetPrescaler
                0x000000000101a214                XTtcPs_CalcIntervalFromFreq
                0x000000000101a2f4                XTtcPs_InterruptHandler
                0x000000000101a354                XTtcPs_SetStatusHandler
 .text          0x000000000101a3f4       0x40 C:\Users\Tom\Documents\Projects\Scopy_MVP_Platform\scopy-fpga\main\ps7_cortexa9_0\standalone_domain\bsp\ps7_cortexa9_0\lib\libxil.a(xttcps_sinit.o)
                0x000000000101a3f4                XTtcPs_LookupConfig
 .text          0x000000000101a434        0x0 C:\Users\Tom\Documents\Projects\Scopy_MVP_Platform\scopy-fpga\main\ps7_cortexa9_0\standalone_domain\bsp\ps7_cortexa9_0\lib\libxil.a(xttcps_g.o)
 .text          0x000000000101a434      0x1ac C:\Users\Tom\Documents\Projects\Scopy_MVP_Platform\scopy-fpga\main\ps7_cortexa9_0\standalone_domain\bsp\ps7_cortexa9_0\lib\libxil.a(xttcps_options.o)
                0x000000000101a434                XTtcPs_SetOptions
                0x000000000101a528                XTtcPs_GetOptions
 .text          0x000000000101a5e0       0x88 C:\Users\Tom\Documents\Projects\Scopy_MVP_Platform\scopy-fpga\main\ps7_cortexa9_0\standalone_domain\bsp\ps7_cortexa9_0\lib\libxil.a(xuartps_hw.o)
                0x000000000101a5e0                XUartPs_SendByte
                0x000000000101a5f8                XUartPs_RecvByte
                0x000000000101a614                XUartPs_ResetHw
 .text          0x000000000101a668        0x0 C:\Users\Tom\Documents\Projects\Scopy_MVP_Platform\scopy-fpga\main\ps7_cortexa9_0\standalone_domain\bsp\ps7_cortexa9_0\lib\libxil.a(xclk_wiz_g.o)
 .text          0x000000000101a668        0x0 C:\Users\Tom\Documents\Projects\Scopy_MVP_Platform\scopy-fpga\main\ps7_cortexa9_0\standalone_domain\bsp\ps7_cortexa9_0\lib\libxil.a(xscugic_g.o)
 .text          0x000000000101a668      0x448 C:\Users\Tom\Documents\Projects\Scopy_MVP_Platform\scopy-fpga\main\ps7_cortexa9_0\standalone_domain\bsp\ps7_cortexa9_0\lib\libxil.a(xspips_options.o)
                0x000000000101a668                XSpiPs_SetOptions
                0x000000000101a76c                XSpiPs_GetOptions
                0x000000000101a820                XSpiPs_SetClkPrescaler
                0x000000000101a8e0                XSpiPs_GetClkPrescaler
                0x000000000101a968                XSpiPs_SetDelays
                0x000000000101aa14                XSpiPs_GetDelays
 .text          0x000000000101aab0       0x78 C:\Users\Tom\Documents\Projects\Scopy_MVP_Platform\scopy-fpga\main\ps7_cortexa9_0\standalone_domain\bsp\ps7_cortexa9_0\lib\libxil.a(vectors.o)
                0x000000000101aab0                FIQInterrupt
                0x000000000101aac4                IRQInterrupt
                0x000000000101aad8                UndefinedException
                0x000000000101aaec                SWInterrupt
                0x000000000101ab00                DataAbortInterrupt
                0x000000000101ab14                PrefetchAbortInterrupt
 .text          0x000000000101ab28        0x0 C:\Users\Tom\Documents\Projects\Scopy_MVP_Platform\scopy-fpga\main\ps7_cortexa9_0\standalone_domain\bsp\ps7_cortexa9_0\lib\libxil.a(boot.o)
 .text          0x000000000101ab28       0x78 C:\Users\Tom\Documents\Projects\Scopy_MVP_Platform\scopy-fpga\main\ps7_cortexa9_0\standalone_domain\bsp\ps7_cortexa9_0\lib\libxil.a(xil-crt0.o)
                0x000000000101ab3c                _start
 .text          0x000000000101aba0        0x0 C:\Users\Tom\Documents\Projects\Scopy_MVP_Platform\scopy-fpga\main\ps7_cortexa9_0\standalone_domain\bsp\ps7_cortexa9_0\lib\libxil.a(translation_table.o)
 .text          0x000000000101aba0       0x3c C:\Users\Tom\Documents\Projects\Scopy_MVP_Platform\scopy-fpga\main\ps7_cortexa9_0\standalone_domain\bsp\ps7_cortexa9_0\lib\libxil.a(cpu_init.o)
                0x000000000101aba0                __cpu_init
 .text          0x000000000101abdc       0x4c C:\Users\Tom\Documents\Projects\Scopy_MVP_Platform\scopy-fpga\main\ps7_cortexa9_0\standalone_domain\bsp\ps7_cortexa9_0\lib\libxil.a(xtime_l.o)
                0x000000000101abdc                XTime_SetTime
                0x000000000101ac00                XTime_GetTime
 .text          0x000000000101ac28      0x278 g:/xilinx/vitis/2019.2/gnu/aarch32/nt/gcc-arm-none-eabi/bin/../lib/gcc/arm-none-eabi/8.2.0/thumb/v7-a+fp/hard\libgcc.a(_udivsi3.o)
                0x000000000101ac28                __aeabi_uidiv
                0x000000000101ac28                __udivsi3
                0x000000000101ae84                __aeabi_uidivmod
 .text          0x000000000101aea0      0x2b0 g:/xilinx/vitis/2019.2/gnu/aarch32/nt/gcc-arm-none-eabi/bin/../lib/gcc/arm-none-eabi/8.2.0/thumb/v7-a+fp/hard\libgcc.a(_divsi3.o)
                0x000000000101aea0                __divsi3
                0x000000000101aea0                __aeabi_idiv
                0x000000000101b134                __aeabi_idivmod
 .text          0x000000000101b150        0x4 g:/xilinx/vitis/2019.2/gnu/aarch32/nt/gcc-arm-none-eabi/bin/../lib/gcc/arm-none-eabi/8.2.0/thumb/v7-a+fp/hard\libgcc.a(_dvmd_tls.o)
                0x000000000101b150                __aeabi_idiv0
                0x000000000101b150                __aeabi_ldiv0
 .text          0x000000000101b154      0x378 g:/xilinx/vitis/2019.2/gnu/aarch32/nt/gcc-arm-none-eabi/bin/../lib/gcc/arm-none-eabi/8.2.0/thumb/v7-a+fp/hard\libgcc.a(_arm_addsubdf3.o)
                0x000000000101b154                __aeabi_drsub
                0x000000000101b15c                __aeabi_dsub
                0x000000000101b15c                __subdf3
                0x000000000101b160                __aeabi_dadd
                0x000000000101b160                __adddf3
                0x000000000101b3d8                __floatunsidf
                0x000000000101b3d8                __aeabi_ui2d
                0x000000000101b3f8                __floatsidf
                0x000000000101b3f8                __aeabi_i2d
                0x000000000101b41c                __aeabi_f2d
                0x000000000101b41c                __extendsfdf2
                0x000000000101b460                __floatundidf
                0x000000000101b460                __aeabi_ul2d
                0x000000000101b470                __floatdidf
                0x000000000101b470                __aeabi_l2d
 .text          0x000000000101b4cc      0x21c g:/xilinx/vitis/2019.2/gnu/aarch32/nt/gcc-arm-none-eabi/bin/../lib/gcc/arm-none-eabi/8.2.0/thumb/v7-a+fp/hard\libgcc.a(_arm_addsubsf3.o)
                0x000000000101b4cc                __aeabi_frsub
                0x000000000101b4d4                __subsf3
                0x000000000101b4d4                __aeabi_fsub
                0x000000000101b4d8                __aeabi_fadd
                0x000000000101b4d8                __addsf3
                0x000000000101b638                __aeabi_ui2f
                0x000000000101b638                __floatunsisf
                0x000000000101b640                __aeabi_i2f
                0x000000000101b640                __floatsisf
                0x000000000101b65c                __aeabi_ul2f
                0x000000000101b65c                __floatundisf
                0x000000000101b66c                __aeabi_l2f
                0x000000000101b66c                __floatdisf
 .text          0x000000000101b6e8       0x30 g:/xilinx/vitis/2019.2/gnu/aarch32/nt/gcc-arm-none-eabi/bin/../lib/gcc/arm-none-eabi/8.2.0/thumb/v7-a+fp/hard\libgcc.a(_aeabi_uldivmod.o)
                0x000000000101b6e8                __aeabi_uldivmod
 .text          0x000000000101b718       0x28 g:/xilinx/vitis/2019.2/gnu/aarch32/nt/gcc-arm-none-eabi/bin/../lib/gcc/arm-none-eabi/8.2.0/thumb/v7-a+fp/hard\libgcc.a(_popcountsi2.o)
                0x000000000101b718                __popcountsi2
 .text          0x000000000101b740       0x40 g:/xilinx/vitis/2019.2/gnu/aarch32/nt/gcc-arm-none-eabi/bin/../lib/gcc/arm-none-eabi/8.2.0/thumb/v7-a+fp/hard\libgcc.a(_fixunssfdi.o)
                0x000000000101b740                __fixunssfdi
                0x000000000101b740                __aeabi_f2ulz
 .text          0x000000000101b780       0x40 g:/xilinx/vitis/2019.2/gnu/aarch32/nt/gcc-arm-none-eabi/bin/../lib/gcc/arm-none-eabi/8.2.0/thumb/v7-a+fp/hard\libgcc.a(_fixunsdfdi.o)
                0x000000000101b780                __fixunsdfdi
                0x000000000101b780                __aeabi_d2ulz
 .text          0x000000000101b7c0      0x118 g:/xilinx/vitis/2019.2/gnu/aarch32/nt/gcc-arm-none-eabi/bin/../lib/gcc/arm-none-eabi/8.2.0/thumb/v7-a+fp/hard\libgcc.a(_udivmoddi4.o)
                0x000000000101b7c0                __udivmoddi4
 .text          0x000000000101b8d8       0x14 g:/xilinx/vitis/2019.2/gnu/aarch32/nt/gcc-arm-none-eabi/bin/../arm-none-eabi/libc/usr/lib/thumb/v7-a+fp/hard\libc.a(lib_a-calloc.o)
                0x000000000101b8d8                calloc
 .text          0x000000000101b8ec       0x64 g:/xilinx/vitis/2019.2/gnu/aarch32/nt/gcc-arm-none-eabi/bin/../arm-none-eabi/libc/usr/lib/thumb/v7-a+fp/hard\libc.a(lib_a-callocr.o)
                0x000000000101b8ec                _calloc_r
 .text          0x000000000101b950       0x20 g:/xilinx/vitis/2019.2/gnu/aarch32/nt/gcc-arm-none-eabi/bin/../arm-none-eabi/libc/usr/lib/thumb/v7-a+fp/hard\libc.a(lib_a-exit.o)
                0x000000000101b950                exit
 .text          0x000000000101b970       0x30 g:/xilinx/vitis/2019.2/gnu/aarch32/nt/gcc-arm-none-eabi/bin/../arm-none-eabi/libc/usr/lib/thumb/v7-a+fp/hard\libc.a(lib_a-fini.o)
                0x000000000101b970                __libc_fini_array
 .text          0x000000000101b9a0        0x0 g:/xilinx/vitis/2019.2/gnu/aarch32/nt/gcc-arm-none-eabi/bin/../arm-none-eabi/libc/usr/lib/thumb/v7-a+fp/hard\libc.a(lib_a-impure.o)
 .text          0x000000000101b9a0       0x50 g:/xilinx/vitis/2019.2/gnu/aarch32/nt/gcc-arm-none-eabi/bin/../arm-none-eabi/libc/usr/lib/thumb/v7-a+fp/hard\libc.a(lib_a-init.o)
                0x000000000101b9a0                __libc_init_array
 .text          0x000000000101b9f0      0x9e0 g:/xilinx/vitis/2019.2/gnu/aarch32/nt/gcc-arm-none-eabi/bin/../arm-none-eabi/libc/usr/lib/thumb/v7-a+fp/hard\libc.a(lib_a-locale.o)
                0x000000000101ba5c                __loadlocale
                0x000000000101c0dc                __get_locale_env
                0x000000000101c130                _setlocale_r
                0x000000000101c374                __locale_mb_cur_max
                0x000000000101c394                __locale_ctype_ptr_l
                0x000000000101c39c                __locale_ctype_ptr
                0x000000000101c3bc                setlocale
 .text          0x000000000101c3d0       0x14 g:/xilinx/vitis/2019.2/gnu/aarch32/nt/gcc-arm-none-eabi/bin/../arm-none-eabi/libc/usr/lib/thumb/v7-a+fp/hard\libc.a(lib_a-malign.o)
                0x000000000101c3d0                memalign
 .text          0x000000000101c3e4       0xf4 g:/xilinx/vitis/2019.2/gnu/aarch32/nt/gcc-arm-none-eabi/bin/../arm-none-eabi/libc/usr/lib/thumb/v7-a+fp/hard\libc.a(lib_a-malignr.o)
                0x000000000101c3e4                _memalign_r
 .text          0x000000000101c4d8       0x20 g:/xilinx/vitis/2019.2/gnu/aarch32/nt/gcc-arm-none-eabi/bin/../arm-none-eabi/libc/usr/lib/thumb/v7-a+fp/hard\libc.a(lib_a-malloc.o)
                0x000000000101c4d8                malloc
                0x000000000101c4e8                free
 .text          0x000000000101c4f8      0x564 g:/xilinx/vitis/2019.2/gnu/aarch32/nt/gcc-arm-none-eabi/bin/../arm-none-eabi/libc/usr/lib/thumb/v7-a+fp/hard\libc.a(lib_a-mallocr.o)
                0x000000000101c4f8                _malloc_r
 .text          0x000000000101ca5c      0x4b8 g:/xilinx/vitis/2019.2/gnu/aarch32/nt/gcc-arm-none-eabi/bin/../arm-none-eabi/libc/usr/lib/thumb/v7-a+fp/hard\libc.a(lib_a-mbtowc_r.o)
                0x000000000101ca5c                _mbtowc_r
                0x000000000101ca84                __ascii_mbtowc
                0x000000000101caa8                __utf8_mbtowc
                0x000000000101ccb0                __sjis_mbtowc
                0x000000000101cd34                __eucjp_mbtowc
                0x000000000101cdec                __jis_mbtowc
 *fill*         0x000000000101cf14       0x2c 
 .text          0x000000000101cf40      0x5e0 g:/xilinx/vitis/2019.2/gnu/aarch32/nt/gcc-arm-none-eabi/bin/../arm-none-eabi/libc/usr/lib/thumb/v7-a+fp/hard\libc.a(lib_a-memcpy.o)
                0x000000000101cf40                memcpy
 .text          0x000000000101d520       0xd0 g:/xilinx/vitis/2019.2/gnu/aarch32/nt/gcc-arm-none-eabi/bin/../arm-none-eabi/libc/usr/lib/thumb/v7-a+fp/hard\libc.a(lib_a-memmove.o)
                0x000000000101d520                memmove
 .text          0x000000000101d5f0       0xa0 g:/xilinx/vitis/2019.2/gnu/aarch32/nt/gcc-arm-none-eabi/bin/../arm-none-eabi/libc/usr/lib/thumb/v7-a+fp/hard\libc.a(lib_a-memset.o)
                0x000000000101d5f0                memset
 .text          0x000000000101d690        0x8 g:/xilinx/vitis/2019.2/gnu/aarch32/nt/gcc-arm-none-eabi/bin/../arm-none-eabi/libc/usr/lib/thumb/v7-a+fp/hard\libc.a(lib_a-mlock.o)
                0x000000000101d690                __malloc_lock
                0x000000000101d694                __malloc_unlock
 .text          0x000000000101d698       0x84 g:/xilinx/vitis/2019.2/gnu/aarch32/nt/gcc-arm-none-eabi/bin/../arm-none-eabi/libc/usr/lib/thumb/v7-a+fp/hard\libc.a(lib_a-mstats.o)
                0x000000000101d698                mallinfo
                0x000000000101d6b0                malloc_stats
                0x000000000101d6c0                mallopt
                0x000000000101d6d4                _mstats_r
                0x000000000101d6f4                mstats
 .text          0x000000000101d71c       0x4c g:/xilinx/vitis/2019.2/gnu/aarch32/nt/gcc-arm-none-eabi/bin/../arm-none-eabi/libc/usr/lib/thumb/v7-a+fp/hard\libc.a(lib_a-printf.o)
                0x000000000101d71c                _printf_r
                0x000000000101d73c                printf
 .text          0x000000000101d768       0x78 g:/xilinx/vitis/2019.2/gnu/aarch32/nt/gcc-arm-none-eabi/bin/../arm-none-eabi/libc/usr/lib/thumb/v7-a+fp/hard\libc.a(lib_a-puts.o)
                0x000000000101d768                _puts_r
                0x000000000101d7d0                puts
 .text          0x000000000101d7e0      0x5b4 g:/xilinx/vitis/2019.2/gnu/aarch32/nt/gcc-arm-none-eabi/bin/../arm-none-eabi/libc/usr/lib/thumb/v7-a+fp/hard\libc.a(lib_a-qsort.o)
                0x000000000101d7e0                qsort
 .text          0x000000000101dd94       0x28 g:/xilinx/vitis/2019.2/gnu/aarch32/nt/gcc-arm-none-eabi/bin/../arm-none-eabi/libc/usr/lib/thumb/v7-a+fp/hard\libc.a(lib_a-sbrkr.o)
                0x000000000101dd94                _sbrk_r
 .text          0x000000000101ddbc      0x114 g:/xilinx/vitis/2019.2/gnu/aarch32/nt/gcc-arm-none-eabi/bin/../arm-none-eabi/libc/usr/lib/thumb/v7-a+fp/hard\libc.a(lib_a-snprintf.o)
                0x000000000101ddbc                _snprintf_r
                0x000000000101de40                snprintf
 .text          0x000000000101ded0       0x44 g:/xilinx/vitis/2019.2/gnu/aarch32/nt/gcc-arm-none-eabi/bin/../arm-none-eabi/libc/usr/lib/thumb/v7-a+fp/hard\libc.a(lib_a-strcasecmp.o)
                0x000000000101ded0                strcasecmp
 .text          0x000000000101df14       0x40 g:/xilinx/vitis/2019.2/gnu/aarch32/nt/gcc-arm-none-eabi/bin/../arm-none-eabi/libc/usr/lib/thumb/v7-a+fp/hard\libc.a(lib_a-strcat.o)
                0x000000000101df14                strcat
 .text          0x000000000101df54       0xe4 g:/xilinx/vitis/2019.2/gnu/aarch32/nt/gcc-arm-none-eabi/bin/../arm-none-eabi/libc/usr/lib/thumb/v7-a+fp/hard\libc.a(lib_a-strchr.o)
                0x000000000101df54                strchr
 *fill*         0x000000000101e038        0x8 
 .text          0x000000000101e040      0x2dc g:/xilinx/vitis/2019.2/gnu/aarch32/nt/gcc-arm-none-eabi/bin/../arm-none-eabi/libc/usr/lib/thumb/v7-a+fp/hard\libc.a(lib_a-strcmp.o)
                0x000000000101e048                strcmp
 .text          0x000000000101e31c       0xc4 g:/xilinx/vitis/2019.2/gnu/aarch32/nt/gcc-arm-none-eabi/bin/../arm-none-eabi/libc/usr/lib/thumb/v7-a+fp/hard\libc.a(lib_a-strcpy.o)
                0x000000000101e31c                strcpy
 .text          0x000000000101e3e0       0x58 g:/xilinx/vitis/2019.2/gnu/aarch32/nt/gcc-arm-none-eabi/bin/../arm-none-eabi/libc/usr/lib/thumb/v7-a+fp/hard\libc.a(lib_a-strlcpy.o)
                0x000000000101e3e0                strlcpy
 *fill*         0x000000000101e438        0x8 
 .text          0x000000000101e440       0xdc g:/xilinx/vitis/2019.2/gnu/aarch32/nt/gcc-arm-none-eabi/bin/../arm-none-eabi/libc/usr/lib/thumb/v7-a+fp/hard\libc.a(lib_a-strlen.o)
                0x000000000101e440                strlen
 .text          0x000000000101e51c       0x5c g:/xilinx/vitis/2019.2/gnu/aarch32/nt/gcc-arm-none-eabi/bin/../arm-none-eabi/libc/usr/lib/thumb/v7-a+fp/hard\libc.a(lib_a-strncasecmp.o)
                0x000000000101e51c                strncasecmp
 .text          0x000000000101e578       0xa4 g:/xilinx/vitis/2019.2/gnu/aarch32/nt/gcc-arm-none-eabi/bin/../arm-none-eabi/libc/usr/lib/thumb/v7-a+fp/hard\libc.a(lib_a-strncmp.o)
                0x000000000101e578                strncmp
 .text          0x000000000101e61c       0x80 g:/xilinx/vitis/2019.2/gnu/aarch32/nt/gcc-arm-none-eabi/bin/../arm-none-eabi/libc/usr/lib/thumb/v7-a+fp/hard\libc.a(lib_a-strncpy.o)
                0x000000000101e61c                strncpy
 .text          0x000000000101e69c      0x198 g:/xilinx/vitis/2019.2/gnu/aarch32/nt/gcc-arm-none-eabi/bin/../arm-none-eabi/libc/usr/lib/thumb/v7-a+fp/hard\libc.a(lib_a-strtol.o)
                0x000000000101e7bc                _strtol_r
                0x000000000101e7e4                strtol_l
                0x000000000101e804                strtol
 *fill*         0x000000000101e834        0x4 
 .text          0x000000000101e838     0x1b4c g:/xilinx/vitis/2019.2/gnu/aarch32/nt/gcc-arm-none-eabi/bin/../arm-none-eabi/libc/usr/lib/thumb/v7-a+fp/hard\libc.a(lib_a-svfprintf.o)
                0x000000000101e838                _svfprintf_r
 *fill*         0x0000000001020384        0x4 
 .text          0x0000000001020388     0x1c28 g:/xilinx/vitis/2019.2/gnu/aarch32/nt/gcc-arm-none-eabi/bin/../arm-none-eabi/libc/usr/lib/thumb/v7-a+fp/hard\libc.a(lib_a-vfprintf.o)
                0x0000000001020388                _vfprintf_r
                0x0000000001021f28                vfprintf
 .text          0x0000000001021fb0       0x8c g:/xilinx/vitis/2019.2/gnu/aarch32/nt/gcc-arm-none-eabi/bin/../arm-none-eabi/libc/usr/lib/thumb/v7-a+fp/hard\libc.a(lib_a-vsnprintf.o)
                0x0000000001021fb0                _vsnprintf_r
                0x000000000102201c                vsnprintf
 .text          0x000000000102203c       0xac g:/xilinx/vitis/2019.2/gnu/aarch32/nt/gcc-arm-none-eabi/bin/../arm-none-eabi/libc/usr/lib/thumb/v7-a+fp/hard\libc.a(lib_a-wcrtomb.o)
                0x000000000102203c                _wcrtomb_r
                0x0000000001022090                wcrtomb
 .text          0x00000000010220e8       0x3c g:/xilinx/vitis/2019.2/gnu/aarch32/nt/gcc-arm-none-eabi/bin/../arm-none-eabi/libc/usr/lib/thumb/v7-a+fp/hard\libc.a(lib_a-wcsrtombs.o)
                0x00000000010220e8                _wcsrtombs_r
                0x0000000001022100                wcsrtombs
 .text          0x0000000001022124      0x22c g:/xilinx/vitis/2019.2/gnu/aarch32/nt/gcc-arm-none-eabi/bin/../arm-none-eabi/libc/usr/lib/thumb/v7-a+fp/hard\libc.a(lib_a-wctomb_r.o)
                0x0000000001022124                _wctomb_r
                0x000000000102214c                __ascii_wctomb
                0x0000000001022164                __utf8_wctomb
                0x0000000001022208                __sjis_wctomb
                0x000000000102225c                __eucjp_wctomb
                0x00000000010222cc                __jis_wctomb
 .text          0x0000000001022350       0xc8 g:/xilinx/vitis/2019.2/gnu/aarch32/nt/gcc-arm-none-eabi/bin/../arm-none-eabi/libc/usr/lib/thumb/v7-a+fp/hard\libc.a(lib_a-wsetup.o)
                0x0000000001022350                __swsetup_r
 .text          0x0000000001022418       0xdc g:/xilinx/vitis/2019.2/gnu/aarch32/nt/gcc-arm-none-eabi/bin/../arm-none-eabi/libc/usr/lib/thumb/v7-a+fp/hard\libc.a(lib_a-__call_atexit.o)
                0x0000000001022418                __call_exitprocs
 .text          0x00000000010224f4       0x10 g:/xilinx/vitis/2019.2/gnu/aarch32/nt/gcc-arm-none-eabi/bin/../arm-none-eabi/libc/usr/lib/thumb/v7-a+fp/hard\libc.a(lib_a-ctype_.o)
                0x00000000010224f4                __set_ctype
 *fill*         0x0000000001022504        0x4 
 .text          0x0000000001022508      0xe54 g:/xilinx/vitis/2019.2/gnu/aarch32/nt/gcc-arm-none-eabi/bin/../arm-none-eabi/libc/usr/lib/thumb/v7-a+fp/hard\libc.a(lib_a-dtoa.o)
                0x0000000001022650                _dtoa_r
 .text          0x000000000102335c      0x1a8 g:/xilinx/vitis/2019.2/gnu/aarch32/nt/gcc-arm-none-eabi/bin/../arm-none-eabi/libc/usr/lib/thumb/v7-a+fp/hard\libc.a(lib_a-fflush.o)
                0x000000000102335c                __sflush_r
                0x00000000010234a8                _fflush_r
                0x00000000010234dc                fflush
 .text          0x0000000001023504      0x210 g:/xilinx/vitis/2019.2/gnu/aarch32/nt/gcc-arm-none-eabi/bin/../arm-none-eabi/libc/usr/lib/thumb/v7-a+fp/hard\libc.a(lib_a-findfp.o)
                0x0000000001023508                _cleanup_r
                0x00000000010235fc                __sfmoreglue
                0x000000000102362c                __sfp
                0x00000000010236b4                _cleanup
                0x00000000010236cc                __sinit
                0x00000000010236d4                __sfp_lock_acquire
                0x00000000010236d8                __sfp_lock_release
                0x00000000010236dc                __sinit_lock_acquire
                0x00000000010236e0                __sinit_lock_release
                0x00000000010236e4                __fp_lock_all
                0x00000000010236fc                __fp_unlock_all
 .text          0x0000000001023714       0x4c g:/xilinx/vitis/2019.2/gnu/aarch32/nt/gcc-arm-none-eabi/bin/../arm-none-eabi/libc/usr/lib/thumb/v7-a+fp/hard\libc.a(lib_a-fiprintf.o)
                0x0000000001023714                _fiprintf_r
                0x0000000001023734                fiprintf
 .text          0x0000000001023760      0x29c g:/xilinx/vitis/2019.2/gnu/aarch32/nt/gcc-arm-none-eabi/bin/../arm-none-eabi/libc/usr/lib/thumb/v7-a+fp/hard\libc.a(lib_a-freer.o)
                0x0000000001023760                _malloc_trim_r
                0x000000000102380c                _free_r
 .text          0x00000000010239fc      0x32c g:/xilinx/vitis/2019.2/gnu/aarch32/nt/gcc-arm-none-eabi/bin/../arm-none-eabi/libc/usr/lib/thumb/v7-a+fp/hard\libc.a(lib_a-fvwrite.o)
                0x00000000010239fc                __sfvwrite_r
 .text          0x0000000001023d28       0x98 g:/xilinx/vitis/2019.2/gnu/aarch32/nt/gcc-arm-none-eabi/bin/../arm-none-eabi/libc/usr/lib/thumb/v7-a+fp/hard\libc.a(lib_a-fwalk.o)
                0x0000000001023d28                _fwalk
                0x0000000001023d70                _fwalk_reent
 .text          0x0000000001023dc0       0x98 g:/xilinx/vitis/2019.2/gnu/aarch32/nt/gcc-arm-none-eabi/bin/../arm-none-eabi/libc/usr/lib/thumb/v7-a+fp/hard\libc.a(lib_a-getenv_r.o)
                0x0000000001023dc0                _findenv_r
                0x0000000001023e48                _getenv_r
 .text          0x0000000001023e58       0x44 g:/xilinx/vitis/2019.2/gnu/aarch32/nt/gcc-arm-none-eabi/bin/../arm-none-eabi/libc/usr/lib/thumb/v7-a+fp/hard\libc.a(lib_a-localeconv.o)
                0x0000000001023e58                __localeconv_l
                0x0000000001023e5c                _localeconv_r
                0x0000000001023e7c                localeconv
 .text          0x0000000001023e9c       0xf8 g:/xilinx/vitis/2019.2/gnu/aarch32/nt/gcc-arm-none-eabi/bin/../arm-none-eabi/libc/usr/lib/thumb/v7-a+fp/hard\libc.a(lib_a-makebuf.o)
                0x0000000001023e9c                __swhatbuf_r
                0x0000000001023ef8                __smakebuf_r
 .text          0x0000000001023f94       0x8c g:/xilinx/vitis/2019.2/gnu/aarch32/nt/gcc-arm-none-eabi/bin/../arm-none-eabi/libc/usr/lib/thumb/v7-a+fp/hard\libc.a(lib_a-mallinfor.o)
                0x0000000001023f94                __malloc_update_mallinfo
                0x0000000001023fec                _mallinfo_r
 .text          0x0000000001024020       0x64 g:/xilinx/vitis/2019.2/gnu/aarch32/nt/gcc-arm-none-eabi/bin/../arm-none-eabi/libc/usr/lib/thumb/v7-a+fp/hard\libc.a(lib_a-malloptr.o)
                0x0000000001024020                _mallopt_r
 .text          0x0000000001024084       0x60 g:/xilinx/vitis/2019.2/gnu/aarch32/nt/gcc-arm-none-eabi/bin/../arm-none-eabi/libc/usr/lib/thumb/v7-a+fp/hard\libc.a(lib_a-mallstatsr.o)
                0x0000000001024084                _malloc_stats_r
 *fill*         0x00000000010240e4        0xc 
 .text          0x00000000010240f0       0xa0 g:/xilinx/vitis/2019.2/gnu/aarch32/nt/gcc-arm-none-eabi/bin/../arm-none-eabi/libc/usr/lib/thumb/v7-a+fp/hard\libc.a(lib_a-memchr.o)
                0x00000000010240f0                memchr
 .text          0x0000000001024190      0x8fc g:/xilinx/vitis/2019.2/gnu/aarch32/nt/gcc-arm-none-eabi/bin/../arm-none-eabi/libc/usr/lib/thumb/v7-a+fp/hard\libc.a(lib_a-mprec.o)
                0x0000000001024190                _Balloc
                0x00000000010241dc                _Bfree
                0x00000000010241f0                __multadd
                0x0000000001024280                __s2b
                0x0000000001024318                __hi0bits
                0x0000000001024358                __lo0bits
                0x00000000010243b4                __i2b
                0x00000000010243c8                __multiply
                0x0000000001024508                __pow5mult
                0x00000000010245ac                __lshift
                0x0000000001024668                __mcmp
                0x00000000010246a4                __mdiff
                0x00000000010247ac                __ulp
                0x00000000010247fc                __b2d
                0x00000000010248ac                __d2b
                0x0000000001024960                __ratio
                0x00000000010249c0                _mprec_log10
                0x00000000010249e8                __copybits
                0x0000000001024a30                __any_on
 .text          0x0000000001024a8c      0x374 g:/xilinx/vitis/2019.2/gnu/aarch32/nt/gcc-arm-none-eabi/bin/../arm-none-eabi/libc/usr/lib/thumb/v7-a+fp/hard\libc.a(lib_a-reallocr.o)
                0x0000000001024a8c                _realloc_r
 .text          0x0000000001024e00       0xa4 g:/xilinx/vitis/2019.2/gnu/aarch32/nt/gcc-arm-none-eabi/bin/../arm-none-eabi/libc/usr/lib/thumb/v7-a+fp/hard\libc.a(lib_a-reent.o)
                0x0000000001024e00                cleanup_glue
                0x0000000001024e1c                _reclaim_reent
 *fill*         0x0000000001024ea4        0x4 
 .text          0x0000000001024ea8       0x80 g:/xilinx/vitis/2019.2/gnu/aarch32/nt/gcc-arm-none-eabi/bin/../arm-none-eabi/libc/usr/lib/thumb/v7-a+fp/hard\libc.a(lib_a-s_frexp.o)
                0x0000000001024ea8                frexp
 .text          0x0000000001024f28       0x90 g:/xilinx/vitis/2019.2/gnu/aarch32/nt/gcc-arm-none-eabi/bin/../arm-none-eabi/libc/usr/lib/thumb/v7-a+fp/hard\libc.a(lib_a-stdio.o)
                0x0000000001024f28                __sread
                0x0000000001024f4c                __seofread
                0x0000000001024f50                __swrite
                0x0000000001024f90                __sseek
                0x0000000001024fb0                __sclose
 .text          0x0000000001024fb8      0xe90 g:/xilinx/vitis/2019.2/gnu/aarch32/nt/gcc-arm-none-eabi/bin/../arm-none-eabi/libc/usr/lib/thumb/v7-a+fp/hard\libc.a(lib_a-svfiprintf.o)
                0x0000000001024fb8                __ssprint_r
                0x00000000010250b0                _svfiprintf_r
 .text          0x0000000001025e48     0x108c g:/xilinx/vitis/2019.2/gnu/aarch32/nt/gcc-arm-none-eabi/bin/../arm-none-eabi/libc/usr/lib/thumb/v7-a+fp/hard\libc.a(lib_a-vfiprintf.o)
                0x0000000001025ebc                __sprint_r
                0x0000000001025ed0                _vfiprintf_r
                0x0000000001026e4c                vfiprintf
 .text          0x0000000001026ed4      0x15c g:/xilinx/vitis/2019.2/gnu/aarch32/nt/gcc-arm-none-eabi/bin/../arm-none-eabi/libc/usr/lib/thumb/v7-a+fp/hard\libc.a(lib_a-wcsnrtombs.o)
                0x0000000001026ed4                _wcsnrtombs_l
                0x0000000001026fc8                _wcsnrtombs_r
                0x0000000001026ff8                wcsnrtombs
 .text          0x0000000001027030       0x2c g:/xilinx/vitis/2019.2/gnu/aarch32/nt/gcc-arm-none-eabi/bin/../arm-none-eabi/libc/usr/lib/thumb/v7-a+fp/hard\libc.a(lib_a-writer.o)
                0x0000000001027030                _write_r
 .text          0x000000000102705c       0x28 g:/xilinx/vitis/2019.2/gnu/aarch32/nt/gcc-arm-none-eabi/bin/../arm-none-eabi/libc/usr/lib/thumb/v7-a+fp/hard\libc.a(lib_a-closer.o)
                0x000000000102705c                _close_r
 .text          0x0000000001027084        0x0 g:/xilinx/vitis/2019.2/gnu/aarch32/nt/gcc-arm-none-eabi/bin/../arm-none-eabi/libc/usr/lib/thumb/v7-a+fp/hard\libc.a(lib_a-environ.o)
 .text          0x0000000001027084        0x8 g:/xilinx/vitis/2019.2/gnu/aarch32/nt/gcc-arm-none-eabi/bin/../arm-none-eabi/libc/usr/lib/thumb/v7-a+fp/hard\libc.a(lib_a-envlock.o)
                0x0000000001027084                __env_lock
                0x0000000001027088                __env_unlock
 .text          0x000000000102708c       0x98 g:/xilinx/vitis/2019.2/gnu/aarch32/nt/gcc-arm-none-eabi/bin/../arm-none-eabi/libc/usr/lib/thumb/v7-a+fp/hard\libc.a(lib_a-fclose.o)
                0x000000000102708c                _fclose_r
                0x0000000001027114                fclose
 .text          0x0000000001027124      0x11c g:/xilinx/vitis/2019.2/gnu/aarch32/nt/gcc-arm-none-eabi/bin/../arm-none-eabi/libc/usr/lib/thumb/v7-a+fp/hard\libc.a(lib_a-fputwc.o)
                0x0000000001027124                __fputwc
                0x00000000010271d4                _fputwc_r
                0x00000000010271fc                fputwc
 .text          0x0000000001027240       0x2c g:/xilinx/vitis/2019.2/gnu/aarch32/nt/gcc-arm-none-eabi/bin/../arm-none-eabi/libc/usr/lib/thumb/v7-a+fp/hard\libc.a(lib_a-fstatr.o)
                0x0000000001027240                _fstat_r
 .text          0x000000000102726c       0x28 g:/xilinx/vitis/2019.2/gnu/aarch32/nt/gcc-arm-none-eabi/bin/../arm-none-eabi/libc/usr/lib/thumb/v7-a+fp/hard\libc.a(lib_a-isattyr.o)
                0x000000000102726c                _isatty_r
 .text          0x0000000001027294       0x2c g:/xilinx/vitis/2019.2/gnu/aarch32/nt/gcc-arm-none-eabi/bin/../arm-none-eabi/libc/usr/lib/thumb/v7-a+fp/hard\libc.a(lib_a-lseekr.o)
                0x0000000001027294                _lseek_r
 .text          0x00000000010272c0       0x2c g:/xilinx/vitis/2019.2/gnu/aarch32/nt/gcc-arm-none-eabi/bin/../arm-none-eabi/libc/usr/lib/thumb/v7-a+fp/hard\libc.a(lib_a-readr.o)
                0x00000000010272c0                _read_r
 .text          0x00000000010272ec       0xc4 g:/xilinx/vitis/2019.2/gnu/aarch32/nt/gcc-arm-none-eabi/bin/../arm-none-eabi/libc/usr/lib/thumb/v7-a+fp/hard\libc.a(lib_a-wbuf.o)
                0x00000000010272ec                __swbuf_r
                0x000000000102739c                __swbuf
 .text          0x00000000010273b0       0x40 C:\Users\Tom\Documents\Projects\Scopy_MVP_Platform\scopy-fpga\main\ps7_cortexa9_0\standalone_domain\bsp\ps7_cortexa9_0\lib\libxil.a(_sbrk.o)
                0x00000000010273b0                _sbrk
 .text          0x00000000010273f0       0x30 C:\Users\Tom\Documents\Projects\Scopy_MVP_Platform\scopy-fpga\main\ps7_cortexa9_0\standalone_domain\bsp\ps7_cortexa9_0\lib\libxil.a(lseek.o)
                0x00000000010273f0                lseek
                0x0000000001027408                _lseek
 .text          0x0000000001027420       0x70 C:\Users\Tom\Documents\Projects\Scopy_MVP_Platform\scopy-fpga\main\ps7_cortexa9_0\standalone_domain\bsp\ps7_cortexa9_0\lib\libxil.a(write.o)
                0x0000000001027420                write
                0x000000000102748c                _write
 .text          0x0000000001027490       0x60 C:\Users\Tom\Documents\Projects\Scopy_MVP_Platform\scopy-fpga\main\ps7_cortexa9_0\standalone_domain\bsp\ps7_cortexa9_0\lib\libxil.a(read.o)
                0x0000000001027490                read
                0x00000000010274ec                _read
 .text          0x00000000010274f0       0x10 C:\Users\Tom\Documents\Projects\Scopy_MVP_Platform\scopy-fpga\main\ps7_cortexa9_0\standalone_domain\bsp\ps7_cortexa9_0\lib\libxil.a(fstat.o)
                0x00000000010274f0                _fstat
 .text          0x0000000001027500       0x10 C:\Users\Tom\Documents\Projects\Scopy_MVP_Platform\scopy-fpga\main\ps7_cortexa9_0\standalone_domain\bsp\ps7_cortexa9_0\lib\libxil.a(errno.o)
                0x0000000001027500                __errno
 .text          0x0000000001027510        0x4 C:\Users\Tom\Documents\Projects\Scopy_MVP_Platform\scopy-fpga\main\ps7_cortexa9_0\standalone_domain\bsp\ps7_cortexa9_0\lib\libxil.a(_exit.o)
                0x0000000001027510                _exit
 .text          0x0000000001027514       0x10 C:\Users\Tom\Documents\Projects\Scopy_MVP_Platform\scopy-fpga\main\ps7_cortexa9_0\standalone_domain\bsp\ps7_cortexa9_0\lib\libxil.a(isatty.o)
                0x0000000001027514                isatty
                0x000000000102751c                _isatty
 .text          0x0000000001027524        0xc C:\Users\Tom\Documents\Projects\Scopy_MVP_Platform\scopy-fpga\main\ps7_cortexa9_0\standalone_domain\bsp\ps7_cortexa9_0\lib\libxil.a(inbyte.o)
                0x0000000001027524                inbyte
 .text          0x0000000001027530        0x8 C:\Users\Tom\Documents\Projects\Scopy_MVP_Platform\scopy-fpga\main\ps7_cortexa9_0\standalone_domain\bsp\ps7_cortexa9_0\lib\libxil.a(close.o)
                0x0000000001027530                _close
 .text          0x0000000001027538        0x0 g:/xilinx/vitis/2019.2/gnu/aarch32/nt/gcc-arm-none-eabi/bin/../lib/gcc/arm-none-eabi/8.2.0/thumb/v7-a+fp/hard/crtend.o
 .text          0x0000000001027538        0x0 g:/xilinx/vitis/2019.2/gnu/aarch32/nt/gcc-arm-none-eabi/bin/../lib/gcc/arm-none-eabi/8.2.0/thumb/v7-a+fp/hard/crtn.o
 *(.text.*)
 .text.startup  0x0000000001027538       0x2c ./src/main.o
                0x0000000001027538                main
 *fill*         0x0000000001027564        0x4 
 .text.startup.__stub
                0x0000000001027568       0x1c linker stubs
 *(.gnu.linkonce.t.*)
 *(.plt)
 *(.gnu_warning)
 *(.gcc_execpt_table)
 *(.glue_7)
 .glue_7        0x0000000001027584        0x0 linker stubs
 *(.glue_7t)
 .glue_7t       0x0000000001027584        0x0 linker stubs
 *(.vfp11_veneer)
 .vfp11_veneer  0x0000000001027584        0x0 linker stubs
 *(.ARM.extab)
 .ARM.extab     0x0000000001027584        0x0 g:/xilinx/vitis/2019.2/gnu/aarch32/nt/gcc-arm-none-eabi/bin/../lib/gcc/arm-none-eabi/8.2.0/thumb/v7-a+fp/hard\libgcc.a(_udivmoddi4.o)
 *(.gnu.linkonce.armextab.*)

.v4_bx          0x0000000001027584        0x0
 .v4_bx         0x0000000001027584        0x0 linker stubs

.iplt           0x0000000001027584        0x0
 .iplt          0x0000000001027584        0x0 g:/xilinx/vitis/2019.2/gnu/aarch32/nt/gcc-arm-none-eabi/bin/../lib/gcc/arm-none-eabi/8.2.0/thumb/v7-a+fp/hard/crtbegin.o

.force_ocm
 *(.force_ocm)

.init           0x0000000001027584        0xc
 *(.init)
 .init          0x0000000001027584        0x4 g:/xilinx/vitis/2019.2/gnu/aarch32/nt/gcc-arm-none-eabi/bin/../lib/gcc/arm-none-eabi/8.2.0/thumb/v7-a+fp/hard/crti.o
                0x0000000001027584                _init
 .init          0x0000000001027588        0x8 g:/xilinx/vitis/2019.2/gnu/aarch32/nt/gcc-arm-none-eabi/bin/../lib/gcc/arm-none-eabi/8.2.0/thumb/v7-a+fp/hard/crtn.o

.fini           0x0000000001027590        0xc
 *(.fini)
 .fini          0x0000000001027590        0x4 g:/xilinx/vitis/2019.2/gnu/aarch32/nt/gcc-arm-none-eabi/bin/../lib/gcc/arm-none-eabi/8.2.0/thumb/v7-a+fp/hard/crti.o
                0x0000000001027590                _fini
 .fini          0x0000000001027594        0x8 g:/xilinx/vitis/2019.2/gnu/aarch32/nt/gcc-arm-none-eabi/bin/../lib/gcc/arm-none-eabi/8.2.0/thumb/v7-a+fp/hard/crtn.o

.rodata         0x00000000010275a0    0x44b9c
                0x00000000010275a0                __rodata_start = .
 *(.rodata)
 .rodata        0x00000000010275a0       0x18 ./src/fabric_config.o
                0x00000000010275a0                fabcfg_dummy_tests
 .rodata        0x00000000010275b8      0x30c ./src/spi_commands.o
                0x00000000010275b8                spi_command_defs
 *fill*         0x00000000010278c4       0x1c 
 .rodata        0x00000000010278e0    0x40000 ./src/test_patterns.o
                0x00000000010278e0                testpatt_norway_512x512_grey
 .rodata        0x00000000010678e0       0x54 C:\Users\Tom\Documents\Projects\Scopy_MVP_Platform\scopy-fpga\main\ps7_cortexa9_0\standalone_domain\bsp\ps7_cortexa9_0\lib\libxil.a(xttcps_options.o)
 .rodata        0x0000000001067934       0x30 C:\Users\Tom\Documents\Projects\Scopy_MVP_Platform\scopy-fpga\main\ps7_cortexa9_0\standalone_domain\bsp\ps7_cortexa9_0\lib\libxil.a(xspips_options.o)
 .rodata        0x0000000001067964        0x4 g:/xilinx/vitis/2019.2/gnu/aarch32/nt/gcc-arm-none-eabi/bin/../arm-none-eabi/libc/usr/lib/thumb/v7-a+fp/hard\libc.a(lib_a-impure.o)
                0x0000000001067964                _global_impure_ptr
 .rodata        0x0000000001067968      0x188 g:/xilinx/vitis/2019.2/gnu/aarch32/nt/gcc-arm-none-eabi/bin/../arm-none-eabi/libc/usr/lib/thumb/v7-a+fp/hard\libc.a(lib_a-locale.o)
                0x0000000001067984                __C_locale
 .rodata        0x0000000001067af0       0x90 g:/xilinx/vitis/2019.2/gnu/aarch32/nt/gcc-arm-none-eabi/bin/../arm-none-eabi/libc/usr/lib/thumb/v7-a+fp/hard\libc.a(lib_a-mbtowc_r.o)
 .rodata        0x0000000001067b80       0x20 g:/xilinx/vitis/2019.2/gnu/aarch32/nt/gcc-arm-none-eabi/bin/../arm-none-eabi/libc/usr/lib/thumb/v7-a+fp/hard\libc.a(lib_a-svfprintf.o)
 .rodata        0x0000000001067ba0       0x20 g:/xilinx/vitis/2019.2/gnu/aarch32/nt/gcc-arm-none-eabi/bin/../arm-none-eabi/libc/usr/lib/thumb/v7-a+fp/hard\libc.a(lib_a-vfprintf.o)
 .rodata        0x0000000001067bc0      0x101 g:/xilinx/vitis/2019.2/gnu/aarch32/nt/gcc-arm-none-eabi/bin/../arm-none-eabi/libc/usr/lib/thumb/v7-a+fp/hard\libc.a(lib_a-ctype_.o)
                0x0000000001067bc0                _ctype_
 *fill*         0x0000000001067cc1        0x7 
 .rodata        0x0000000001067cc8      0x128 g:/xilinx/vitis/2019.2/gnu/aarch32/nt/gcc-arm-none-eabi/bin/../arm-none-eabi/libc/usr/lib/thumb/v7-a+fp/hard\libc.a(lib_a-mprec.o)
                0x0000000001067cd8                __mprec_tens
                0x0000000001067da0                __mprec_tinytens
                0x0000000001067dc8                __mprec_bigtens
 .rodata        0x0000000001067df0       0x20 g:/xilinx/vitis/2019.2/gnu/aarch32/nt/gcc-arm-none-eabi/bin/../arm-none-eabi/libc/usr/lib/thumb/v7-a+fp/hard\libc.a(lib_a-svfiprintf.o)
 .rodata        0x0000000001067e10       0x20 g:/xilinx/vitis/2019.2/gnu/aarch32/nt/gcc-arm-none-eabi/bin/../arm-none-eabi/libc/usr/lib/thumb/v7-a+fp/hard\libc.a(lib_a-vfiprintf.o)
 *(.rodata.*)
 .rodata.str1.4
                0x0000000001067e30     0x16b7 ./src/acquire.o
                                       0x16bb (size before relaxing)
 *fill*         0x00000000010694e7        0x1 
 .rodata.str1.4
                0x00000000010694e8      0x376 ./src/clkwiz_interface.o
                                        0x3a6 (size before relaxing)
 *fill*         0x000000000106985e        0x2 
 .rodata.str1.4
                0x0000000001069860      0x13e ./src/dma_bd.o
                                        0x16a (size before relaxing)
 *fill*         0x000000000106999e        0x2 
 .rodata.str1.4
                0x00000000010699a0      0x23a ./src/fabric_config.o
                                        0x23e (size before relaxing)
 *fill*         0x0000000001069bda        0x2 
 .rodata.str1.4
                0x0000000001069bdc      0x513 ./src/hal.o
                                        0x543 (size before relaxing)
 *fill*         0x000000000106a0ef        0x1 
 .rodata.str1.4
                0x000000000106a0f0      0x819 ./src/mipi_csi.o
                                        0x845 (size before relaxing)
 *fill*         0x000000000106a909        0x3 
 .rodata.str1.4
                0x000000000106a90c      0x2bf ./src/spi.o