Archive member included to satisfy reference by file (symbol)

C:/Users/Tom/Documents/Projects/Scopy_MVP_Platform/scopy-fpga/main/export/main/sw/main/standalone_domain/bsplib/lib\libxil.a(xaxidma.o)
                              ./src/acquire.o (XAxiDma_Reset)
C:/Users/Tom/Documents/Projects/Scopy_MVP_Platform/scopy-fpga/main/export/main/sw/main/standalone_domain/bsplib/lib\libxil.a(xaxidma_sinit.o)
                              ./src/acquire.o (XAxiDma_LookupConfig)
C:/Users/Tom/Documents/Projects/Scopy_MVP_Platform/scopy-fpga/main/export/main/sw/main/standalone_domain/bsplib/lib\libxil.a(xaxidma_bdring.o)
                              C:/Users/Tom/Documents/Projects/Scopy_MVP_Platform/scopy-fpga/main/export/main/sw/main/standalone_domain/bsplib/lib\libxil.a(xaxidma.o) (XAxiDma_BdRingStart)
C:/Users/Tom/Documents/Projects/Scopy_MVP_Platform/scopy-fpga/main/export/main/sw/main/standalone_domain/bsplib/lib\libxil.a(xaxidma_g.o)
                              C:/Users/Tom/Documents/Projects/Scopy_MVP_Platform/scopy-fpga/main/export/main/sw/main/standalone_domain/bsplib/lib\libxil.a(xaxidma_sinit.o) (XAxiDma_ConfigTable)
C:/Users/Tom/Documents/Projects/Scopy_MVP_Platform/scopy-fpga/main/export/main/sw/main/standalone_domain/bsplib/lib\libxil.a(xclk_wiz.o)
                              ./src/clkwiz_interface.o (XClk_Wiz_CfgInitialize)
C:/Users/Tom/Documents/Projects/Scopy_MVP_Platform/scopy-fpga/main/export/main/sw/main/standalone_domain/bsplib/lib\libxil.a(xclk_wiz_sinit.o)
                              ./src/clkwiz_interface.o (XClk_Wiz_LookupConfig)
C:/Users/Tom/Documents/Projects/Scopy_MVP_Platform/scopy-fpga/main/export/main/sw/main/standalone_domain/bsplib/lib\libxil.a(xdmaps.o)
                              ./src/dma_gearbox.o (XDmaPs_CfgInitialize)
C:/Users/Tom/Documents/Projects/Scopy_MVP_Platform/scopy-fpga/main/export/main/sw/main/standalone_domain/bsplib/lib\libxil.a(xdmaps_sinit.o)
                              ./src/dma_gearbox.o (XDmaPs_LookupConfig)
C:/Users/Tom/Documents/Projects/Scopy_MVP_Platform/scopy-fpga/main/export/main/sw/main/standalone_domain/bsplib/lib\libxil.a(xdmaps_g.o)
                              C:/Users/Tom/Documents/Projects/Scopy_MVP_Platform/scopy-fpga/main/export/main/sw/main/standalone_domain/bsplib/lib\libxil.a(xdmaps_sinit.o) (XDmaPs_ConfigTable)
C:/Users/Tom/Documents/Projects/Scopy_MVP_Platform/scopy-fpga/main/export/main/sw/main/standalone_domain/bsplib/lib\libxil.a(xgpiops.o)
                              ./src/hal.o (XGpioPs_CfgInitialize)
C:/Users/Tom/Documents/Projects/Scopy_MVP_Platform/scopy-fpga/main/export/main/sw/main/standalone_domain/bsplib/lib\libxil.a(xgpiops_sinit.o)
                              ./src/hal.o (XGpioPs_LookupConfig)
C:/Users/Tom/Documents/Projects/Scopy_MVP_Platform/scopy-fpga/main/export/main/sw/main/standalone_domain/bsplib/lib\libxil.a(xgpiops_intr.o)
                              C:/Users/Tom/Documents/Projects/Scopy_MVP_Platform/scopy-fpga/main/export/main/sw/main/standalone_domain/bsplib/lib\libxil.a(xgpiops.o) (StubHandler)
C:/Users/Tom/Documents/Projects/Scopy_MVP_Platform/scopy-fpga/main/export/main/sw/main/standalone_domain/bsplib/lib\libxil.a(xgpiops_g.o)
                              C:/Users/Tom/Documents/Projects/Scopy_MVP_Platform/scopy-fpga/main/export/main/sw/main/standalone_domain/bsplib/lib\libxil.a(xgpiops_sinit.o) (XGpioPs_ConfigTable)
C:/Users/Tom/Documents/Projects/Scopy_MVP_Platform/scopy-fpga/main/export/main/sw/main/standalone_domain/bsplib/lib\libxil.a(xscugic_intr.o)
                              ./src/hal.o (XScuGic_InterruptHandler)
C:/Users/Tom/Documents/Projects/Scopy_MVP_Platform/scopy-fpga/main/export/main/sw/main/standalone_domain/bsplib/lib\libxil.a(xscugic.o)
                              ./src/acquire.o (XScuGic_Connect)
C:/Users/Tom/Documents/Projects/Scopy_MVP_Platform/scopy-fpga/main/export/main/sw/main/standalone_domain/bsplib/lib\libxil.a(xscugic_sinit.o)
                              ./src/hal.o (XScuGic_LookupConfig)
C:/Users/Tom/Documents/Projects/Scopy_MVP_Platform/scopy-fpga/main/export/main/sw/main/standalone_domain/bsplib/lib\libxil.a(xscutimer.o)
                              ./src/hal.o (XScuTimer_CfgInitialize)
C:/Users/Tom/Documents/Projects/Scopy_MVP_Platform/scopy-fpga/main/export/main/sw/main/standalone_domain/bsplib/lib\libxil.a(xscutimer_selftest.o)
                              ./src/hal.o (XScuTimer_SelfTest)
C:/Users/Tom/Documents/Projects/Scopy_MVP_Platform/scopy-fpga/main/export/main/sw/main/standalone_domain/bsplib/lib\libxil.a(xscutimer_sinit.o)
                              ./src/hal.o (XScuTimer_LookupConfig)
C:/Users/Tom/Documents/Projects/Scopy_MVP_Platform/scopy-fpga/main/export/main/sw/main/standalone_domain/bsplib/lib\libxil.a(xscutimer_g.o)
                              C:/Users/Tom/Documents/Projects/Scopy_MVP_Platform/scopy-fpga/main/export/main/sw/main/standalone_domain/bsplib/lib\libxil.a(xscutimer_sinit.o) (XScuTimer_ConfigTable)
[...]
Memory Configuration

Name             Origin             Length             Attributes
ps7_ram_0        0x0000000001000000 0x000000000fffffff
ocm2             0x00000000ffff0000 0x000000000000fe00
ocm1             0x0000000000000000 0x0000000000030000
*default*        0x0000000000000000 0xffffffffffffffff

Linker script and memory map

LOAD g:/xilinx/vitis/2019.2/gnu/aarch32/nt/gcc-arm-none-eabi/bin/../lib/gcc/arm-none-eabi/8.2.0/thumb/v7-a+fp/hard/crti.o
LOAD g:/xilinx/vitis/2019.2/gnu/aarch32/nt/gcc-arm-none-eabi/bin/../lib/gcc/arm-none-eabi/8.2.0/thumb/v7-a+fp/hard/crtbegin.o
                0x0000000000010000                _STACK_SIZE = DEFINED (_STACK_SIZE)?_STACK_SIZE:0x10000
                0x000000000c000000                _HEAP_SIZE = DEFINED (_HEAP_SIZE)?_HEAP_SIZE:0xc000000
                0x0000000000000400                _ABORT_STACK_SIZE = DEFINED (_ABORT_STACK_SIZE)?_ABORT_STACK_SIZE:0x400
                0x0000000000000800                _SUPERVISOR_STACK_SIZE = DEFINED (_SUPERVISOR_STACK_SIZE)?_SUPERVISOR_STACK_SIZE:0x800
                0x0000000000000400                _IRQ_STACK_SIZE = DEFINED (_IRQ_STACK_SIZE)?_IRQ_STACK_SIZE:0x400
                0x0000000000000400                _FIQ_STACK_SIZE = DEFINED (_FIQ_STACK_SIZE)?_FIQ_STACK_SIZE:0x400
                0x0000000000000400                _UNDEF_STACK_SIZE = DEFINED (_UNDEF_STACK_SIZE)?_UNDEF_STACK_SIZE:0x400

.text           0x0000000001000000    0x13bec
 *(.vectors)
 .vectors       0x0000000001000000      0x12c C:/Users/Tom/Documents/Projects/Scopy_MVP_Platform/scopy-fpga/main/export/main/sw/main/standalone_domain/bsplib/lib\libxil.a(asm_vectors.o)
                0x0000000001000000                _vector_table
 *(.boot)
 .boot          0x000000000100012c      0x3b0 C:/Users/Tom/Documents/Projects/Scopy_MVP_Platform/scopy-fpga/main/export/main/sw/main/standalone_domain/bsplib/lib\libxil.a(boot.o)
                0x000000000100012c                _prestart
                0x000000000100012c                _boot
 *(.text)
 .text          0x00000000010004dc        0x0 g:/xilinx/vitis/2019.2/gnu/aarch32/nt/gcc-arm-none-eabi/bin/../lib/gcc/arm-none-eabi/8.2.0/thumb/v7-a+fp/hard/crti.o
 .text          0x00000000010004dc       0xa8 g:/xilinx/vitis/2019.2/gnu/aarch32/nt/gcc-arm-none-eabi/bin/../lib/gcc/arm-none-eabi/8.2.0/thumb/v7-a+fp/hard/crtbegin.o
 *fill*         0x0000000001000584        0x4 
 .text          0x0000000001000588     0x1f40 ./src/acquire.o
                0x0000000001000588                _acq_irq_error_dma
                0x00000000010005c4                _acq_reset_PL_fifo
                0x0000000001000648                _acq_reset_trigger
                0x00000000010006ac                _acq_wait_for_ndone
                0x00000000010006c4                acq_init
                0x00000000010009c0                acq_get_next_alloc
                0x0000000001000a78                acq_append_next_alloc
                0x0000000001000bb0                acq_free_all_alloc
                0x0000000001000bfc                acq_prepare_triggered
                0x0000000001000fec                acq_start
                0x000000000100119c                _acq_irq_rx_handler
                0x0000000001001944                acq_is_done
                0x0000000001001960                acq_force_stop
                0x00000000010019d0                acq_debug_dump
                0x0000000001001f20                acq_debug_dump_waveraw
                0x0000000001001fc0                acq_get_ll_pointer
                0x0000000001002028                acq_debug_dump_wave
                0x0000000001002300                acq_copy_slow_mipi
 .text          0x00000000010024c8      0x6c8 ./src/clkwiz_interface.o
                0x00000000010024c8                clkwiz_init
                0x0000000001002594                clkwiz_change_mipi_freq
                0x0000000001002884                clkwiz_dump_state
                0x0000000001002afc                clkwiz_commit
 .text          0x0000000001002b90      0x3f4 ./src/dma_gearbox.o
                0x0000000001002b90                dma_gearbox_init
                0x0000000001002c1c                dma_gearbox_setup_copy
                0x0000000001002ef0                dma_gearbox_execute
                0x0000000001002f64                dma_gearbox_is_done
 .text          0x0000000001002f84      0x678 ./src/fabric_config.o
                0x0000000001002fa0                fabcfg_init
                0x0000000001003494                fabcfg_read
                0x00000000010034b0                fabcfg_write
                0x00000000010034cc                fabcfg_commit
                0x0000000001003560                fabcfg_fastcfg_start
                0x00000000010035c8                fabcfg_fastcfg_wait
 *fill*         0x00000000010035fc        0x4 
 .text          0x0000000001003600     0x1010 ./src/hal.o
                0x0000000001003600                irq_xscutimer
                0x00000000010039d8                d_xilinx_assert
                0x00000000010039f0                bogo_calibrate
                0x0000000001003ba8                bogo_delay
                0x0000000001003c0c                gpio_led_write
                0x0000000001003c40                d_printf
                0x0000000001003e00                hal_init
                0x0000000001004318                d_waitkey
                0x0000000001004340                d_iskeypress
                0x0000000001004360                d_read_global_timer
                0x0000000001004388                d_start_timing
                0x00000000010043f8                d_stop_timing
                0x0000000001004478                d_read_timing
                0x000000000100449c                d_read_timing_us
                0x0000000001004510                d_dump_timing
                0x0000000001004590                d_dump_timing_ex
 .text          0x0000000001004610        0x0 ./src/main.o
 .text          0x0000000001004610      0x750 ./src/mipi_csi.o
                0x0000000001004610                mcsi_init
                0x0000000001004630                mcsi_setup_transfer_by_id
                0x00000000010046e0                mcsi_setup_multi_transfer_by_id
                0x00000000010047e4                mcsi_start
                0x000000000100483c                _mcsi_tx_memcpy
                0x0000000001004a5c                mcsi_tick
                0x0000000001004cd4                _mcsi_tx_memcpy_assist_bounded
 .text          0x0000000001004d60      0x22c ./src/mipi_csi_hacks.o
                0x0000000001004d60                csi_hack_run
 .text          0x0000000001004f8c       0x14 ./src/platform.o
                0x0000000001004f8c                enable_caches
                0x0000000001004f90                disable_caches
                0x0000000001004f94                init_uart
                0x0000000001004f98                init_platform
                0x0000000001004f9c                cleanup_platform
 .text          0x0000000001004fa0      0x838 C:/Users/Tom/Documents/Projects/Scopy_MVP_Platform/scopy-fpga/main/export/main/sw/main/standalone_domain/bsplib/lib\libxil.a(xaxidma.o)
                0x0000000001004fa0                XAxiDma_Reset
                0x00000000010050b4                XAxiDma_ResetIsDone
                0x0000000001005100                XAxiDma_CfgInitialize
                0x0000000001005334                XAxiDma_Pause
                0x00000000010053e0                XAxiDma_Resume
                0x00000000010055fc                XAxiDma_Busy
                0x0000000001005618                XAxiDma_SelectKeyHole
                0x0000000001005640                XAxiDma_SelectCyclicMode
                0x0000000001005668                XAxiDma_SimpleTransfer
 .text          0x00000000010057d8       0x38 C:/Users/Tom/Documents/Projects/Scopy_MVP_Platform/scopy-fpga/main/export/main/sw/main/standalone_domain/bsplib/lib\libxil.a(xaxidma_sinit.o)
                0x00000000010057d8                XAxiDma_LookupConfig
                0x00000000010057f4                XAxiDma_LookupConfigBaseAddr
 .text          0x0000000001005810      0xd6c C:/Users/Tom/Documents/Projects/Scopy_MVP_Platform/scopy-fpga/main/export/main/sw/main/standalone_domain/bsplib/lib\libxil.a(xaxidma_bdring.o)
                0x0000000001005810                XAxiDma_UpdateBdRingCDesc
                0x0000000001005984                XAxiDma_BdRingCreate
                0x0000000001005b20                XAxiDma_BdRingClone
                0x0000000001005c24                XAxiDma_StartBdRingHw
                0x0000000001005d50                XAxiDma_BdRingStart
                0x0000000001005d70                XAxiDma_BdRingSetCoalesce
                0x0000000001005dbc                XAxiDma_BdRingGetCoalesce
                0x0000000001005dd8                XAxiDma_BdRingAlloc
                0x0000000001005e60                XAxiDma_BdRingUnAlloc
                0x0000000001005f10                XAxiDma_BdRingToHw
                0x000000000100615c                XAxiDma_BdRingFromHw
                0x00000000010062b0                XAxiDma_BdRingFree
                0x0000000001006344                XAxiDma_BdRingCheck
                0x00000000010064c4                XAxiDma_BdRingDumpRegs
 .text          0x000000000100657c        0x0 C:/Users/Tom/Documents/Projects/Scopy_MVP_Platform/scopy-fpga/main/export/main/sw/main/standalone_domain/bsplib/lib\libxil.a(xaxidma_g.o)
 .text          0x000000000100657c      0x150 C:/Users/Tom/Documents/Projects/Scopy_MVP_Platform/scopy-fpga/main/export/main/sw/main/standalone_domain/bsplib/lib\libxil.a(xclk_wiz.o)
                0x00000000010065a4                XClk_Wiz_CfgInitialize
                0x000000000100666c                XClk_Wiz_GetInterruptSettings
 .text          0x00000000010066cc       0x1c C:/Users/Tom/Documents/Projects/Scopy_MVP_Platform/scopy-fpga/main/export/main/sw/main/standalone_domain/bsplib/lib\libxil.a(xclk_wiz_sinit.o)
                0x00000000010066cc                XClk_Wiz_LookupConfig
 .text          0x00000000010066e8     0x1240 C:/Users/Tom/Documents/Projects/Scopy_MVP_Platform/scopy-fpga/main/export/main/sw/main/standalone_domain/bsplib/lib\libxil.a(xdmaps.o)
                0x0000000001006870                XDmaPs_CfgInitialize
                0x000000000100694c                XDmaPs_ResetManager
                0x000000000100695c                XDmaPs_ResetChannel
                0x0000000001006968                XDmaPs_FaultISR
                0x0000000001006a94                XDmaPs_SetDoneHandler
                0x0000000001006b00                XDmaPs_SetFaultHandler
                0x0000000001006b54                XDmaPs_Instr_DMARMB
                0x0000000001006b64                XDmaPs_Instr_DMAWMB
                0x0000000001006b74                XDmaPs_ToCCRValue
                0x0000000001006d1c                XDmaPs_ConstructSingleLoop
                0x0000000001006dbc                XDmaPs_ConstructNestedLoop
                0x0000000001006ec4                XDmaPs_GenDmaProg
                0x00000000010074b0                XDmaPs_FreeDmaProg
                0x0000000001007568                XDmaPs_Start
                0x00000000010077ac                XDmaPs_IsActive
                0x0000000001007810                XDmaPs_DoneISR_0
                0x0000000001007818                XDmaPs_DoneISR_1
                0x0000000001007820                XDmaPs_DoneISR_2
                0x0000000001007828                XDmaPs_DoneISR_3
                0x0000000001007830                XDmaPs_DoneISR_4
                0x0000000001007838                XDmaPs_DoneISR_5
                0x0000000001007840                XDmaPs_DoneISR_6
                0x0000000001007848                XDmaPs_DoneISR_7
                0x0000000001007850                XDmaPs_Print_DmaProg
 .text          0x0000000001007928       0x30 C:/Users/Tom/Documents/Projects/Scopy_MVP_Platform/scopy-fpga/main/export/main/sw/main/standalone_domain/bsplib/lib\libxil.a(xdmaps_sinit.o)
                0x0000000001007928                XDmaPs_LookupConfig
 .text          0x0000000001007958        0x0 C:/Users/Tom/Documents/Projects/Scopy_MVP_Platform/scopy-fpga/main/export/main/sw/main/standalone_domain/bsplib/lib\libxil.a(xdmaps_g.o)
 .text          0x0000000001007958      0xcd8 C:/Users/Tom/Documents/Projects/Scopy_MVP_Platform/scopy-fpga/main/export/main/sw/main/standalone_domain/bsplib/lib\libxil.a(xgpiops.o)
                0x0000000001007958                XGpioPs_CfgInitialize
                0x0000000001007ad4                XGpioPs_Read
                0x0000000001007b88                XGpioPs_Write
                0x0000000001007c30                XGpioPs_SetDirection
                0x0000000001007cdc                XGpioPs_GetDirection
                0x0000000001007d94                XGpioPs_SetOutputEnable
                0x0000000001007e40                XGpioPs_GetOutputEnable
                0x0000000001007ef8                XGpioPs_GetBankPin
                0x0000000001008034                XGpioPs_ReadPin
                0x0000000001008118                XGpioPs_WritePin
                0x0000000001008218                XGpioPs_SetDirectionPin
                0x000000000100833c                XGpioPs_GetDirectionPin
                0x0000000001008424                XGpioPs_SetOutputEnablePin
                0x0000000001008548                XGpioPs_GetOutputEnablePin
 .text          0x0000000001008630       0x1c C:/Users/Tom/Documents/Projects/Scopy_MVP_Platform/scopy-fpga/main/export/main/sw/main/standalone_domain/bsplib/lib\libxil.a(xgpiops_sinit.o)
                0x0000000001008630                XGpioPs_LookupConfig
 .text          0x000000000100864c      0xdd4 C:/Users/Tom/Documents/Projects/Scopy_MVP_Platform/scopy-fpga/main/export/main/sw/main/standalone_domain/bsplib/lib\libxil.a(xgpiops_intr.o)
                0x000000000100864c                XGpioPs_IntrEnable
                0x00000000010086f8                XGpioPs_IntrEnablePin
                0x00000000010087d4                XGpioPs_IntrDisable
                0x0000000001008880                XGpioPs_IntrDisablePin
                0x000000000100895c                XGpioPs_IntrGetEnabled
                0x0000000001008a18                XGpioPs_IntrGetEnabledPin
                0x0000000001008b00                XGpioPs_IntrGetStatus
                0x0000000001008bb8                XGpioPs_IntrGetStatusPin
                0x0000000001008ca0                XGpioPs_IntrClear
                0x0000000001008d4c                XGpioPs_IntrClearPin
                0x0000000001008e2c                XGpioPs_SetIntrType
                0x0000000001008ef4                XGpioPs_GetIntrType
                0x0000000001008fc8                XGpioPs_SetIntrTypePin
                0x0000000001009168                XGpioPs_GetIntrTypePin
                0x0000000001009274                XGpioPs_SetCallbackHandler
                0x0000000001009314                XGpioPs_IntrHandler
                0x00000000010093f8                StubHandler
 .text          0x0000000001009420        0x0 C:/Users/Tom/Documents/Projects/Scopy_MVP_Platform/scopy-fpga/main/export/main/sw/main/standalone_domain/bsplib/lib\libxil.a(xgpiops_g.o)
 .text          0x0000000001009420       0x78 C:/Users/Tom/Documents/Projects/Scopy_MVP_Platform/scopy-fpga/main/export/main/sw/main/standalone_domain/bsplib/lib\libxil.a(xscugic_intr.o)
                0x0000000001009420                XScuGic_InterruptHandler
 .text          0x0000000001009498      0xaf4 C:/Users/Tom/Documents/Projects/Scopy_MVP_Platform/scopy-fpga/main/export/main/sw/main/standalone_domain/bsplib/lib\libxil.a(xscugic.o)
                0x00000000010094e8                XScuGic_Connect
                0x00000000010095bc                XScuGic_Disconnect
                0x0000000001009688                XScuGic_SoftwareIntr
                0x000000000100976c                XScuGic_SetPriorityTriggerType
                0x00000000010098a4                XScuGic_GetPriorityTriggerType
                0x00000000010099d0                XScuGic_InterruptMaptoCpu
                0x0000000001009a44                XScuGic_Enable
                0x0000000001009b18                XScuGic_InterruptUnmapFromCpu
                0x0000000001009b8c                XScuGic_Disable
                0x0000000001009c60                XScuGic_UnmapAllInterruptsFromCpu
                0x0000000001009cdc                XScuGic_Stop
                0x0000000001009db8                XScuGic_CfgInitialize
                0x0000000001009f2c                XScuGic_SetCpuID
                0x0000000001009f7c                XScuGic_GetCpuID
 .text          0x0000000001009f8c       0x1c C:/Users/Tom/Documents/Projects/Scopy_MVP_Platform/scopy-fpga/main/export/main/sw/main/standalone_domain/bsplib/lib\libxil.a(xscugic_sinit.o)
                0x0000000001009f8c                XScuGic_LookupConfig
 .text          0x0000000001009fa8      0x2d8 C:/Users/Tom/Documents/Projects/Scopy_MVP_Platform/scopy-fpga/main/export/main/sw/main/standalone_domain/bsplib/lib\libxil.a(xscutimer.o)
                0x0000000001009fa8                XScuTimer_CfgInitialize
                0x000000000100a058                XScuTimer_Start
                0x000000000100a0e8                XScuTimer_Stop
                0x000000000100a170                XScuTimer_SetPrescaler
                0x000000000100a1f8                XScuTimer_GetPrescaler
 .text          0x000000000100a280       0xbc C:/Users/Tom/Documents/Projects/Scopy_MVP_Platform/scopy-fpga/main/export/main/sw/main/standalone_domain/bsplib/lib\libxil.a(xscutimer_selftest.o)
                0x000000000100a280                XScuTimer_SelfTest
 .text          0x000000000100a33c       0x1c C:/Users/Tom/Documents/Projects/Scopy_MVP_Platform/scopy-fpga/main/export/main/sw/main/standalone_domain/bsplib/lib\libxil.a(xscutimer_sinit.o)
                0x000000000100a33c                XScuTimer_LookupConfig
 .text          0x000000000100a358        0x0 C:/Users/Tom/Documents/Projects/Scopy_MVP_Platform/scopy-fpga/main/export/main/sw/main/standalone_domain/bsplib/lib\libxil.a(xscutimer_g.o)
 .text          0x000000000100a358       0x70 C:/Users/Tom/Documents/Projects/Scopy_MVP_Platform/scopy-fpga/main/export/main/sw/main/standalone_domain/bsplib/lib\libxil.a(xil_assert.o)
                0x000000000100a358                Xil_Assert
                0x000000000100a3b4                Xil_AssertSetCallback
                0x000000000100a3c4                XNullHandler
 .text          0x000000000100a3c8       0x28 C:/Users/Tom/Documents/Projects/Scopy_MVP_Platform/scopy-fpga/main/export/main/sw/main/standalone_domain/bsplib/lib\libxil.a(print.o)
                0x000000000100a3c8                print
 .text          0x000000000100a3f0      0x96c C:/Users/Tom/Documents/Projects/Scopy_MVP_Platform/scopy-fpga/main/export/main/sw/main/standalone_domain/bsplib/lib\libxil.a(xil_cache.o)
                0x000000000100a3f0                Xil_DCacheInvalidateLine
                0x000000000100a428                Xil_DCacheInvalidateRange
                0x000000000100a510                Xil_DCacheFlushLine
                0x000000000100a55c                Xil_DCacheFlushRange
                0x000000000100a5b0                Xil_DCacheStoreLine
                0x000000000100a5e8                Xil_ICacheInvalidateLine
                0x000000000100a620                Xil_ICacheInvalidateRange
                0x000000000100a678                Xil_L1DCacheInvalidate
                0x000000000100a72c                Xil_L1DCacheEnable
                0x000000000100a74c                Xil_L1DCacheInvalidateLine
                0x000000000100a764                Xil_L1DCacheInvalidateRange
                0x000000000100a7ac                Xil_L1DCacheFlush
                0x000000000100a838                Xil_L1DCacheDisable
                0x000000000100a850                Xil_DCacheFlush
                0x000000000100a8ac                Xil_L1DCacheFlushLine
                0x000000000100a8c4                Xil_L1DCacheFlushRange
                0x000000000100a90c                Xil_L1DCacheStoreLine
                0x000000000100a924                Xil_L1ICacheEnable
                0x000000000100a940                Xil_L1ICacheDisable
                0x000000000100a95c                Xil_L1ICacheInvalidate
                0x000000000100a974                Xil_L1ICacheInvalidateLine
                0x000000000100a98c                Xil_L1ICacheInvalidateRange
                0x000000000100a9d4                Xil_L2CacheDisable
                0x000000000100aa48                Xil_DCacheDisable
                0x000000000100aa64                Xil_ICacheDisable
                0x000000000100aa88                Xil_L2CacheInvalidate
                0x000000000100aaf4                Xil_DCacheInvalidate
                0x000000000100ab14                Xil_ICacheInvalidate
                0x000000000100ab9c                Xil_L2CacheEnable
                0x000000000100abb4                Xil_DCacheEnable
                0x000000000100abd8                Xil_ICacheEnable
                0x000000000100ac08                Xil_L2CacheInvalidateLine
                0x000000000100ac1c                Xil_L2CacheInvalidateRange
                0x000000000100ac84                Xil_L2CacheFlush
                0x000000000100acc8                Xil_L2CacheFlushLine
                0x000000000100ace0                Xil_L2CacheFlushRange
                0x000000000100ad48                Xil_L2CacheStoreLine
 .text          0x000000000100ad5c       0x10 C:/Users/Tom/Documents/Projects/Scopy_MVP_Platform/scopy-fpga/main/export/main/sw/main/standalone_domain/bsplib/lib\libxil.a(outbyte.o)
                0x000000000100ad5c                outbyte
 .text          0x000000000100ad6c        0x8 C:/Users/Tom/Documents/Projects/Scopy_MVP_Platform/scopy-fpga/main/export/main/sw/main/standalone_domain/bsplib/lib\libxil.a(xplatform_info.o)
                0x000000000100ad6c                XGetPlatform_Info
 .text          0x000000000100ad74      0x6c0 C:/Users/Tom/Documents/Projects/Scopy_MVP_Platform/scopy-fpga/main/export/main/sw/main/standalone_domain/bsplib/lib\libxil.a(xil_printf.o)
                0x000000000100afa8                xil_printf
 .text          0x000000000100b434       0x70 C:/Users/Tom/Documents/Projects/Scopy_MVP_Platform/scopy-fpga/main/export/main/sw/main/standalone_domain/bsplib/lib\libxil.a(xil_exception.o)
                0x000000000100b438                Xil_DataAbortHandler
                0x000000000100b43c                Xil_PrefetchAbortHandler
                0x000000000100b440                Xil_UndefinedExceptionHandler
                0x000000000100b444                Xil_ExceptionInit
                0x000000000100b448                Xil_ExceptionRegisterHandler
                0x000000000100b460                Xil_GetExceptionRegisterHandler
                0x000000000100b480                Xil_ExceptionRemoveHandler
 .text          0x000000000100b4a4        0x0 C:/Users/Tom/Documents/Projects/Scopy_MVP_Platform/scopy-fpga/main/export/main/sw/main/standalone_domain/bsplib/lib\libxil.a(asm_vectors.o)
 .text          0x000000000100b4a4       0x88 C:/Users/Tom/Documents/Projects/Scopy_MVP_Platform/scopy-fpga/main/export/main/sw/main/standalone_domain/bsplib/lib\libxil.a(xuartps_hw.o)
                0x000000000100b4a4                XUartPs_SendByte
                0x000000000100b4bc                XUartPs_RecvByte
                0x000000000100b4d8                XUartPs_ResetHw
 .text          0x000000000100b52c        0x0 C:/Users/Tom/Documents/Projects/Scopy_MVP_Platform/scopy-fpga/main/export/main/sw/main/standalone_domain/bsplib/lib\libxil.a(xclk_wiz_g.o)
 .text          0x000000000100b52c        0x0 C:/Users/Tom/Documents/Projects/Scopy_MVP_Platform/scopy-fpga/main/export/main/sw/main/standalone_domain/bsplib/lib\libxil.a(xscugic_g.o)
 .text          0x000000000100b52c       0x78 C:/Users/Tom/Documents/Projects/Scopy_MVP_Platform/scopy-fpga/main/export/main/sw/main/standalone_domain/bsplib/lib\libxil.a(vectors.o)
                0x000000000100b52c                FIQInterrupt
                0x000000000100b540                IRQInterrupt
                0x000000000100b554                UndefinedException
                0x000000000100b568                SWInterrupt
                0x000000000100b57c                DataAbortInterrupt
                0x000000000100b590                PrefetchAbortInterrupt
 .text          0x000000000100b5a4        0x0 C:/Users/Tom/Documents/Projects/Scopy_MVP_Platform/scopy-fpga/main/export/main/sw/main/standalone_domain/bsplib/lib\libxil.a(boot.o)
 .text          0x000000000100b5a4       0x78 C:/Users/Tom/Documents/Projects/Scopy_MVP_Platform/scopy-fpga/main/export/main/sw/main/standalone_domain/bsplib/lib\libxil.a(xil-crt0.o)
                0x000000000100b5b8                _start
 .text          0x000000000100b61c        0x0 C:/Users/Tom/Documents/Projects/Scopy_MVP_Platform/scopy-fpga/main/export/main/sw/main/standalone_domain/bsplib/lib\libxil.a(translation_table.o)
 .text          0x000000000100b61c       0x3c C:/Users/Tom/Documents/Projects/Scopy_MVP_Platform/scopy-fpga/main/export/main/sw/main/standalone_domain/bsplib/lib\libxil.a(cpu_init.o)
                0x000000000100b61c                __cpu_init
 .text          0x000000000100b658       0x4c C:/Users/Tom/Documents/Projects/Scopy_MVP_Platform/scopy-fpga/main/export/main/sw/main/standalone_domain/bsplib/lib\libxil.a(xtime_l.o)
                0x000000000100b658                XTime_SetTime
                0x000000000100b67c                XTime_GetTime
 *fill*         0x000000000100b6a4        0x4 
 .text          0x000000000100b6a8      0x278 g:/xilinx/vitis/2019.2/gnu/aarch32/nt/gcc-arm-none-eabi/bin/../lib/gcc/arm-none-eabi/8.2.0/thumb/v7-a+fp/hard\libgcc.a(_udivsi3.o)
                0x000000000100b6a8                __aeabi_uidiv
                0x000000000100b6a8                __udivsi3
                0x000000000100b904                __aeabi_uidivmod
 .text          0x000000000100b920      0x2b0 g:/xilinx/vitis/2019.2/gnu/aarch32/nt/gcc-arm-none-eabi/bin/../lib/gcc/arm-none-eabi/8.2.0/thumb/v7-a+fp/hard\libgcc.a(_divsi3.o)
                0x000000000100b920                __divsi3
                0x000000000100b920                __aeabi_idiv
                0x000000000100bbb4                __aeabi_idivmod
 .text          0x000000000100bbd0        0x4 g:/xilinx/vitis/2019.2/gnu/aarch32/nt/gcc-arm-none-eabi/bin/../lib/gcc/arm-none-eabi/8.2.0/thumb/v7-a+fp/hard\libgcc.a(_dvmd_tls.o)
                0x000000000100bbd0                __aeabi_idiv0
                0x000000000100bbd0                __aeabi_ldiv0
 .text          0x000000000100bbd4      0x378 g:/xilinx/vitis/2019.2/gnu/aarch32/nt/gcc-arm-none-eabi/bin/../lib/gcc/arm-none-eabi/8.2.0/thumb/v7-a+fp/hard\libgcc.a(_arm_addsubdf3.o)
                0x000000000100bbd4                __aeabi_drsub
                0x000000000100bbdc                __aeabi_dsub
                0x000000000100bbdc                __subdf3
                0x000000000100bbe0                __aeabi_dadd
                0x000000000100bbe0                __adddf3
                0x000000000100be58                __floatunsidf
                0x000000000100be58                __aeabi_ui2d
                0x000000000100be78                __floatsidf
                0x000000000100be78                __aeabi_i2d
                0x000000000100be9c                __aeabi_f2d
                0x000000000100be9c                __extendsfdf2
                0x000000000100bee0                __floatundidf
                0x000000000100bee0                __aeabi_ul2d
                0x000000000100bef0                __floatdidf
                0x000000000100bef0                __aeabi_l2d
 .text          0x000000000100bf4c      0x21c g:/xilinx/vitis/2019.2/gnu/aarch32/nt/gcc-arm-none-eabi/bin/../lib/gcc/arm-none-eabi/8.2.0/thumb/v7-a+fp/hard\libgcc.a(_arm_addsubsf3.o)
                0x000000000100bf4c                __aeabi_frsub
                0x000000000100bf54                __subsf3
                0x000000000100bf54                __aeabi_fsub
                0x000000000100bf58                __aeabi_fadd
                0x000000000100bf58                __addsf3
                0x000000000100c0b8                __aeabi_ui2f
                0x000000000100c0b8                __floatunsisf
                0x000000000100c0c0                __aeabi_i2f
                0x000000000100c0c0                __floatsisf
                0x000000000100c0dc                __aeabi_ul2f
                0x000000000100c0dc                __floatundisf
                0x000000000100c0ec                __aeabi_l2f
                0x000000000100c0ec                __floatdisf
 .text          0x000000000100c168       0x30 g:/xilinx/vitis/2019.2/gnu/aarch32/nt/gcc-arm-none-eabi/bin/../lib/gcc/arm-none-eabi/8.2.0/thumb/v7-a+fp/hard\libgcc.a(_aeabi_uldivmod.o)
                0x000000000100c168                __aeabi_uldivmod
 .text          0x000000000100c198       0x40 g:/xilinx/vitis/2019.2/gnu/aarch32/nt/gcc-arm-none-eabi/bin/../lib/gcc/arm-none-eabi/8.2.0/thumb/v7-a+fp/hard\libgcc.a(_fixunssfdi.o)
                0x000000000100c198                __fixunssfdi
                0x000000000100c198                __aeabi_f2ulz
 .text          0x000000000100c1d8       0x40 g:/xilinx/vitis/2019.2/gnu/aarch32/nt/gcc-arm-none-eabi/bin/../lib/gcc/arm-none-eabi/8.2.0/thumb/v7-a+fp/hard\libgcc.a(_fixunsdfdi.o)
                0x000000000100c1d8                __fixunsdfdi
                0x000000000100c1d8                __aeabi_d2ulz
 .text          0x000000000100c218      0x118 g:/xilinx/vitis/2019.2/gnu/aarch32/nt/gcc-arm-none-eabi/bin/../lib/gcc/arm-none-eabi/8.2.0/thumb/v7-a+fp/hard\libgcc.a(_udivmoddi4.o)
                0x000000000100c218                __udivmoddi4
 .text          0x000000000100c330       0x20 g:/xilinx/vitis/2019.2/gnu/aarch32/nt/gcc-arm-none-eabi/bin/../arm-none-eabi/libc/usr/lib/thumb/v7-a+fp/hard\libc.a(lib_a-exit.o)
                0x000000000100c330                exit
 .text          0x000000000100c350       0x30 g:/xilinx/vitis/2019.2/gnu/aarch32/nt/gcc-arm-none-eabi/bin/../arm-none-eabi/libc/usr/lib/thumb/v7-a+fp/hard\libc.a(lib_a-fini.o)
                0x000000000100c350                __libc_fini_array
 .text          0x000000000100c380        0x0 g:/xilinx/vitis/2019.2/gnu/aarch32/nt/gcc-arm-none-eabi/bin/../arm-none-eabi/libc/usr/lib/thumb/v7-a+fp/hard\libc.a(lib_a-impure.o)
 .text          0x000000000100c380       0x50 g:/xilinx/vitis/2019.2/gnu/aarch32/nt/gcc-arm-none-eabi/bin/../arm-none-eabi/libc/usr/lib/thumb/v7-a+fp/hard\libc.a(lib_a-init.o)
                0x000000000100c380                __libc_init_array
 .text          0x000000000100c3d0      0x9e0 g:/xilinx/vitis/2019.2/gnu/aarch32/nt/gcc-arm-none-eabi/bin/../arm-none-eabi/libc/usr/lib/thumb/v7-a+fp/hard\libc.a(lib_a-locale.o)
                0x000000000100c43c                __loadlocale
                0x000000000100cabc                __get_locale_env
                0x000000000100cb10                _setlocale_r
                0x000000000100cd54                __locale_mb_cur_max
                0x000000000100cd74                __locale_ctype_ptr_l
                0x000000000100cd7c                __locale_ctype_ptr
                0x000000000100cd9c                setlocale
 .text          0x000000000100cdb0       0x14 g:/xilinx/vitis/2019.2/gnu/aarch32/nt/gcc-arm-none-eabi/bin/../arm-none-eabi/libc/usr/lib/thumb/v7-a+fp/hard\libc.a(lib_a-malign.o)
                0x000000000100cdb0                memalign
 .text          0x000000000100cdc4       0xf4 g:/xilinx/vitis/2019.2/gnu/aarch32/nt/gcc-arm-none-eabi/bin/../arm-none-eabi/libc/usr/lib/thumb/v7-a+fp/hard\libc.a(lib_a-malignr.o)
                0x000000000100cdc4                _memalign_r
 .text          0x000000000100ceb8       0x20 g:/xilinx/vitis/2019.2/gnu/aarch32/nt/gcc-arm-none-eabi/bin/../arm-none-eabi/libc/usr/lib/thumb/v7-a+fp/hard\libc.a(lib_a-malloc.o)
                0x000000000100ceb8                malloc
                0x000000000100cec8                free
 .text          0x000000000100ced8      0x564 g:/xilinx/vitis/2019.2/gnu/aarch32/nt/gcc-arm-none-eabi/bin/../arm-none-eabi/libc/usr/lib/thumb/v7-a+fp/hard\libc.a(lib_a-mallocr.o)
                0x000000000100ced8                _malloc_r
 .text          0x000000000100d43c      0x4b8 g:/xilinx/vitis/2019.2/gnu/aarch32/nt/gcc-arm-none-eabi/bin/../arm-none-eabi/libc/usr/lib/thumb/v7-a+fp/hard\libc.a(lib_a-mbtowc_r.o)
                0x000000000100d43c                _mbtowc_r
                0x000000000100d464                __ascii_mbtowc
                0x000000000100d488                __utf8_mbtowc
                0x000000000100d690                __sjis_mbtowc
                0x000000000100d714                __eucjp_mbtowc
                0x000000000100d7cc                __jis_mbtowc
 *fill*         0x000000000100d8f4        0xc 
 .text          0x000000000100d900      0x5e0 g:/xilinx/vitis/2019.2/gnu/aarch32/nt/gcc-arm-none-eabi/bin/../arm-none-eabi/libc/usr/lib/thumb/v7-a+fp/hard\libc.a(lib_a-memcpy.o)
                0x000000000100d900                memcpy
 .text          0x000000000100dee0       0xa0 g:/xilinx/vitis/2019.2/gnu/aarch32/nt/gcc-arm-none-eabi/bin/../arm-none-eabi/libc/usr/lib/thumb/v7-a+fp/hard\libc.a(lib_a-memset.o)
                0x000000000100dee0                memset
 .text          0x000000000100df80        0x8 g:/xilinx/vitis/2019.2/gnu/aarch32/nt/gcc-arm-none-eabi/bin/../arm-none-eabi/libc/usr/lib/thumb/v7-a+fp/hard\libc.a(lib_a-mlock.o)
                0x000000000100df80                __malloc_lock
                0x000000000100df84                __malloc_unlock
 .text          0x000000000100df88       0x28 g:/xilinx/vitis/2019.2/gnu/aarch32/nt/gcc-arm-none-eabi/bin/../arm-none-eabi/libc/usr/lib/thumb/v7-a+fp/hard\libc.a(lib_a-sbrkr.o)
                0x000000000100df88                _sbrk_r
 .text          0x000000000100dfb0      0x114 g:/xilinx/vitis/2019.2/gnu/aarch32/nt/gcc-arm-none-eabi/bin/../arm-none-eabi/libc/usr/lib/thumb/v7-a+fp/hard\libc.a(lib_a-snprintf.o)
                0x000000000100dfb0                _snprintf_r
                0x000000000100e034                snprintf
 .text          0x000000000100e0c4       0x44 g:/xilinx/vitis/2019.2/gnu/aarch32/nt/gcc-arm-none-eabi/bin/../arm-none-eabi/libc/usr/lib/thumb/v7-a+fp/hard\libc.a(lib_a-strcasecmp.o)
                0x000000000100e0c4                strcasecmp
 .text          0x000000000100e108       0x40 g:/xilinx/vitis/2019.2/gnu/aarch32/nt/gcc-arm-none-eabi/bin/../arm-none-eabi/libc/usr/lib/thumb/v7-a+fp/hard\libc.a(lib_a-strcat.o)
                0x000000000100e108                strcat
 .text          0x000000000100e148       0xe4 g:/xilinx/vitis/2019.2/gnu/aarch32/nt/gcc-arm-none-eabi/bin/../arm-none-eabi/libc/usr/lib/thumb/v7-a+fp/hard\libc.a(lib_a-strchr.o)
                0x000000000100e148                strchr
 *fill*         0x000000000100e22c       0x14 
 .text          0x000000000100e240      0x2dc g:/xilinx/vitis/2019.2/gnu/aarch32/nt/gcc-arm-none-eabi/bin/../arm-none-eabi/libc/usr/lib/thumb/v7-a+fp/hard\libc.a(lib_a-strcmp.o)
                0x000000000100e248                strcmp
 .text          0x000000000100e51c       0xc4 g:/xilinx/vitis/2019.2/gnu/aarch32/nt/gcc-arm-none-eabi/bin/../arm-none-eabi/libc/usr/lib/thumb/v7-a+fp/hard\libc.a(lib_a-strcpy.o)
                0x000000000100e51c                strcpy
 .text          0x000000000100e5e0       0x58 g:/xilinx/vitis/2019.2/gnu/aarch32/nt/gcc-arm-none-eabi/bin/../arm-none-eabi/libc/usr/lib/thumb/v7-a+fp/hard\libc.a(lib_a-strlcpy.o)
                0x000000000100e5e0                strlcpy
 *fill*         0x000000000100e638        0x8 
 .text          0x000000000100e640       0xdc g:/xilinx/vitis/2019.2/gnu/aarch32/nt/gcc-arm-none-eabi/bin/../arm-none-eabi/libc/usr/lib/thumb/v7-a+fp/hard\libc.a(lib_a-strlen.o)
                0x000000000100e640                strlen
 .text          0x000000000100e71c       0x5c g:/xilinx/vitis/2019.2/gnu/aarch32/nt/gcc-arm-none-eabi/bin/../arm-none-eabi/libc/usr/lib/thumb/v7-a+fp/hard\libc.a(lib_a-strncasecmp.o)
                0x000000000100e71c                strncasecmp
 .text          0x000000000100e778       0xa4 g:/xilinx/vitis/2019.2/gnu/aarch32/nt/gcc-arm-none-eabi/bin/../arm-none-eabi/libc/usr/lib/thumb/v7-a+fp/hard\libc.a(lib_a-strncmp.o)
                0x000000000100e778                strncmp
 .text          0x000000000100e81c       0x80 g:/xilinx/vitis/2019.2/gnu/aarch32/nt/gcc-arm-none-eabi/bin/../arm-none-eabi/libc/usr/lib/thumb/v7-a+fp/hard\libc.a(lib_a-strncpy.o)
                0x000000000100e81c                strncpy
 .text          0x000000000100e89c      0x198 g:/xilinx/vitis/2019.2/gnu/aarch32/nt/gcc-arm-none-eabi/bin/../arm-none-eabi/libc/usr/lib/thumb/v7-a+fp/hard\libc.a(lib_a-strtol.o)
                0x000000000100e9bc                _strtol_r
                0x000000000100e9e4                strtol_l
                0x000000000100ea04                strtol
 *fill*         0x000000000100ea34        0x4 
 .text          0x000000000100ea38     0x1b4c g:/xilinx/vitis/2019.2/gnu/aarch32/nt/gcc-arm-none-eabi/bin/../arm-none-eabi/libc/usr/lib/thumb/v7-a+fp/hard\libc.a(lib_a-svfprintf.o)
                0x000000000100ea38                _svfprintf_r
 .text          0x0000000001010584       0x8c g:/xilinx/vitis/2019.2/gnu/aarch32/nt/gcc-arm-none-eabi/bin/../arm-none-eabi/libc/usr/lib/thumb/v7-a+fp/hard\libc.a(lib_a-vsnprintf.o)
                0x0000000001010584                _vsnprintf_r
                0x00000000010105f0                vsnprintf
 .text          0x0000000001010610       0xac g:/xilinx/vitis/2019.2/gnu/aarch32/nt/gcc-arm-none-eabi/bin/../arm-none-eabi/libc/usr/lib/thumb/v7-a+fp/hard\libc.a(lib_a-wcrtomb.o)
                0x0000000001010610                _wcrtomb_r
                0x0000000001010664                wcrtomb
 .text          0x00000000010106bc       0x3c g:/xilinx/vitis/2019.2/gnu/aarch32/nt/gcc-arm-none-eabi/bin/../arm-none-eabi/libc/usr/lib/thumb/v7-a+fp/hard\libc.a(lib_a-wcsrtombs.o)
                0x00000000010106bc                _wcsrtombs_r
                0x00000000010106d4                wcsrtombs
 .text          0x00000000010106f8      0x22c g:/xilinx/vitis/2019.2/gnu/aarch32/nt/gcc-arm-none-eabi/bin/../arm-none-eabi/libc/usr/lib/thumb/v7-a+fp/hard\libc.a(lib_a-wctomb_r.o)
                0x00000000010106f8                _wctomb_r
                0x0000000001010720                __ascii_wctomb
                0x0000000001010738                __utf8_wctomb
                0x00000000010107dc                __sjis_wctomb
                0x0000000001010830                __eucjp_wctomb
                0x00000000010108a0                __jis_wctomb
 .text          0x0000000001010924       0xdc g:/xilinx/vitis/2019.2/gnu/aarch32/nt/gcc-arm-none-eabi/bin/../arm-none-eabi/libc/usr/lib/thumb/v7-a+fp/hard\libc.a(lib_a-__call_atexit.o)
                0x0000000001010924                __call_exitprocs
 .text          0x0000000001010a00       0x10 g:/xilinx/vitis/2019.2/gnu/aarch32/nt/gcc-arm-none-eabi/bin/../arm-none-eabi/libc/usr/lib/thumb/v7-a+fp/hard\libc.a(lib_a-ctype_.o)
                0x0000000001010a00                __set_ctype
 .text          0x0000000001010a10      0xe54 g:/xilinx/vitis/2019.2/gnu/aarch32/nt/gcc-arm-none-eabi/bin/../arm-none-eabi/libc/usr/lib/thumb/v7-a+fp/hard\libc.a(lib_a-dtoa.o)
                0x0000000001010b58                _dtoa_r
 .text          0x0000000001011864      0x29c g:/xilinx/vitis/2019.2/gnu/aarch32/nt/gcc-arm-none-eabi/bin/../arm-none-eabi/libc/usr/lib/thumb/v7-a+fp/hard\libc.a(lib_a-freer.o)
                0x0000000001011864                _malloc_trim_r
                0x0000000001011910                _free_r
 .text          0x0000000001011b00       0x98 g:/xilinx/vitis/2019.2/gnu/aarch32/nt/gcc-arm-none-eabi/bin/../arm-none-eabi/libc/usr/lib/thumb/v7-a+fp/hard\libc.a(lib_a-getenv_r.o)
                0x0000000001011b00                _findenv_r
                0x0000000001011b88                _getenv_r
 .text          0x0000000001011b98       0x44 g:/xilinx/vitis/2019.2/gnu/aarch32/nt/gcc-arm-none-eabi/bin/../arm-none-eabi/libc/usr/lib/thumb/v7-a+fp/hard\libc.a(lib_a-localeconv.o)
                0x0000000001011b98                __localeconv_l
                0x0000000001011b9c                _localeconv_r
                0x0000000001011bbc                localeconv
 *fill*         0x0000000001011bdc        0x4 
 .text          0x0000000001011be0       0xa0 g:/xilinx/vitis/2019.2/gnu/aarch32/nt/gcc-arm-none-eabi/bin/../arm-none-eabi/libc/usr/lib/thumb/v7-a+fp/hard\libc.a(lib_a-memchr.o)
                0x0000000001011be0                memchr
 .text          0x0000000001011c80      0x8fc g:/xilinx/vitis/2019.2/gnu/aarch32/nt/gcc-arm-none-eabi/bin/../arm-none-eabi/libc/usr/lib/thumb/v7-a+fp/hard\libc.a(lib_a-mprec.o)
                0x0000000001011c80                _Balloc
                0x0000000001011ccc                _Bfree
                0x0000000001011ce0                __multadd
                0x0000000001011d70                __s2b
                0x0000000001011e08                __hi0bits
                0x0000000001011e48                __lo0bits
                0x0000000001011ea4                __i2b
                0x0000000001011eb8                __multiply
                0x0000000001011ff8                __pow5mult
                0x000000000101209c                __lshift
                0x0000000001012158                __mcmp
                0x0000000001012194                __mdiff
                0x000000000101229c                __ulp
                0x00000000010122ec                __b2d
                0x000000000101239c                __d2b
                0x0000000001012450                __ratio
                0x00000000010124b0                _mprec_log10
                0x00000000010124d8                __copybits
                0x0000000001012520                __any_on
 .text          0x000000000101257c       0xa4 g:/xilinx/vitis/2019.2/gnu/aarch32/nt/gcc-arm-none-eabi/bin/../arm-none-eabi/libc/usr/lib/thumb/v7-a+fp/hard\libc.a(lib_a-reent.o)
                0x000000000101257c                cleanup_glue
                0x0000000001012598                _reclaim_reent
 .text          0x0000000001012620       0x80 g:/xilinx/vitis/2019.2/gnu/aarch32/nt/gcc-arm-none-eabi/bin/../arm-none-eabi/libc/usr/lib/thumb/v7-a+fp/hard\libc.a(lib_a-s_frexp.o)
                0x0000000001012620                frexp
 .text          0x00000000010126a0      0xe90 g:/xilinx/vitis/2019.2/gnu/aarch32/nt/gcc-arm-none-eabi/bin/../arm-none-eabi/libc/usr/lib/thumb/v7-a+fp/hard\libc.a(lib_a-svfiprintf.o)
                0x00000000010126a0                __ssprint_r
                0x0000000001012798                _svfiprintf_r
 .text          0x0000000001013530      0x15c g:/xilinx/vitis/2019.2/gnu/aarch32/nt/gcc-arm-none-eabi/bin/../arm-none-eabi/libc/usr/lib/thumb/v7-a+fp/hard\libc.a(lib_a-wcsnrtombs.o)
                0x0000000001013530                _wcsnrtombs_l
                0x0000000001013624                _wcsnrtombs_r
                0x0000000001013654                wcsnrtombs
 .text          0x000000000101368c       0x64 g:/xilinx/vitis/2019.2/gnu/aarch32/nt/gcc-arm-none-eabi/bin/../arm-none-eabi/libc/usr/lib/thumb/v7-a+fp/hard\libc.a(lib_a-callocr.o)
                0x000000000101368c                _calloc_r
 .text          0x00000000010136f0        0x0 g:/xilinx/vitis/2019.2/gnu/aarch32/nt/gcc-arm-none-eabi/bin/../arm-none-eabi/libc/usr/lib/thumb/v7-a+fp/hard\libc.a(lib_a-environ.o)
 .text          0x00000000010136f0        0x8 g:/xilinx/vitis/2019.2/gnu/aarch32/nt/gcc-arm-none-eabi/bin/../arm-none-eabi/libc/usr/lib/thumb/v7-a+fp/hard\libc.a(lib_a-envlock.o)
                0x00000000010136f0                __env_lock
                0x00000000010136f4                __env_unlock
 .text          0x00000000010136f8       0xd0 g:/xilinx/vitis/2019.2/gnu/aarch32/nt/gcc-arm-none-eabi/bin/../arm-none-eabi/libc/usr/lib/thumb/v7-a+fp/hard\libc.a(lib_a-memmove.o)
                0x00000000010136f8                memmove
 .text          0x00000000010137c8      0x374 g:/xilinx/vitis/2019.2/gnu/aarch32/nt/gcc-arm-none-eabi/bin/../arm-none-eabi/libc/usr/lib/thumb/v7-a+fp/hard\libc.a(lib_a-reallocr.o)
                0x00000000010137c8                _realloc_r
 .text          0x0000000001013b3c       0x40 C:/Users/Tom/Documents/Projects/Scopy_MVP_Platform/scopy-fpga/main/export/main/sw/main/standalone_domain/bsplib/lib\libxil.a(_sbrk.o)
                0x0000000001013b3c                _sbrk
 .text          0x0000000001013b7c        0x4 C:/Users/Tom/Documents/Projects/Scopy_MVP_Platform/scopy-fpga/main/export/main/sw/main/standalone_domain/bsplib/lib\libxil.a(_exit.o)
                0x0000000001013b7c                _exit
 .text          0x0000000001013b80        0x0 g:/xilinx/vitis/2019.2/gnu/aarch32/nt/gcc-arm-none-eabi/bin/../lib/gcc/arm-none-eabi/8.2.0/thumb/v7-a+fp/hard/crtend.o
 .text          0x0000000001013b80        0x0 g:/xilinx/vitis/2019.2/gnu/aarch32/nt/gcc-arm-none-eabi/bin/../lib/gcc/arm-none-eabi/8.2.0/thumb/v7-a+fp/hard/crtn.o
 *(.text.*)
 .text.startup  0x0000000001013b80       0x6c ./src/main.o
                0x0000000001013b80                main
 *(.gnu.linkonce.t.*)
 *(.plt)
 *(.gnu_warning)
 *(.gcc_execpt_table)
 *(.glue_7)
 .glue_7        0x0000000001013bec        0x0 linker stubs
 *(.glue_7t)
 .glue_7t       0x0000000001013bec        0x0 linker stubs
 *(.vfp11_veneer)
 .vfp11_veneer  0x0000000001013bec        0x0 linker stubs
 *(.ARM.extab)
 .ARM.extab     0x0000000001013bec        0x0 g:/xilinx/vitis/2019.2/gnu/aarch32/nt/gcc-arm-none-eabi/bin/../lib/gcc/arm-none-eabi/8.2.0/thumb/v7-a+fp/hard\libgcc.a(_udivmoddi4.o)
 *(.gnu.linkonce.armextab.*)

.v4_bx          0x0000000001013bec        0x0
 .v4_bx         0x0000000001013bec        0x0 linker stubs

.iplt           0x0000000001013bec        0x0
 .iplt          0x0000000001013bec        0x0 g:/xilinx/vitis/2019.2/gnu/aarch32/nt/gcc-arm-none-eabi/bin/../lib/gcc/arm-none-eabi/8.2.0/thumb/v7-a+fp/hard/crtbegin.o

.force_ocm
 *(.force_ocm)

.init           0x0000000001013bec        0xc
 *(.init)
 .init          0x0000000001013bec        0x4 g:/xilinx/vitis/2019.2/gnu/aarch32/nt/gcc-arm-none-eabi/bin/../lib/gcc/arm-none-eabi/8.2.0/thumb/v7-a+fp/hard/crti.o
                0x0000000001013bec                _init
 .init          0x0000000001013bf0        0x8 g:/xilinx/vitis/2019.2/gnu/aarch32/nt/gcc-arm-none-eabi/bin/../lib/gcc/arm-none-eabi/8.2.0/thumb/v7-a+fp/hard/crtn.o

.fini           0x0000000001013bf8        0xc
 *(.fini)
 .fini          0x0000000001013bf8        0x4 g:/xilinx/vitis/2019.2/gnu/aarch32/nt/gcc-arm-none-eabi/bin/../lib/gcc/arm-none-eabi/8.2.0/thumb/v7-a+fp/hard/crti.o
                0x0000000001013bf8                _fini
 .fini          0x0000000001013bfc        0x8 g:/xilinx/vitis/2019.2/gnu/aarch32/nt/gcc-arm-none-eabi/bin/../lib/gcc/arm-none-eabi/8.2.0/thumb/v7-a+fp/hard/crtn.o

.rodata         0x0000000001013c08     0x24c8
                0x0000000001013c08                __rodata_start = .
 *(.rodata)
 .rodata        0x0000000001013c08       0x18 ./src/fabric_config.o
                0x0000000001013c08                fbcfg_dummy_tests
 .rodata        0x0000000001013c20        0x4 g:/xilinx/vitis/2019.2/gnu/aarch32/nt/gcc-arm-none-eabi/bin/../arm-none-eabi/libc/usr/lib/thumb/v7-a+fp/hard\libc.a(lib_a-impure.o)
                0x0000000001013c20                _global_impure_ptr
 .rodata        0x0000000001013c24      0x188 g:/xilinx/vitis/2019.2/gnu/aarch32/nt/gcc-arm-none-eabi/bin/../arm-none-eabi/libc/usr/lib/thumb/v7-a+fp/hard\libc.a(lib_a-locale.o)
                0x0000000001013c40                __C_locale
 .rodata        0x0000000001013dac       0x90 g:/xilinx/vitis/2019.2/gnu/aarch32/nt/gcc-arm-none-eabi/bin/../arm-none-eabi/libc/usr/lib/thumb/v7-a+fp/hard\libc.a(lib_a-mbtowc_r.o)
 .rodata        0x0000000001013e3c       0x20 g:/xilinx/vitis/2019.2/gnu/aarch32/nt/gcc-arm-none-eabi/bin/../arm-none-eabi/libc/usr/lib/thumb/v7-a+fp/hard\libc.a(lib_a-svfprintf.o)
 .rodata        0x0000000001013e5c      0x101 g:/xilinx/vitis/2019.2/gnu/aarch32/nt/gcc-arm-none-eabi/bin/../arm-none-eabi/libc/usr/lib/thumb/v7-a+fp/hard\libc.a(lib_a-ctype_.o)
                0x0000000001013e5c                _ctype_
 *fill*         0x0000000001013f5d        0x3 
 .rodata        0x0000000001013f60      0x128 g:/xilinx/vitis/2019.2/gnu/aarch32/nt/gcc-arm-none-eabi/bin/../arm-none-eabi/libc/usr/lib/thumb/v7-a+fp/hard\libc.a(lib_a-mprec.o)
                0x0000000001013f70                __mprec_tens
                0x0000000001014038                __mprec_tinytens
                0x0000000001014060                __mprec_bigtens
 .rodata        0x0000000001014088       0x20 g:/xilinx/vitis/2019.2/gnu/aarch32/nt/gcc-arm-none-eabi/bin/../arm-none-eabi/libc/usr/lib/thumb/v7-a+fp/hard\libc.a(lib_a-svfiprintf.o)
 *(.rodata.*)
 .rodata.str1.4
                0x00000000010140a8      0xd72 ./src/acquire.o
                                        0xd76 (size before relaxing)
 *fill*         0x0000000001014e1a        0x2 
 .rodata.str1.4
                0x0000000001014e1c      0x39a ./src/clkwiz_interface.o
                                        0x39e (size before relaxing)
 *fill*         0x00000000010151b6        0x2 
 .rodata.str1.4
                0x00000000010151b8      0x256 ./src/dma_gearbox.o
                                        0x286 (size before relaxing)
 *fill*         0x000000000101540e        0x2 
 .rodata.str1.4
                0x0000000001015410      0x1ea ./src/fabric_config.o
 *fill*         0x00000000010155fa        0x2 
 .rodata.str1.4
                0x00000000010155fc      0x49b ./src/hal.o
                                        0x4cb (size before relaxing)
 *fill*         0x0000000001015a97        0x1 
 .rodata.str1.4
                0x0000000001015a98       0x37 ./src/main.o
 *fill*         0x0000000001015acf        0x1 
 .rodata.str1.4
                0x0000000001015ad0      0x244 ./src/mipi_csi.o
                                        0x270 (size before relaxing)
 .rodata.str1.4
                0x0000000001015d14       0x68 C:/Users/Tom/Documents/Projects/Scopy_MVP_Platform/scopy-fpga/main/export/main/sw/main/standalone_domain/bsplib/lib\libxil.a(xaxidma_bdring.o)
                                         0x6b (size before relaxing)
 .rodata.str1.4
                0x0000000001015d7c        0xb C:/Users/Tom/Documents/Projects/Scopy_MVP_Platform/scopy-fpga/main/export/main/sw/main/standalone_domain/bsplib/lib\libxil.a(xclk_wiz.o)
 *fill*         0x0000000001015d87        0x1 
 .rodata.str1.4
                0x0000000001015d88      0x169 C:/Users/Tom/Documents/Projects/Scopy_MVP_Platform/scopy-fpga/main/export/main/sw/main/standalone_domain/bsplib/lib\libxil.a(xdmaps.o)
 *fill*         0x0000000001015ef1        0x3 
 .rodata.str1.4
                0x0000000001015ef4        0xa C:/Users/Tom/Documents/Projects/Scopy_MVP_Platform/scopy-fpga/main/export/main/sw/main/standalone_domain/bsplib/lib\libxil.a(xgpiops.o)
 *fill*         0x0000000001015efe        0x2 
 .rodata.str1.4
                0x0000000001015f00        0xf C:/Users/Tom/Documents/Projects/Scopy_MVP_Platform/scopy-fpga/main/export/main/sw/main/standalone_domain/bsplib/lib\libxil.a(xgpiops_intr.o)
 *fill*         0x0000000001015f0f        0x1 
 .rodata.str1.4
                0x0000000001015f10        0xf C:/Users/Tom/Documents/Projects/Scopy_MVP_Platform/scopy-fpga/main/export/main/sw/main/standalone_domain/bsplib/lib\libxil.a(xscugic_intr.o)
 *fill*         0x0000000001015f1f        0x1 
 .rodata.str1.4
                0x0000000001015f20        0xa C:/Users/Tom/Documents/Projects/Scopy_MVP_Platform/scopy-fpga/main/export/main/sw/main/standalone_domain/bsplib/lib\libxil.a(xscugic.o)
 *fill*         0x0000000001015f2a        0x2 
 .rodata.str1.4
                0x0000000001015f2c        0xc C:/Users/Tom/Documents/Projects/Scopy_MVP_Platform/scopy-fpga/main/export/main/sw/main/standalone_domain/bsplib/lib\libxil.a(xscutimer.o)
 .rodata.str1.4
                0x0000000001015f38       0x15 C:/Users/Tom/Documents/Projects/Scopy_MVP_Platform/scopy-fpga/main/export/main/sw/main/standalone_domain/bsplib/lib\libxil.a(xscutimer_selftest.o)
 *fill*         0x0000000001015f4d        0x3 
 .rodata.str1.4
                0x0000000001015f50       0x11 C:/Users/Tom/Documents/Projects/Scopy_MVP_Platform/scopy-fpga/main/export/main/sw/main/standalone_domain/bsplib/lib\libxil.a(xil_printf.o)
 *fill*         0x0000000001015f61        0x3 
 .rodata.str1.4
                0x0000000001015f64      0x12c g:/xilinx/vitis/2019.2/gnu/aarch32/nt/gcc-arm-none-eabi/bin/../arm-none-eabi/libc/usr/lib/thumb/v7-a+fp/hard\libc.a(lib_a-locale.o)
                                        0x130 (size before relaxing)
 .rodata.str1.4
                0x0000000001016090       0x2e g:/xilinx/vitis/2019.2/gnu/aarch32/nt/gcc-arm-none-eabi/bin/../arm-none-eabi/libc/usr/lib/thumb/v7-a+fp/hard\libc.a(lib_a-svfprintf.o)
                                         0x42 (size before relaxing)
 *fill*         0x00000000010160be        0x2 
 .rodata.str1.4
                0x00000000010160c0       0x10 g:/xilinx/vitis/2019.2/gnu/aarch32/nt/gcc-arm-none-eabi/bin/../arm-none-eabi/libc/usr/lib/thumb/v7-a+fp/hard\libc.a(lib_a-dtoa.o)
                                         0x12 (size before relaxing)
 .rodata.str1.4
                0x00000000010160d0       0x2f g:/xilinx/vitis/2019.2/gnu/aarch32/nt/gcc-arm-none-eabi/bin/../arm-none-eabi/libc/usr/lib/thumb/v7-a+fp/hard\libc.a(lib_a-svfiprintf.o)
 *(.gnu.linkonce.r.*)
                0x00000000010160ff                __rodata_end = .

.rodata1        0x00000000010160d0        0x0
                0x00000000010160d0                __rodata1_start = .
 *(.rodata1)
 *(.rodata1.*)
                0x00000000010160d0                __rodata1_end = .

.sdata2         0x00000000010160d0        0x0
                0x00000000010160d0                __sdata2_start = .
 *(.sdata2)
 *(.sdata2.*)
 *(.gnu.linkonce.s2.*)
                0x00000000010160d0                __sdata2_end = .

.sbss2          0x00000000010160d0        0x0
                0x00000000010160d0                __sbss2_start = .
 *(.sbss2)
 *(.sbss2.*)
 *(.gnu.linkonce.sb2.*)
                0x00000000010160d0                __sbss2_end = .

.data           0x00000000010160d0      0xe08
                0x00000000010160d0                __data_start = .
 *(.data)
 .data          0x00000000010160d0        0x0 g:/xilinx/vitis/2019.2/gnu/aarch32/nt/gcc-arm-none-eabi/bin/../lib/gcc/arm-none-eabi/8.2.0/thumb/v7-a+fp/hard/crti.o
 .data          0x00000000010160d0        0x4 g:/xilinx/vitis/2019.2/gnu/aarch32/nt/gcc-arm-none-eabi/bin/../lib/gcc/arm-none-eabi/8.2.0/thumb/v7-a+fp/hard/crtbegin.o
                0x00000000010160d0                __dso_handle
 .data          0x00000000010160d4       0x30 ./src/acquire.o
                0x00000000010160d4                acq_state_to_str
                0x00000000010160ec                acq_substate_to_str
 .data          0x0000000001016104        0x0 ./src/clkwiz_interface.o
 .data          0x0000000001016104        0x0 ./src/dma_gearbox.o
 .data          0x0000000001016104        0x0 ./src/fabric_config.o
 .data          0x0000000001016104        0x0 ./src/hal.o
 .data          0x0000000001016104        0x0 ./src/main.o
 .data          0x0000000001016104        0x0 ./src/mipi_csi.o
 .data          0x0000000001016104        0x0 ./src/mipi_csi_hacks.o
 .data          0x0000000001016104        0x0 ./src/platform.o
 .data          0x0000000001016104        0x0 C:/Users/Tom/Documents/Projects/Scopy_MVP_Platform/scopy-fpga/main/export/main/sw/main/standalone_domain/bsplib/lib\libxil.a(xaxidma.o)
 .data          0x0000000001016104        0x0 C:/Users/Tom/Documents/Projects/Scopy_MVP_Platform/scopy-fpga/main/export/main/sw/main/standalone_domain/bsplib/lib\libxil.a(xaxidma_sinit.o)
 .data          0x0000000001016104        0x0 C:/Users/Tom/Documents/Projects/Scopy_MVP_Platform/scopy-fpga/main/export/main/sw/main/standalone_domain/bsplib/lib\libxil.a(xaxidma_bdring.o)
 .data          0x0000000001016104       0x44 C:/Users/Tom/Documents/Projects/Scopy_MVP_Platform/scopy-fpga/main/export/main/sw/main/standalone_domain/bsplib/lib\libxil.a(xaxidma_g.o)
                0x0000000001016104                XAxiDma_ConfigTable
 .data          0x0000000001016148        0x0 C:/Users/Tom/Documents/Projects/Scopy_MVP_Platform/scopy-fpga/main/export/main/sw/main/standalone_domain/bsplib/lib\libxil.a(xclk_wiz.o)
 .data          0x0000000001016148        0x0 C:/Users/Tom/Documents/Projects/Scopy_MVP_Platform/scopy-fpga/main/export/main/sw/main/standalone_domain/bsplib/lib\libxil.a(xclk_wiz_sinit.o)
 .data          0x0000000001016148        0x0 C:/Users/Tom/Documents/Projects/Scopy_MVP_Platform/scopy-fpga/main/export/main/sw/main/standalone_domain/bsplib/lib\libxil.a(xdmaps.o)
 .data          0x0000000001016148        0x0 C:/Users/Tom/Documents/Projects/Scopy_MVP_Platform/scopy-fpga/main/export/main/sw/main/standalone_domain/bsplib/lib\libxil.a(xdmaps_sinit.o)
 .data          0x0000000001016148       0x10 C:/Users/Tom/Documents/Projects/Scopy_MVP_Platform/scopy-fpga/main/export/main/sw/main/standalone_domain/bsplib/lib\libxil.a(xdmaps_g.o)
                0x0000000001016148                XDmaPs_ConfigTable
 .data          0x0000000001016158        0x0 C:/Users/Tom/Documents/Projects/Scopy_MVP_Platform/scopy-fpga/main/export/main/sw/main/standalone_domain/bsplib/lib\libxil.a(xgpiops.o)
 .data          0x0000000001016158        0x0 C:/Users/Tom/Documents/Projects/Scopy_MVP_Platform/scopy-fpga/main/export/main/sw/main/standalone_domain/bsplib/lib\libxil.a(xgpiops_sinit.o)
 .data          0x0000000001016158        0x0 C:/Users/Tom/Documents/Projects/Scopy_MVP_Platform/scopy-fpga/main/export/main/sw/main/standalone_domain/bsplib/lib\libxil.a(xgpiops_intr.o)
 .data          0x0000000001016158        0x8 C:/Users/Tom/Documents/Projects/Scopy_MVP_Platform/scopy-fpga/main/export/main/sw/main/standalone_domain/bsplib/lib\libxil.a(xgpiops_g.o)
                0x0000000001016158                XGpioPs_ConfigTable
 .data          0x0000000001016160        0x0 C:/Users/Tom/Documents/Projects/Scopy_MVP_Platform/scopy-fpga/main/export/main/sw/main/standalone_domain/bsplib/lib\libxil.a(xscugic_intr.o)
 .data          0x0000000001016160        0x0 C:/Users/Tom/Documents/Projects/Scopy_MVP_Platform/scopy-fpga/main/export/main/sw/main/standalone_domain/bsplib/lib\libxil.a(xscugic.o)
 .data          0x0000000001016160        0x0 C:/Users/Tom/Documents/Projects/Scopy_MVP_Platform/scopy-fpga/main/export/main/sw/main/standalone_domain/bsplib/lib\libxil.a(xscugic_sinit.o)
 .data          0x0000000001016160        0x0 C:/Users/Tom/Documents/Projects/Scopy_MVP_Platform/scopy-fpga/main/export/main/sw/main/standalone_domain/bsplib/lib\libxil.a(xscutimer.o)
 .data          0x0000000001016160        0x0 C:/Users/Tom/Documents/Projects/Scopy_MVP_Platform/scopy-fpga/main/export/main/sw/main/standalone_domain/bsplib/lib\libxil.a(xscutimer_selftest.o)
 .data          0x0000000001016160        0x0 C:/Users/Tom/Documents/Projects/Scopy_MVP_Platform/scopy-fpga/main/export/main/sw/main/standalone_domain/bsplib/lib\libxil.a(xscutimer_sinit.o)
 .data          0x0000000001016160        0x8 C:/Users/Tom/Documents/Projects/Scopy_MVP_Platform/scopy-fpga/main/export/main/sw/main/standalone_domain/bsplib/lib\libxil.a(xscutimer_g.o)
                0x0000000001016160                XScuTimer_ConfigTable
 .data          0x0000000001016168        0x4 C:/Users/Tom/Documents/Projects/Scopy_MVP_Platform/scopy-fpga/main/export/main/sw/main/standalone_domain/bsplib/lib\libxil.a(xil_assert.o)
                0x0000000001016168                Xil_AssertWait
 .data          0x000000000101616c        0x0 C:/Users/Tom/Documents/Projects/Scopy_MVP_Platform/scopy-fpga/main/export/main/sw/main/standalone_domain/bsplib/lib\libxil.a(print.o)
 .data          0x000000000101616c        0x0 C:/Users/Tom/Documents/Projects/Scopy_MVP_Platform/scopy-fpga/main/export/main/sw/main/standalone_domain/bsplib/lib\libxil.a(xil_cache.o)
 .data          0x000000000101616c        0x0 C:/Users/Tom/Documents/Projects/Scopy_MVP_Platform/scopy-fpga/main/export/main/sw/main/standalone_domain/bsplib/lib\libxil.a(outbyte.o)
 .data          0x000000000101616c        0x0 C:/Users/Tom/Documents/Projects/Scopy_MVP_Platform/scopy-fpga/main/export/main/sw/main/standalone_domain/bsplib/lib\libxil.a(xplatform_info.o)
 .data          0x000000000101616c        0x0 C:/Users/Tom/Documents/Projects/Scopy_MVP_Platform/scopy-fpga/main/export/main/sw/main/standalone_domain/bsplib/lib\libxil.a(xil_printf.o)
 .data          0x000000000101616c       0x38 C:/Users/Tom/Documents/Projects/Scopy_MVP_Platform/scopy-fpga/main/export/main/sw/main/standalone_domain/bsplib/lib\libxil.a(xil_exception.o)
                0x000000000101616c                XExc_VectorTable
 .data          0x00000000010161a4        0x0 C:/Users/Tom/Documents/Projects/Scopy_MVP_Platform/scopy-fpga/main/export/main/sw/main/standalone_domain/bsplib/lib\libxil.a(asm_vectors.o)
 .data          0x00000000010161a4        0x0 C:/Users/Tom/Documents/Projects/Scopy_MVP_Platform/scopy-fpga/main/export/main/sw/main/standalone_domain/bsplib/lib\libxil.a(xuartps_hw.o)
 *fill*         0x00000000010161a4        0x4 
 .data          0x00000000010161a8       0x58 C:/Users/Tom/Documents/Projects/Scopy_MVP_Platform/scopy-fpga/main/export/main/sw/main/standalone_domain/bsplib/lib\libxil.a(xclk_wiz_g.o)
                0x00000000010161a8                XClk_Wiz_ConfigTable
 .data          0x0000000001016200      0x304 C:/Users/Tom/Documents/Projects/Scopy_MVP_Platform/scopy-fpga/main/export/main/sw/main/standalone_domain/bsplib/lib\libxil.a(xscugic_g.o)
                0x0000000001016200                XScuGic_ConfigTable
 .data          0x0000000001016504        0x0 C:/Users/Tom/Documents/Projects/Scopy_MVP_Platform/scopy-fpga/main/export/main/sw/main/standalone_domain/bsplib/lib\libxil.a(vectors.o)
 .data          0x0000000001016504        0x0 C:/Users/Tom/Documents/Projects/Scopy_MVP_Platform/scopy-fpga/main/export/main/sw/main/standalone_domain/bsplib/lib\libxil.a(boot.o)
 .data          0x0000000001016504        0x0 C:/Users/Tom/Documents/Projects/Scopy_MVP_Platform/scopy-fpga/main/export/main/sw/main/standalone_domain/bsplib/lib\libxil.a(xil-crt0.o)
 .data          0x0000000001016504        0x0 C:/Users/Tom/Documents/Projects/Scopy_MVP_Platform/scopy-fpga/main/export/main/sw/main/standalone_domain/bsplib/lib\libxil.a(translation_table.o)
 .data          0x0000000001016504        0x0 C:/Users/Tom/Documents/Projects/Scopy_MVP_Platform/scopy-fpga/main/export/main/sw/main/standalone_domain/bsplib/lib\libxil.a(cpu_init.o)
 .data          0x0000000001016504        0x0 C:/Users/Tom/Documents/Projects/Scopy_MVP_Platform/scopy-fpga/main/export/main/sw/main/standalone_domain/bsplib/lib\libxil.a(xtime_l.o)
 .data          0x0000000001016504        0x0 g:/xilinx/vitis/2019.2/gnu/aarch32/nt/gcc-arm-none-eabi/bin/../lib/gcc/arm-none-eabi/8.2.0/thumb/v7-a+fp/hard\libgcc.a(_udivsi3.o)
 .data          0x0000000001016504        0x0 g:/xilinx/vitis/2019.2/gnu/aarch32/nt/gcc-arm-none-eabi/bin/../lib/gcc/arm-none-eabi/8.2.0/thumb/v7-a+fp/hard\libgcc.a(_divsi3.o)
 .data          0x0000000001016504        0x0 g:/xilinx/vitis/2019.2/gnu/aarch32/nt/gcc-arm-none-eabi/bin/../lib/gcc/arm-none-eabi/8.2.0/thumb/v7-a+fp/hard\libgcc.a(_dvmd_tls.o)
 .data          0x0000000001016504        0x0 g:/xilinx/vitis/2019.2/gnu/aarch32/nt/gcc-arm-none-eabi/bin/../lib/gcc/arm-none-eabi/8.2.0/thumb/v7-a+fp/hard\libgcc.a(_arm_addsubdf3.o)
 .data          0x0000000001016504        0x0 g:/xilinx/vitis/2019.2/gnu/aarch32/nt/gcc-arm-none-eabi/bin/../lib/gcc/arm-none-eabi/8.2.0/thumb/v7-a+fp/hard\libgcc.a(_arm_addsubsf3.o)
 .data          0x0000000001016504        0x0 g:/xilinx/vitis/2019.2/gnu/aarch32/nt/gcc-arm-none-eabi/bin/../lib/gcc/arm-none-eabi/8.2.0/thumb/v7-a+fp/hard\libgcc.a(_aeabi_uldivmod.o)
 .data          0x0000000001016504        0x0 g:/xilinx/vitis/2019.2/gnu/aarch32/nt/gcc-arm-none-eabi/bin/../lib/gcc/arm-none-eabi/8.2.0/thumb/v7-a+fp/hard\libgcc.a(_fixunssfdi.o)
 .data          0x0000000001016504        0x0 g:/xilinx/vitis/2019.2/gnu/aarch32/nt/gcc-arm-none-eabi/bin/../lib/gcc/arm-none-eabi/8.2.0/thumb/v7-a+fp/hard\libgcc.a(_fixunsdfdi.o)
 .data          0x0000000001016504        0x0 g:/xilinx/vitis/2019.2/gnu/aarch32/nt/gcc-arm-none-eabi/bin/../lib/gcc/arm-none-eabi/8.2.0/thumb/v7-a+fp/hard\libgcc.a(_udivmoddi4.o)
 .data          0x0000000001016504        0x0 g:/xilinx/vitis/2019.2/gnu/aarch32/nt/gcc-arm-none-eabi/bin/../arm-none-eabi/libc/usr/lib/thumb/v7-a+fp/hard\libc.a(lib_a-exit.o)
 .data          0x0000000001016504        0x0 g:/xilinx/vitis/2019.2/gnu/aarch32/nt/gcc-arm-none-eabi/bin/../arm-none-eabi/libc/usr/lib/thumb/v7-a+fp/hard\libc.a(lib_a-fini.o)
 *fill*         0x0000000001016504        0x4 
 .data          0x0000000001016508      0x430 g:/xilinx/vitis/2019.2/gnu/aarch32/nt/gcc-arm-none-eabi/bin/../arm-none-eabi/libc/usr/lib/thumb/v7-a+fp/hard\libc.a(lib_a-impure.o)
                0x0000000001016508                _impure_ptr
 .data          0x0000000001016938        0x0 g:/xilinx/vitis/2019.2/gnu/aarch32/nt/gcc-arm-none-eabi/bin/../arm-none-eabi/libc/usr/lib/thumb/v7-a+fp/hard\libc.a(lib_a-init.o)
 .data          0x0000000001016938      0x18c g:/xilinx/vitis/2019.2/gnu/aarch32/nt/gcc-arm-none-eabi/bin/../arm-none-eabi/libc/usr/lib/thumb/v7-a+fp/hard\libc.a(lib_a-locale.o)
                0x0000000001016938                __global_locale
                0x0000000001016aa4                __default_locale
 .data          0x0000000001016ac4        0x0 g:/xilinx/vitis/2019.2/gnu/aarch32/nt/gcc-arm-none-eabi/bin/../arm-none-eabi/libc/usr/lib/thumb/v7-a+fp/hard\libc.a(lib_a-malign.o)
 .data          0x0000000001016ac4        0x0 g:/xilinx/vitis/2019.2/gnu/aarch32/nt/gcc-arm-none-eabi/bin/../arm-none-eabi/libc/usr/lib/thumb/v7-a+fp/hard\libc.a(lib_a-malignr.o)
 .data          0x0000000001016ac4        0x0 g:/xilinx/vitis/2019.2/gnu/aarch32/nt/gcc-arm-none-eabi/bin/../arm-none-eabi/libc/usr/lib/thumb/v7-a+fp/hard\libc.a(lib_a-malloc.o)
 .data          0x0000000001016ac4      0x410 g:/xilinx/vitis/2019.2/gnu/aarch32/nt/gcc-arm-none-eabi/bin/../arm-none-eabi/libc/usr/lib/thumb/v7-a+fp/hard\libc.a(lib_a-mallocr.o)
                0x0000000001016ac4                __malloc_av_
                0x0000000001016ecc                __malloc_sbrk_base
                0x0000000001016ed0                __malloc_trim_threshold
 .data          0x0000000001016ed4        0x0 g:/xilinx/vitis/2019.2/gnu/aarch32/nt/gcc-arm-none-eabi/bin/../arm-none-eabi/libc/usr/lib/thumb/v7-a+fp/hard\libc.a(lib_a-mbtowc_r.o)
 .data          0x0000000001016ed4        0x0 g:/xilinx/vitis/2019.2/gnu/aarch32/nt/gcc-arm-none-eabi/bin/../arm-none-eabi/libc/usr/lib/thumb/v7-a+fp/hard\libc.a(lib_a-memcpy.o)
 .data          0x0000000001016ed4        0x0 g:/xilinx/vitis/2019.2/gnu/aarch32/nt/gcc-arm-none-eabi/bin/../arm-none-eabi/libc/usr/lib/thumb/v7-a+fp/hard\libc.a(lib_a-memset.o)
 .data          0x0000000001016ed4        0x0 g:/xilinx/vitis/2019.2/gnu/aarch32/nt/gcc-arm-none-eabi/bin/../arm-none-eabi/libc/usr/lib/thumb/v7-a+fp/hard\libc.a(lib_a-mlock.o)
 .data          0x0000000001016ed4        0x0 g:/xilinx/vitis/2019.2/gnu/aarch32/nt/gcc-arm-none-eabi/bin/../arm-none-eabi/libc/usr/lib/thumb/v7-a+fp/hard\libc.a(lib_a-sbrkr.o)
 .data          0x0000000001016ed4        0x0 g:/xilinx/vitis/2019.2/gnu/aarch32/nt/gcc-arm-none-eabi/bin/../arm-none-eabi/libc/usr/lib/thumb/v7-a+fp/hard\libc.a(lib_a-snprintf.o)
 .data          0x0000000001016ed4        0x0 g:/xilinx/vitis/2019.2/gnu/aarch32/nt/gcc-arm-none-eabi/bin/../arm-none-eabi/libc/usr/lib/thumb/v7-a+fp/hard\libc.a(lib_a-strcasecmp.o)
 .data          0x0000000001016ed4        0x0 g:/xilinx/vitis/2019.2/gnu/aarch32/nt/gcc-arm-none-eabi/bin/../arm-none-eabi/libc/usr/lib/thumb/v7-a+fp/hard\libc.a(lib_a-strcat.o)
 .data          0x0000000001016ed4        0x0 g:/xilinx/vitis/2019.2/gnu/aarch32/nt/gcc-arm-none-eabi/bin/../arm-none-eabi/libc/usr/lib/thumb/v7-a+fp/hard\libc.a(lib_a-strchr.o)
 .data          0x0000000001016ed4        0x0 g:/xilinx/vitis/2019.2/gnu/aarch32/nt/gcc-arm-none-eabi/bin/../arm-none-eabi/libc/usr/lib/thumb/v7-a+fp/hard\libc.a(lib_a-strcmp.o)
 .data          0x0000000001016ed4        0x0 g:/xilinx/vitis/2019.2/gnu/aarch32/nt/gcc-arm-none-eabi/bin/../arm-none-eabi/libc/usr/lib/thumb/v7-a+fp/hard\libc.a(lib_a-strcpy.o)
 .data          0x0000000001016ed4        0x0 g:/xilinx/vitis/2019.2/gnu/aarch32/nt/gcc-arm-none-eabi/bin/../arm-none-eabi/libc/usr/lib/thumb/v7-a+fp/hard\libc.a(lib_a-strlcpy.o)
 .data          0x0000000001016ed4        0x0 g:/xilinx/vitis/2019.2/gnu/aarch32/nt/gcc-arm-none-eabi/bin/../arm-none-eabi/libc/usr/lib/thumb/v7-a+fp/hard\libc.a(lib_a-strlen.o)
 .data          0x0000000001016ed4        0x0 g:/xilinx/vitis/2019.2/gnu/aarch32/nt/gcc-arm-none-eabi/bin/../arm-none-eabi/libc/usr/lib/thumb/v7-a+fp/hard\libc.a(lib_a-strncasecmp.o)
 .data          0x0000000001016ed4        0x0 g:/xilinx/vitis/2019.2/gnu/aarch32/nt/gcc-arm-none-eabi/bin/../arm-none-eabi/libc/usr/lib/thumb/v7-a+fp/hard\libc.a(lib_a-strncmp.o)
 .data          0x0000000001016ed4        0x0 g:/xilinx/vitis/2019.2/gnu/aarch32/nt/gcc-arm-none-eabi/bin/../arm-none-eabi/libc/usr/lib/thumb/v7-a+fp/hard\libc.a(lib_a-strncpy.o)
 .data          0x0000000001016ed4        0x0 g:/xilinx/vitis/2019.2/gnu/aarch32/nt/gcc-arm-none-eabi/bin/../arm-none-eabi/libc/usr/lib/thumb/v7-a+fp/hard\libc.a(lib_a-strtol.o)
 .data          0x0000000001016ed4        0x0 g:/xilinx/vitis/2019.2/gnu/aarch32/nt/gcc-arm-none-eabi/bin/../arm-none-eabi/libc/usr/lib/thumb/v7-a+fp/hard\libc.a(lib_a-svfprintf.o)
 .data          0x0000000001016ed4        0x0 g:/xilinx/vitis/2019.2/gnu/aarch32/nt/gcc-arm-none-eabi/bin/../arm-none-eabi/libc/usr/lib/thumb/v7-a+fp/hard\libc.a(lib_a-vsnprintf.o)
 .data          0x0000000001016ed4        0x0 g:/xilinx/vitis/2019.2/gnu/aarch32/nt/gcc-arm-none-eabi/bin/../arm-none-eabi/libc/usr/lib/thumb/v7-a+fp/hard\libc.a(lib_a-wcrtomb.o)
 .data          0x0000000001016ed4        0x0 g:/xilinx/vitis/2019.2/gnu/aarch32/nt/gcc-arm-none-eabi/bin/../arm-none-eabi/libc/usr/lib/thumb/v7-a+fp/hard\libc.a(lib_a-wcsrtombs.o)
 .data          0x0000000001016ed4        0x0 g:/xilinx/vitis/2019.2/gnu/aarch32/nt/gcc-arm-none-eabi/bin/../arm-none-eabi/libc/usr/lib/thumb/v7-a+fp/hard\libc.a(lib_a-wctomb_r.o)
 .data          0x0000000001016ed4        0x0 g:/xilinx/vitis/2019.2/gnu/aarch32/nt/gcc-arm-none-eabi/bin/../arm-none-eabi/libc/usr/lib/thumb/v7-a+fp/hard\libc.a(lib_a-__call_atexit.o)
 .data          0x0000000001016ed4        0x0 g:/xilinx/vitis/2019.2/gnu/aarch32/nt/gcc-arm-none-eabi/bin/../arm-none-eabi/libc/usr/lib/thumb/v7-a+fp/hard\libc.a(lib_a-ctype_.o)
 .data          0x0000000001016ed4        0x0 g:/xilinx/vitis/2019.2/gnu/aarch32/nt/gcc-arm-none-eabi/bin/../arm-none-eabi/libc/usr/lib/thumb/v7-a+fp/hard\libc.a(lib_a-dtoa.o)
 .data          0x0000000001016ed4        0x0 g:/xilinx/vitis/2019.2/gnu/aarch32/nt/gcc-arm-none-eabi/bin/../arm-none-eabi/libc/usr/lib/thumb/v7-a+fp/hard\libc.a(lib_a-freer.o)
 .data          0x0000000001016ed4        0x0 g:/xilinx/vitis/2019.2/gnu/aarch32/nt/gcc-arm-none-eabi/bin/../arm-none-eabi/libc/usr/lib/thumb/v7-a+fp/hard\libc.a(lib_a-getenv_r.o)
 .data          0x0000000001016ed4        0x0 g:/xilinx/vitis/2019.2/gnu/aarch32/nt/gcc-arm-none-eabi/bin/../arm-none-eabi/libc/usr/lib/thumb/v7-a+fp/hard\libc.a(lib_a-localeconv.o)
 .data          0x0000000001016ed4        0x0 g:/xilinx/vitis/2019.2/gnu/aarch32/nt/gcc-arm-none-eabi/bin/../arm-none-eabi/libc/usr/lib/thumb/v7-a+fp/hard\libc.a(lib_a-memchr.o)
 .data          0x0000000001016ed4        0x0 g:/xilinx/vitis/2019.2/gnu/aarch32/nt/gcc-arm-none-eabi/bin/../arm-none-eabi/libc/usr/lib/thumb/v7-a+fp/hard\libc.a(lib_a-mprec.o)
 .data          0x0000000001016ed4        0x0 g:/xilinx/vitis/2019.2/gnu/aarch32/nt/gcc-arm-none-eabi/bin/../arm-none-eabi/libc/usr/lib/thumb/v7-a+fp/hard\libc.a(lib_a-reent.o)
 .data          0x0000000001016ed4        0x0 g:/xilinx/vitis/2019.2/gnu/aarch32/nt/gcc-arm-none-eabi/bin/../arm-none-eabi/libc/usr/lib/thumb/v7-a+fp/hard\libc.a(lib_a-s_frexp.o)
 .data          0x0000000001016ed4        0x0 g:/xilinx/vitis/2019.2/gnu/aarch32/nt/gcc-arm-none-eabi/bin/../arm-none-eabi/libc/usr/lib/thumb/v7-a+fp/hard\libc.a(lib_a-svfiprintf.o)
 .data          0x0000000001016ed4        0x0 g:/xilinx/vitis/2019.2/gnu/aarch32/nt/gcc-arm-none-eabi/bin/../arm-none-eabi/libc/usr/lib/thumb/v7-a+fp/hard\libc.a(lib_a-wcsnrtombs.o)
 .data          0x0000000001016ed4        0x0 g:/xilinx/vitis/2019.2/gnu/aarch32/nt/gcc-arm-none-eabi/bin/../arm-none-eabi/libc/usr/lib/thumb/v7-a+fp/hard\libc.a(lib_a-callocr.o)
 .data          0x0000000001016ed4        0x4 g:/xilinx/vitis/2019.2/gnu/aarch32/nt/gcc-arm-none-eabi/bin/../arm-none-eabi/libc/usr/lib/thumb/v7-a+fp/hard\libc.a(lib_a-environ.o)
                0x0000000001016ed4                environ
 .data          0x0000000001016ed8        0x0 g:/xilinx/vitis/2019.2/gnu/aarch32/nt/gcc-arm-none-eabi/bin/../arm-none-eabi/libc/usr/lib/thumb/v7-a+fp/hard\libc.a(lib_a-envlock.o)
 .data          0x0000000001016ed8        0x0 g:/xilinx/vitis/2019.2/gnu/aarch32/nt/gcc-arm-none-eabi/bin/../arm-none-eabi/libc/usr/lib/thumb/v7-a+fp/hard\libc.a(lib_a-memmove.o)
 .data          0x0000000001016ed8        0x0 g:/xilinx/vitis/2019.2/gnu/aarch32/nt/gcc-arm-none-eabi/bin/../arm-none-eabi/libc/usr/lib/thumb/v7-a+fp/hard\libc.a(lib_a-reallocr.o)
 .data          0x0000000001016ed8        0x0 C:/Users/Tom/Documents/Projects/Scopy_MVP_Platform/scopy-fpga/main/export/main/sw/main/standalone_domain/bsplib/lib\libxil.a(_sbrk.o)
 .data          0x0000000001016ed8        0x0 C:/Users/Tom/Documents/Projects/Scopy_MVP_Platform/scopy-fpga/main/export/main/sw/main/standalone_domain/bsplib/lib\libxil.a(_exit.o)
 .data          0x0000000001016ed8        0x0 g:/xilinx/vitis/2019.2/gnu/aarch32/nt/gcc-arm-none-eabi/bin/../lib/gcc/arm-none-eabi/8.2.0/thumb/v7-a+fp/hard/crtend.o
 .data          0x0000000001016ed8        0x0 g:/xilinx/vitis/2019.2/gnu/aarch32/nt/gcc-arm-none-eabi/bin/../lib/gcc/arm-none-eabi/8.2.0/thumb/v7-a+fp/hard/crtn.o
 *(.data.*)
 *(.gnu.linkonce.d.*)
 *(.jcr)
 *(.got)
 *(.got.plt)
                0x0000000001016ed8                __data_end = .

.tm_clone_table
                0x0000000001016ed8        0x0
 .tm_clone_table
                0x0000000001016ed8        0x0 g:/xilinx/vitis/2019.2/gnu/aarch32/nt/gcc-arm-none-eabi/bin/../lib/gcc/arm-none-eabi/8.2.0/thumb/v7-a+fp/hard/crtbegin.o
 .tm_clone_table
                0x0000000001016ed8        0x0 g:/xilinx/vitis/2019.2/gnu/aarch32/nt/gcc-arm-none-eabi/bin/../lib/gcc/arm-none-eabi/8.2.0/thumb/v7-a+fp/hard/crtend.o

.igot.plt       0x0000000001016ed8        0x0
 .igot.plt      0x0000000001016ed8        0x0 g:/xilinx/vitis/2019.2/gnu/aarch32/nt/gcc-arm-none-eabi/bin/../lib/gcc/arm-none-eabi/8.2.0/thumb/v7-a+fp/hard/crtbegin.o

.got2           0x0000000001016ed8        0x0
 .got2          0x0000000001016ed8        0x0 C:/Users/Tom/Documents/Projects/Scopy_MVP_Platform/scopy-fpga/main/export/main/sw/main/standalone_domain/bsplib/lib\libxil.a(xil-crt0.o)

.data1          0x0000000001016ed8        0x0
                0x0000000001016ed8                __data1_start = .
 *(.data1)
 *(.data1.*)
                0x0000000001016ed8                __data1_end = .

.got
 *(.got)

.ctors          0x0000000001016ed8        0x0
                0x0000000001016ed8                __CTOR_LIST__ = .
                0x0000000001016ed8                ___CTORS_LIST___ = .
 *crtbegin.o(.ctors)
 *(EXCLUDE_FILE(*crtend.o) .ctors)
 *(SORT_BY_NAME(.ctors.*))
 *(.ctors)
                0x0000000001016ed8                __CTOR_END__ = .
                0x0000000001016ed8                ___CTORS_END___ = .

.dtors          0x0000000001016ed8        0x0
                0x0000000001016ed8                __DTOR_LIST__ = .
                0x0000000001016ed8                ___DTORS_LIST___ = .
 *crtbegin.o(.dtors)
 *(EXCLUDE_FILE(*crtend.o) .dtors)
 *(SORT_BY_NAME(.dtors.*))
 *(.dtors)
                0x0000000001016ed8                __DTOR_END__ = .
                0x0000000001016ed8                ___DTORS_END___ = .

.fixup          0x0000000001016ed8        0x0
                0x0000000001016ed8                __fixup_start = .
 *(.fixup)
                0x0000000001016ed8                __fixup_end = .

.eh_frame       0x0000000001016ed8        0x4
 *(.eh_frame)
 .eh_frame      0x0000000001016ed8        0x0 g:/xilinx/vitis/2019.2/gnu/aarch32/nt/gcc-arm-none-eabi/bin/../lib/gcc/arm-none-eabi/8.2.0/thumb/v7-a+fp/hard/crtbegin.o
 .eh_frame      0x0000000001016ed8        0x4 g:/xilinx/vitis/2019.2/gnu/aarch32/nt/gcc-arm-none-eabi/bin/../lib/gcc/arm-none-eabi/8.2.0/thumb/v7-a+fp/hard/crtend.o

.eh_framehdr    0x0000000001016edc        0x0
                0x0000000001016edc                __eh_framehdr_start = .
 *(.eh_framehdr)
                0x0000000001016edc                __eh_framehdr_end = .

.gcc_except_table
 *(.gcc_except_table)

.mmu_tbl        0x0000000001018000     0x4000
                0x0000000001018000                __mmu_tbl_start = .
 *(.mmu_tbl)
 .mmu_tbl       0x0000000001018000     0x4000 C:/Users/Tom/Documents/Projects/Scopy_MVP_Platform/scopy-fpga/main/export/main/sw/main/standalone_domain/bsplib/lib\libxil.a(translation_table.o)
                0x0000000001018000                MMUTable
                0x000000000101c000                __mmu_tbl_end = .

.ARM.exidx      0x000000000101c000        0x8
                0x000000000101c000                __exidx_start = .
 *(.ARM.exidx*)
 .ARM.exidx     0x000000000101c000        0x8 g:/xilinx/vitis/2019.2/gnu/aarch32/nt/gcc-arm-none-eabi/bin/../lib/gcc/arm-none-eabi/8.2.0/thumb/v7-a+fp/hard\libgcc.a(_udivmoddi4.o)
 *(.gnu.linkonce.armexidix.*.*)
                0x000000000101c008                __exidx_end = .

.rel.dyn        0x000000000101c008        0x0
 .rel.iplt      0x000000000101c008        0x0 g:/xilinx/vitis/2019.2/gnu/aarch32/nt/gcc-arm-none-eabi/bin/../lib/gcc/arm-none-eabi/8.2.0/thumb/v7-a+fp/hard/crtbegin.o

.preinit_array  0x000000000101c008        0x0
                0x000000000101c008                __preinit_array_start = .
 *(SORT_BY_NAME(.preinit_array.*))
 *(.preinit_array)
                0x000000000101c008                __preinit_array_end = .

.init_array     0x000000000101c008        0x4
                0x000000000101c008                __init_array_start = .
 *(SORT_BY_NAME(.init_array.*))
 *(.init_array)
 .init_array    0x000000000101c008        0x4 g:/xilinx/vitis/2019.2/gnu/aarch32/nt/gcc-arm-none-eabi/bin/../lib/gcc/arm-none-eabi/8.2.0/thumb/v7-a+fp/hard/crtbegin.o
                0x000000000101c00c                __init_array_end = .

.fini_array     0x000000000101c00c        0x4
                0x000000000101c00c                __fini_array_start = .
 *(SORT_BY_NAME(.fini_array.*))
 *(.fini_array)
 .fini_array    0x000000000101c00c        0x4 g:/xilinx/vitis/2019.2/gnu/aarch32/nt/gcc-arm-none-eabi/bin/../lib/gcc/arm-none-eabi/8.2.0/thumb/v7-a+fp/hard/crtbegin.o
                0x000000000101c010                __fini_array_end = .

.ARM.attributes
                0x000000000101c010       0x33
                0x000000000101c010                __ARM.attributes_start = .
 *(.ARM.attributes)
 .ARM.attributes
                0x000000000101c010       0x1f g:/xilinx/vitis/2019.2/gnu/aarch32/nt/gcc-arm-none-eabi/bin/../lib/gcc/arm-none-eabi/8.2.0/thumb/v7-a+fp/hard/crti.o
 .ARM.attributes
                0x000000000101c02f       0x33 g:/xilinx/vitis/2019.2/gnu/aarch32/nt/gcc-arm-none-eabi/bin/../lib/gcc/arm-none-eabi/8.2.0/thumb/v7-a+fp/hard/crtbegin.o
 .ARM.attributes
                0x000000000101c062       0x33 ./src/acquire.o
 .ARM.attributes
                0x000000000101c095       0x33 ./src/clkwiz_interface.o
 .ARM.attributes
                0x000000000101c0c8       0x33 ./src/dma_gearbox.o
 .ARM.attributes
                0x000000000101c0fb       0x33 ./src/fabric_config.o
 .ARM.attributes
                0x000000000101c12e       0x33 ./src/hal.o
 .ARM.attributes
                0x000000000101c161       0x33 ./src/main.o
 .ARM.attributes
                0x000000000101c194       0x33 ./src/mipi_csi.o
 .ARM.attributes
                0x000000000101c1c7       0x33 ./src/mipi_csi_hacks.o
 .ARM.attributes
                0x000000000101c1fa       0x33 ./src/platform.o
 .ARM.attributes
                0x000000000101c22d       0x33 C:/Users/Tom/Documents/Projects/Scopy_MVP_Platform/scopy-fpga/main/export/main/sw/main/standalone_domain/bsplib/lib\libxil.a(xaxidma.o)
 .ARM.attributes
                0x000000000101c260       0x33 C:/Users/Tom/Documents/Projects/Scopy_MVP_Platform/scopy-fpga/main/export/main/sw/main/standalone_domain/bsplib/lib\libxil.a(xaxidma_sinit.o)
 .ARM.attributes
                0x000000000101c293       0x33 C:/Users/Tom/Documents/Projects/Scopy_MVP_Platform/scopy-fpga/main/export/main/sw/main/standalone_domain/bsplib/lib\libxil.a(xaxidma_bdring.o)
 .ARM.attributes
                0x000000000101c2c6       0x3d C:/Users/Tom/Documents/Projects/Scopy_MVP_Platform/scopy-fpga/main/export/main/sw/main/standalone_domain/bsplib/lib\libxil.a(xaxidma_g.o)
 .ARM.attributes
                0x000000000101c303       0x33 C:/Users/Tom/Documents/Projects/Scopy_MVP_Platform/scopy-fpga/main/export/main/sw/main/standalone_domain/bsplib/lib\libxil.a(xclk_wiz.o)
 .ARM.attributes
                0x000000000101c336       0x33 C:/Users/Tom/Documents/Projects/Scopy_MVP_Platform/scopy-fpga/main/export/main/sw/main/standalone_domain/bsplib/lib\libxil.a(xclk_wiz_sinit.o)
 .ARM.attributes
                0x000000000101c369       0x33 C:/Users/Tom/Documents/Projects/Scopy_MVP_Platform/scopy-fpga/main/export/main/sw/main/standalone_domain/bsplib/lib\libxil.a(xdmaps.o)
 .ARM.attributes
                0x000000000101c39c       0x33 C:/Users/Tom/Documents/Projects/Scopy_MVP_Platform/scopy-fpga/main/export/main/sw/main/standalone_domain/bsplib/lib\libxil.a(xdmaps_sinit.o)
 .ARM.attributes
                0x000000000101c3cf       0x3d C:/Users/Tom/Documents/Projects/Scopy_MVP_Platform/scopy-fpga/main/export/main/sw/main/standalone_domain/bsplib/lib\libxil.a(xdmaps_g.o)
 .ARM.attributes
                0x000000000101c40c       0x33 C:/Users/Tom/Documents/Projects/Scopy_MVP_Platform/scopy-fpga/main/export/main/sw/main/standalone_domain/bsplib/lib\libxil.a(xgpiops.o)
 .ARM.attributes
                0x000000000101c43f       0x33 C:/Users/Tom/Documents/Projects/Scopy_MVP_Platform/scopy-fpga/main/export/main/sw/main/standalone_domain/bsplib/lib\libxil.a(xgpiops_sinit.o)
 .ARM.attributes
                0x000000000101c472       0x33 C:/Users/Tom/Documents/Projects/Scopy_MVP_Platform/scopy-fpga/main/export/main/sw/main/standalone_domain/bsplib/lib\libxil.a(xgpiops_intr.o)
 .ARM.attributes
                0x000000000101c4a5       0x3d C:/Users/Tom/Documents/Projects/Scopy_MVP_Platform/scopy-fpga/main/export/main/sw/main/standalone_domain/bsplib/lib\libxil.a(xgpiops_g.o)
 .ARM.attributes
                0x000000000101c4e2       0x33 C:/Users/Tom/Documents/Projects/Scopy_MVP_Platform/scopy-fpga/main/export/main/sw/main/standalone_domain/bsplib/lib\libxil.a(xscugic_intr.o)
 .ARM.attributes
                0x000000000101c515       0x33 C:/Users/Tom/Documents/Projects/Scopy_MVP_Platform/scopy-fpga/main/export/main/sw/main/standalone_domain/bsplib/lib\libxil.a(xscugic.o)
 .ARM.attributes
                0x000000000101c548       0x33 C:/Users/Tom/Documents/Projects/Scopy_MVP_Platform/scopy-fpga/main/export/main/sw/main/standalone_domain/bsplib/lib\libxil.a(xscugic_sinit.o)
 .ARM.attributes
                0x000000000101c57b       0x33 C:/Users/Tom/Documents/Projects/Scopy_MVP_Platform/scopy-fpga/main/export/main/sw/main/standalone_domain/bsplib/lib\libxil.a(xscutimer.o)
 .ARM.attributes
                0x000000000101c5ae       0x33 C:/Users/Tom/Documents/Projects/Scopy_MVP_Platform/scopy-fpga/main/export/main/sw/main/standalone_domain/bsplib/lib\libxil.a(xscutimer_selftest.o)
 .ARM.attributes
                0x000000000101c5e1       0x33 C:/Users/Tom/Documents/Projects/Scopy_MVP_Platform/scopy-fpga/main/export/main/sw/main/standalone_domain/bsplib/lib\libxil.a(xscutimer_sinit.o)
 .ARM.attributes
                0x000000000101c614       0x3d C:/Users/Tom/Documents/Projects/Scopy_MVP_Platform/scopy-fpga/main/export/main/sw/main/standalone_domain/bsplib/lib\libxil.a(xscutimer_g.o)
 .ARM.attributes
                0x000000000101c651       0x33 C:/Users/Tom/Documents/Projects/Scopy_MVP_Platform/scopy-fpga/main/export/main/sw/main/standalone_domain/bsplib/lib\libxil.a(xil_assert.o)
 .ARM.attributes
                0x000000000101c684       0x33 C:/Users/Tom/Documents/Projects/Scopy_MVP_Platform/scopy-fpga/main/export/main/sw/main/standalone_domain/bsplib/lib\libxil.a(print.o)
 .ARM.attributes
                0x000000000101c6b7       0x33 C:/Users/Tom/Documents/Projects/Scopy_MVP_Platform/scopy-fpga/main/export/main/sw/main/standalone_domain/bsplib/lib\libxil.a(xil_cache.o)
 .ARM.attributes
                0x000000000101c6ea       0x33 C:/Users/Tom/Documents/Projects/Scopy_MVP_Platform/scopy-fpga/main/export/main/sw/main/standalone_domain/bsplib/lib\libxil.a(outbyte.o)
 .ARM.attributes
                0x000000000101c71d       0x33 C:/Users/Tom/Documents/Projects/Scopy_MVP_Platform/scopy-fpga/main/export/main/sw/main/standalone_domain/bsplib/lib\libxil.a(xplatform_info.o)
 .ARM.attributes
                0x000000000101c750       0x33 C:/Users/Tom/Documents/Projects/Scopy_MVP_Platform/scopy-fpga/main/export/main/sw/main/standalone_domain/bsplib/lib\libxil.a(xil_printf.o)
 .ARM.attributes
                0x000000000101c783       0x33 C:/Users/Tom/Documents/Projects/Scopy_MVP_Platform/scopy-fpga/main/export/main/sw/main/standalone_domain/bsplib/lib\libxil.a(xil_exception.o)
 .ARM.attributes
                0x000000000101c7b6       0x1f C:/Users/Tom/Documents/Projects/Scopy_MVP_Platform/scopy-fpga/main/export/main/sw/main/standalone_domain/bsplib/lib\libxil.a(asm_vectors.o)
 .ARM.attributes
                0x000000000101c7d5       0x33 C:/Users/Tom/Documents/Projects/Scopy_MVP_Platform/scopy-fpga/main/export/main/sw/main/standalone_domain/bsplib/lib\libxil.a(xuartps_hw.o)
 .ARM.attributes
                0x000000000101c808       0x3d C:/Users/Tom/Documents/Projects/Scopy_MVP_Platform/scopy-fpga/main/export/main/sw/main/standalone_domain/bsplib/lib\libxil.a(xclk_wiz_g.o)
 .ARM.attributes
                0x000000000101c845       0x3d C:/Users/Tom/Documents/Projects/Scopy_MVP_Platform/scopy-fpga/main/export/main/sw/main/standalone_domain/bsplib/lib\libxil.a(xscugic_g.o)
 .ARM.attributes
                0x000000000101c882       0x33 C:/Users/Tom/Documents/Projects/Scopy_MVP_Platform/scopy-fpga/main/export/main/sw/main/standalone_domain/bsplib/lib\libxil.a(vectors.o)
 .ARM.attributes
                0x000000000101c8b5       0x1f C:/Users/Tom/Documents/Projects/Scopy_MVP_Platform/scopy-fpga/main/export/main/sw/main/standalone_domain/bsplib/lib\libxil.a(boot.o)
 .ARM.attributes
                0x000000000101c8d4       0x1f C:/Users/Tom/Documents/Projects/Scopy_MVP_Platform/scopy-fpga/main/export/main/sw/main/standalone_domain/bsplib/lib\libxil.a(xil-crt0.o)
 .ARM.attributes
                0x000000000101c8f3       0x1f C:/Users/Tom/Documents/Projects/Scopy_MVP_Platform/scopy-fpga/main/export/main/sw/main/standalone_domain/bsplib/lib\libxil.a(translation_table.o)
 .ARM.attributes
                0x000000000101c912       0x1f C:/Users/Tom/Documents/Projects/Scopy_MVP_Platform/scopy-fpga/main/export/main/sw/main/standalone_domain/bsplib/lib\libxil.a(cpu_init.o)
 .ARM.attributes
                0x000000000101c931       0x33 C:/Users/Tom/Documents/Projects/Scopy_MVP_Platform/scopy-fpga/main/export/main/sw/main/standalone_domain/bsplib/lib\libxil.a(xtime_l.o)
 .ARM.attributes
                0x000000000101c964       0x1f g:/xilinx/vitis/2019.2/gnu/aarch32/nt/gcc-arm-none-eabi/bin/../lib/gcc/arm-none-eabi/8.2.0/thumb/v7-a+fp/hard\libgcc.a(_udivsi3.o)
 .ARM.attributes
                0x000000000101c983       0x1f g:/xilinx/vitis/2019.2/gnu/aarch32/nt/gcc-arm-none-eabi/bin/../lib/gcc/arm-none-eabi/8.2.0/thumb/v7-a+fp/hard\libgcc.a(_divsi3.o)
 .ARM.attributes
                0x000000000101c9a2       0x1f g:/xilinx/vitis/2019.2/gnu/aarch32/nt/gcc-arm-none-eabi/bin/../lib/gcc/arm-none-eabi/8.2.0/thumb/v7-a+fp/hard\libgcc.a(_dvmd_tls.o)
 .ARM.attributes
                0x000000000101c9c1       0x1f g:/xilinx/vitis/2019.2/gnu/aarch32/nt/gcc-arm-none-eabi/bin/../lib/gcc/arm-none-eabi/8.2.0/thumb/v7-a+fp/hard\libgcc.a(_arm_addsubdf3.o)
 .ARM.attributes
                0x000000000101c9e0       0x1f g:/xilinx/vitis/2019.2/gnu/aarch32/nt/gcc-arm-none-eabi/bin/../lib/gcc/arm-none-eabi/8.2.0/thumb/v7-a+fp/hard\libgcc.a(_arm_addsubsf3.o)
 .ARM.attributes
                0x000000000101c9ff       0x1f g:/xilinx/vitis/2019.2/gnu/aarch32/nt/gcc-arm-none-eabi/bin/../lib/gcc/arm-none-eabi/8.2.0/thumb/v7-a+fp/hard\libgcc.a(_aeabi_uldivmod.o)
 .ARM.attributes
                0x000000000101ca1e       0x33 g:/xilinx/vitis/2019.2/gnu/aarch32/nt/gcc-arm-none-eabi/bin/../lib/gcc/arm-none-eabi/8.2.0/thumb/v7-a+fp/hard\libgcc.a(_fixunssfdi.o)
 .ARM.attributes
                0x000000000101ca51       0x33 g:/xilinx/vitis/2019.2/gnu/aarch32/nt/gcc-arm-none-eabi/bin/../lib/gcc/arm-none-eabi/8.2.0/thumb/v7-a+fp/hard\libgcc.a(_fixunsdfdi.o)
 .ARM.attributes
                0x000000000101ca84       0x33 g:/xilinx/vitis/2019.2/gnu/aarch32/nt/gcc-arm-none-eabi/bin/../lib/gcc/arm-none-eabi/8.2.0/thumb/v7-a+fp/hard\libgcc.a(_udivmoddi4.o)
 .ARM.attributes
                0x000000000101cab7       0x33 g:/xilinx/vitis/2019.2/gnu/aarch32/nt/gcc-arm-none-eabi/bin/../arm-none-eabi/libc/usr/lib/thumb/v7-a+fp/hard\libc.a(lib_a-exit.o)
 .ARM.attributes
                0x000000000101caea       0x33 g:/xilinx/vitis/2019.2/gnu/aarch32/nt/gcc-arm-none-eabi/bin/../arm-none-eabi/libc/usr/lib/thumb/v7-a+fp/hard\libc.a(lib_a-fini.o)
 .ARM.attributes
                0x000000000101cb1d       0x31 g:/xilinx/vitis/2019.2/gnu/aarch32/nt/gcc-arm-none-eabi/bin/../arm-none-eabi/libc/usr/lib/thumb/v7-a+fp/hard\libc.a(lib_a-impure.o)
 .ARM.attributes
                0x000000000101cb4e       0x33 g:/xilinx/vitis/2019.2/gnu/aarch32/nt/gcc-arm-none-eabi/bin/../arm-none-eabi/libc/usr/lib/thumb/v7-a+fp/hard\libc.a(lib_a-init.o)
 .ARM.attributes
                0x000000000101cb81       0x33 g:/xilinx/vitis/2019.2/gnu/aarch32/nt/gcc-arm-none-eabi/bin/../arm-none-eabi/libc/usr/lib/thumb/v7-a+fp/hard\libc.a(lib_a-locale.o)
 .ARM.attributes
                0x000000000101cbb4       0x33 g:/xilinx/vitis/2019.2/gnu/aarch32/nt/gcc-arm-none-eabi/bin/../arm-none-eabi/libc/usr/lib/thumb/v7-a+fp/hard\libc.a(lib_a-malign.o)
 .ARM.attributes
                0x000000000101cbe7       0x33 g:/xilinx/vitis/2019.2/gnu/aarch32/nt/gcc-arm-none-eabi/bin/../arm-none-eabi/libc/usr/lib/thumb/v7-a+fp/hard\libc.a(lib_a-malignr.o)
 .ARM.attributes
                0x000000000101cc1a       0x33 g:/xilinx/vitis/2019.2/gnu/aarch32/nt/gcc-arm-none-eabi/bin/../arm-none-eabi/libc/usr/lib/thumb/v7-a+fp/hard\libc.a(lib_a-malloc.o)
 .ARM.attributes
                0x000000000101cc4d       0x33 g:/xilinx/vitis/2019.2/gnu/aarch32/nt/gcc-arm-none-eabi/bin/../arm-none-eabi/libc/usr/lib/thumb/v7-a+fp/hard\libc.a(lib_a-mallocr.o)
 .ARM.attributes
                0x000000000101cc80       0x33 g:/xilinx/vitis/2019.2/gnu/aarch32/nt/gcc-arm-none-eabi/bin/../arm-none-eabi/libc/usr/lib/thumb/v7-a+fp/hard\libc.a(lib_a-mbtowc_r.o)
 .ARM.attributes
                0x000000000101ccb3       0x1b g:/xilinx/vitis/2019.2/gnu/aarch32/nt/gcc-arm-none-eabi/bin/../arm-none-eabi/libc/usr/lib/thumb/v7-a+fp/hard\libc.a(lib_a-memcpy.o)
 .ARM.attributes
                0x000000000101ccce       0x33 g:/xilinx/vitis/2019.2/gnu/aarch32/nt/gcc-arm-none-eabi/bin/../arm-none-eabi/libc/usr/lib/thumb/v7-a+fp/hard\libc.a(lib_a-memset.o)
 .ARM.attributes
                0x000000000101cd01       0x33 g:/xilinx/vitis/2019.2/gnu/aarch32/nt/gcc-arm-none-eabi/bin/../arm-none-eabi/libc/usr/lib/thumb/v7-a+fp/hard\libc.a(lib_a-mlock.o)
 .ARM.attributes
                0x000000000101cd34       0x33 g:/xilinx/vitis/2019.2/gnu/aarch32/nt/gcc-arm-none-eabi/bin/../arm-none-eabi/libc/usr/lib/thumb/v7-a+fp/hard\libc.a(lib_a-sbrkr.o)
 .ARM.attributes
                0x000000000101cd67       0x33 g:/xilinx/vitis/2019.2/gnu/aarch32/nt/gcc-arm-none-eabi/bin/../arm-none-eabi/libc/usr/lib/thumb/v7-a+fp/hard\libc.a(lib_a-snprintf.o)
 .ARM.attributes
                0x000000000101cd9a       0x33 g:/xilinx/vitis/2019.2/gnu/aarch32/nt/gcc-arm-none-eabi/bin/../arm-none-eabi/libc/usr/lib/thumb/v7-a+fp/hard\libc.a(lib_a-strcasecmp.o)
 .ARM.attributes
                0x000000000101cdcd       0x33 g:/xilinx/vitis/2019.2/gnu/aarch32/nt/gcc-arm-none-eabi/bin/../arm-none-eabi/libc/usr/lib/thumb/v7-a+fp/hard\libc.a(lib_a-strcat.o)
 .ARM.attributes
                0x000000000101ce00       0x33 g:/xilinx/vitis/2019.2/gnu/aarch32/nt/gcc-arm-none-eabi/bin/../arm-none-eabi/libc/usr/lib/thumb/v7-a+fp/hard\libc.a(lib_a-strchr.o)
 .ARM.attributes
                0x000000000101ce33       0x1d g:/xilinx/vitis/2019.2/gnu/aarch32/nt/gcc-arm-none-eabi/bin/../arm-none-eabi/libc/usr/lib/thumb/v7-a+fp/hard\libc.a(lib_a-strcmp.o)
 .ARM.attributes
                0x000000000101ce50       0x33 g:/xilinx/vitis/2019.2/gnu/aarch32/nt/gcc-arm-none-eabi/bin/../arm-none-eabi/libc/usr/lib/thumb/v7-a+fp/hard\libc.a(lib_a-strcpy.o)
 .ARM.attributes
                0x000000000101ce83       0x33 g:/xilinx/vitis/2019.2/gnu/aarch32/nt/gcc-arm-none-eabi/bin/../arm-none-eabi/libc/usr/lib/thumb/v7-a+fp/hard\libc.a(lib_a-strlcpy.o)
 .ARM.attributes