Archive member included to satisfy reference by file (symbol)

C:/Users/Tom/Documents/Projects/Scopy_MVP_Platform/scopy-fpga/main/export/main/sw/main/standalone_domain/bsplib/lib\libxil.a(xaxidma.o)
                              ./src/acquire.o (XAxiDma_Reset)
C:/Users/Tom/Documents/Projects/Scopy_MVP_Platform/scopy-fpga/main/export/main/sw/main/standalone_domain/bsplib/lib\libxil.a(xaxidma_sinit.o)
                              ./src/acquire.o (XAxiDma_LookupConfig)
C:/Users/Tom/Documents/Projects/Scopy_MVP_Platform/scopy-fpga/main/export/main/sw/main/standalone_domain/bsplib/lib\libxil.a(xaxidma_selftest.o)
                              ./src/mipi_csi.o (XAxiDma_Selftest)
C:/Users/Tom/Documents/Projects/Scopy_MVP_Platform/scopy-fpga/main/export/main/sw/main/standalone_domain/bsplib/lib\libxil.a(xaxidma_bd.o)
                              ./src/mipi_csi.o (XAxiDma_BdSetLength)
C:/Users/Tom/Documents/Projects/Scopy_MVP_Platform/scopy-fpga/main/export/main/sw/main/standalone_domain/bsplib/lib\libxil.a(xaxidma_bdring.o)
                              ./src/mipi_csi.o (XAxiDma_BdRingCreate)
C:/Users/Tom/Documents/Projects/Scopy_MVP_Platform/scopy-fpga/main/export/main/sw/main/standalone_domain/bsplib/lib\libxil.a(xaxidma_g.o)
                              C:/Users/Tom/Documents/Projects/Scopy_MVP_Platform/scopy-fpga/main/export/main/sw/main/standalone_domain/bsplib/lib\libxil.a(xaxidma_sinit.o) (XAxiDma_ConfigTable)
C:/Users/Tom/Documents/Projects/Scopy_MVP_Platform/scopy-fpga/main/export/main/sw/main/standalone_domain/bsplib/lib\libxil.a(xclk_wiz.o)
                              ./src/clkwiz_interface.o (XClk_Wiz_CfgInitialize)
C:/Users/Tom/Documents/Projects/Scopy_MVP_Platform/scopy-fpga/main/export/main/sw/main/standalone_domain/bsplib/lib\libxil.a(xclk_wiz_sinit.o)
                              ./src/clkwiz_interface.o (XClk_Wiz_LookupConfig)
C:/Users/Tom/Documents/Projects/Scopy_MVP_Platform/scopy-fpga/main/export/main/sw/main/standalone_domain/bsplib/lib\libxil.a(xgpiops.o)
                              ./src/hal.o (XGpioPs_CfgInitialize)
C:/Users/Tom/Documents/Projects/Scopy_MVP_Platform/scopy-fpga/main/export/main/sw/main/standalone_domain/bsplib/lib\libxil.a(xgpiops_sinit.o)
                              ./src/hal.o (XGpioPs_LookupConfig)
C:/Users/Tom/Documents/Projects/Scopy_MVP_Platform/scopy-fpga/main/export/main/sw/main/standalone_domain/bsplib/lib\libxil.a(xgpiops_intr.o)
                              C:/Users/Tom/Documents/Projects/Scopy_MVP_Platform/scopy-fpga/main/export/main/sw/main/standalone_domain/bsplib/lib\libxil.a(xgpiops.o) (StubHandler)
C:/Users/Tom/Documents/Projects/Scopy_MVP_Platform/scopy-fpga/main/export/main/sw/main/standalone_domain/bsplib/lib\libxil.a(xgpiops_g.o)
                              C:/Users/Tom/Documents/Projects/Scopy_MVP_Platform/scopy-fpga/main/export/main/sw/main/standalone_domain/bsplib/lib\libxil.a(xgpiops_sinit.o) (XGpioPs_ConfigTable)
C:/Users/Tom/Documents/Projects/Scopy_MVP_Platform/scopy-fpga/main/export/main/sw/main/standalone_domain/bsplib/lib\libxil.a(xscugic_intr.o)
                              ./src/hal.o (XScuGic_InterruptHandler)
C:/Users/Tom/Documents/Projects/Scopy_MVP_Platform/scopy-fpga/main/export/main/sw/main/standalone_domain/bsplib/lib\libxil.a(xscugic.o)
                              ./src/acquire.o (XScuGic_Connect)
C:/Users/Tom/Documents/Projects/Scopy_MVP_Platform/scopy-fpga/main/export/main/sw/main/standalone_domain/bsplib/lib\libxil.a(xscugic_sinit.o)
                              ./src/hal.o (XScuGic_LookupConfig)
C:/Users/Tom/Documents/Projects/Scopy_MVP_Platform/scopy-fpga/main/export/main/sw/main/standalone_domain/bsplib/lib\libxil.a(xscugic_selftest.o)
                              ./src/hal.o (XScuGic_SelfTest)
C:/Users/Tom/Documents/Projects/Scopy_MVP_Platform/scopy-fpga/main/export/main/sw/main/standalone_domain/bsplib/lib\libxil.a(xscutimer.o)
                              ./src/hal.o (XScuTimer_CfgInitialize)
C:/Users/Tom/Documents/Projects/Scopy_MVP_Platform/scopy-fpga/main/export/main/sw/main/standalone_domain/bsplib/lib\libxil.a(xscutimer_selftest.o)
                              ./src/hal.o (XScuTimer_SelfTest)
C:/Users/Tom/Documents/Projects/Scopy_MVP_Platform/scopy-fpga/main/export/main/sw/main/standalone_domain/bsplib/lib\libxil.a(xscutimer_sinit.o)
                              ./src/hal.o (XScuTimer_LookupConfig)
C:/Users/Tom/Documents/Projects/Scopy_MVP_Platform/scopy-fpga/main/export/main/sw/main/standalone_domain/bsplib/lib\libxil.a(xscutimer_g.o)
                              C:/Users/Tom/Documents/Projects/Scopy_MVP_Platform/scopy-fpga/main/export/main/sw/main/standalone_domain/bsplib/lib\libxil.a(xscutimer_sinit.o) (XScuTimer_ConfigTable)
C:/Users/Tom/Documents/Projects/Scopy_MVP_Platform/scopy-fpga/main/export/main/sw/main/standalone_domain/bsplib/lib\libxil.a(xspips.o)
                              ./src/spi.o (XSpiPs_Reset)
[...]
Memory Configuration

Name             Origin             Length             Attributes
ps7_ram_0        0x0000000001000000 0x000000000fffffff
ocm2             0x00000000ffff0000 0x000000000000fe00
ocm1             0x0000000000000000 0x0000000000030000
*default*        0x0000000000000000 0xffffffffffffffff

Linker script and memory map

LOAD g:/xilinx/vitis/2019.2/gnu/aarch32/nt/gcc-arm-none-eabi/bin/../lib/gcc/arm-none-eabi/8.2.0/thumb/v7-a+fp/hard/crti.o
LOAD g:/xilinx/vitis/2019.2/gnu/aarch32/nt/gcc-arm-none-eabi/bin/../lib/gcc/arm-none-eabi/8.2.0/thumb/v7-a+fp/hard/crtbegin.o
                0x0000000000010000                _STACK_SIZE = DEFINED (_STACK_SIZE)?_STACK_SIZE:0x10000
                0x000000000c000000                _HEAP_SIZE = DEFINED (_HEAP_SIZE)?_HEAP_SIZE:0xc000000
                0x0000000000000400                _ABORT_STACK_SIZE = DEFINED (_ABORT_STACK_SIZE)?_ABORT_STACK_SIZE:0x400
                0x0000000000000800                _SUPERVISOR_STACK_SIZE = DEFINED (_SUPERVISOR_STACK_SIZE)?_SUPERVISOR_STACK_SIZE:0x800
                0x0000000000000400                _IRQ_STACK_SIZE = DEFINED (_IRQ_STACK_SIZE)?_IRQ_STACK_SIZE:0x400
                0x0000000000000400                _FIQ_STACK_SIZE = DEFINED (_FIQ_STACK_SIZE)?_FIQ_STACK_SIZE:0x400
                0x0000000000000400                _UNDEF_STACK_SIZE = DEFINED (_UNDEF_STACK_SIZE)?_UNDEF_STACK_SIZE:0x400

.text           0x0000000001000000    0x258a0
 *(.vectors)
 .vectors       0x0000000001000000      0x12c C:/Users/Tom/Documents/Projects/Scopy_MVP_Platform/scopy-fpga/main/export/main/sw/main/standalone_domain/bsplib/lib\libxil.a(asm_vectors.o)
                0x0000000001000000                _vector_table
 *(.boot)
 .boot          0x000000000100012c      0x3b0 C:/Users/Tom/Documents/Projects/Scopy_MVP_Platform/scopy-fpga/main/export/main/sw/main/standalone_domain/bsplib/lib\libxil.a(boot.o)
                0x000000000100012c                _prestart
                0x000000000100012c                _boot
 *(.text)
 .text          0x00000000010004dc        0x0 g:/xilinx/vitis/2019.2/gnu/aarch32/nt/gcc-arm-none-eabi/bin/../lib/gcc/arm-none-eabi/8.2.0/thumb/v7-a+fp/hard/crti.o
 .text          0x00000000010004dc       0xa8 g:/xilinx/vitis/2019.2/gnu/aarch32/nt/gcc-arm-none-eabi/bin/../lib/gcc/arm-none-eabi/8.2.0/thumb/v7-a+fp/hard/crtbegin.o
 .text          0x0000000001000584     0x150c ./src/Collections-C/src/array.o
                0x0000000001000584                array_new
                0x0000000001000608                array_new_conf
                0x00000000010006e0                array_conf_init
                0x0000000001000718                array_destroy
                0x000000000100073c                array_destroy_cb
                0x0000000001000790                array_add
                0x000000000100083c                array_add_at
                0x00000000010009d8                array_replace_at
                0x0000000001000a1c                array_swap_at
                0x0000000001000a64                array_remove
                0x0000000001000b10                array_remove_at
                0x0000000001000b84                array_remove_last
                0x0000000001000bbc                array_remove_all
                0x0000000001000bc8                array_remove_all_free
                0x0000000001000c08                array_get_at
                0x0000000001000c28                array_get_last
                0x0000000001000c4c                array_get_buffer
                0x0000000001000c54                array_index_of
                0x0000000001000cac                array_subarray
                0x0000000001000d70                array_copy_shallow
                0x0000000001000e10                array_copy_deep
                0x0000000001000edc                array_filter_mut
                0x0000000001000fac                array_filter
                0x00000000010010bc                array_reverse
                0x0000000001001110                array_trim_capacity
                0x0000000001001188                array_contains
                0x00000000010011bc                array_contains_value
                0x0000000001001210                array_size
                0x0000000001001218                array_capacity
                0x0000000001001220                array_sort
                0x0000000001001238                array_map
                0x0000000001001274                array_reduce
                0x00000000010012f0                array_iter_init
                0x0000000001001300                array_iter_next
                0x0000000001001348                array_iter_remove
                0x00000000010013d4                array_iter_add
                0x0000000001001574                array_iter_replace
                0x00000000010015c4                array_iter_index
                0x00000000010015d0                array_zip_iter_init
                0x00000000010015e0                array_zip_iter_next
                0x0000000001001648                array_zip_iter_remove
                0x0000000001001744                array_zip_iter_add
                0x00000000010019e4                array_zip_iter_replace
                0x0000000001001a84                array_zip_iter_index
 .text          0x0000000001001a90        0x4 ./src/Collections-C/src/common.o
                0x0000000001001a90                cc_common_cmp_str
 .text          0x0000000001001a94     0x19a0 ./src/Collections-C/src/deque.o
                0x0000000001001b4c                deque_new
                0x0000000001001bd8                deque_new_conf
                0x0000000001001c8c                deque_conf_init
                0x0000000001001cb4                deque_destroy
                0x0000000001001cd8                deque_destroy_cb
                0x0000000001001d4c                deque_add
                0x0000000001001db0                deque_add_first
                0x0000000001001e90                deque_add_last
                0x0000000001001ef4                deque_add_at
                0x0000000001002180                deque_replace_at
                0x00000000010021d8                deque_remove_at
                0x00000000010023d4                deque_remove
                0x0000000001002440                deque_remove_first
                0x0000000001002490                deque_remove_last
                0x00000000010024e0                deque_remove_all
                0x00000000010024f4                deque_remove_all_cb
                0x0000000001002550                deque_get_at
                0x0000000001002594                deque_get_first
                0x00000000010025bc                deque_get_last
                0x00000000010025f4                deque_copy_shallow
                0x00000000010026cc                deque_copy_deep
                0x0000000001002810                deque_trim_capacity
                0x0000000001002900                deque_reverse
                0x000000000100295c                deque_contains
                0x00000000010029a8                deque_contains_value
                0x0000000001002a10                deque_index_of
                0x0000000001002a7c                deque_size
                0x0000000001002a84                deque_capacity
                0x0000000001002a8c                deque_get_buffer
                0x0000000001002a94                deque_foreach
                0x0000000001002ae0                deque_filter_mut
                0x0000000001002d04                deque_filter
                0x0000000001002e38                deque_iter_init
                0x0000000001002e48                deque_iter_next
                0x0000000001002eb4                deque_iter_remove
                0x00000000010030c4                deque_iter_add
                0x00000000010030e8                deque_iter_replace
                0x0000000001003148                deque_iter_index
                0x0000000001003154                deque_zip_iter_init
                0x0000000001003164                deque_zip_iter_next
                0x0000000001003210                deque_zip_iter_add
                0x00000000010032cc                deque_zip_iter_remove
                0x000000000100335c                deque_zip_iter_replace
                0x0000000001003428                deque_zip_iter_index
 .text          0x0000000001003434      0x1b0 ./src/Collections-C/src/hashset.o
                0x0000000001003434                hashset_conf_init
                0x0000000001003438                hashset_new
                0x00000000010034c4                hashset_new_conf
                0x000000000100354c                hashset_destroy
                0x000000000100356c                hashset_add
                0x0000000001003574                hashset_remove
                0x000000000100357c                hashset_remove_all
                0x0000000001003584                hashset_contains
                0x000000000100358c                hashset_size
                0x0000000001003594                hashset_capacity
                0x000000000100359c                hashset_foreach
                0x00000000010035a4                hashset_iter_init
                0x00000000010035ac                hashset_iter_next
                0x00000000010035e0                hashset_iter_remove
 .text          0x00000000010035e4      0xde0 ./src/Collections-C/src/hashtable.o
                0x00000000010035e4                hashtable_hash_string
                0x0000000001003618                hashtable_new
                0x00000000010036d4                hashtable_new_conf
                0x00000000010037c0                hashtable_conf_init
                0x0000000001003820                hashtable_destroy
                0x000000000100388c                hashtable_add
                0x0000000001003a94                hashtable_get
                0x0000000001003b54                hashtable_remove
                0x0000000001003cc8                hashtable_remove_all
                0x0000000001003d3c                hashtable_size
                0x0000000001003d44                hashtable_capacity
                0x0000000001003d4c                hashtable_contains_key
                0x0000000001003dc0                hashtable_get_values
                0x0000000001003e84                hashtable_get_keys
                0x0000000001003f48                hashtable_foreach_key
                0x0000000001003f9c                hashtable_foreach_value
                0x0000000001003ff0                hashtable_iter_init
                0x0000000001004050                hashtable_iter_next
                0x00000000010040e4                hashtable_iter_remove
                0x00000000010040f8                hashtable_hash
                0x0000000001004360                hashtable_hash_ptr
 .text          0x00000000010043c4     0x2068 ./src/Collections-C/src/list.o
                0x0000000001004724                list_conf_init
                0x0000000001004744                list_new
                0x0000000001004798                list_new_conf
                0x00000000010047dc                list_destroy
                0x0000000001004894                list_destroy_cb
                0x000000000100499c                list_add
                0x00000000010049f8                list_add_first
                0x0000000001004a58                list_add_last
                0x0000000001004ab4                list_add_at
                0x0000000001004b9c                list_add_all
                0x0000000001004c80                list_add_all_at
                0x0000000001004cb8                list_splice
                0x0000000001004d7c                list_splice_at
                0x0000000001004f04                list_remove
                0x0000000001004f88                list_remove_at
                0x0000000001005040                list_remove_first
                0x00000000010050b4                list_remove_last
                0x0000000001005128                list_remove_all
                0x00000000010051d0                list_remove_all_cb
                0x00000000010052d8                list_replace_at
                0x0000000001005364                list_get_first
                0x0000000001005384                list_get_last
                0x00000000010053a4                list_get_at
                0x000000000100541c                list_reverse
                0x000000000100550c                list_sublist
                0x0000000001005704                list_copy_shallow
                0x0000000001005870                list_copy_deep
                0x00000000010059e8                list_to_array
                0x0000000001005a5c                list_contains
                0x0000000001005a90                list_contains_value
                0x0000000001005ae0                list_index_of
                0x0000000001005b38                list_size
                0x0000000001005b40                list_sort
                0x0000000001005bf8                list_sort_in_place
                0x0000000001005c08                list_foreach
                0x0000000001005c34                list_filter_mut
                0x0000000001005cc8                list_filter
                0x0000000001005da4                list_iter_init
                0x0000000001005dc0                list_iter_remove
                0x0000000001005e44                list_iter_add
                0x0000000001005ee8                list_iter_replace
                0x0000000001005f14                list_iter_index
                0x0000000001005f20                list_iter_next
                0x0000000001005f64                list_diter_init
                0x0000000001005f84                list_diter_add
                0x0000000001006018                list_diter_remove
                0x000000000100609c                list_diter_replace
                0x00000000010060c8                list_diter_index
                0x00000000010060d4                list_diter_next
                0x0000000001006118                list_zip_iter_init
                0x0000000001006148                list_zip_iter_next
                0x00000000010061b4                list_zip_iter_add
                0x00000000010062f4                list_zip_iter_remove
                0x00000000010063d0                list_zip_iter_replace
                0x0000000001006420                list_zip_iter_index
 .text          0x000000000100642c      0x4e0 ./src/Collections-C/src/pqueue.o
                0x000000000100642c                pqueue_conf_init
                0x0000000001006468                pqueue_new
                0x00000000010064f4                pqueue_new_conf
                0x00000000010065dc                pqueue_destroy
                0x0000000001006600                pqueue_destroy_cb
                0x0000000001006654                pqueue_push
                0x0000000001006770                pqueue_top
                0x0000000001006790                pqueue_pop
 .text          0x000000000100690c      0x184 ./src/Collections-C/src/queue.o
                0x000000000100690c                queue_conf_init
                0x0000000001006910                queue_new
                0x0000000001006990                queue_new_conf
                0x0000000001006a08                queue_destroy
                0x0000000001006a28                queue_destroy_cb
                0x0000000001006a44                queue_peek
                0x0000000001006a4c                queue_poll
                0x0000000001006a54                queue_enqueue
                0x0000000001006a5c                queue_size
                0x0000000001006a64                queue_foreach
                0x0000000001006a6c                queue_iter_init
                0x0000000001006a74                queue_iter_next
                0x0000000001006a78                queue_iter_replace
                0x0000000001006a7c                queue_zip_iter_init
                0x0000000001006a88                queue_zip_iter_next
                0x0000000001006a8c                queue_zip_iter_replace
 .text          0x0000000001006a90      0x258 ./src/Collections-C/src/ring_buffer.o
                0x0000000001006a90                rbuf_new
                0x0000000001006b20                rbuf_conf_new
                0x0000000001006bb4                rbuf_conf_init
                0x0000000001006bdc                rbuf_destroy
                0x0000000001006c00                rbuf_is_empty
                0x0000000001006c10                rbuf_size
                0x0000000001006c18                rbuf_enqueue
                0x0000000001006c80                rbuf_dequeue
                0x0000000001006cd8                rbuf_peek
 .text          0x0000000001006ce8     0x16e0 ./src/Collections-C/src/slist.o
                0x0000000001006ce8                slist_conf_init
                0x0000000001006d08                slist_new
                0x0000000001006d5c                slist_new_conf
                0x0000000001006da0                slist_destroy
                0x0000000001006dfc                slist_destroy_cb
                0x0000000001006e94                slist_add
                0x0000000001006eec                slist_add_first
                0x0000000001006f48                slist_add_last
                0x0000000001006fa0                slist_add_at
                0x0000000001007054                slist_add_all
                0x0000000001007138                slist_add_all_at
                0x0000000001007260                slist_splice
                0x00000000010072b8                slist_splice_at
                0x0000000001007358                slist_remove
                0x000000000100741c                slist_remove_at
                0x00000000010074c0                slist_remove_first
                0x0000000001007520                slist_remove_last
                0x00000000010075c4                slist_remove_all
                0x0000000001007620                slist_remove_all_cb
                0x00000000010076b8                slist_replace_at
                0x0000000001007704                slist_get_first
                0x0000000001007724                slist_get_last
                0x0000000001007744                slist_get_at
                0x0000000001007788                slist_size
                0x0000000001007790                slist_reverse
                0x00000000010077d4                slist_sublist
                0x00000000010079ac                slist_copy_shallow
                0x0000000001007ad0                slist_copy_deep
                0x0000000001007bfc                slist_contains
                0x0000000001007c30                slist_contains_value
                0x0000000001007c80                slist_index_of
                0x0000000001007cd0                slist_to_array
                0x0000000001007d34                slist_sort
                0x0000000001007de8                slist_foreach
                0x0000000001007e14                slist_filter
                0x0000000001007ee8                slist_filter_mut
                0x0000000001007f70                slist_iter_init
                0x0000000001007f8c                slist_iter_remove
                0x0000000001008018                slist_iter_add
                0x0000000001008088                slist_iter_replace
                0x00000000010080b4                slist_iter_next
                0x0000000001008104                slist_iter_index
                0x0000000001008110                slist_zip_iter_init
                0x0000000001008140                slist_zip_iter_next
                0x00000000010081bc                slist_zip_iter_add
                0x0000000001008290                slist_zip_iter_remove
                0x000000000100836c                slist_zip_iter_replace
                0x00000000010083bc                slist_zip_iter_index
 .text          0x00000000010083c8      0x194 ./src/Collections-C/src/stack.o
                0x00000000010083c8                stack_conf_init
                0x00000000010083cc                stack_new
                0x0000000001008454                stack_new_conf
                0x00000000010084d4                stack_destroy
                0x00000000010084f4                stack_destroy_cb
                0x0000000001008510                stack_push
                0x0000000001008518                stack_peek
                0x0000000001008520                stack_pop
                0x0000000001008528                stack_size
                0x0000000001008530                stack_map
                0x0000000001008538                stack_iter_init
                0x0000000001008540                stack_iter_next
                0x0000000001008544                stack_iter_replace
                0x0000000001008548                stack_zip_iter_init
                0x0000000001008554                stack_zip_iter_next
                0x0000000001008558                stack_zip_iter_replace
 .text          0x000000000100855c      0x22c ./src/Collections-C/src/treeset.o
                0x000000000100855c                treeset_conf_init
                0x0000000001008560                treeset_new
                0x00000000010085f4                treeset_new_conf
                0x000000000100867c                treeset_destroy
                0x000000000100869c                treeset_add
                0x00000000010086a4                treeset_remove
                0x00000000010086c0                treeset_remove_all
                0x00000000010086c8                treeset_get_first
                0x00000000010086e4                treeset_get_last
                0x0000000001008700                treeset_get_greater_than
                0x000000000100871c                treeset_get_lesser_than
                0x0000000001008738                treeset_contains
                0x0000000001008740                treeset_size
                0x0000000001008748                treeset_foreach
                0x0000000001008750                treeset_iter_init
                0x0000000001008758                treeset_iter_next
                0x0000000001008784                treeset_iter_remove
 .text          0x0000000001008788     0x1ec0 ./src/Collections-C/src/treetable.o
                0x0000000001008d08                treetable_conf_init
                0x0000000001008d30                treetable_new
                0x0000000001008dc4                treetable_new_conf
                0x0000000001008e5c                treetable_destroy
                0x0000000001009470                treetable_get
                0x00000000010094ec                treetable_get_first_value
                0x0000000001009520                treetable_get_last_value
                0x0000000001009554                treetable_get_first_key
                0x0000000001009588                treetable_get_last_key
                0x00000000010095bc                treetable_get_greater_than
                0x00000000010096b4                treetable_get_lesser_than
                0x00000000010097a8                treetable_size
                0x00000000010097b0                treetable_contains_key
                0x0000000001009824                treetable_contains_value
                0x00000000010098dc                treetable_add
                0x0000000001009bd8                treetable_remove
                0x0000000001009c68                treetable_remove_first
                0x0000000001009cb4                treetable_remove_last
                0x0000000001009cec                treetable_remove_all
                0x000000000100a2f4                treetable_foreach_key
                0x000000000100a3a0                treetable_foreach_value
                0x000000000100a44c                treetable_iter_init
                0x000000000100a47c                treetable_iter_next
                0x000000000100a520                treetable_iter_remove
                0x000000000100a564                treetable_assert_rb_rules
 .text          0x000000000100a648        0x0 ./src/acq_hacks.o
 .text          0x000000000100a648     0x242c ./src/acquire.o
                0x000000000100a648                _acq_irq_fifo_gen_rst
                0x000000000100a7cc                _acq_irq_error_dma
                0x000000000100a850                _acq_reset_PL_fifo
                0x000000000100a87c                _acq_reset_trigger
                0x000000000100a8a8                _acq_wait_for_ndone
                0x000000000100a8c0                _acq_fast_dma_start
                0x000000000100a8e8                _acq_core_dma_start
                0x000000000100a93c                acq_write_training
                0x000000000100a9f4                acq_init
                0x000000000100abb4                acq_get_next_alloc
                0x000000000100ac6c                acq_append_next_alloc
                0x000000000100ada4                acq_free_all_alloc
                0x000000000100adf8                acq_rewind
                0x000000000100ae44                acq_prepare_triggered
                0x000000000100b264                acq_start
                0x000000000100b3cc                acq_stop
                0x000000000100b434                acq_abort_done
                0x000000000100b454                acq_is_done
                0x000000000100b470                acq_make_status
                0x000000000100b510                acq_debug_dump
                0x000000000100bb50                _acq_irq_rx_handler
                0x000000000100c34c                acq_debug_dump_waveraw
                0x000000000100c3ec                acq_get_ll_pointer
                0x000000000100c454                acq_next_ll_pointer
                0x000000000100c4b0                acq_debug_dump_wave
                0x000000000100c788                acq_copy_slow_mipi
                0x000000000100c934                acq_dma_address_helper
                0x000000000100c9f4                acq_get_wave_size_bytes
                0x000000000100ca24                acq_get_wave_bit_depth
                0x000000000100ca50                acq_get_wave_bit_packed_depth
 *fill*         0x000000000100ca74        0x4 
 .text          0x000000000100ca78      0x6d0 ./src/clkwiz_interface.o
                0x000000000100ca78                clkwiz_init
                0x000000000100cb4c                clkwiz_change_mipi_freq
                0x000000000100ce3c                clkwiz_dump_state
                0x000000000100d0b4                clkwiz_commit
 .text          0x000000000100d148      0x328 ./src/fabric_config.o
                0x000000000100d148                fabcfg_dump_state
                0x000000000100d30c                fabcfg_init
 .text          0x000000000100d470      0xe98 ./src/hal.o
                0x000000000100d470                irq_xscutimer
                0x000000000100d6f8                d_xilinx_assert
                0x000000000100d710                bogo_calibrate
                0x000000000100d8b8                bogo_delay
                0x000000000100d91c                d_printf
                0x000000000100daf0                hal_init
                0x000000000100dff0                d_waitkey
                0x000000000100dffc                d_iskeypress
                0x000000000100e01c                d_getkey
                0x000000000100e03c                d_read_global_timer
                0x000000000100e064                d_start_timing
                0x000000000100e0d4                d_stop_timing
                0x000000000100e154                d_read_timing
                0x000000000100e1a8                d_read_timing_us
                0x000000000100e220                d_dump_timing
                0x000000000100e2c8                d_dump_timing_ex
 .text          0x000000000100e308        0x0 ./src/main.o
 .text          0x000000000100e308     0x176c ./src/mipi_csi.o
                0x000000000100e308                mipi_csi_init
                0x000000000100e458                mipi_csi_set_datatype_and_frame_wct
                0x000000000100e4c4                mipi_csi_alloc_item
                0x000000000100e534                mipi_csi_free_item
                0x000000000100e594                mipi_csi_queue_buffer
                0x000000000100e6a4                mipi_csi_queue_waverange
                0x000000000100e7c4                mipi_csi_queue_all_waves
                0x000000000100e898                mipi_csi_setup_bdring_and_bd
                0x000000000100e980                mipi_csi_generate_sg_list_for_buffer_range
                0x000000000100ece4                mipi_csi_generate_sg_list_for_waves
                0x000000000100f270                mipi_csi_send_sof
                0x000000000100f2e4                mipi_csi_send_eof
                0x000000000100f34c                mipi_csi_transfer_packet
                0x000000000100f4e4                mipi_csi_clear_queue
                0x000000000100f51c                mipi_csi_unpop_and_start
                0x000000000100f54c                mipi_csi_unpop_and_start_all
                0x000000000100f564                mipi_csi_stop
                0x000000000100f604                mipi_csi_get_status
                0x000000000100f680                mipi_csi_get_size_report
                0x000000000100f6d0                mipi_csi_process_queue_item
                0x000000000100f838                mipi_csi_tick
 .text          0x000000000100fa74       0x14 ./src/platform.o
                0x000000000100fa74                enable_caches
                0x000000000100fa78                disable_caches
                0x000000000100fa7c                init_uart
                0x000000000100fa80                init_platform
                0x000000000100fa84                cleanup_platform
 .text          0x000000000100fa88     0x13c8 ./src/spi.o
                0x000000000100fa88                spi_isr_handler
                0x000000000100fe34                spi_init
                0x0000000001010270                spi_reset_hw
                0x00000000010102a4                spi_crc_lut_gen
                0x000000000101032c                spi_command_lut_gen
                0x00000000010103f4                spi_transmit_packet_nonblock
                0x0000000001010544                spi_command_find_free_slot
                0x000000000101058c                spi_command_count_allocated
                0x00000000010105b8                spi_command_pack_response_simple
                0x0000000001010648                spi_command_pack_response_pre_alloc
                0x00000000010106ac                spi_command_tick
 .text          0x0000000001010e50      0x3c4 ./src/spi_commands.o
                0x0000000001010e50                spicmd_csi_setup_wave_range
                0x0000000001010e54                spicmd_hello
                0x0000000001010e8c                spicmd_version
                0x0000000001010e9c                spicmd_stats
                0x0000000001010f04                spicmd_acq_setup_trigd
                0x0000000001010f7c                spicmd_acq_start
                0x0000000001010fa8                spicmd_acq_stop
                0x0000000001010fcc                spicmd_acq_rewind
                0x0000000001010fd0                spicmd_acq_status
                0x0000000001010ffc                spicmd_trig_configure_edge
                0x0000000001011028                spicmd_trig_configure_always
                0x000000000101102c                spicmd_trig_force
                0x0000000001011030                spicmd_trig_arm
                0x0000000001011034                spicmd_trig_disarm
                0x0000000001011038                spicmd_csi_setup_addr_range
                0x000000000101104c                spicmd_csi_set_params_queue
                0x0000000001011060                spicmd_csi_stream_clear_queue
                0x0000000001011064                spicmd_csi_stream_unpop_start
                0x0000000001011068                spicmd_csi_stream_stop
                0x000000000101106c                spicmd_csi_status
                0x0000000001011098                spicmd_comp0
                0x00000000010111e8                spicmd_csi_setup_testpatt
                0x0000000001011204                spicmd_csi_setup_trigpos_all
                0x0000000001011208                spicmd_csi_setup_bitpack_wave
                0x000000000101120c                spicmd_csi_setup_wave_all
                0x0000000001011210                spicmd_csi_setup_trigpos_range
 *fill*         0x0000000001011214        0x4 
 .text          0x0000000001011218      0x338 ./src/system_control.o
                0x0000000001011218                sysctrl_tick_irq
                0x0000000001011268                sysctrl_init
                0x00000000010113b0                sysctrl_led_mode
                0x0000000001011418                sysctrl_led_tick
                0x00000000010114a4                sysctrl_xadc_tick
                0x00000000010114a8                sysctrl_main_loop
 .text          0x0000000001011550        0x0 ./src/test_patterns.o
 .text          0x0000000001011550      0x744 ./src/trigger.o
                0x0000000001011550                trig_zero_levels
                0x0000000001011584                trig_write_levels
                0x00000000010116d4                trig_configure_always
                0x0000000001011714                trig_configure_edge
                0x0000000001011958                trig_configure_holdoff
                0x00000000010119d4                trig_dump_state
                0x0000000001011b80                trig_init
                0x0000000001011c14                trig_has_trigd
                0x0000000001011c40                trig_arm
                0x0000000001011c58                trig_disarm
                0x0000000001011c70                trig_force
 .text          0x0000000001011c94      0x91c C:/Users/Tom/Documents/Projects/Scopy_MVP_Platform/scopy-fpga/main/export/main/sw/main/standalone_domain/bsplib/lib\libxil.a(xaxidma.o)
                0x0000000001011c94                XAxiDma_Reset
                0x0000000001011da8                XAxiDma_ResetIsDone
                0x0000000001011df4                XAxiDma_CfgInitialize
                0x0000000001012030                XAxiDma_Pause
                0x00000000010120e0                XAxiDma_Resume
                0x0000000001012398                XAxiDma_Busy
                0x00000000010123b4                XAxiDma_SelectKeyHole
                0x00000000010123dc                XAxiDma_SelectCyclicMode
                0x0000000001012404                XAxiDma_SimpleTransfer
 .text          0x00000000010125b0       0x60 C:/Users/Tom/Documents/Projects/Scopy_MVP_Platform/scopy-fpga/main/export/main/sw/main/standalone_domain/bsplib/lib\libxil.a(xaxidma_sinit.o)
                0x00000000010125b0                XAxiDma_LookupConfig
                0x00000000010125e0                XAxiDma_LookupConfigBaseAddr
 .text          0x0000000001012610       0x78 C:/Users/Tom/Documents/Projects/Scopy_MVP_Platform/scopy-fpga/main/export/main/sw/main/standalone_domain/bsplib/lib\libxil.a(xaxidma_selftest.o)
                0x0000000001012610                XAxiDma_Selftest
 .text          0x0000000001012688      0x2c4 C:/Users/Tom/Documents/Projects/Scopy_MVP_Platform/scopy-fpga/main/export/main/sw/main/standalone_domain/bsplib/lib\libxil.a(xaxidma_bd.o)
                0x0000000001012688                XAxiDma_BdSetLength
                0x00000000010126dc                XAxiDma_BdSetBufAddr
                0x0000000001012730                XAxiDma_BdSetBufAddrMicroMode
                0x0000000001012768                XAxiDma_BdSetAppWord
                0x00000000010127c8                XAxiDma_BdGetAppWord
                0x000000000101282c                XAxiDma_BdSetCtrl
                0x0000000001012844                XAxiDma_DumpBd
 .text          0x000000000101294c      0xfd4 C:/Users/Tom/Documents/Projects/Scopy_MVP_Platform/scopy-fpga/main/export/main/sw/main/standalone_domain/bsplib/lib\libxil.a(xaxidma_bdring.o)
                0x000000000101294c                XAxiDma_UpdateBdRingCDesc
                0x0000000001012ad0                XAxiDma_BdRingCreate
                0x0000000001012ce8                XAxiDma_BdRingClone
                0x0000000001012e20                XAxiDma_StartBdRingHw
                0x0000000001012f4c                XAxiDma_BdRingStart
                0x0000000001012fa0                XAxiDma_BdRingSetCoalesce
                0x0000000001013014                XAxiDma_BdRingGetCoalesce
                0x0000000001013030                XAxiDma_BdRingAlloc
                0x00000000010130d0                XAxiDma_BdRingUnAlloc
                0x00000000010131a8                XAxiDma_BdRingToHw
                0x0000000001013448                XAxiDma_BdRingFromHw
                0x000000000101359c                XAxiDma_BdRingFree
                0x0000000001013650                XAxiDma_BdRingCheck
                0x0000000001013868                XAxiDma_BdRingDumpRegs
 .text          0x0000000001013920        0x0 C:/Users/Tom/Documents/Projects/Scopy_MVP_Platform/scopy-fpga/main/export/main/sw/main/standalone_domain/bsplib/lib\libxil.a(xaxidma_g.o)
 .text          0x0000000001013920      0x150 C:/Users/Tom/Documents/Projects/Scopy_MVP_Platform/scopy-fpga/main/export/main/sw/main/standalone_domain/bsplib/lib\libxil.a(xclk_wiz.o)
                0x0000000001013948                XClk_Wiz_CfgInitialize
                0x0000000001013a10                XClk_Wiz_GetInterruptSettings
 .text          0x0000000001013a70       0x1c C:/Users/Tom/Documents/Projects/Scopy_MVP_Platform/scopy-fpga/main/export/main/sw/main/standalone_domain/bsplib/lib\libxil.a(xclk_wiz_sinit.o)
                0x0000000001013a70                XClk_Wiz_LookupConfig
 .text          0x0000000001013a8c      0xcd8 C:/Users/Tom/Documents/Projects/Scopy_MVP_Platform/scopy-fpga/main/export/main/sw/main/standalone_domain/bsplib/lib\libxil.a(xgpiops.o)
                0x0000000001013a8c                XGpioPs_CfgInitialize
                0x0000000001013c08                XGpioPs_Read
                0x0000000001013cbc                XGpioPs_Write
                0x0000000001013d64                XGpioPs_SetDirection
                0x0000000001013e10                XGpioPs_GetDirection
                0x0000000001013ec8                XGpioPs_SetOutputEnable
                0x0000000001013f74                XGpioPs_GetOutputEnable
                0x000000000101402c                XGpioPs_GetBankPin
                0x0000000001014168                XGpioPs_ReadPin
                0x000000000101424c                XGpioPs_WritePin
                0x000000000101434c                XGpioPs_SetDirectionPin
                0x0000000001014470                XGpioPs_GetDirectionPin
                0x0000000001014558                XGpioPs_SetOutputEnablePin
                0x000000000101467c                XGpioPs_GetOutputEnablePin
 .text          0x0000000001014764       0x1c C:/Users/Tom/Documents/Projects/Scopy_MVP_Platform/scopy-fpga/main/export/main/sw/main/standalone_domain/bsplib/lib\libxil.a(xgpiops_sinit.o)
                0x0000000001014764                XGpioPs_LookupConfig
 .text          0x0000000001014780      0xdd4 C:/Users/Tom/Documents/Projects/Scopy_MVP_Platform/scopy-fpga/main/export/main/sw/main/standalone_domain/bsplib/lib\libxil.a(xgpiops_intr.o)
                0x0000000001014780                XGpioPs_IntrEnable
                0x000000000101482c                XGpioPs_IntrEnablePin
                0x0000000001014908                XGpioPs_IntrDisable
                0x00000000010149b4                XGpioPs_IntrDisablePin
                0x0000000001014a90                XGpioPs_IntrGetEnabled
                0x0000000001014b4c                XGpioPs_IntrGetEnabledPin
                0x0000000001014c34                XGpioPs_IntrGetStatus
                0x0000000001014cec                XGpioPs_IntrGetStatusPin
                0x0000000001014dd4                XGpioPs_IntrClear
                0x0000000001014e80                XGpioPs_IntrClearPin
                0x0000000001014f60                XGpioPs_SetIntrType
                0x0000000001015028                XGpioPs_GetIntrType
                0x00000000010150fc                XGpioPs_SetIntrTypePin
                0x000000000101529c                XGpioPs_GetIntrTypePin
                0x00000000010153a8                XGpioPs_SetCallbackHandler
                0x0000000001015448                XGpioPs_IntrHandler
                0x000000000101552c                StubHandler
 .text          0x0000000001015554        0x0 C:/Users/Tom/Documents/Projects/Scopy_MVP_Platform/scopy-fpga/main/export/main/sw/main/standalone_domain/bsplib/lib\libxil.a(xgpiops_g.o)
 .text          0x0000000001015554       0x78 C:/Users/Tom/Documents/Projects/Scopy_MVP_Platform/scopy-fpga/main/export/main/sw/main/standalone_domain/bsplib/lib\libxil.a(xscugic_intr.o)
                0x0000000001015554                XScuGic_InterruptHandler
 .text          0x00000000010155cc      0xaf4 C:/Users/Tom/Documents/Projects/Scopy_MVP_Platform/scopy-fpga/main/export/main/sw/main/standalone_domain/bsplib/lib\libxil.a(xscugic.o)
                0x000000000101561c                XScuGic_Connect
                0x00000000010156f0                XScuGic_Disconnect
                0x00000000010157bc                XScuGic_SoftwareIntr
                0x00000000010158a0                XScuGic_SetPriorityTriggerType
                0x00000000010159d8                XScuGic_GetPriorityTriggerType
                0x0000000001015b04                XScuGic_InterruptMaptoCpu
                0x0000000001015b78                XScuGic_Enable
                0x0000000001015c4c                XScuGic_InterruptUnmapFromCpu
                0x0000000001015cc0                XScuGic_Disable
                0x0000000001015d94                XScuGic_UnmapAllInterruptsFromCpu
                0x0000000001015e10                XScuGic_Stop
                0x0000000001015eec                XScuGic_CfgInitialize
                0x0000000001016060                XScuGic_SetCpuID
                0x00000000010160b0                XScuGic_GetCpuID
 .text          0x00000000010160c0       0x1c C:/Users/Tom/Documents/Projects/Scopy_MVP_Platform/scopy-fpga/main/export/main/sw/main/standalone_domain/bsplib/lib\libxil.a(xscugic_sinit.o)
                0x00000000010160c0                XScuGic_LookupConfig
 .text          0x00000000010160dc       0xb4 C:/Users/Tom/Documents/Projects/Scopy_MVP_Platform/scopy-fpga/main/export/main/sw/main/standalone_domain/bsplib/lib\libxil.a(xscugic_selftest.o)
                0x00000000010160dc                XScuGic_SelfTest
 .text          0x0000000001016190      0x2d8 C:/Users/Tom/Documents/Projects/Scopy_MVP_Platform/scopy-fpga/main/export/main/sw/main/standalone_domain/bsplib/lib\libxil.a(xscutimer.o)
                0x0000000001016190                XScuTimer_CfgInitialize
                0x0000000001016240                XScuTimer_Start
                0x00000000010162d0                XScuTimer_Stop
                0x0000000001016358                XScuTimer_SetPrescaler
                0x00000000010163e0                XScuTimer_GetPrescaler
 .text          0x0000000001016468       0xbc C:/Users/Tom/Documents/Projects/Scopy_MVP_Platform/scopy-fpga/main/export/main/sw/main/standalone_domain/bsplib/lib\libxil.a(xscutimer_selftest.o)
                0x0000000001016468                XScuTimer_SelfTest
 .text          0x0000000001016524       0x1c C:/Users/Tom/Documents/Projects/Scopy_MVP_Platform/scopy-fpga/main/export/main/sw/main/standalone_domain/bsplib/lib\libxil.a(xscutimer_sinit.o)
                0x0000000001016524                XScuTimer_LookupConfig
 .text          0x0000000001016540        0x0 C:/Users/Tom/Documents/Projects/Scopy_MVP_Platform/scopy-fpga/main/export/main/sw/main/standalone_domain/bsplib/lib\libxil.a(xscutimer_g.o)
 .text          0x0000000001016540      0xaf0 C:/Users/Tom/Documents/Projects/Scopy_MVP_Platform/scopy-fpga/main/export/main/sw/main/standalone_domain/bsplib/lib\libxil.a(xspips.o)
                0x0000000001016568                XSpiPs_Transfer
                0x0000000001016748                XSpiPs_PolledTransfer
                0x00000000010169cc                XSpiPs_SetSlaveSelect
                0x0000000001016aac                XSpiPs_GetSlaveSelect
                0x0000000001016b54                XSpiPs_SetStatusHandler
                0x0000000001016bf4                XSpiPs_Abort
                0x0000000001016c50                XSpiPs_Reset
                0x0000000001016cd4                XSpiPs_CfgInitialize
                0x0000000001016da4                XSpiPs_InterruptHandler
 .text          0x0000000001017030       0x1c C:/Users/Tom/Documents/Projects/Scopy_MVP_Platform/scopy-fpga/main/export/main/sw/main/standalone_domain/bsplib/lib\libxil.a(xspips_sinit.o)
                0x0000000001017030                XSpiPs_LookupConfig
 .text          0x000000000101704c        0x0 C:/Users/Tom/Documents/Projects/Scopy_MVP_Platform/scopy-fpga/main/export/main/sw/main/standalone_domain/bsplib/lib\libxil.a(xspips_g.o)
 .text          0x000000000101704c      0x16c C:/Users/Tom/Documents/Projects/Scopy_MVP_Platform/scopy-fpga/main/export/main/sw/main/standalone_domain/bsplib/lib\libxil.a(xspips_selftest.o)
                0x000000000101704c                XSpiPs_SelfTest
 .text          0x00000000010171b8       0x70 C:/Users/Tom/Documents/Projects/Scopy_MVP_Platform/scopy-fpga/main/export/main/sw/main/standalone_domain/bsplib/lib\libxil.a(xil_assert.o)
                0x00000000010171b8                Xil_Assert
                0x0000000001017214                Xil_AssertSetCallback
                0x0000000001017224                XNullHandler
 .text          0x0000000001017228       0x28 C:/Users/Tom/Documents/Projects/Scopy_MVP_Platform/scopy-fpga/main/export/main/sw/main/standalone_domain/bsplib/lib\libxil.a(print.o)
                0x0000000001017228                print
 .text          0x0000000001017250      0x96c C:/Users/Tom/Documents/Projects/Scopy_MVP_Platform/scopy-fpga/main/export/main/sw/main/standalone_domain/bsplib/lib\libxil.a(xil_cache.o)
                0x0000000001017250                Xil_DCacheInvalidateLine
                0x0000000001017288                Xil_DCacheInvalidateRange
                0x0000000001017370                Xil_DCacheFlushLine
                0x00000000010173bc                Xil_DCacheFlushRange
                0x0000000001017410                Xil_DCacheStoreLine
                0x0000000001017448                Xil_ICacheInvalidateLine
                0x0000000001017480                Xil_ICacheInvalidateRange
                0x00000000010174d8                Xil_L1DCacheInvalidate
                0x000000000101758c                Xil_L1DCacheEnable
                0x00000000010175ac                Xil_L1DCacheInvalidateLine
                0x00000000010175c4                Xil_L1DCacheInvalidateRange
                0x000000000101760c                Xil_L1DCacheFlush
                0x0000000001017698                Xil_L1DCacheDisable
                0x00000000010176b0                Xil_DCacheFlush
                0x000000000101770c                Xil_L1DCacheFlushLine
                0x0000000001017724                Xil_L1DCacheFlushRange
                0x000000000101776c                Xil_L1DCacheStoreLine
                0x0000000001017784                Xil_L1ICacheEnable
                0x00000000010177a0                Xil_L1ICacheDisable
                0x00000000010177bc                Xil_L1ICacheInvalidate
                0x00000000010177d4                Xil_L1ICacheInvalidateLine
                0x00000000010177ec                Xil_L1ICacheInvalidateRange
                0x0000000001017834                Xil_L2CacheDisable
                0x00000000010178a8                Xil_DCacheDisable
                0x00000000010178c4                Xil_ICacheDisable
                0x00000000010178e8                Xil_L2CacheInvalidate
                0x0000000001017954                Xil_DCacheInvalidate
                0x0000000001017974                Xil_ICacheInvalidate
                0x00000000010179fc                Xil_L2CacheEnable
                0x0000000001017a14                Xil_DCacheEnable
                0x0000000001017a38                Xil_ICacheEnable
                0x0000000001017a68                Xil_L2CacheInvalidateLine
                0x0000000001017a7c                Xil_L2CacheInvalidateRange
                0x0000000001017ae4                Xil_L2CacheFlush
                0x0000000001017b28                Xil_L2CacheFlushLine
                0x0000000001017b40                Xil_L2CacheFlushRange
                0x0000000001017ba8                Xil_L2CacheStoreLine
 .text          0x0000000001017bbc       0x10 C:/Users/Tom/Documents/Projects/Scopy_MVP_Platform/scopy-fpga/main/export/main/sw/main/standalone_domain/bsplib/lib\libxil.a(outbyte.o)
                0x0000000001017bbc                outbyte
 .text          0x0000000001017bcc        0x8 C:/Users/Tom/Documents/Projects/Scopy_MVP_Platform/scopy-fpga/main/export/main/sw/main/standalone_domain/bsplib/lib\libxil.a(xplatform_info.o)
                0x0000000001017bcc                XGetPlatform_Info
 .text          0x0000000001017bd4      0x6c0 C:/Users/Tom/Documents/Projects/Scopy_MVP_Platform/scopy-fpga/main/export/main/sw/main/standalone_domain/bsplib/lib\libxil.a(xil_printf.o)
                0x0000000001017e08                xil_printf
 .text          0x0000000001018294       0xe4 C:/Users/Tom/Documents/Projects/Scopy_MVP_Platform/scopy-fpga/main/export/main/sw/main/standalone_domain/bsplib/lib\libxil.a(xil_exception.o)
                0x0000000001018298                Xil_DataAbortHandler
                0x00000000010182c8                Xil_PrefetchAbortHandler
                0x00000000010182f8                Xil_UndefinedExceptionHandler
                0x0000000001018318                Xil_ExceptionInit
                0x000000000101831c                Xil_ExceptionRegisterHandler
                0x0000000001018334                Xil_GetExceptionRegisterHandler
                0x0000000001018354                Xil_ExceptionRemoveHandler
 .text          0x0000000001018378        0x0 C:/Users/Tom/Documents/Projects/Scopy_MVP_Platform/scopy-fpga/main/export/main/sw/main/standalone_domain/bsplib/lib\libxil.a(asm_vectors.o)
 .text          0x0000000001018378      0x5d4 C:/Users/Tom/Documents/Projects/Scopy_MVP_Platform/scopy-fpga/main/export/main/sw/main/standalone_domain/bsplib/lib\libxil.a(xttcps.o)
                0x00000000010183a0                XTtcPs_CfgInitialize
                0x00000000010184bc                XTtcPs_SetMatchValue
                0x0000000001018568                XTtcPs_GetMatchValue
                0x0000000001018624                XTtcPs_SetPrescaler
                0x00000000010186d4                XTtcPs_GetPrescaler
                0x000000000101876c                XTtcPs_CalcIntervalFromFreq
                0x000000000101884c                XTtcPs_InterruptHandler
                0x00000000010188ac                XTtcPs_SetStatusHandler
 .text          0x000000000101894c       0x44 C:/Users/Tom/Documents/Projects/Scopy_MVP_Platform/scopy-fpga/main/export/main/sw/main/standalone_domain/bsplib/lib\libxil.a(xttcps_sinit.o)
                0x000000000101894c                XTtcPs_LookupConfig
 .text          0x0000000001018990        0x0 C:/Users/Tom/Documents/Projects/Scopy_MVP_Platform/scopy-fpga/main/export/main/sw/main/standalone_domain/bsplib/lib\libxil.a(xttcps_g.o)
 .text          0x0000000001018990      0x1ac C:/Users/Tom/Documents/Projects/Scopy_MVP_Platform/scopy-fpga/main/export/main/sw/main/standalone_domain/bsplib/lib\libxil.a(xttcps_options.o)
                0x0000000001018990                XTtcPs_SetOptions
                0x0000000001018a84                XTtcPs_GetOptions
 .text          0x0000000001018b3c       0x88 C:/Users/Tom/Documents/Projects/Scopy_MVP_Platform/scopy-fpga/main/export/main/sw/main/standalone_domain/bsplib/lib\libxil.a(xuartps_hw.o)
                0x0000000001018b3c                XUartPs_SendByte
                0x0000000001018b54                XUartPs_RecvByte
                0x0000000001018b70                XUartPs_ResetHw
 .text          0x0000000001018bc4        0x0 C:/Users/Tom/Documents/Projects/Scopy_MVP_Platform/scopy-fpga/main/export/main/sw/main/standalone_domain/bsplib/lib\libxil.a(xclk_wiz_g.o)
 .text          0x0000000001018bc4        0x0 C:/Users/Tom/Documents/Projects/Scopy_MVP_Platform/scopy-fpga/main/export/main/sw/main/standalone_domain/bsplib/lib\libxil.a(xscugic_g.o)
 .text          0x0000000001018bc4      0x448 C:/Users/Tom/Documents/Projects/Scopy_MVP_Platform/scopy-fpga/main/export/main/sw/main/standalone_domain/bsplib/lib\libxil.a(xspips_options.o)
                0x0000000001018bc4                XSpiPs_SetOptions
                0x0000000001018cc8                XSpiPs_GetOptions
                0x0000000001018d7c                XSpiPs_SetClkPrescaler
                0x0000000001018e3c                XSpiPs_GetClkPrescaler
                0x0000000001018ec4                XSpiPs_SetDelays
                0x0000000001018f70                XSpiPs_GetDelays
 .text          0x000000000101900c       0x78 C:/Users/Tom/Documents/Projects/Scopy_MVP_Platform/scopy-fpga/main/export/main/sw/main/standalone_domain/bsplib/lib\libxil.a(vectors.o)
                0x000000000101900c                FIQInterrupt
                0x0000000001019020                IRQInterrupt
                0x0000000001019034                UndefinedException
                0x0000000001019048                SWInterrupt
                0x000000000101905c                DataAbortInterrupt
                0x0000000001019070                PrefetchAbortInterrupt
 .text          0x0000000001019084        0x0 C:/Users/Tom/Documents/Projects/Scopy_MVP_Platform/scopy-fpga/main/export/main/sw/main/standalone_domain/bsplib/lib\libxil.a(boot.o)
 .text          0x0000000001019084       0x78 C:/Users/Tom/Documents/Projects/Scopy_MVP_Platform/scopy-fpga/main/export/main/sw/main/standalone_domain/bsplib/lib\libxil.a(xil-crt0.o)
                0x0000000001019098                _start
 .text          0x00000000010190fc        0x0 C:/Users/Tom/Documents/Projects/Scopy_MVP_Platform/scopy-fpga/main/export/main/sw/main/standalone_domain/bsplib/lib\libxil.a(translation_table.o)
 .text          0x00000000010190fc       0x3c C:/Users/Tom/Documents/Projects/Scopy_MVP_Platform/scopy-fpga/main/export/main/sw/main/standalone_domain/bsplib/lib\libxil.a(cpu_init.o)
                0x00000000010190fc                __cpu_init
 .text          0x0000000001019138       0x4c C:/Users/Tom/Documents/Projects/Scopy_MVP_Platform/scopy-fpga/main/export/main/sw/main/standalone_domain/bsplib/lib\libxil.a(xtime_l.o)
                0x0000000001019138                XTime_SetTime
                0x000000000101915c                XTime_GetTime
 *fill*         0x0000000001019184        0x4 
 .text          0x0000000001019188      0x278 g:/xilinx/vitis/2019.2/gnu/aarch32/nt/gcc-arm-none-eabi/bin/../lib/gcc/arm-none-eabi/8.2.0/thumb/v7-a+fp/hard\libgcc.a(_udivsi3.o)
                0x0000000001019188                __aeabi_uidiv
                0x0000000001019188                __udivsi3
                0x00000000010193e4                __aeabi_uidivmod
 .text          0x0000000001019400      0x2b0 g:/xilinx/vitis/2019.2/gnu/aarch32/nt/gcc-arm-none-eabi/bin/../lib/gcc/arm-none-eabi/8.2.0/thumb/v7-a+fp/hard\libgcc.a(_divsi3.o)
                0x0000000001019400                __divsi3
                0x0000000001019400                __aeabi_idiv
                0x0000000001019694                __aeabi_idivmod
 .text          0x00000000010196b0        0x4 g:/xilinx/vitis/2019.2/gnu/aarch32/nt/gcc-arm-none-eabi/bin/../lib/gcc/arm-none-eabi/8.2.0/thumb/v7-a+fp/hard\libgcc.a(_dvmd_tls.o)
                0x00000000010196b0                __aeabi_idiv0
                0x00000000010196b0                __aeabi_ldiv0
 .text          0x00000000010196b4      0x378 g:/xilinx/vitis/2019.2/gnu/aarch32/nt/gcc-arm-none-eabi/bin/../lib/gcc/arm-none-eabi/8.2.0/thumb/v7-a+fp/hard\libgcc.a(_arm_addsubdf3.o)
                0x00000000010196b4                __aeabi_drsub
                0x00000000010196bc                __aeabi_dsub
                0x00000000010196bc                __subdf3
                0x00000000010196c0                __aeabi_dadd
                0x00000000010196c0                __adddf3
                0x0000000001019938                __floatunsidf
                0x0000000001019938                __aeabi_ui2d
                0x0000000001019958                __floatsidf
                0x0000000001019958                __aeabi_i2d
                0x000000000101997c                __aeabi_f2d
                0x000000000101997c                __extendsfdf2
                0x00000000010199c0                __floatundidf
                0x00000000010199c0                __aeabi_ul2d
                0x00000000010199d0                __floatdidf
                0x00000000010199d0                __aeabi_l2d
 .text          0x0000000001019a2c      0x21c g:/xilinx/vitis/2019.2/gnu/aarch32/nt/gcc-arm-none-eabi/bin/../lib/gcc/arm-none-eabi/8.2.0/thumb/v7-a+fp/hard\libgcc.a(_arm_addsubsf3.o)
                0x0000000001019a2c                __aeabi_frsub
                0x0000000001019a34                __subsf3
                0x0000000001019a34                __aeabi_fsub
                0x0000000001019a38                __aeabi_fadd
                0x0000000001019a38                __addsf3
                0x0000000001019b98                __aeabi_ui2f
                0x0000000001019b98                __floatunsisf
                0x0000000001019ba0                __aeabi_i2f
                0x0000000001019ba0                __floatsisf
                0x0000000001019bbc                __aeabi_ul2f
                0x0000000001019bbc                __floatundisf
                0x0000000001019bcc                __aeabi_l2f
                0x0000000001019bcc                __floatdisf
 .text          0x0000000001019c48       0x30 g:/xilinx/vitis/2019.2/gnu/aarch32/nt/gcc-arm-none-eabi/bin/../lib/gcc/arm-none-eabi/8.2.0/thumb/v7-a+fp/hard\libgcc.a(_aeabi_uldivmod.o)
                0x0000000001019c48                __aeabi_uldivmod
 .text          0x0000000001019c78       0x28 g:/xilinx/vitis/2019.2/gnu/aarch32/nt/gcc-arm-none-eabi/bin/../lib/gcc/arm-none-eabi/8.2.0/thumb/v7-a+fp/hard\libgcc.a(_popcountsi2.o)
                0x0000000001019c78                __popcountsi2
 .text          0x0000000001019ca0       0x40 g:/xilinx/vitis/2019.2/gnu/aarch32/nt/gcc-arm-none-eabi/bin/../lib/gcc/arm-none-eabi/8.2.0/thumb/v7-a+fp/hard\libgcc.a(_fixunssfdi.o)
                0x0000000001019ca0                __fixunssfdi
                0x0000000001019ca0                __aeabi_f2ulz
 .text          0x0000000001019ce0       0x40 g:/xilinx/vitis/2019.2/gnu/aarch32/nt/gcc-arm-none-eabi/bin/../lib/gcc/arm-none-eabi/8.2.0/thumb/v7-a+fp/hard\libgcc.a(_fixunsdfdi.o)
                0x0000000001019ce0                __fixunsdfdi
                0x0000000001019ce0                __aeabi_d2ulz
 .text          0x0000000001019d20      0x118 g:/xilinx/vitis/2019.2/gnu/aarch32/nt/gcc-arm-none-eabi/bin/../lib/gcc/arm-none-eabi/8.2.0/thumb/v7-a+fp/hard\libgcc.a(_udivmoddi4.o)
                0x0000000001019d20                __udivmoddi4
 .text          0x0000000001019e38       0x14 g:/xilinx/vitis/2019.2/gnu/aarch32/nt/gcc-arm-none-eabi/bin/../arm-none-eabi/libc/usr/lib/thumb/v7-a+fp/hard\libc.a(lib_a-calloc.o)
                0x0000000001019e38                calloc
 .text          0x0000000001019e4c       0x64 g:/xilinx/vitis/2019.2/gnu/aarch32/nt/gcc-arm-none-eabi/bin/../arm-none-eabi/libc/usr/lib/thumb/v7-a+fp/hard\libc.a(lib_a-callocr.o)
                0x0000000001019e4c                _calloc_r
 .text          0x0000000001019eb0       0x20 g:/xilinx/vitis/2019.2/gnu/aarch32/nt/gcc-arm-none-eabi/bin/../arm-none-eabi/libc/usr/lib/thumb/v7-a+fp/hard\libc.a(lib_a-exit.o)
                0x0000000001019eb0                exit
 .text          0x0000000001019ed0       0x30 g:/xilinx/vitis/2019.2/gnu/aarch32/nt/gcc-arm-none-eabi/bin/../arm-none-eabi/libc/usr/lib/thumb/v7-a+fp/hard\libc.a(lib_a-fini.o)
                0x0000000001019ed0                __libc_fini_array
 .text          0x0000000001019f00        0x0 g:/xilinx/vitis/2019.2/gnu/aarch32/nt/gcc-arm-none-eabi/bin/../arm-none-eabi/libc/usr/lib/thumb/v7-a+fp/hard\libc.a(lib_a-impure.o)
 .text          0x0000000001019f00       0x50 g:/xilinx/vitis/2019.2/gnu/aarch32/nt/gcc-arm-none-eabi/bin/../arm-none-eabi/libc/usr/lib/thumb/v7-a+fp/hard\libc.a(lib_a-init.o)
                0x0000000001019f00                __libc_init_array
 .text          0x0000000001019f50      0x9e0 g:/xilinx/vitis/2019.2/gnu/aarch32/nt/gcc-arm-none-eabi/bin/../arm-none-eabi/libc/usr/lib/thumb/v7-a+fp/hard\libc.a(lib_a-locale.o)
                0x0000000001019fbc                __loadlocale
                0x000000000101a63c                __get_locale_env
                0x000000000101a690                _setlocale_r
                0x000000000101a8d4                __locale_mb_cur_max
                0x000000000101a8f4                __locale_ctype_ptr_l
                0x000000000101a8fc                __locale_ctype_ptr
                0x000000000101a91c                setlocale
 .text          0x000000000101a930       0x14 g:/xilinx/vitis/2019.2/gnu/aarch32/nt/gcc-arm-none-eabi/bin/../arm-none-eabi/libc/usr/lib/thumb/v7-a+fp/hard\libc.a(lib_a-malign.o)
                0x000000000101a930                memalign
 .text          0x000000000101a944       0xf4 g:/xilinx/vitis/2019.2/gnu/aarch32/nt/gcc-arm-none-eabi/bin/../arm-none-eabi/libc/usr/lib/thumb/v7-a+fp/hard\libc.a(lib_a-malignr.o)
                0x000000000101a944                _memalign_r
 .text          0x000000000101aa38       0x20 g:/xilinx/vitis/2019.2/gnu/aarch32/nt/gcc-arm-none-eabi/bin/../arm-none-eabi/libc/usr/lib/thumb/v7-a+fp/hard\libc.a(lib_a-malloc.o)
                0x000000000101aa38                malloc
                0x000000000101aa48                free
 .text          0x000000000101aa58      0x564 g:/xilinx/vitis/2019.2/gnu/aarch32/nt/gcc-arm-none-eabi/bin/../arm-none-eabi/libc/usr/lib/thumb/v7-a+fp/hard\libc.a(lib_a-mallocr.o)
                0x000000000101aa58                _malloc_r
 .text          0x000000000101afbc      0x4b8 g:/xilinx/vitis/2019.2/gnu/aarch32/nt/gcc-arm-none-eabi/bin/../arm-none-eabi/libc/usr/lib/thumb/v7-a+fp/hard\libc.a(lib_a-mbtowc_r.o)
                0x000000000101afbc                _mbtowc_r
                0x000000000101afe4                __ascii_mbtowc
                0x000000000101b008                __utf8_mbtowc
                0x000000000101b210                __sjis_mbtowc
                0x000000000101b294                __eucjp_mbtowc
                0x000000000101b34c                __jis_mbtowc
 *fill*         0x000000000101b474        0xc 
 .text          0x000000000101b480      0x5e0 g:/xilinx/vitis/2019.2/gnu/aarch32/nt/gcc-arm-none-eabi/bin/../arm-none-eabi/libc/usr/lib/thumb/v7-a+fp/hard\libc.a(lib_a-memcpy.o)
                0x000000000101b480                memcpy
 .text          0x000000000101ba60       0xd0 g:/xilinx/vitis/2019.2/gnu/aarch32/nt/gcc-arm-none-eabi/bin/../arm-none-eabi/libc/usr/lib/thumb/v7-a+fp/hard\libc.a(lib_a-memmove.o)
                0x000000000101ba60                memmove
 .text          0x000000000101bb30       0xa0 g:/xilinx/vitis/2019.2/gnu/aarch32/nt/gcc-arm-none-eabi/bin/../arm-none-eabi/libc/usr/lib/thumb/v7-a+fp/hard\libc.a(lib_a-memset.o)
                0x000000000101bb30                memset
 .text          0x000000000101bbd0        0x8 g:/xilinx/vitis/2019.2/gnu/aarch32/nt/gcc-arm-none-eabi/bin/../arm-none-eabi/libc/usr/lib/thumb/v7-a+fp/hard\libc.a(lib_a-mlock.o)
                0x000000000101bbd0                __malloc_lock
                0x000000000101bbd4                __malloc_unlock
 .text          0x000000000101bbd8       0x4c g:/xilinx/vitis/2019.2/gnu/aarch32/nt/gcc-arm-none-eabi/bin/../arm-none-eabi/libc/usr/lib/thumb/v7-a+fp/hard\libc.a(lib_a-printf.o)
                0x000000000101bbd8                _printf_r
                0x000000000101bbf8                printf
 .text          0x000000000101bc24       0x78 g:/xilinx/vitis/2019.2/gnu/aarch32/nt/gcc-arm-none-eabi/bin/../arm-none-eabi/libc/usr/lib/thumb/v7-a+fp/hard\libc.a(lib_a-puts.o)
                0x000000000101bc24                _puts_r
                0x000000000101bc8c                puts
 .text          0x000000000101bc9c      0x5b4 g:/xilinx/vitis/2019.2/gnu/aarch32/nt/gcc-arm-none-eabi/bin/../arm-none-eabi/libc/usr/lib/thumb/v7-a+fp/hard\libc.a(lib_a-qsort.o)
                0x000000000101bc9c                qsort
 .text          0x000000000101c250       0x28 g:/xilinx/vitis/2019.2/gnu/aarch32/nt/gcc-arm-none-eabi/bin/../arm-none-eabi/libc/usr/lib/thumb/v7-a+fp/hard\libc.a(lib_a-sbrkr.o)
                0x000000000101c250                _sbrk_r
 .text          0x000000000101c278      0x114 g:/xilinx/vitis/2019.2/gnu/aarch32/nt/gcc-arm-none-eabi/bin/../arm-none-eabi/libc/usr/lib/thumb/v7-a+fp/hard\libc.a(lib_a-snprintf.o)
                0x000000000101c278                _snprintf_r
                0x000000000101c2fc                snprintf
 .text          0x000000000101c38c       0x44 g:/xilinx/vitis/2019.2/gnu/aarch32/nt/gcc-arm-none-eabi/bin/../arm-none-eabi/libc/usr/lib/thumb/v7-a+fp/hard\libc.a(lib_a-strcasecmp.o)
                0x000000000101c38c                strcasecmp
 .text          0x000000000101c3d0       0x40 g:/xilinx/vitis/2019.2/gnu/aarch32/nt/gcc-arm-none-eabi/bin/../arm-none-eabi/libc/usr/lib/thumb/v7-a+fp/hard\libc.a(lib_a-strcat.o)
                0x000000000101c3d0                strcat
 .text          0x000000000101c410       0xe4 g:/xilinx/vitis/2019.2/gnu/aarch32/nt/gcc-arm-none-eabi/bin/../arm-none-eabi/libc/usr/lib/thumb/v7-a+fp/hard\libc.a(lib_a-strchr.o)
                0x000000000101c410                strchr
 *fill*         0x000000000101c4f4        0xc 
 .text          0x000000000101c500      0x2dc g:/xilinx/vitis/2019.2/gnu/aarch32/nt/gcc-arm-none-eabi/bin/../arm-none-eabi/libc/usr/lib/thumb/v7-a+fp/hard\libc.a(lib_a-strcmp.o)
                0x000000000101c508                strcmp
 .text          0x000000000101c7dc       0xc4 g:/xilinx/vitis/2019.2/gnu/aarch32/nt/gcc-arm-none-eabi/bin/../arm-none-eabi/libc/usr/lib/thumb/v7-a+fp/hard\libc.a(lib_a-strcpy.o)
                0x000000000101c7dc                strcpy
 .text          0x000000000101c8a0       0x58 g:/xilinx/vitis/2019.2/gnu/aarch32/nt/gcc-arm-none-eabi/bin/../arm-none-eabi/libc/usr/lib/thumb/v7-a+fp/hard\libc.a(lib_a-strlcpy.o)
                0x000000000101c8a0                strlcpy
 *fill*         0x000000000101c8f8        0x8 
 .text          0x000000000101c900       0xdc g:/xilinx/vitis/2019.2/gnu/aarch32/nt/gcc-arm-none-eabi/bin/../arm-none-eabi/libc/usr/lib/thumb/v7-a+fp/hard\libc.a(lib_a-strlen.o)
                0x000000000101c900                strlen
 .text          0x000000000101c9dc       0x5c g:/xilinx/vitis/2019.2/gnu/aarch32/nt/gcc-arm-none-eabi/bin/../arm-none-eabi/libc/usr/lib/thumb/v7-a+fp/hard\libc.a(lib_a-strncasecmp.o)
                0x000000000101c9dc                strncasecmp
 .text          0x000000000101ca38       0xa4 g:/xilinx/vitis/2019.2/gnu/aarch32/nt/gcc-arm-none-eabi/bin/../arm-none-eabi/libc/usr/lib/thumb/v7-a+fp/hard\libc.a(lib_a-strncmp.o)
                0x000000000101ca38                strncmp
 .text          0x000000000101cadc       0x80 g:/xilinx/vitis/2019.2/gnu/aarch32/nt/gcc-arm-none-eabi/bin/../arm-none-eabi/libc/usr/lib/thumb/v7-a+fp/hard\libc.a(lib_a-strncpy.o)
                0x000000000101cadc                strncpy
 .text          0x000000000101cb5c      0x198 g:/xilinx/vitis/2019.2/gnu/aarch32/nt/gcc-arm-none-eabi/bin/../arm-none-eabi/libc/usr/lib/thumb/v7-a+fp/hard\libc.a(lib_a-strtol.o)
                0x000000000101cc7c                _strtol_r
                0x000000000101cca4                strtol_l
                0x000000000101ccc4                strtol
 *fill*         0x000000000101ccf4        0x4 
 .text          0x000000000101ccf8     0x1b4c g:/xilinx/vitis/2019.2/gnu/aarch32/nt/gcc-arm-none-eabi/bin/../arm-none-eabi/libc/usr/lib/thumb/v7-a+fp/hard\libc.a(lib_a-svfprintf.o)
                0x000000000101ccf8                _svfprintf_r
 *fill*         0x000000000101e844        0x4 
 .text          0x000000000101e848     0x1c28 g:/xilinx/vitis/2019.2/gnu/aarch32/nt/gcc-arm-none-eabi/bin/../arm-none-eabi/libc/usr/lib/thumb/v7-a+fp/hard\libc.a(lib_a-vfprintf.o)
                0x000000000101e848                _vfprintf_r
                0x00000000010203e8                vfprintf
 .text          0x0000000001020470       0x8c g:/xilinx/vitis/2019.2/gnu/aarch32/nt/gcc-arm-none-eabi/bin/../arm-none-eabi/libc/usr/lib/thumb/v7-a+fp/hard\libc.a(lib_a-vsnprintf.o)
                0x0000000001020470                _vsnprintf_r
                0x00000000010204dc                vsnprintf
 .text          0x00000000010204fc       0xac g:/xilinx/vitis/2019.2/gnu/aarch32/nt/gcc-arm-none-eabi/bin/../arm-none-eabi/libc/usr/lib/thumb/v7-a+fp/hard\libc.a(lib_a-wcrtomb.o)
                0x00000000010204fc                _wcrtomb_r
                0x0000000001020550                wcrtomb
 .text          0x00000000010205a8       0x3c g:/xilinx/vitis/2019.2/gnu/aarch32/nt/gcc-arm-none-eabi/bin/../arm-none-eabi/libc/usr/lib/thumb/v7-a+fp/hard\libc.a(lib_a-wcsrtombs.o)
                0x00000000010205a8                _wcsrtombs_r
                0x00000000010205c0                wcsrtombs
 .text          0x00000000010205e4      0x22c g:/xilinx/vitis/2019.2/gnu/aarch32/nt/gcc-arm-none-eabi/bin/../arm-none-eabi/libc/usr/lib/thumb/v7-a+fp/hard\libc.a(lib_a-wctomb_r.o)
                0x00000000010205e4                _wctomb_r
                0x000000000102060c                __ascii_wctomb
                0x0000000001020624                __utf8_wctomb
                0x00000000010206c8                __sjis_wctomb
                0x000000000102071c                __eucjp_wctomb
                0x000000000102078c                __jis_wctomb
 .text          0x0000000001020810       0xc8 g:/xilinx/vitis/2019.2/gnu/aarch32/nt/gcc-arm-none-eabi/bin/../arm-none-eabi/libc/usr/lib/thumb/v7-a+fp/hard\libc.a(lib_a-wsetup.o)
                0x0000000001020810                __swsetup_r
 .text          0x00000000010208d8       0xdc g:/xilinx/vitis/2019.2/gnu/aarch32/nt/gcc-arm-none-eabi/bin/../arm-none-eabi/libc/usr/lib/thumb/v7-a+fp/hard\libc.a(lib_a-__call_atexit.o)
                0x00000000010208d8                __call_exitprocs
 .text          0x00000000010209b4       0x10 g:/xilinx/vitis/2019.2/gnu/aarch32/nt/gcc-arm-none-eabi/bin/../arm-none-eabi/libc/usr/lib/thumb/v7-a+fp/hard\libc.a(lib_a-ctype_.o)
                0x00000000010209b4                __set_ctype
 *fill*         0x00000000010209c4        0x4 
 .text          0x00000000010209c8      0xe54 g:/xilinx/vitis/2019.2/gnu/aarch32/nt/gcc-arm-none-eabi/bin/../arm-none-eabi/libc/usr/lib/thumb/v7-a+fp/hard\libc.a(lib_a-dtoa.o)
                0x0000000001020b10                _dtoa_r
 .text          0x000000000102181c      0x1a8 g:/xilinx/vitis/2019.2/gnu/aarch32/nt/gcc-arm-none-eabi/bin/../arm-none-eabi/libc/usr/lib/thumb/v7-a+fp/hard\libc.a(lib_a-fflush.o)
                0x000000000102181c                __sflush_r
                0x0000000001021968                _fflush_r
                0x000000000102199c                fflush
 .text          0x00000000010219c4      0x210 g:/xilinx/vitis/2019.2/gnu/aarch32/nt/gcc-arm-none-eabi/bin/../arm-none-eabi/libc/usr/lib/thumb/v7-a+fp/hard\libc.a(lib_a-findfp.o)
                0x00000000010219c8                _cleanup_r
                0x0000000001021abc                __sfmoreglue
                0x0000000001021aec                __sfp
                0x0000000001021b74                _cleanup
                0x0000000001021b8c                __sinit
                0x0000000001021b94                __sfp_lock_acquire
                0x0000000001021b98                __sfp_lock_release
                0x0000000001021b9c                __sinit_lock_acquire
                0x0000000001021ba0                __sinit_lock_release
                0x0000000001021ba4                __fp_lock_all
                0x0000000001021bbc                __fp_unlock_all
 .text          0x0000000001021bd4      0x29c g:/xilinx/vitis/2019.2/gnu/aarch32/nt/gcc-arm-none-eabi/bin/../arm-none-eabi/libc/usr/lib/thumb/v7-a+fp/hard\libc.a(lib_a-freer.o)
                0x0000000001021bd4                _malloc_trim_r
                0x0000000001021c80                _free_r
 .text          0x0000000001021e70      0x32c g:/xilinx/vitis/2019.2/gnu/aarch32/nt/gcc-arm-none-eabi/bin/../arm-none-eabi/libc/usr/lib/thumb/v7-a+fp/hard\libc.a(lib_a-fvwrite.o)
                0x0000000001021e70                __sfvwrite_r
 .text          0x000000000102219c       0x98 g:/xilinx/vitis/2019.2/gnu/aarch32/nt/gcc-arm-none-eabi/bin/../arm-none-eabi/libc/usr/lib/thumb/v7-a+fp/hard\libc.a(lib_a-fwalk.o)
                0x000000000102219c                _fwalk
                0x00000000010221e4                _fwalk_reent
 .text          0x0000000001022234       0x98 g:/xilinx/vitis/2019.2/gnu/aarch32/nt/gcc-arm-none-eabi/bin/../arm-none-eabi/libc/usr/lib/thumb/v7-a+fp/hard\libc.a(lib_a-getenv_r.o)
                0x0000000001022234                _findenv_r
                0x00000000010222bc                _getenv_r
 .text          0x00000000010222cc       0x44 g:/xilinx/vitis/2019.2/gnu/aarch32/nt/gcc-arm-none-eabi/bin/../arm-none-eabi/libc/usr/lib/thumb/v7-a+fp/hard\libc.a(lib_a-localeconv.o)
                0x00000000010222cc                __localeconv_l
                0x00000000010222d0                _localeconv_r
                0x00000000010222f0                localeconv
 .text          0x0000000001022310       0xf8 g:/xilinx/vitis/2019.2/gnu/aarch32/nt/gcc-arm-none-eabi/bin/../arm-none-eabi/libc/usr/lib/thumb/v7-a+fp/hard\libc.a(lib_a-makebuf.o)
                0x0000000001022310                __swhatbuf_r
                0x000000000102236c                __smakebuf_r
 *fill*         0x0000000001022408        0x8 
 .text          0x0000000001022410       0xa0 g:/xilinx/vitis/2019.2/gnu/aarch32/nt/gcc-arm-none-eabi/bin/../arm-none-eabi/libc/usr/lib/thumb/v7-a+fp/hard\libc.a(lib_a-memchr.o)
                0x0000000001022410                memchr
 .text          0x00000000010224b0      0x8fc g:/xilinx/vitis/2019.2/gnu/aarch32/nt/gcc-arm-none-eabi/bin/../arm-none-eabi/libc/usr/lib/thumb/v7-a+fp/hard\libc.a(lib_a-mprec.o)
                0x00000000010224b0                _Balloc
                0x00000000010224fc                _Bfree
                0x0000000001022510                __multadd
                0x00000000010225a0                __s2b
                0x0000000001022638                __hi0bits
                0x0000000001022678                __lo0bits
                0x00000000010226d4                __i2b
                0x00000000010226e8                __multiply
                0x0000000001022828                __pow5mult
                0x00000000010228cc                __lshift
                0x0000000001022988                __mcmp
                0x00000000010229c4                __mdiff
                0x0000000001022acc                __ulp
                0x0000000001022b1c                __b2d
                0x0000000001022bcc                __d2b
                0x0000000001022c80                __ratio
                0x0000000001022ce0                _mprec_log10
                0x0000000001022d08                __copybits
                0x0000000001022d50                __any_on
 .text          0x0000000001022dac      0x374 g:/xilinx/vitis/2019.2/gnu/aarch32/nt/gcc-arm-none-eabi/bin/../arm-none-eabi/libc/usr/lib/thumb/v7-a+fp/hard\libc.a(lib_a-reallocr.o)
                0x0000000001022dac                _realloc_r
 .text          0x0000000001023120       0xa4 g:/xilinx/vitis/2019.2/gnu/aarch32/nt/gcc-arm-none-eabi/bin/../arm-none-eabi/libc/usr/lib/thumb/v7-a+fp/hard\libc.a(lib_a-reent.o)
                0x0000000001023120                cleanup_glue
                0x000000000102313c                _reclaim_reent
 *fill*         0x00000000010231c4        0x4 
 .text          0x00000000010231c8       0x80 g:/xilinx/vitis/2019.2/gnu/aarch32/nt/gcc-arm-none-eabi/bin/../arm-none-eabi/libc/usr/lib/thumb/v7-a+fp/hard\libc.a(lib_a-s_frexp.o)
                0x00000000010231c8                frexp
 .text          0x0000000001023248       0x90 g:/xilinx/vitis/2019.2/gnu/aarch32/nt/gcc-arm-none-eabi/bin/../arm-none-eabi/libc/usr/lib/thumb/v7-a+fp/hard\libc.a(lib_a-stdio.o)
                0x0000000001023248                __sread
                0x000000000102326c                __seofread
                0x0000000001023270                __swrite
                0x00000000010232b0                __sseek
                0x00000000010232d0                __sclose
 .text          0x00000000010232d8      0xe90 g:/xilinx/vitis/2019.2/gnu/aarch32/nt/gcc-arm-none-eabi/bin/../arm-none-eabi/libc/usr/lib/thumb/v7-a+fp/hard\libc.a(lib_a-svfiprintf.o)
                0x00000000010232d8                __ssprint_r
                0x00000000010233d0                _svfiprintf_r
 .text          0x0000000001024168     0x108c g:/xilinx/vitis/2019.2/gnu/aarch32/nt/gcc-arm-none-eabi/bin/../arm-none-eabi/libc/usr/lib/thumb/v7-a+fp/hard\libc.a(lib_a-vfiprintf.o)
                0x00000000010241dc                __sprint_r
                0x00000000010241f0                _vfiprintf_r
                0x000000000102516c                vfiprintf
 .text          0x00000000010251f4      0x15c g:/xilinx/vitis/2019.2/gnu/aarch32/nt/gcc-arm-none-eabi/bin/../arm-none-eabi/libc/usr/lib/thumb/v7-a+fp/hard\libc.a(lib_a-wcsnrtombs.o)
                0x00000000010251f4                _wcsnrtombs_l
                0x00000000010252e8                _wcsnrtombs_r
                0x0000000001025318                wcsnrtombs
 .text          0x0000000001025350       0x2c g:/xilinx/vitis/2019.2/gnu/aarch32/nt/gcc-arm-none-eabi/bin/../arm-none-eabi/libc/usr/lib/thumb/v7-a+fp/hard\libc.a(lib_a-writer.o)
                0x0000000001025350                _write_r
 .text          0x000000000102537c       0x28 g:/xilinx/vitis/2019.2/gnu/aarch32/nt/gcc-arm-none-eabi/bin/../arm-none-eabi/libc/usr/lib/thumb/v7-a+fp/hard\libc.a(lib_a-closer.o)
                0x000000000102537c                _close_r
 .text          0x00000000010253a4        0x0 g:/xilinx/vitis/2019.2/gnu/aarch32/nt/gcc-arm-none-eabi/bin/../arm-none-eabi/libc/usr/lib/thumb/v7-a+fp/hard\libc.a(lib_a-environ.o)
 .text          0x00000000010253a4        0x8 g:/xilinx/vitis/2019.2/gnu/aarch32/nt/gcc-arm-none-eabi/bin/../arm-none-eabi/libc/usr/lib/thumb/v7-a+fp/hard\libc.a(lib_a-envlock.o)
                0x00000000010253a4                __env_lock
                0x00000000010253a8                __env_unlock
 .text          0x00000000010253ac       0x98 g:/xilinx/vitis/2019.2/gnu/aarch32/nt/gcc-arm-none-eabi/bin/../arm-none-eabi/libc/usr/lib/thumb/v7-a+fp/hard\libc.a(lib_a-fclose.o)
                0x00000000010253ac                _fclose_r
                0x0000000001025434                fclose
 .text          0x0000000001025444      0x11c g:/xilinx/vitis/2019.2/gnu/aarch32/nt/gcc-arm-none-eabi/bin/../arm-none-eabi/libc/usr/lib/thumb/v7-a+fp/hard\libc.a(lib_a-fputwc.o)
                0x0000000001025444                __fputwc
                0x00000000010254f4                _fputwc_r
                0x000000000102551c                fputwc
 .text          0x0000000001025560       0x2c g:/xilinx/vitis/2019.2/gnu/aarch32/nt/gcc-arm-none-eabi/bin/../arm-none-eabi/libc/usr/lib/thumb/v7-a+fp/hard\libc.a(lib_a-fstatr.o)
                0x0000000001025560                _fstat_r
 .text          0x000000000102558c       0x28 g:/xilinx/vitis/2019.2/gnu/aarch32/nt/gcc-arm-none-eabi/bin/../arm-none-eabi/libc/usr/lib/thumb/v7-a+fp/hard\libc.a(lib_a-isattyr.o)
                0x000000000102558c                _isatty_r
 .text          0x00000000010255b4       0x2c g:/xilinx/vitis/2019.2/gnu/aarch32/nt/gcc-arm-none-eabi/bin/../arm-none-eabi/libc/usr/lib/thumb/v7-a+fp/hard\libc.a(lib_a-lseekr.o)
                0x00000000010255b4                _lseek_r
 .text          0x00000000010255e0       0x2c g:/xilinx/vitis/2019.2/gnu/aarch32/nt/gcc-arm-none-eabi/bin/../arm-none-eabi/libc/usr/lib/thumb/v7-a+fp/hard\libc.a(lib_a-readr.o)
                0x00000000010255e0                _read_r
 .text          0x000000000102560c       0xc4 g:/xilinx/vitis/2019.2/gnu/aarch32/nt/gcc-arm-none-eabi/bin/../arm-none-eabi/libc/usr/lib/thumb/v7-a+fp/hard\libc.a(lib_a-wbuf.o)
                0x000000000102560c                __swbuf_r
                0x00000000010256bc                __swbuf
 .text          0x00000000010256d0       0x40 C:/Users/Tom/Documents/Projects/Scopy_MVP_Platform/scopy-fpga/main/export/main/sw/main/standalone_domain/bsplib/lib\libxil.a(_sbrk.o)
                0x00000000010256d0                _sbrk
 .text          0x0000000001025710       0x30 C:/Users/Tom/Documents/Projects/Scopy_MVP_Platform/scopy-fpga/main/export/main/sw/main/standalone_domain/bsplib/lib\libxil.a(lseek.o)
                0x0000000001025710                lseek
                0x0000000001025728                _lseek
 .text          0x0000000001025740       0x70 C:/Users/Tom/Documents/Projects/Scopy_MVP_Platform/scopy-fpga/main/export/main/sw/main/standalone_domain/bsplib/lib\libxil.a(write.o)
                0x0000000001025740                write
                0x00000000010257ac                _write
 .text          0x00000000010257b0       0x60 C:/Users/Tom/Documents/Projects/Scopy_MVP_Platform/scopy-fpga/main/export/main/sw/main/standalone_domain/bsplib/lib\libxil.a(read.o)
                0x00000000010257b0                read
                0x000000000102580c                _read
 .text          0x0000000001025810       0x10 C:/Users/Tom/Documents/Projects/Scopy_MVP_Platform/scopy-fpga/main/export/main/sw/main/standalone_domain/bsplib/lib\libxil.a(fstat.o)
                0x0000000001025810                _fstat
 .text          0x0000000001025820       0x10 C:/Users/Tom/Documents/Projects/Scopy_MVP_Platform/scopy-fpga/main/export/main/sw/main/standalone_domain/bsplib/lib\libxil.a(errno.o)
                0x0000000001025820                __errno
 .text          0x0000000001025830        0x4 C:/Users/Tom/Documents/Projects/Scopy_MVP_Platform/scopy-fpga/main/export/main/sw/main/standalone_domain/bsplib/lib\libxil.a(_exit.o)
                0x0000000001025830                _exit
 .text          0x0000000001025834       0x10 C:/Users/Tom/Documents/Projects/Scopy_MVP_Platform/scopy-fpga/main/export/main/sw/main/standalone_domain/bsplib/lib\libxil.a(isatty.o)
                0x0000000001025834                isatty
                0x000000000102583c                _isatty
 .text          0x0000000001025844        0xc C:/Users/Tom/Documents/Projects/Scopy_MVP_Platform/scopy-fpga/main/export/main/sw/main/standalone_domain/bsplib/lib\libxil.a(inbyte.o)
                0x0000000001025844                inbyte
 .text          0x0000000001025850        0x8 C:/Users/Tom/Documents/Projects/Scopy_MVP_Platform/scopy-fpga/main/export/main/sw/main/standalone_domain/bsplib/lib\libxil.a(close.o)
                0x0000000001025850                _close
 .text          0x0000000001025858        0x0 g:/xilinx/vitis/2019.2/gnu/aarch32/nt/gcc-arm-none-eabi/bin/../lib/gcc/arm-none-eabi/8.2.0/thumb/v7-a+fp/hard/crtend.o
 .text          0x0000000001025858        0x0 g:/xilinx/vitis/2019.2/gnu/aarch32/nt/gcc-arm-none-eabi/bin/../lib/gcc/arm-none-eabi/8.2.0/thumb/v7-a+fp/hard/crtn.o
 *(.text.*)
 .text.startup  0x0000000001025858       0x2c ./src/main.o
                0x0000000001025858                main
 *fill*         0x0000000001025884        0x4 
 .text.startup.__stub
                0x0000000001025888       0x18 linker stubs
 *(.gnu.linkonce.t.*)
 *(.plt)
 *(.gnu_warning)
 *(.gcc_execpt_table)
 *(.glue_7)
 .glue_7        0x00000000010258a0        0x0 linker stubs
 *(.glue_7t)
 .glue_7t       0x00000000010258a0        0x0 linker stubs
 *(.vfp11_veneer)
 .vfp11_veneer  0x00000000010258a0        0x0 linker stubs
 *(.ARM.extab)
 .ARM.extab     0x00000000010258a0        0x0 g:/xilinx/vitis/2019.2/gnu/aarch32/nt/gcc-arm-none-eabi/bin/../lib/gcc/arm-none-eabi/8.2.0/thumb/v7-a+fp/hard\libgcc.a(_udivmoddi4.o)
 *(.gnu.linkonce.armextab.*)

.v4_bx          0x00000000010258a0        0x0
 .v4_bx         0x00000000010258a0        0x0 linker stubs

.iplt           0x00000000010258a0        0x0
 .iplt          0x00000000010258a0        0x0 g:/xilinx/vitis/2019.2/gnu/aarch32/nt/gcc-arm-none-eabi/bin/../lib/gcc/arm-none-eabi/8.2.0/thumb/v7-a+fp/hard/crtbegin.o

.force_ocm
 *(.force_ocm)

.init           0x00000000010258a0        0xc
 *(.init)
 .init          0x00000000010258a0        0x4 g:/xilinx/vitis/2019.2/gnu/aarch32/nt/gcc-arm-none-eabi/bin/../lib/gcc/arm-none-eabi/8.2.0/thumb/v7-a+fp/hard/crti.o
                0x00000000010258a0                _init
 .init          0x00000000010258a4        0x8 g:/xilinx/vitis/2019.2/gnu/aarch32/nt/gcc-arm-none-eabi/bin/../lib/gcc/arm-none-eabi/8.2.0/thumb/v7-a+fp/hard/crtn.o

.fini           0x00000000010258ac        0xc
 *(.fini)
 .fini          0x00000000010258ac        0x4 g:/xilinx/vitis/2019.2/gnu/aarch32/nt/gcc-arm-none-eabi/bin/../lib/gcc/arm-none-eabi/8.2.0/thumb/v7-a+fp/hard/crti.o
                0x00000000010258ac                _fini
 .fini          0x00000000010258b0        0x8 g:/xilinx/vitis/2019.2/gnu/aarch32/nt/gcc-arm-none-eabi/bin/../lib/gcc/arm-none-eabi/8.2.0/thumb/v7-a+fp/hard/crtn.o

.rodata         0x00000000010258b8    0x44418
                0x00000000010258b8                __rodata_start = .
 *(.rodata)
 .rodata        0x00000000010258b8       0x18 ./src/fabric_config.o
                0x00000000010258b8                fabcfg_dummy_tests
 .rodata        0x00000000010258d0      0x2f8 ./src/spi_commands.o
                0x00000000010258d0                spi_command_defs
 .rodata        0x0000000001025bc8    0x40000 ./src/test_patterns.o
                0x0000000001025bc8                norway_512x512_grey
 .rodata        0x0000000001065bc8       0x54 C:/Users/Tom/Documents/Projects/Scopy_MVP_Platform/scopy-fpga/main/export/main/sw/main/standalone_domain/bsplib/lib\libxil.a(xttcps_options.o)
 .rodata        0x0000000001065c1c       0x30 C:/Users/Tom/Documents/Projects/Scopy_MVP_Platform/scopy-fpga/main/export/main/sw/main/standalone_domain/bsplib/lib\libxil.a(xspips_options.o)
 .rodata        0x0000000001065c4c        0x4 g:/xilinx/vitis/2019.2/gnu/aarch32/nt/gcc-arm-none-eabi/bin/../arm-none-eabi/libc/usr/lib/thumb/v7-a+fp/hard\libc.a(lib_a-impure.o)
                0x0000000001065c4c                _global_impure_ptr
 .rodata        0x0000000001065c50      0x188 g:/xilinx/vitis/2019.2/gnu/aarch32/nt/gcc-arm-none-eabi/bin/../arm-none-eabi/libc/usr/lib/thumb/v7-a+fp/hard\libc.a(lib_a-locale.o)
                0x0000000001065c6c                __C_locale
 .rodata        0x0000000001065dd8       0x90 g:/xilinx/vitis/2019.2/gnu/aarch32/nt/gcc-arm-none-eabi/bin/../arm-none-eabi/libc/usr/lib/thumb/v7-a+fp/hard\libc.a(lib_a-mbtowc_r.o)
 .rodata        0x0000000001065e68       0x20 g:/xilinx/vitis/2019.2/gnu/aarch32/nt/gcc-arm-none-eabi/bin/../arm-none-eabi/libc/usr/lib/thumb/v7-a+fp/hard\libc.a(lib_a-svfprintf.o)
 .rodata        0x0000000001065e88       0x20 g:/xilinx/vitis/2019.2/gnu/aarch32/nt/gcc-arm-none-eabi/bin/../arm-none-eabi/libc/usr/lib/thumb/v7-a+fp/hard\libc.a(lib_a-vfprintf.o)
 .rodata        0x0000000001065ea8      0x101 g:/xilinx/vitis/2019.2/gnu/aarch32/nt/gcc-arm-none-eabi/bin/../arm-none-eabi/libc/usr/lib/thumb/v7-a+fp/hard\libc.a(lib_a-ctype_.o)
                0x0000000001065ea8                _ctype_
 *fill*         0x0000000001065fa9        0x7 
 .rodata        0x0000000001065fb0      0x128 g:/xilinx/vitis/2019.2/gnu/aarch32/nt/gcc-arm-none-eabi/bin/../arm-none-eabi/libc/usr/lib/thumb/v7-a+fp/hard\libc.a(lib_a-mprec.o)
                0x0000000001065fc0                __mprec_tens
                0x0000000001066088                __mprec_tinytens
                0x00000000010660b0                __mprec_bigtens
 .rodata        0x00000000010660d8       0x20 g:/xilinx/vitis/2019.2/gnu/aarch32/nt/gcc-arm-none-eabi/bin/../arm-none-eabi/libc/usr/lib/thumb/v7-a+fp/hard\libc.a(lib_a-svfiprintf.o)
 .rodata        0x00000000010660f8       0x20 g:/xilinx/vitis/2019.2/gnu/aarch32/nt/gcc-arm-none-eabi/bin/../arm-none-eabi/libc/usr/lib/thumb/v7-a+fp/hard\libc.a(lib_a-vfiprintf.o)
 *(.rodata.*)
 .rodata.str1.4
                0x0000000001066118     0x13e3 ./src/acquire.o
                                       0x13e7 (size before relaxing)
 *fill*         0x00000000010674fb        0x1 
 .rodata.str1.4
                0x00000000010674fc      0x376 ./src/clkwiz_interface.o
                                        0x3a6 (size before relaxing)
 *fill*         0x0000000001067872        0x2 
 .rodata.str1.4
                0x0000000001067874      0x23a ./src/fabric_config.o
                                        0x23e (size before relaxing)
 *fill*         0x0000000001067aae        0x2 
 .rodata.str1.4
                0x0000000001067ab0      0x455 ./src/hal.o
                                        0x486 (size before relaxing)
 *fill*         0x0000000001067f05        0x3 
 .rodata.str1.4
                0x0000000001067f08      0x6b0 ./src/mipi_csi.o
                                        0x6dc (size before relaxing)
 .rodata.str1.4
                0x00000000010685b8      0x2cb ./src/spi.o
                                        0x2f7 (size before relaxing)
 *fill*         0x0000000001068883        0x1 
 .rodata.str1.4
                0x0000000001068884      0x389 ./src/spi_commands.o
                                        0x3b5 (size before relaxing)
 *fill*         0x0000000001068c0d        0x3 
 .rodata.str1.4
                0x0000000001068c10       0xea ./src/system_control.o
                                        0x116 (size before relaxing)
 *fill*         0x0000000001068cfa        0x2 
 .rodata.str1.4
                0x0000000001068cfc      0x145 ./src/trigger.o
                                        0x149 (size before relaxing)
 *fill*         0x0000000001068e41        0x3 
 .rodata.str1.4
                0x0000000001068e44      0x1ef C:/Users/Tom/Documents/Projects/Scopy_MVP_Platform/scopy-fpga/main/export/main/sw/main/standalone_domain/bsplib/lib\libxil.a(xaxidma.o)
 *fill*         0x0000000001069033        0x1 
 .rodata.str1.4
                0x0000000001069034       0x13 C:/Users/Tom/Documents/Projects/Scopy_MVP_Platform/scopy-fpga/main/export/main/sw/main/standalone_domain/bsplib/lib\libxil.a(xaxidma_selftest.o)
 *fill*         0x0000000001069047        0x1 
 .rodata.str1.4
                0x0000000001069048      0x24b C:/Users/Tom/Documents/Projects/Scopy_MVP_Platform/scopy-fpga/main/export/main/sw/main/standalone_domain/bsplib/lib\libxil.a(xaxidma_bd.o)
                                        0x24f (size before relaxing)
 *fill*         0x0000000001069293        0x1 
 .rodata.str1.4
                0x0000000001069294      0x6f4 C:/Users/Tom/Documents/Projects/Scopy_MVP_Platform/scopy-fpga/main/export/main/sw/main/standalone_domain/bsplib/lib\libxil.a(xaxidma_bdring.o)
                                        0x6f7 (size before relaxing)
 .rodata.str1.4
                0x0000000001069988        0xb C:/Users/Tom/Documents/Projects/Scopy_MVP_Platform/scopy-fpga/main/export/main/sw/main/standalone_domain/bsplib/lib\libxil.a(xclk_wiz.o)
 *fill*         0x0000000001069993        0x1 
 .rodata.str1.4
                0x0000000001069994        0xa C:/Users/Tom/Documents/Projects/Scopy_MVP_Platform/scopy-fpga/main/export/main/sw/main/standalone_domain/bsplib/lib\libxil.a(xgpiops.o)
 *fill*         0x000000000106999e        0x2 
 .rodata.str1.4
                0x00000000010699a0        0xf C:/Users/Tom/Documents/Projects/Scopy_MVP_Platform/scopy-fpga/main/export/main/sw/main/standalone_domain/bsplib/lib\libxil.a(xgpiops_intr.o)
 *fill*         0x00000000010699af        0x1 
 .rodata.str1.4
                0x00000000010699b0        0xf C:/Users/Tom/Documents/Projects/Scopy_MVP_Platform/scopy-fpga/main/export/main/sw/main/standalone_domain/bsplib/lib\libxil.a(xscugic_intr.o)
 *fill*         0x00000000010699bf        0x1 
 .rodata.str1.4
                0x00000000010699c0        0xa C:/Users/Tom/Documents/Projects/Scopy_MVP_Platform/scopy-fpga/main/export/main/sw/main/standalone_domain/bsplib/lib\libxil.a(xscugic.o)
 *fill*         0x00000000010699ca        0x2 
 .rodata.str1.4
                0x00000000010699cc       0x13 C:/Users/Tom/Documents/Projects/Scopy_MVP_Platform/scopy-fpga/main/export/main/sw/main/standalone_domain/bsplib/lib\libxil.a(xscugic_selftest.o)
 *fill*         0x00000000010699df        0x1 
 .rodata.str1.4
                0x00000000010699e0        0xc C:/Users/Tom/Documents/Projects/Scopy_MVP_Platform/scopy-fpga/main/export/main/sw/main/standalone_domain/bsplib/lib\libxil.a(xscutimer.o)
 .rodata.str1.4