Archive member included to satisfy reference by file (symbol)

C:/Users/Tom/Documents/Projects/Scopy_MVP_Platform/scopy-fpga/main/export/main/sw/main/standalone_domain/bsplib/lib\libxil.a(xaxidma.o)
                              ./src/acquire.o (XAxiDma_Reset)
C:/Users/Tom/Documents/Projects/Scopy_MVP_Platform/scopy-fpga/main/export/main/sw/main/standalone_domain/bsplib/lib\libxil.a(xaxidma_sinit.o)
                              ./src/acquire.o (XAxiDma_LookupConfig)
C:/Users/Tom/Documents/Projects/Scopy_MVP_Platform/scopy-fpga/main/export/main/sw/main/standalone_domain/bsplib/lib\libxil.a(xaxidma_bdring.o)
                              C:/Users/Tom/Documents/Projects/Scopy_MVP_Platform/scopy-fpga/main/export/main/sw/main/standalone_domain/bsplib/lib\libxil.a(xaxidma.o) (XAxiDma_BdRingStart)
C:/Users/Tom/Documents/Projects/Scopy_MVP_Platform/scopy-fpga/main/export/main/sw/main/standalone_domain/bsplib/lib\libxil.a(xaxidma_g.o)
                              C:/Users/Tom/Documents/Projects/Scopy_MVP_Platform/scopy-fpga/main/export/main/sw/main/standalone_domain/bsplib/lib\libxil.a(xaxidma_sinit.o) (XAxiDma_ConfigTable)
C:/Users/Tom/Documents/Projects/Scopy_MVP_Platform/scopy-fpga/main/export/main/sw/main/standalone_domain/bsplib/lib\libxil.a(xclk_wiz.o)
                              ./src/clkwiz_interface.o (XClk_Wiz_CfgInitialize)
C:/Users/Tom/Documents/Projects/Scopy_MVP_Platform/scopy-fpga/main/export/main/sw/main/standalone_domain/bsplib/lib\libxil.a(xclk_wiz_sinit.o)
                              ./src/clkwiz_interface.o (XClk_Wiz_LookupConfig)
C:/Users/Tom/Documents/Projects/Scopy_MVP_Platform/scopy-fpga/main/export/main/sw/main/standalone_domain/bsplib/lib\libxil.a(xgpiops.o)
                              ./src/hal.o (XGpioPs_CfgInitialize)
C:/Users/Tom/Documents/Projects/Scopy_MVP_Platform/scopy-fpga/main/export/main/sw/main/standalone_domain/bsplib/lib\libxil.a(xgpiops_sinit.o)
                              ./src/hal.o (XGpioPs_LookupConfig)
C:/Users/Tom/Documents/Projects/Scopy_MVP_Platform/scopy-fpga/main/export/main/sw/main/standalone_domain/bsplib/lib\libxil.a(xgpiops_intr.o)
                              C:/Users/Tom/Documents/Projects/Scopy_MVP_Platform/scopy-fpga/main/export/main/sw/main/standalone_domain/bsplib/lib\libxil.a(xgpiops.o) (StubHandler)
C:/Users/Tom/Documents/Projects/Scopy_MVP_Platform/scopy-fpga/main/export/main/sw/main/standalone_domain/bsplib/lib\libxil.a(xgpiops_g.o)
                              C:/Users/Tom/Documents/Projects/Scopy_MVP_Platform/scopy-fpga/main/export/main/sw/main/standalone_domain/bsplib/lib\libxil.a(xgpiops_sinit.o) (XGpioPs_ConfigTable)
C:/Users/Tom/Documents/Projects/Scopy_MVP_Platform/scopy-fpga/main/export/main/sw/main/standalone_domain/bsplib/lib\libxil.a(xscugic_intr.o)
                              ./src/hal.o (XScuGic_InterruptHandler)
C:/Users/Tom/Documents/Projects/Scopy_MVP_Platform/scopy-fpga/main/export/main/sw/main/standalone_domain/bsplib/lib\libxil.a(xscugic.o)
                              ./src/acquire.o (XScuGic_Connect)
C:/Users/Tom/Documents/Projects/Scopy_MVP_Platform/scopy-fpga/main/export/main/sw/main/standalone_domain/bsplib/lib\libxil.a(xscugic_sinit.o)
                              ./src/hal.o (XScuGic_LookupConfig)
C:/Users/Tom/Documents/Projects/Scopy_MVP_Platform/scopy-fpga/main/export/main/sw/main/standalone_domain/bsplib/lib\libxil.a(xscugic_selftest.o)
                              ./src/hal.o (XScuGic_SelfTest)
C:/Users/Tom/Documents/Projects/Scopy_MVP_Platform/scopy-fpga/main/export/main/sw/main/standalone_domain/bsplib/lib\libxil.a(xscutimer.o)
                              ./src/hal.o (XScuTimer_CfgInitialize)
C:/Users/Tom/Documents/Projects/Scopy_MVP_Platform/scopy-fpga/main/export/main/sw/main/standalone_domain/bsplib/lib\libxil.a(xscutimer_selftest.o)
                              ./src/hal.o (XScuTimer_SelfTest)
C:/Users/Tom/Documents/Projects/Scopy_MVP_Platform/scopy-fpga/main/export/main/sw/main/standalone_domain/bsplib/lib\libxil.a(xscutimer_sinit.o)
                              ./src/hal.o (XScuTimer_LookupConfig)
C:/Users/Tom/Documents/Projects/Scopy_MVP_Platform/scopy-fpga/main/export/main/sw/main/standalone_domain/bsplib/lib\libxil.a(xscutimer_g.o)
                              C:/Users/Tom/Documents/Projects/Scopy_MVP_Platform/scopy-fpga/main/export/main/sw/main/standalone_domain/bsplib/lib\libxil.a(xscutimer_sinit.o) (XScuTimer_ConfigTable)
C:/Users/Tom/Documents/Projects/Scopy_MVP_Platform/scopy-fpga/main/export/main/sw/main/standalone_domain/bsplib/lib\libxil.a(xspips.o)
                              ./src/spi.o (XSpiPs_Reset)
C:/Users/Tom/Documents/Projects/Scopy_MVP_Platform/scopy-fpga/main/export/main/sw/main/standalone_domain/bsplib/lib\libxil.a(xspips_sinit.o)
                              ./src/spi.o (XSpiPs_LookupConfig)
C:/Users/Tom/Documents/Projects/Scopy_MVP_Platform/scopy-fpga/main/export/main/sw/main/standalone_domain/bsplib/lib\libxil.a(xspips_g.o)
[...]
Memory Configuration

Name             Origin             Length             Attributes
ps7_ram_0        0x0000000001000000 0x000000000fffffff
ocm2             0x00000000ffff0000 0x000000000000fe00
ocm1             0x0000000000000000 0x0000000000030000
*default*        0x0000000000000000 0xffffffffffffffff

Linker script and memory map

LOAD g:/xilinx/vitis/2019.2/gnu/aarch32/nt/gcc-arm-none-eabi/bin/../lib/gcc/arm-none-eabi/8.2.0/thumb/v7-a+fp/hard/crti.o
LOAD g:/xilinx/vitis/2019.2/gnu/aarch32/nt/gcc-arm-none-eabi/bin/../lib/gcc/arm-none-eabi/8.2.0/thumb/v7-a+fp/hard/crtbegin.o
                0x0000000000010000                _STACK_SIZE = DEFINED (_STACK_SIZE)?_STACK_SIZE:0x10000
                0x000000000c000000                _HEAP_SIZE = DEFINED (_HEAP_SIZE)?_HEAP_SIZE:0xc000000
                0x0000000000000400                _ABORT_STACK_SIZE = DEFINED (_ABORT_STACK_SIZE)?_ABORT_STACK_SIZE:0x400
                0x0000000000000800                _SUPERVISOR_STACK_SIZE = DEFINED (_SUPERVISOR_STACK_SIZE)?_SUPERVISOR_STACK_SIZE:0x800
                0x0000000000000400                _IRQ_STACK_SIZE = DEFINED (_IRQ_STACK_SIZE)?_IRQ_STACK_SIZE:0x400
                0x0000000000000400                _FIQ_STACK_SIZE = DEFINED (_FIQ_STACK_SIZE)?_FIQ_STACK_SIZE:0x400
                0x0000000000000400                _UNDEF_STACK_SIZE = DEFINED (_UNDEF_STACK_SIZE)?_UNDEF_STACK_SIZE:0x400

.text           0x0000000001000000    0x22b68
 *(.vectors)
 .vectors       0x0000000001000000      0x12c C:/Users/Tom/Documents/Projects/Scopy_MVP_Platform/scopy-fpga/main/export/main/sw/main/standalone_domain/bsplib/lib\libxil.a(asm_vectors.o)
                0x0000000001000000                _vector_table
 *(.boot)
 .boot          0x000000000100012c      0x3b0 C:/Users/Tom/Documents/Projects/Scopy_MVP_Platform/scopy-fpga/main/export/main/sw/main/standalone_domain/bsplib/lib\libxil.a(boot.o)
                0x000000000100012c                _prestart
                0x000000000100012c                _boot
 *(.text)
 .text          0x00000000010004dc        0x0 g:/xilinx/vitis/2019.2/gnu/aarch32/nt/gcc-arm-none-eabi/bin/../lib/gcc/arm-none-eabi/8.2.0/thumb/v7-a+fp/hard/crti.o
 .text          0x00000000010004dc       0xa8 g:/xilinx/vitis/2019.2/gnu/aarch32/nt/gcc-arm-none-eabi/bin/../lib/gcc/arm-none-eabi/8.2.0/thumb/v7-a+fp/hard/crtbegin.o
 .text          0x0000000001000584     0x150c ./src/Collections-C/src/array.o
                0x0000000001000584                array_new
                0x0000000001000608                array_new_conf
                0x00000000010006e0                array_conf_init
                0x0000000001000718                array_destroy
                0x000000000100073c                array_destroy_cb
                0x0000000001000790                array_add
                0x000000000100083c                array_add_at
                0x00000000010009d8                array_replace_at
                0x0000000001000a1c                array_swap_at
                0x0000000001000a64                array_remove
                0x0000000001000b10                array_remove_at
                0x0000000001000b84                array_remove_last
                0x0000000001000bbc                array_remove_all
                0x0000000001000bc8                array_remove_all_free
                0x0000000001000c08                array_get_at
                0x0000000001000c28                array_get_last
                0x0000000001000c4c                array_get_buffer
                0x0000000001000c54                array_index_of
                0x0000000001000cac                array_subarray
                0x0000000001000d70                array_copy_shallow
                0x0000000001000e10                array_copy_deep
                0x0000000001000edc                array_filter_mut
                0x0000000001000fac                array_filter
                0x00000000010010bc                array_reverse
                0x0000000001001110                array_trim_capacity
                0x0000000001001188                array_contains
                0x00000000010011bc                array_contains_value
                0x0000000001001210                array_size
                0x0000000001001218                array_capacity
                0x0000000001001220                array_sort
                0x0000000001001238                array_map
                0x0000000001001274                array_reduce
                0x00000000010012f0                array_iter_init
                0x0000000001001300                array_iter_next
                0x0000000001001348                array_iter_remove
                0x00000000010013d4                array_iter_add
                0x0000000001001574                array_iter_replace
                0x00000000010015c4                array_iter_index
                0x00000000010015d0                array_zip_iter_init
                0x00000000010015e0                array_zip_iter_next
                0x0000000001001648                array_zip_iter_remove
                0x0000000001001744                array_zip_iter_add
                0x00000000010019e4                array_zip_iter_replace
                0x0000000001001a84                array_zip_iter_index
 .text          0x0000000001001a90        0x4 ./src/Collections-C/src/common.o
                0x0000000001001a90                cc_common_cmp_str
 .text          0x0000000001001a94     0x19a0 ./src/Collections-C/src/deque.o
                0x0000000001001b4c                deque_new
                0x0000000001001bd8                deque_new_conf
                0x0000000001001c8c                deque_conf_init
                0x0000000001001cb4                deque_destroy
                0x0000000001001cd8                deque_destroy_cb
                0x0000000001001d4c                deque_add
                0x0000000001001db0                deque_add_first
                0x0000000001001e90                deque_add_last
                0x0000000001001ef4                deque_add_at
                0x0000000001002180                deque_replace_at
                0x00000000010021d8                deque_remove_at
                0x00000000010023d4                deque_remove
                0x0000000001002440                deque_remove_first
                0x0000000001002490                deque_remove_last
                0x00000000010024e0                deque_remove_all
                0x00000000010024f4                deque_remove_all_cb
                0x0000000001002550                deque_get_at
                0x0000000001002594                deque_get_first
                0x00000000010025bc                deque_get_last
                0x00000000010025f4                deque_copy_shallow
                0x00000000010026cc                deque_copy_deep
                0x0000000001002810                deque_trim_capacity
                0x0000000001002900                deque_reverse
                0x000000000100295c                deque_contains
                0x00000000010029a8                deque_contains_value
                0x0000000001002a10                deque_index_of
                0x0000000001002a7c                deque_size
                0x0000000001002a84                deque_capacity
                0x0000000001002a8c                deque_get_buffer
                0x0000000001002a94                deque_foreach
                0x0000000001002ae0                deque_filter_mut
                0x0000000001002d04                deque_filter
                0x0000000001002e38                deque_iter_init
                0x0000000001002e48                deque_iter_next
                0x0000000001002eb4                deque_iter_remove
                0x00000000010030c4                deque_iter_add
                0x00000000010030e8                deque_iter_replace
                0x0000000001003148                deque_iter_index
                0x0000000001003154                deque_zip_iter_init
                0x0000000001003164                deque_zip_iter_next
                0x0000000001003210                deque_zip_iter_add
                0x00000000010032cc                deque_zip_iter_remove
                0x000000000100335c                deque_zip_iter_replace
                0x0000000001003428                deque_zip_iter_index
 .text          0x0000000001003434      0x1b0 ./src/Collections-C/src/hashset.o
                0x0000000001003434                hashset_conf_init
                0x0000000001003438                hashset_new
                0x00000000010034c4                hashset_new_conf
                0x000000000100354c                hashset_destroy
                0x000000000100356c                hashset_add
                0x0000000001003574                hashset_remove
                0x000000000100357c                hashset_remove_all
                0x0000000001003584                hashset_contains
                0x000000000100358c                hashset_size
                0x0000000001003594                hashset_capacity
                0x000000000100359c                hashset_foreach
                0x00000000010035a4                hashset_iter_init
                0x00000000010035ac                hashset_iter_next
                0x00000000010035e0                hashset_iter_remove
 .text          0x00000000010035e4      0xde0 ./src/Collections-C/src/hashtable.o
                0x00000000010035e4                hashtable_hash_string
                0x0000000001003618                hashtable_new
                0x00000000010036d4                hashtable_new_conf
                0x00000000010037c0                hashtable_conf_init
                0x0000000001003820                hashtable_destroy
                0x000000000100388c                hashtable_add
                0x0000000001003a94                hashtable_get
                0x0000000001003b54                hashtable_remove
                0x0000000001003cc8                hashtable_remove_all
                0x0000000001003d3c                hashtable_size
                0x0000000001003d44                hashtable_capacity
                0x0000000001003d4c                hashtable_contains_key
                0x0000000001003dc0                hashtable_get_values
                0x0000000001003e84                hashtable_get_keys
                0x0000000001003f48                hashtable_foreach_key
                0x0000000001003f9c                hashtable_foreach_value
                0x0000000001003ff0                hashtable_iter_init
                0x0000000001004050                hashtable_iter_next
                0x00000000010040e4                hashtable_iter_remove
                0x00000000010040f8                hashtable_hash
                0x0000000001004360                hashtable_hash_ptr
 .text          0x00000000010043c4     0x2068 ./src/Collections-C/src/list.o
                0x0000000001004724                list_conf_init
                0x0000000001004744                list_new
                0x0000000001004798                list_new_conf
                0x00000000010047dc                list_destroy
                0x0000000001004894                list_destroy_cb
                0x000000000100499c                list_add
                0x00000000010049f8                list_add_first
                0x0000000001004a58                list_add_last
                0x0000000001004ab4                list_add_at
                0x0000000001004b9c                list_add_all
                0x0000000001004c80                list_add_all_at
                0x0000000001004cb8                list_splice
                0x0000000001004d7c                list_splice_at
                0x0000000001004f04                list_remove
                0x0000000001004f88                list_remove_at
                0x0000000001005040                list_remove_first
                0x00000000010050b4                list_remove_last
                0x0000000001005128                list_remove_all
                0x00000000010051d0                list_remove_all_cb
                0x00000000010052d8                list_replace_at
                0x0000000001005364                list_get_first
                0x0000000001005384                list_get_last
                0x00000000010053a4                list_get_at
                0x000000000100541c                list_reverse
                0x000000000100550c                list_sublist
                0x0000000001005704                list_copy_shallow
                0x0000000001005870                list_copy_deep
                0x00000000010059e8                list_to_array
                0x0000000001005a5c                list_contains
                0x0000000001005a90                list_contains_value
                0x0000000001005ae0                list_index_of
                0x0000000001005b38                list_size
                0x0000000001005b40                list_sort
                0x0000000001005bf8                list_sort_in_place
                0x0000000001005c08                list_foreach
                0x0000000001005c34                list_filter_mut
                0x0000000001005cc8                list_filter
                0x0000000001005da4                list_iter_init
                0x0000000001005dc0                list_iter_remove
                0x0000000001005e44                list_iter_add
                0x0000000001005ee8                list_iter_replace
                0x0000000001005f14                list_iter_index
                0x0000000001005f20                list_iter_next
                0x0000000001005f64                list_diter_init
                0x0000000001005f84                list_diter_add
                0x0000000001006018                list_diter_remove
                0x000000000100609c                list_diter_replace
                0x00000000010060c8                list_diter_index
                0x00000000010060d4                list_diter_next
                0x0000000001006118                list_zip_iter_init
                0x0000000001006148                list_zip_iter_next
                0x00000000010061b4                list_zip_iter_add
                0x00000000010062f4                list_zip_iter_remove
                0x00000000010063d0                list_zip_iter_replace
                0x0000000001006420                list_zip_iter_index
 .text          0x000000000100642c      0x4e0 ./src/Collections-C/src/pqueue.o
                0x000000000100642c                pqueue_conf_init
                0x0000000001006468                pqueue_new
                0x00000000010064f4                pqueue_new_conf
                0x00000000010065dc                pqueue_destroy
                0x0000000001006600                pqueue_destroy_cb
                0x0000000001006654                pqueue_push
                0x0000000001006770                pqueue_top
                0x0000000001006790                pqueue_pop
 .text          0x000000000100690c      0x184 ./src/Collections-C/src/queue.o
                0x000000000100690c                queue_conf_init
                0x0000000001006910                queue_new
                0x0000000001006990                queue_new_conf
                0x0000000001006a08                queue_destroy
                0x0000000001006a28                queue_destroy_cb
                0x0000000001006a44                queue_peek
                0x0000000001006a4c                queue_poll
                0x0000000001006a54                queue_enqueue
                0x0000000001006a5c                queue_size
                0x0000000001006a64                queue_foreach
                0x0000000001006a6c                queue_iter_init
                0x0000000001006a74                queue_iter_next
                0x0000000001006a78                queue_iter_replace
                0x0000000001006a7c                queue_zip_iter_init
                0x0000000001006a88                queue_zip_iter_next
                0x0000000001006a8c                queue_zip_iter_replace
 .text          0x0000000001006a90      0x258 ./src/Collections-C/src/ring_buffer.o
                0x0000000001006a90                rbuf_new
                0x0000000001006b20                rbuf_conf_new
                0x0000000001006bb4                rbuf_conf_init
                0x0000000001006bdc                rbuf_destroy
                0x0000000001006c00                rbuf_is_empty
                0x0000000001006c10                rbuf_size
                0x0000000001006c18                rbuf_enqueue
                0x0000000001006c80                rbuf_dequeue
                0x0000000001006cd8                rbuf_peek
 .text          0x0000000001006ce8     0x16e0 ./src/Collections-C/src/slist.o
                0x0000000001006ce8                slist_conf_init
                0x0000000001006d08                slist_new
                0x0000000001006d5c                slist_new_conf
                0x0000000001006da0                slist_destroy
                0x0000000001006dfc                slist_destroy_cb
                0x0000000001006e94                slist_add
                0x0000000001006eec                slist_add_first
                0x0000000001006f48                slist_add_last
                0x0000000001006fa0                slist_add_at
                0x0000000001007054                slist_add_all
                0x0000000001007138                slist_add_all_at
                0x0000000001007260                slist_splice
                0x00000000010072b8                slist_splice_at
                0x0000000001007358                slist_remove
                0x000000000100741c                slist_remove_at
                0x00000000010074c0                slist_remove_first
                0x0000000001007520                slist_remove_last
                0x00000000010075c4                slist_remove_all
                0x0000000001007620                slist_remove_all_cb
                0x00000000010076b8                slist_replace_at
                0x0000000001007704                slist_get_first
                0x0000000001007724                slist_get_last
                0x0000000001007744                slist_get_at
                0x0000000001007788                slist_size
                0x0000000001007790                slist_reverse
                0x00000000010077d4                slist_sublist
                0x00000000010079ac                slist_copy_shallow
                0x0000000001007ad0                slist_copy_deep
                0x0000000001007bfc                slist_contains
                0x0000000001007c30                slist_contains_value
                0x0000000001007c80                slist_index_of
                0x0000000001007cd0                slist_to_array
                0x0000000001007d34                slist_sort
                0x0000000001007de8                slist_foreach
                0x0000000001007e14                slist_filter
                0x0000000001007ee8                slist_filter_mut
                0x0000000001007f70                slist_iter_init
                0x0000000001007f8c                slist_iter_remove
                0x0000000001008018                slist_iter_add
                0x0000000001008088                slist_iter_replace
                0x00000000010080b4                slist_iter_next
                0x0000000001008104                slist_iter_index
                0x0000000001008110                slist_zip_iter_init
                0x0000000001008140                slist_zip_iter_next
                0x00000000010081bc                slist_zip_iter_add
                0x0000000001008290                slist_zip_iter_remove
                0x000000000100836c                slist_zip_iter_replace
                0x00000000010083bc                slist_zip_iter_index
 .text          0x00000000010083c8      0x194 ./src/Collections-C/src/stack.o
                0x00000000010083c8                stack_conf_init
                0x00000000010083cc                stack_new
                0x0000000001008454                stack_new_conf
                0x00000000010084d4                stack_destroy
                0x00000000010084f4                stack_destroy_cb
                0x0000000001008510                stack_push
                0x0000000001008518                stack_peek
                0x0000000001008520                stack_pop
                0x0000000001008528                stack_size
                0x0000000001008530                stack_map
                0x0000000001008538                stack_iter_init
                0x0000000001008540                stack_iter_next
                0x0000000001008544                stack_iter_replace
                0x0000000001008548                stack_zip_iter_init
                0x0000000001008554                stack_zip_iter_next
                0x0000000001008558                stack_zip_iter_replace
 .text          0x000000000100855c      0x22c ./src/Collections-C/src/treeset.o
                0x000000000100855c                treeset_conf_init
                0x0000000001008560                treeset_new
                0x00000000010085f4                treeset_new_conf
                0x000000000100867c                treeset_destroy
                0x000000000100869c                treeset_add
                0x00000000010086a4                treeset_remove
                0x00000000010086c0                treeset_remove_all
                0x00000000010086c8                treeset_get_first
                0x00000000010086e4                treeset_get_last
                0x0000000001008700                treeset_get_greater_than
                0x000000000100871c                treeset_get_lesser_than
                0x0000000001008738                treeset_contains
                0x0000000001008740                treeset_size
                0x0000000001008748                treeset_foreach
                0x0000000001008750                treeset_iter_init
                0x0000000001008758                treeset_iter_next
                0x0000000001008784                treeset_iter_remove
 .text          0x0000000001008788     0x1ec0 ./src/Collections-C/src/treetable.o
                0x0000000001008d08                treetable_conf_init
                0x0000000001008d30                treetable_new
                0x0000000001008dc4                treetable_new_conf
                0x0000000001008e5c                treetable_destroy
                0x0000000001009470                treetable_get
                0x00000000010094ec                treetable_get_first_value
                0x0000000001009520                treetable_get_last_value
                0x0000000001009554                treetable_get_first_key
                0x0000000001009588                treetable_get_last_key
                0x00000000010095bc                treetable_get_greater_than
                0x00000000010096b4                treetable_get_lesser_than
                0x00000000010097a8                treetable_size
                0x00000000010097b0                treetable_contains_key
                0x0000000001009824                treetable_contains_value
                0x00000000010098dc                treetable_add
                0x0000000001009bd8                treetable_remove
                0x0000000001009c68                treetable_remove_first
                0x0000000001009cb4                treetable_remove_last
                0x0000000001009cec                treetable_remove_all
                0x000000000100a2f4                treetable_foreach_key
                0x000000000100a3a0                treetable_foreach_value
                0x000000000100a44c                treetable_iter_init
                0x000000000100a47c                treetable_iter_next
                0x000000000100a520                treetable_iter_remove
                0x000000000100a564                treetable_assert_rb_rules
 .text          0x000000000100a648      0x32c ./src/acq_hacks.o
                0x000000000100a648                acq_hacks_init
                0x000000000100a64c                acq_hacks_run
 *fill*         0x000000000100a974        0x4 
 .text          0x000000000100a978     0x1f7c ./src/acquire.o
                0x000000000100a978                _acq_irq_fifo_gen_rst
                0x000000000100aafc                _acq_irq_error_dma
                0x000000000100ab50                _acq_reset_PL_fifo
                0x000000000100ab7c                _acq_reset_trigger
                0x000000000100aba8                _acq_wait_for_ndone
                0x000000000100abc0                _acq_fast_dma_start
                0x000000000100abe8                _acq_core_dma_start
                0x000000000100ac40                acq_write_training
                0x000000000100acf8                acq_init
                0x000000000100aebc                acq_get_next_alloc
                0x000000000100af74                acq_append_next_alloc
                0x000000000100b0ac                acq_free_all_alloc
                0x000000000100b0f8                acq_dealloc_rewind
                0x000000000100b14c                acq_prepare_triggered
                0x000000000100b534                acq_start
                0x000000000100b668                acq_is_done
                0x000000000100b684                acq_force_stop
                0x000000000100b6f0                acq_debug_dump
                0x000000000100bd30                _acq_irq_rx_handler
                0x000000000100c368                acq_debug_dump_waveraw
                0x000000000100c408                acq_get_ll_pointer
                0x000000000100c470                acq_debug_dump_wave
                0x000000000100c748                acq_copy_slow_mipi
 *fill*         0x000000000100c8f4        0x4 
 .text          0x000000000100c8f8      0x6d0 ./src/clkwiz_interface.o
                0x000000000100c8f8                clkwiz_init
                0x000000000100c9cc                clkwiz_change_mipi_freq
                0x000000000100ccbc                clkwiz_dump_state
                0x000000000100cf34                clkwiz_commit
 .text          0x000000000100cfc8        0x0 ./src/demo_norway.o
 .text          0x000000000100cfc8      0x328 ./src/fabric_config.o
                0x000000000100cfc8                fabcfg_dump_state
                0x000000000100d18c                fabcfg_init
 .text          0x000000000100d2f0      0xe48 ./src/hal.o
                0x000000000100d2f0                irq_xscutimer
                0x000000000100d5b0                d_xilinx_assert
                0x000000000100d5c8                bogo_calibrate
                0x000000000100d770                bogo_delay
                0x000000000100d7d4                d_printf
                0x000000000100d9a8                hal_init
                0x000000000100dea8                d_waitkey
                0x000000000100deb4                d_iskeypress
                0x000000000100ded4                d_getkey
                0x000000000100def4                d_read_global_timer
                0x000000000100df1c                d_start_timing
                0x000000000100df8c                d_stop_timing
                0x000000000100e00c                d_read_timing
                0x000000000100e030                d_read_timing_us
                0x000000000100e0a8                d_dump_timing
                0x000000000100e128                d_dump_timing_ex
 .text          0x000000000100e138        0x0 ./src/main.o
 .text          0x000000000100e138      0x2c8 ./src/mipi_csi_hacks.o
                0x000000000100e138                csi_hack_init
                0x000000000100e278                csi_hack_start_frame
                0x000000000100e308                csi_hack_stop_frame
                0x000000000100e364                csi_hack_send_line_data
 .text          0x000000000100e400       0x14 ./src/platform.o
                0x000000000100e400                enable_caches
                0x000000000100e404                disable_caches
                0x000000000100e408                init_uart
                0x000000000100e40c                init_platform
                0x000000000100e410                cleanup_platform
 .text          0x000000000100e414      0xf2c ./src/spi.o
                0x000000000100e434                spi_isr_handler
                0x000000000100eb44                spi_reset_hw
                0x000000000100eb78                spi_crc_lut_gen
                0x000000000100ec00                spi_command_lut_gen
                0x000000000100ecc8                spi_init
                0x000000000100f024                spi_transmit_packet_nonblock
                0x000000000100f0e0                spi_command_find_free_slot
                0x000000000100f150                spi_command_pack_response_simple
                0x000000000100f1e0                spi_command_tick
 .text          0x000000000100f340       0x48 ./src/spi_commands.o
                0x000000000100f340                spicmd_hello
                0x000000000100f378                spicmd_version
 .text          0x000000000100f388      0x6c4 ./src/trigger.o
                0x000000000100f388                trig_zero_levels
                0x000000000100f3bc                trig_write_levels
                0x000000000100f50c                trig_configure_always
                0x000000000100f54c                trig_configure_edge
                0x000000000100f790                trig_configure_holdoff
                0x000000000100f80c                trig_dump_state
                0x000000000100f9b8                trig_init
 .text          0x000000000100fa4c      0x91c C:/Users/Tom/Documents/Projects/Scopy_MVP_Platform/scopy-fpga/main/export/main/sw/main/standalone_domain/bsplib/lib\libxil.a(xaxidma.o)
                0x000000000100fa4c                XAxiDma_Reset
                0x000000000100fb60                XAxiDma_ResetIsDone
                0x000000000100fbac                XAxiDma_CfgInitialize
                0x000000000100fde8                XAxiDma_Pause
                0x000000000100fe98                XAxiDma_Resume
                0x0000000001010150                XAxiDma_Busy
                0x000000000101016c                XAxiDma_SelectKeyHole
                0x0000000001010194                XAxiDma_SelectCyclicMode
                0x00000000010101bc                XAxiDma_SimpleTransfer
 .text          0x0000000001010368       0x60 C:/Users/Tom/Documents/Projects/Scopy_MVP_Platform/scopy-fpga/main/export/main/sw/main/standalone_domain/bsplib/lib\libxil.a(xaxidma_sinit.o)
                0x0000000001010368                XAxiDma_LookupConfig
                0x0000000001010398                XAxiDma_LookupConfigBaseAddr
 .text          0x00000000010103c8      0xfd4 C:/Users/Tom/Documents/Projects/Scopy_MVP_Platform/scopy-fpga/main/export/main/sw/main/standalone_domain/bsplib/lib\libxil.a(xaxidma_bdring.o)
                0x00000000010103c8                XAxiDma_UpdateBdRingCDesc
                0x000000000101054c                XAxiDma_BdRingCreate
                0x0000000001010764                XAxiDma_BdRingClone
                0x000000000101089c                XAxiDma_StartBdRingHw
                0x00000000010109c8                XAxiDma_BdRingStart
                0x0000000001010a1c                XAxiDma_BdRingSetCoalesce
                0x0000000001010a90                XAxiDma_BdRingGetCoalesce
                0x0000000001010aac                XAxiDma_BdRingAlloc
                0x0000000001010b4c                XAxiDma_BdRingUnAlloc
                0x0000000001010c24                XAxiDma_BdRingToHw
                0x0000000001010ec4                XAxiDma_BdRingFromHw
                0x0000000001011018                XAxiDma_BdRingFree
                0x00000000010110cc                XAxiDma_BdRingCheck
                0x00000000010112e4                XAxiDma_BdRingDumpRegs
 .text          0x000000000101139c        0x0 C:/Users/Tom/Documents/Projects/Scopy_MVP_Platform/scopy-fpga/main/export/main/sw/main/standalone_domain/bsplib/lib\libxil.a(xaxidma_g.o)
 .text          0x000000000101139c      0x150 C:/Users/Tom/Documents/Projects/Scopy_MVP_Platform/scopy-fpga/main/export/main/sw/main/standalone_domain/bsplib/lib\libxil.a(xclk_wiz.o)
                0x00000000010113c4                XClk_Wiz_CfgInitialize
                0x000000000101148c                XClk_Wiz_GetInterruptSettings
 .text          0x00000000010114ec       0x1c C:/Users/Tom/Documents/Projects/Scopy_MVP_Platform/scopy-fpga/main/export/main/sw/main/standalone_domain/bsplib/lib\libxil.a(xclk_wiz_sinit.o)
                0x00000000010114ec                XClk_Wiz_LookupConfig
 .text          0x0000000001011508      0xcd8 C:/Users/Tom/Documents/Projects/Scopy_MVP_Platform/scopy-fpga/main/export/main/sw/main/standalone_domain/bsplib/lib\libxil.a(xgpiops.o)
                0x0000000001011508                XGpioPs_CfgInitialize
                0x0000000001011684                XGpioPs_Read
                0x0000000001011738                XGpioPs_Write
                0x00000000010117e0                XGpioPs_SetDirection
                0x000000000101188c                XGpioPs_GetDirection
                0x0000000001011944                XGpioPs_SetOutputEnable
                0x00000000010119f0                XGpioPs_GetOutputEnable
                0x0000000001011aa8                XGpioPs_GetBankPin
                0x0000000001011be4                XGpioPs_ReadPin
                0x0000000001011cc8                XGpioPs_WritePin
                0x0000000001011dc8                XGpioPs_SetDirectionPin
                0x0000000001011eec                XGpioPs_GetDirectionPin
                0x0000000001011fd4                XGpioPs_SetOutputEnablePin
                0x00000000010120f8                XGpioPs_GetOutputEnablePin
 .text          0x00000000010121e0       0x1c C:/Users/Tom/Documents/Projects/Scopy_MVP_Platform/scopy-fpga/main/export/main/sw/main/standalone_domain/bsplib/lib\libxil.a(xgpiops_sinit.o)
                0x00000000010121e0                XGpioPs_LookupConfig
 .text          0x00000000010121fc      0xdd4 C:/Users/Tom/Documents/Projects/Scopy_MVP_Platform/scopy-fpga/main/export/main/sw/main/standalone_domain/bsplib/lib\libxil.a(xgpiops_intr.o)
                0x00000000010121fc                XGpioPs_IntrEnable
                0x00000000010122a8                XGpioPs_IntrEnablePin
                0x0000000001012384                XGpioPs_IntrDisable
                0x0000000001012430                XGpioPs_IntrDisablePin
                0x000000000101250c                XGpioPs_IntrGetEnabled
                0x00000000010125c8                XGpioPs_IntrGetEnabledPin
                0x00000000010126b0                XGpioPs_IntrGetStatus
                0x0000000001012768                XGpioPs_IntrGetStatusPin
                0x0000000001012850                XGpioPs_IntrClear
                0x00000000010128fc                XGpioPs_IntrClearPin
                0x00000000010129dc                XGpioPs_SetIntrType
                0x0000000001012aa4                XGpioPs_GetIntrType
                0x0000000001012b78                XGpioPs_SetIntrTypePin
                0x0000000001012d18                XGpioPs_GetIntrTypePin
                0x0000000001012e24                XGpioPs_SetCallbackHandler
                0x0000000001012ec4                XGpioPs_IntrHandler
                0x0000000001012fa8                StubHandler
 .text          0x0000000001012fd0        0x0 C:/Users/Tom/Documents/Projects/Scopy_MVP_Platform/scopy-fpga/main/export/main/sw/main/standalone_domain/bsplib/lib\libxil.a(xgpiops_g.o)
 .text          0x0000000001012fd0       0x78 C:/Users/Tom/Documents/Projects/Scopy_MVP_Platform/scopy-fpga/main/export/main/sw/main/standalone_domain/bsplib/lib\libxil.a(xscugic_intr.o)
                0x0000000001012fd0                XScuGic_InterruptHandler
 .text          0x0000000001013048      0xaf4 C:/Users/Tom/Documents/Projects/Scopy_MVP_Platform/scopy-fpga/main/export/main/sw/main/standalone_domain/bsplib/lib\libxil.a(xscugic.o)
                0x0000000001013098                XScuGic_Connect
                0x000000000101316c                XScuGic_Disconnect
                0x0000000001013238                XScuGic_SoftwareIntr
                0x000000000101331c                XScuGic_SetPriorityTriggerType
                0x0000000001013454                XScuGic_GetPriorityTriggerType
                0x0000000001013580                XScuGic_InterruptMaptoCpu
                0x00000000010135f4                XScuGic_Enable
                0x00000000010136c8                XScuGic_InterruptUnmapFromCpu
                0x000000000101373c                XScuGic_Disable
                0x0000000001013810                XScuGic_UnmapAllInterruptsFromCpu
                0x000000000101388c                XScuGic_Stop
                0x0000000001013968                XScuGic_CfgInitialize
                0x0000000001013adc                XScuGic_SetCpuID
                0x0000000001013b2c                XScuGic_GetCpuID
 .text          0x0000000001013b3c       0x1c C:/Users/Tom/Documents/Projects/Scopy_MVP_Platform/scopy-fpga/main/export/main/sw/main/standalone_domain/bsplib/lib\libxil.a(xscugic_sinit.o)
                0x0000000001013b3c                XScuGic_LookupConfig
 .text          0x0000000001013b58       0xb4 C:/Users/Tom/Documents/Projects/Scopy_MVP_Platform/scopy-fpga/main/export/main/sw/main/standalone_domain/bsplib/lib\libxil.a(xscugic_selftest.o)
                0x0000000001013b58                XScuGic_SelfTest
 .text          0x0000000001013c0c      0x2d8 C:/Users/Tom/Documents/Projects/Scopy_MVP_Platform/scopy-fpga/main/export/main/sw/main/standalone_domain/bsplib/lib\libxil.a(xscutimer.o)
                0x0000000001013c0c                XScuTimer_CfgInitialize
                0x0000000001013cbc                XScuTimer_Start
                0x0000000001013d4c                XScuTimer_Stop
                0x0000000001013dd4                XScuTimer_SetPrescaler
                0x0000000001013e5c                XScuTimer_GetPrescaler
 .text          0x0000000001013ee4       0xbc C:/Users/Tom/Documents/Projects/Scopy_MVP_Platform/scopy-fpga/main/export/main/sw/main/standalone_domain/bsplib/lib\libxil.a(xscutimer_selftest.o)
                0x0000000001013ee4                XScuTimer_SelfTest
 .text          0x0000000001013fa0       0x1c C:/Users/Tom/Documents/Projects/Scopy_MVP_Platform/scopy-fpga/main/export/main/sw/main/standalone_domain/bsplib/lib\libxil.a(xscutimer_sinit.o)
                0x0000000001013fa0                XScuTimer_LookupConfig
 .text          0x0000000001013fbc        0x0 C:/Users/Tom/Documents/Projects/Scopy_MVP_Platform/scopy-fpga/main/export/main/sw/main/standalone_domain/bsplib/lib\libxil.a(xscutimer_g.o)
 .text          0x0000000001013fbc      0xaf0 C:/Users/Tom/Documents/Projects/Scopy_MVP_Platform/scopy-fpga/main/export/main/sw/main/standalone_domain/bsplib/lib\libxil.a(xspips.o)
                0x0000000001013fe4                XSpiPs_Transfer
                0x00000000010141c4                XSpiPs_PolledTransfer
                0x0000000001014448                XSpiPs_SetSlaveSelect
                0x0000000001014528                XSpiPs_GetSlaveSelect
                0x00000000010145d0                XSpiPs_SetStatusHandler
                0x0000000001014670                XSpiPs_Abort
                0x00000000010146cc                XSpiPs_Reset
                0x0000000001014750                XSpiPs_CfgInitialize
                0x0000000001014820                XSpiPs_InterruptHandler
 .text          0x0000000001014aac       0x1c C:/Users/Tom/Documents/Projects/Scopy_MVP_Platform/scopy-fpga/main/export/main/sw/main/standalone_domain/bsplib/lib\libxil.a(xspips_sinit.o)
                0x0000000001014aac                XSpiPs_LookupConfig
 .text          0x0000000001014ac8        0x0 C:/Users/Tom/Documents/Projects/Scopy_MVP_Platform/scopy-fpga/main/export/main/sw/main/standalone_domain/bsplib/lib\libxil.a(xspips_g.o)
 .text          0x0000000001014ac8      0x16c C:/Users/Tom/Documents/Projects/Scopy_MVP_Platform/scopy-fpga/main/export/main/sw/main/standalone_domain/bsplib/lib\libxil.a(xspips_selftest.o)
                0x0000000001014ac8                XSpiPs_SelfTest
 .text          0x0000000001014c34       0x70 C:/Users/Tom/Documents/Projects/Scopy_MVP_Platform/scopy-fpga/main/export/main/sw/main/standalone_domain/bsplib/lib\libxil.a(xil_assert.o)
                0x0000000001014c34                Xil_Assert
                0x0000000001014c90                Xil_AssertSetCallback
                0x0000000001014ca0                XNullHandler
 .text          0x0000000001014ca4       0x28 C:/Users/Tom/Documents/Projects/Scopy_MVP_Platform/scopy-fpga/main/export/main/sw/main/standalone_domain/bsplib/lib\libxil.a(print.o)
                0x0000000001014ca4                print
 .text          0x0000000001014ccc      0x96c C:/Users/Tom/Documents/Projects/Scopy_MVP_Platform/scopy-fpga/main/export/main/sw/main/standalone_domain/bsplib/lib\libxil.a(xil_cache.o)
                0x0000000001014ccc                Xil_DCacheInvalidateLine
                0x0000000001014d04                Xil_DCacheInvalidateRange
                0x0000000001014dec                Xil_DCacheFlushLine
                0x0000000001014e38                Xil_DCacheFlushRange
                0x0000000001014e8c                Xil_DCacheStoreLine
                0x0000000001014ec4                Xil_ICacheInvalidateLine
                0x0000000001014efc                Xil_ICacheInvalidateRange
                0x0000000001014f54                Xil_L1DCacheInvalidate
                0x0000000001015008                Xil_L1DCacheEnable
                0x0000000001015028                Xil_L1DCacheInvalidateLine
                0x0000000001015040                Xil_L1DCacheInvalidateRange
                0x0000000001015088                Xil_L1DCacheFlush
                0x0000000001015114                Xil_L1DCacheDisable
                0x000000000101512c                Xil_DCacheFlush
                0x0000000001015188                Xil_L1DCacheFlushLine
                0x00000000010151a0                Xil_L1DCacheFlushRange
                0x00000000010151e8                Xil_L1DCacheStoreLine
                0x0000000001015200                Xil_L1ICacheEnable
                0x000000000101521c                Xil_L1ICacheDisable
                0x0000000001015238                Xil_L1ICacheInvalidate
                0x0000000001015250                Xil_L1ICacheInvalidateLine
                0x0000000001015268                Xil_L1ICacheInvalidateRange
                0x00000000010152b0                Xil_L2CacheDisable
                0x0000000001015324                Xil_DCacheDisable
                0x0000000001015340                Xil_ICacheDisable
                0x0000000001015364                Xil_L2CacheInvalidate
                0x00000000010153d0                Xil_DCacheInvalidate
                0x00000000010153f0                Xil_ICacheInvalidate
                0x0000000001015478                Xil_L2CacheEnable
                0x0000000001015490                Xil_DCacheEnable
                0x00000000010154b4                Xil_ICacheEnable
                0x00000000010154e4                Xil_L2CacheInvalidateLine
                0x00000000010154f8                Xil_L2CacheInvalidateRange
                0x0000000001015560                Xil_L2CacheFlush
                0x00000000010155a4                Xil_L2CacheFlushLine
                0x00000000010155bc                Xil_L2CacheFlushRange
                0x0000000001015624                Xil_L2CacheStoreLine
 .text          0x0000000001015638       0x10 C:/Users/Tom/Documents/Projects/Scopy_MVP_Platform/scopy-fpga/main/export/main/sw/main/standalone_domain/bsplib/lib\libxil.a(outbyte.o)
                0x0000000001015638                outbyte
 .text          0x0000000001015648        0x8 C:/Users/Tom/Documents/Projects/Scopy_MVP_Platform/scopy-fpga/main/export/main/sw/main/standalone_domain/bsplib/lib\libxil.a(xplatform_info.o)
                0x0000000001015648                XGetPlatform_Info
 .text          0x0000000001015650      0x6c0 C:/Users/Tom/Documents/Projects/Scopy_MVP_Platform/scopy-fpga/main/export/main/sw/main/standalone_domain/bsplib/lib\libxil.a(xil_printf.o)
                0x0000000001015884                xil_printf
 .text          0x0000000001015d10       0xe4 C:/Users/Tom/Documents/Projects/Scopy_MVP_Platform/scopy-fpga/main/export/main/sw/main/standalone_domain/bsplib/lib\libxil.a(xil_exception.o)
                0x0000000001015d14                Xil_DataAbortHandler
                0x0000000001015d44                Xil_PrefetchAbortHandler
                0x0000000001015d74                Xil_UndefinedExceptionHandler
                0x0000000001015d94                Xil_ExceptionInit
                0x0000000001015d98                Xil_ExceptionRegisterHandler
                0x0000000001015db0                Xil_GetExceptionRegisterHandler
                0x0000000001015dd0                Xil_ExceptionRemoveHandler
 .text          0x0000000001015df4        0x0 C:/Users/Tom/Documents/Projects/Scopy_MVP_Platform/scopy-fpga/main/export/main/sw/main/standalone_domain/bsplib/lib\libxil.a(asm_vectors.o)
 .text          0x0000000001015df4       0x88 C:/Users/Tom/Documents/Projects/Scopy_MVP_Platform/scopy-fpga/main/export/main/sw/main/standalone_domain/bsplib/lib\libxil.a(xuartps_hw.o)
                0x0000000001015df4                XUartPs_SendByte
                0x0000000001015e0c                XUartPs_RecvByte
                0x0000000001015e28                XUartPs_ResetHw
 .text          0x0000000001015e7c        0x0 C:/Users/Tom/Documents/Projects/Scopy_MVP_Platform/scopy-fpga/main/export/main/sw/main/standalone_domain/bsplib/lib\libxil.a(xclk_wiz_g.o)
 .text          0x0000000001015e7c        0x0 C:/Users/Tom/Documents/Projects/Scopy_MVP_Platform/scopy-fpga/main/export/main/sw/main/standalone_domain/bsplib/lib\libxil.a(xscugic_g.o)
 .text          0x0000000001015e7c      0x448 C:/Users/Tom/Documents/Projects/Scopy_MVP_Platform/scopy-fpga/main/export/main/sw/main/standalone_domain/bsplib/lib\libxil.a(xspips_options.o)
                0x0000000001015e7c                XSpiPs_SetOptions
                0x0000000001015f80                XSpiPs_GetOptions
                0x0000000001016034                XSpiPs_SetClkPrescaler
                0x00000000010160f4                XSpiPs_GetClkPrescaler
                0x000000000101617c                XSpiPs_SetDelays
                0x0000000001016228                XSpiPs_GetDelays
 .text          0x00000000010162c4       0x78 C:/Users/Tom/Documents/Projects/Scopy_MVP_Platform/scopy-fpga/main/export/main/sw/main/standalone_domain/bsplib/lib\libxil.a(vectors.o)
                0x00000000010162c4                FIQInterrupt
                0x00000000010162d8                IRQInterrupt
                0x00000000010162ec                UndefinedException
                0x0000000001016300                SWInterrupt
                0x0000000001016314                DataAbortInterrupt
                0x0000000001016328                PrefetchAbortInterrupt
 .text          0x000000000101633c        0x0 C:/Users/Tom/Documents/Projects/Scopy_MVP_Platform/scopy-fpga/main/export/main/sw/main/standalone_domain/bsplib/lib\libxil.a(boot.o)
 .text          0x000000000101633c       0x78 C:/Users/Tom/Documents/Projects/Scopy_MVP_Platform/scopy-fpga/main/export/main/sw/main/standalone_domain/bsplib/lib\libxil.a(xil-crt0.o)
                0x0000000001016350                _start
 .text          0x00000000010163b4        0x0 C:/Users/Tom/Documents/Projects/Scopy_MVP_Platform/scopy-fpga/main/export/main/sw/main/standalone_domain/bsplib/lib\libxil.a(translation_table.o)
 .text          0x00000000010163b4       0x3c C:/Users/Tom/Documents/Projects/Scopy_MVP_Platform/scopy-fpga/main/export/main/sw/main/standalone_domain/bsplib/lib\libxil.a(cpu_init.o)
                0x00000000010163b4                __cpu_init
 .text          0x00000000010163f0       0x4c C:/Users/Tom/Documents/Projects/Scopy_MVP_Platform/scopy-fpga/main/export/main/sw/main/standalone_domain/bsplib/lib\libxil.a(xtime_l.o)
                0x00000000010163f0                XTime_SetTime
                0x0000000001016414                XTime_GetTime
 *fill*         0x000000000101643c        0x4 
 .text          0x0000000001016440      0x278 g:/xilinx/vitis/2019.2/gnu/aarch32/nt/gcc-arm-none-eabi/bin/../lib/gcc/arm-none-eabi/8.2.0/thumb/v7-a+fp/hard\libgcc.a(_udivsi3.o)
                0x0000000001016440                __aeabi_uidiv
                0x0000000001016440                __udivsi3
                0x000000000101669c                __aeabi_uidivmod
 .text          0x00000000010166b8      0x2b0 g:/xilinx/vitis/2019.2/gnu/aarch32/nt/gcc-arm-none-eabi/bin/../lib/gcc/arm-none-eabi/8.2.0/thumb/v7-a+fp/hard\libgcc.a(_divsi3.o)
                0x00000000010166b8                __divsi3
                0x00000000010166b8                __aeabi_idiv
                0x000000000101694c                __aeabi_idivmod
 .text          0x0000000001016968        0x4 g:/xilinx/vitis/2019.2/gnu/aarch32/nt/gcc-arm-none-eabi/bin/../lib/gcc/arm-none-eabi/8.2.0/thumb/v7-a+fp/hard\libgcc.a(_dvmd_tls.o)
                0x0000000001016968                __aeabi_idiv0
                0x0000000001016968                __aeabi_ldiv0
 .text          0x000000000101696c      0x378 g:/xilinx/vitis/2019.2/gnu/aarch32/nt/gcc-arm-none-eabi/bin/../lib/gcc/arm-none-eabi/8.2.0/thumb/v7-a+fp/hard\libgcc.a(_arm_addsubdf3.o)
                0x000000000101696c                __aeabi_drsub
                0x0000000001016974                __aeabi_dsub
                0x0000000001016974                __subdf3
                0x0000000001016978                __aeabi_dadd
                0x0000000001016978                __adddf3
                0x0000000001016bf0                __floatunsidf
                0x0000000001016bf0                __aeabi_ui2d
                0x0000000001016c10                __floatsidf
                0x0000000001016c10                __aeabi_i2d
                0x0000000001016c34                __aeabi_f2d
                0x0000000001016c34                __extendsfdf2
                0x0000000001016c78                __floatundidf
                0x0000000001016c78                __aeabi_ul2d
                0x0000000001016c88                __floatdidf
                0x0000000001016c88                __aeabi_l2d
 .text          0x0000000001016ce4      0x21c g:/xilinx/vitis/2019.2/gnu/aarch32/nt/gcc-arm-none-eabi/bin/../lib/gcc/arm-none-eabi/8.2.0/thumb/v7-a+fp/hard\libgcc.a(_arm_addsubsf3.o)
                0x0000000001016ce4                __aeabi_frsub
                0x0000000001016cec                __subsf3
                0x0000000001016cec                __aeabi_fsub
                0x0000000001016cf0                __aeabi_fadd
                0x0000000001016cf0                __addsf3
                0x0000000001016e50                __aeabi_ui2f
                0x0000000001016e50                __floatunsisf
                0x0000000001016e58                __aeabi_i2f
                0x0000000001016e58                __floatsisf
                0x0000000001016e74                __aeabi_ul2f
                0x0000000001016e74                __floatundisf
                0x0000000001016e84                __aeabi_l2f
                0x0000000001016e84                __floatdisf
 .text          0x0000000001016f00       0x30 g:/xilinx/vitis/2019.2/gnu/aarch32/nt/gcc-arm-none-eabi/bin/../lib/gcc/arm-none-eabi/8.2.0/thumb/v7-a+fp/hard\libgcc.a(_aeabi_uldivmod.o)
                0x0000000001016f00                __aeabi_uldivmod
 .text          0x0000000001016f30       0x40 g:/xilinx/vitis/2019.2/gnu/aarch32/nt/gcc-arm-none-eabi/bin/../lib/gcc/arm-none-eabi/8.2.0/thumb/v7-a+fp/hard\libgcc.a(_fixunssfdi.o)
                0x0000000001016f30                __fixunssfdi
                0x0000000001016f30                __aeabi_f2ulz
 .text          0x0000000001016f70       0x40 g:/xilinx/vitis/2019.2/gnu/aarch32/nt/gcc-arm-none-eabi/bin/../lib/gcc/arm-none-eabi/8.2.0/thumb/v7-a+fp/hard\libgcc.a(_fixunsdfdi.o)
                0x0000000001016f70                __fixunsdfdi
                0x0000000001016f70                __aeabi_d2ulz
 .text          0x0000000001016fb0      0x118 g:/xilinx/vitis/2019.2/gnu/aarch32/nt/gcc-arm-none-eabi/bin/../lib/gcc/arm-none-eabi/8.2.0/thumb/v7-a+fp/hard\libgcc.a(_udivmoddi4.o)
                0x0000000001016fb0                __udivmoddi4
 .text          0x00000000010170c8       0x14 g:/xilinx/vitis/2019.2/gnu/aarch32/nt/gcc-arm-none-eabi/bin/../arm-none-eabi/libc/usr/lib/thumb/v7-a+fp/hard\libc.a(lib_a-calloc.o)
                0x00000000010170c8                calloc
 .text          0x00000000010170dc       0x64 g:/xilinx/vitis/2019.2/gnu/aarch32/nt/gcc-arm-none-eabi/bin/../arm-none-eabi/libc/usr/lib/thumb/v7-a+fp/hard\libc.a(lib_a-callocr.o)
                0x00000000010170dc                _calloc_r
 .text          0x0000000001017140       0x20 g:/xilinx/vitis/2019.2/gnu/aarch32/nt/gcc-arm-none-eabi/bin/../arm-none-eabi/libc/usr/lib/thumb/v7-a+fp/hard\libc.a(lib_a-exit.o)
                0x0000000001017140                exit
 .text          0x0000000001017160       0x30 g:/xilinx/vitis/2019.2/gnu/aarch32/nt/gcc-arm-none-eabi/bin/../arm-none-eabi/libc/usr/lib/thumb/v7-a+fp/hard\libc.a(lib_a-fini.o)
                0x0000000001017160                __libc_fini_array
 .text          0x0000000001017190        0x0 g:/xilinx/vitis/2019.2/gnu/aarch32/nt/gcc-arm-none-eabi/bin/../arm-none-eabi/libc/usr/lib/thumb/v7-a+fp/hard\libc.a(lib_a-impure.o)
 .text          0x0000000001017190       0x50 g:/xilinx/vitis/2019.2/gnu/aarch32/nt/gcc-arm-none-eabi/bin/../arm-none-eabi/libc/usr/lib/thumb/v7-a+fp/hard\libc.a(lib_a-init.o)
                0x0000000001017190                __libc_init_array
 .text          0x00000000010171e0      0x9e0 g:/xilinx/vitis/2019.2/gnu/aarch32/nt/gcc-arm-none-eabi/bin/../arm-none-eabi/libc/usr/lib/thumb/v7-a+fp/hard\libc.a(lib_a-locale.o)
                0x000000000101724c                __loadlocale
                0x00000000010178cc                __get_locale_env
                0x0000000001017920                _setlocale_r
                0x0000000001017b64                __locale_mb_cur_max
                0x0000000001017b84                __locale_ctype_ptr_l
                0x0000000001017b8c                __locale_ctype_ptr
                0x0000000001017bac                setlocale
 .text          0x0000000001017bc0       0x14 g:/xilinx/vitis/2019.2/gnu/aarch32/nt/gcc-arm-none-eabi/bin/../arm-none-eabi/libc/usr/lib/thumb/v7-a+fp/hard\libc.a(lib_a-malign.o)
                0x0000000001017bc0                memalign
 .text          0x0000000001017bd4       0xf4 g:/xilinx/vitis/2019.2/gnu/aarch32/nt/gcc-arm-none-eabi/bin/../arm-none-eabi/libc/usr/lib/thumb/v7-a+fp/hard\libc.a(lib_a-malignr.o)
                0x0000000001017bd4                _memalign_r
 .text          0x0000000001017cc8       0x20 g:/xilinx/vitis/2019.2/gnu/aarch32/nt/gcc-arm-none-eabi/bin/../arm-none-eabi/libc/usr/lib/thumb/v7-a+fp/hard\libc.a(lib_a-malloc.o)
                0x0000000001017cc8                malloc
                0x0000000001017cd8                free
 .text          0x0000000001017ce8      0x564 g:/xilinx/vitis/2019.2/gnu/aarch32/nt/gcc-arm-none-eabi/bin/../arm-none-eabi/libc/usr/lib/thumb/v7-a+fp/hard\libc.a(lib_a-mallocr.o)
                0x0000000001017ce8                _malloc_r
 .text          0x000000000101824c      0x4b8 g:/xilinx/vitis/2019.2/gnu/aarch32/nt/gcc-arm-none-eabi/bin/../arm-none-eabi/libc/usr/lib/thumb/v7-a+fp/hard\libc.a(lib_a-mbtowc_r.o)
                0x000000000101824c                _mbtowc_r
                0x0000000001018274                __ascii_mbtowc
                0x0000000001018298                __utf8_mbtowc
                0x00000000010184a0                __sjis_mbtowc
                0x0000000001018524                __eucjp_mbtowc
                0x00000000010185dc                __jis_mbtowc
 *fill*         0x0000000001018704       0x3c 
 .text          0x0000000001018740      0x5e0 g:/xilinx/vitis/2019.2/gnu/aarch32/nt/gcc-arm-none-eabi/bin/../arm-none-eabi/libc/usr/lib/thumb/v7-a+fp/hard\libc.a(lib_a-memcpy.o)
                0x0000000001018740                memcpy
 .text          0x0000000001018d20       0xd0 g:/xilinx/vitis/2019.2/gnu/aarch32/nt/gcc-arm-none-eabi/bin/../arm-none-eabi/libc/usr/lib/thumb/v7-a+fp/hard\libc.a(lib_a-memmove.o)
                0x0000000001018d20                memmove
 .text          0x0000000001018df0       0xa0 g:/xilinx/vitis/2019.2/gnu/aarch32/nt/gcc-arm-none-eabi/bin/../arm-none-eabi/libc/usr/lib/thumb/v7-a+fp/hard\libc.a(lib_a-memset.o)
                0x0000000001018df0                memset
 .text          0x0000000001018e90        0x8 g:/xilinx/vitis/2019.2/gnu/aarch32/nt/gcc-arm-none-eabi/bin/../arm-none-eabi/libc/usr/lib/thumb/v7-a+fp/hard\libc.a(lib_a-mlock.o)
                0x0000000001018e90                __malloc_lock
                0x0000000001018e94                __malloc_unlock
 .text          0x0000000001018e98       0x4c g:/xilinx/vitis/2019.2/gnu/aarch32/nt/gcc-arm-none-eabi/bin/../arm-none-eabi/libc/usr/lib/thumb/v7-a+fp/hard\libc.a(lib_a-printf.o)
                0x0000000001018e98                _printf_r
                0x0000000001018eb8                printf
 .text          0x0000000001018ee4       0x78 g:/xilinx/vitis/2019.2/gnu/aarch32/nt/gcc-arm-none-eabi/bin/../arm-none-eabi/libc/usr/lib/thumb/v7-a+fp/hard\libc.a(lib_a-puts.o)
                0x0000000001018ee4                _puts_r
                0x0000000001018f4c                puts
 .text          0x0000000001018f5c      0x5b4 g:/xilinx/vitis/2019.2/gnu/aarch32/nt/gcc-arm-none-eabi/bin/../arm-none-eabi/libc/usr/lib/thumb/v7-a+fp/hard\libc.a(lib_a-qsort.o)
                0x0000000001018f5c                qsort
 .text          0x0000000001019510       0x28 g:/xilinx/vitis/2019.2/gnu/aarch32/nt/gcc-arm-none-eabi/bin/../arm-none-eabi/libc/usr/lib/thumb/v7-a+fp/hard\libc.a(lib_a-sbrkr.o)
                0x0000000001019510                _sbrk_r
 .text          0x0000000001019538      0x114 g:/xilinx/vitis/2019.2/gnu/aarch32/nt/gcc-arm-none-eabi/bin/../arm-none-eabi/libc/usr/lib/thumb/v7-a+fp/hard\libc.a(lib_a-snprintf.o)
                0x0000000001019538                _snprintf_r
                0x00000000010195bc                snprintf
 .text          0x000000000101964c       0x44 g:/xilinx/vitis/2019.2/gnu/aarch32/nt/gcc-arm-none-eabi/bin/../arm-none-eabi/libc/usr/lib/thumb/v7-a+fp/hard\libc.a(lib_a-strcasecmp.o)
                0x000000000101964c                strcasecmp
 .text          0x0000000001019690       0x40 g:/xilinx/vitis/2019.2/gnu/aarch32/nt/gcc-arm-none-eabi/bin/../arm-none-eabi/libc/usr/lib/thumb/v7-a+fp/hard\libc.a(lib_a-strcat.o)
                0x0000000001019690                strcat
 .text          0x00000000010196d0       0xe4 g:/xilinx/vitis/2019.2/gnu/aarch32/nt/gcc-arm-none-eabi/bin/../arm-none-eabi/libc/usr/lib/thumb/v7-a+fp/hard\libc.a(lib_a-strchr.o)
                0x00000000010196d0                strchr
 *fill*         0x00000000010197b4        0xc 
 .text          0x00000000010197c0      0x2dc g:/xilinx/vitis/2019.2/gnu/aarch32/nt/gcc-arm-none-eabi/bin/../arm-none-eabi/libc/usr/lib/thumb/v7-a+fp/hard\libc.a(lib_a-strcmp.o)
                0x00000000010197c8                strcmp
 .text          0x0000000001019a9c       0xc4 g:/xilinx/vitis/2019.2/gnu/aarch32/nt/gcc-arm-none-eabi/bin/../arm-none-eabi/libc/usr/lib/thumb/v7-a+fp/hard\libc.a(lib_a-strcpy.o)
                0x0000000001019a9c                strcpy
 .text          0x0000000001019b60       0x58 g:/xilinx/vitis/2019.2/gnu/aarch32/nt/gcc-arm-none-eabi/bin/../arm-none-eabi/libc/usr/lib/thumb/v7-a+fp/hard\libc.a(lib_a-strlcpy.o)
                0x0000000001019b60                strlcpy
 *fill*         0x0000000001019bb8        0x8 
 .text          0x0000000001019bc0       0xdc g:/xilinx/vitis/2019.2/gnu/aarch32/nt/gcc-arm-none-eabi/bin/../arm-none-eabi/libc/usr/lib/thumb/v7-a+fp/hard\libc.a(lib_a-strlen.o)
                0x0000000001019bc0                strlen
 .text          0x0000000001019c9c       0x5c g:/xilinx/vitis/2019.2/gnu/aarch32/nt/gcc-arm-none-eabi/bin/../arm-none-eabi/libc/usr/lib/thumb/v7-a+fp/hard\libc.a(lib_a-strncasecmp.o)
                0x0000000001019c9c                strncasecmp
 .text          0x0000000001019cf8       0xa4 g:/xilinx/vitis/2019.2/gnu/aarch32/nt/gcc-arm-none-eabi/bin/../arm-none-eabi/libc/usr/lib/thumb/v7-a+fp/hard\libc.a(lib_a-strncmp.o)
                0x0000000001019cf8                strncmp
 .text          0x0000000001019d9c       0x80 g:/xilinx/vitis/2019.2/gnu/aarch32/nt/gcc-arm-none-eabi/bin/../arm-none-eabi/libc/usr/lib/thumb/v7-a+fp/hard\libc.a(lib_a-strncpy.o)
                0x0000000001019d9c                strncpy
 .text          0x0000000001019e1c      0x198 g:/xilinx/vitis/2019.2/gnu/aarch32/nt/gcc-arm-none-eabi/bin/../arm-none-eabi/libc/usr/lib/thumb/v7-a+fp/hard\libc.a(lib_a-strtol.o)
                0x0000000001019f3c                _strtol_r
                0x0000000001019f64                strtol_l
                0x0000000001019f84                strtol
 *fill*         0x0000000001019fb4        0x4 
 .text          0x0000000001019fb8     0x1b4c g:/xilinx/vitis/2019.2/gnu/aarch32/nt/gcc-arm-none-eabi/bin/../arm-none-eabi/libc/usr/lib/thumb/v7-a+fp/hard\libc.a(lib_a-svfprintf.o)
                0x0000000001019fb8                _svfprintf_r
 *fill*         0x000000000101bb04        0x4 
 .text          0x000000000101bb08     0x1c28 g:/xilinx/vitis/2019.2/gnu/aarch32/nt/gcc-arm-none-eabi/bin/../arm-none-eabi/libc/usr/lib/thumb/v7-a+fp/hard\libc.a(lib_a-vfprintf.o)
                0x000000000101bb08                _vfprintf_r
                0x000000000101d6a8                vfprintf
 .text          0x000000000101d730       0x8c g:/xilinx/vitis/2019.2/gnu/aarch32/nt/gcc-arm-none-eabi/bin/../arm-none-eabi/libc/usr/lib/thumb/v7-a+fp/hard\libc.a(lib_a-vsnprintf.o)
                0x000000000101d730                _vsnprintf_r
                0x000000000101d79c                vsnprintf
 .text          0x000000000101d7bc       0xac g:/xilinx/vitis/2019.2/gnu/aarch32/nt/gcc-arm-none-eabi/bin/../arm-none-eabi/libc/usr/lib/thumb/v7-a+fp/hard\libc.a(lib_a-wcrtomb.o)
                0x000000000101d7bc                _wcrtomb_r
                0x000000000101d810                wcrtomb
 .text          0x000000000101d868       0x3c g:/xilinx/vitis/2019.2/gnu/aarch32/nt/gcc-arm-none-eabi/bin/../arm-none-eabi/libc/usr/lib/thumb/v7-a+fp/hard\libc.a(lib_a-wcsrtombs.o)
                0x000000000101d868                _wcsrtombs_r
                0x000000000101d880                wcsrtombs
 .text          0x000000000101d8a4      0x22c g:/xilinx/vitis/2019.2/gnu/aarch32/nt/gcc-arm-none-eabi/bin/../arm-none-eabi/libc/usr/lib/thumb/v7-a+fp/hard\libc.a(lib_a-wctomb_r.o)
                0x000000000101d8a4                _wctomb_r
                0x000000000101d8cc                __ascii_wctomb
                0x000000000101d8e4                __utf8_wctomb
                0x000000000101d988                __sjis_wctomb
                0x000000000101d9dc                __eucjp_wctomb
                0x000000000101da4c                __jis_wctomb
 .text          0x000000000101dad0       0xc8 g:/xilinx/vitis/2019.2/gnu/aarch32/nt/gcc-arm-none-eabi/bin/../arm-none-eabi/libc/usr/lib/thumb/v7-a+fp/hard\libc.a(lib_a-wsetup.o)
                0x000000000101dad0                __swsetup_r
 .text          0x000000000101db98       0xdc g:/xilinx/vitis/2019.2/gnu/aarch32/nt/gcc-arm-none-eabi/bin/../arm-none-eabi/libc/usr/lib/thumb/v7-a+fp/hard\libc.a(lib_a-__call_atexit.o)
                0x000000000101db98                __call_exitprocs
 .text          0x000000000101dc74       0x10 g:/xilinx/vitis/2019.2/gnu/aarch32/nt/gcc-arm-none-eabi/bin/../arm-none-eabi/libc/usr/lib/thumb/v7-a+fp/hard\libc.a(lib_a-ctype_.o)
                0x000000000101dc74                __set_ctype
 *fill*         0x000000000101dc84        0x4 
 .text          0x000000000101dc88      0xe54 g:/xilinx/vitis/2019.2/gnu/aarch32/nt/gcc-arm-none-eabi/bin/../arm-none-eabi/libc/usr/lib/thumb/v7-a+fp/hard\libc.a(lib_a-dtoa.o)
                0x000000000101ddd0                _dtoa_r
 .text          0x000000000101eadc      0x1a8 g:/xilinx/vitis/2019.2/gnu/aarch32/nt/gcc-arm-none-eabi/bin/../arm-none-eabi/libc/usr/lib/thumb/v7-a+fp/hard\libc.a(lib_a-fflush.o)
                0x000000000101eadc                __sflush_r
                0x000000000101ec28                _fflush_r
                0x000000000101ec5c                fflush
 .text          0x000000000101ec84      0x210 g:/xilinx/vitis/2019.2/gnu/aarch32/nt/gcc-arm-none-eabi/bin/../arm-none-eabi/libc/usr/lib/thumb/v7-a+fp/hard\libc.a(lib_a-findfp.o)
                0x000000000101ec88                _cleanup_r
                0x000000000101ed7c                __sfmoreglue
                0x000000000101edac                __sfp
                0x000000000101ee34                _cleanup
                0x000000000101ee4c                __sinit
                0x000000000101ee54                __sfp_lock_acquire
                0x000000000101ee58                __sfp_lock_release
                0x000000000101ee5c                __sinit_lock_acquire
                0x000000000101ee60                __sinit_lock_release
                0x000000000101ee64                __fp_lock_all
                0x000000000101ee7c                __fp_unlock_all
 .text          0x000000000101ee94      0x29c g:/xilinx/vitis/2019.2/gnu/aarch32/nt/gcc-arm-none-eabi/bin/../arm-none-eabi/libc/usr/lib/thumb/v7-a+fp/hard\libc.a(lib_a-freer.o)
                0x000000000101ee94                _malloc_trim_r
                0x000000000101ef40                _free_r
 .text          0x000000000101f130      0x32c g:/xilinx/vitis/2019.2/gnu/aarch32/nt/gcc-arm-none-eabi/bin/../arm-none-eabi/libc/usr/lib/thumb/v7-a+fp/hard\libc.a(lib_a-fvwrite.o)
                0x000000000101f130                __sfvwrite_r
 .text          0x000000000101f45c       0x98 g:/xilinx/vitis/2019.2/gnu/aarch32/nt/gcc-arm-none-eabi/bin/../arm-none-eabi/libc/usr/lib/thumb/v7-a+fp/hard\libc.a(lib_a-fwalk.o)
                0x000000000101f45c                _fwalk
                0x000000000101f4a4                _fwalk_reent
 .text          0x000000000101f4f4       0x98 g:/xilinx/vitis/2019.2/gnu/aarch32/nt/gcc-arm-none-eabi/bin/../arm-none-eabi/libc/usr/lib/thumb/v7-a+fp/hard\libc.a(lib_a-getenv_r.o)
                0x000000000101f4f4                _findenv_r
                0x000000000101f57c                _getenv_r
 .text          0x000000000101f58c       0x44 g:/xilinx/vitis/2019.2/gnu/aarch32/nt/gcc-arm-none-eabi/bin/../arm-none-eabi/libc/usr/lib/thumb/v7-a+fp/hard\libc.a(lib_a-localeconv.o)
                0x000000000101f58c                __localeconv_l
                0x000000000101f590                _localeconv_r
                0x000000000101f5b0                localeconv
 .text          0x000000000101f5d0       0xf8 g:/xilinx/vitis/2019.2/gnu/aarch32/nt/gcc-arm-none-eabi/bin/../arm-none-eabi/libc/usr/lib/thumb/v7-a+fp/hard\libc.a(lib_a-makebuf.o)
                0x000000000101f5d0                __swhatbuf_r
                0x000000000101f62c                __smakebuf_r
 *fill*         0x000000000101f6c8        0x8 
 .text          0x000000000101f6d0       0xa0 g:/xilinx/vitis/2019.2/gnu/aarch32/nt/gcc-arm-none-eabi/bin/../arm-none-eabi/libc/usr/lib/thumb/v7-a+fp/hard\libc.a(lib_a-memchr.o)
                0x000000000101f6d0                memchr
 .text          0x000000000101f770      0x8fc g:/xilinx/vitis/2019.2/gnu/aarch32/nt/gcc-arm-none-eabi/bin/../arm-none-eabi/libc/usr/lib/thumb/v7-a+fp/hard\libc.a(lib_a-mprec.o)
                0x000000000101f770                _Balloc
                0x000000000101f7bc                _Bfree
                0x000000000101f7d0                __multadd
                0x000000000101f860                __s2b
                0x000000000101f8f8                __hi0bits
                0x000000000101f938                __lo0bits
                0x000000000101f994                __i2b
                0x000000000101f9a8                __multiply
                0x000000000101fae8                __pow5mult
                0x000000000101fb8c                __lshift
                0x000000000101fc48                __mcmp
                0x000000000101fc84                __mdiff
                0x000000000101fd8c                __ulp
                0x000000000101fddc                __b2d
                0x000000000101fe8c                __d2b
                0x000000000101ff40                __ratio
                0x000000000101ffa0                _mprec_log10
                0x000000000101ffc8                __copybits
                0x0000000001020010                __any_on
 .text          0x000000000102006c      0x374 g:/xilinx/vitis/2019.2/gnu/aarch32/nt/gcc-arm-none-eabi/bin/../arm-none-eabi/libc/usr/lib/thumb/v7-a+fp/hard\libc.a(lib_a-reallocr.o)
                0x000000000102006c                _realloc_r
 .text          0x00000000010203e0       0xa4 g:/xilinx/vitis/2019.2/gnu/aarch32/nt/gcc-arm-none-eabi/bin/../arm-none-eabi/libc/usr/lib/thumb/v7-a+fp/hard\libc.a(lib_a-reent.o)
                0x00000000010203e0                cleanup_glue
                0x00000000010203fc                _reclaim_reent
 *fill*         0x0000000001020484        0x4 
 .text          0x0000000001020488       0x80 g:/xilinx/vitis/2019.2/gnu/aarch32/nt/gcc-arm-none-eabi/bin/../arm-none-eabi/libc/usr/lib/thumb/v7-a+fp/hard\libc.a(lib_a-s_frexp.o)
                0x0000000001020488                frexp
 .text          0x0000000001020508       0x90 g:/xilinx/vitis/2019.2/gnu/aarch32/nt/gcc-arm-none-eabi/bin/../arm-none-eabi/libc/usr/lib/thumb/v7-a+fp/hard\libc.a(lib_a-stdio.o)
                0x0000000001020508                __sread
                0x000000000102052c                __seofread
                0x0000000001020530                __swrite
                0x0000000001020570                __sseek
                0x0000000001020590                __sclose
 .text          0x0000000001020598      0xe90 g:/xilinx/vitis/2019.2/gnu/aarch32/nt/gcc-arm-none-eabi/bin/../arm-none-eabi/libc/usr/lib/thumb/v7-a+fp/hard\libc.a(lib_a-svfiprintf.o)
                0x0000000001020598                __ssprint_r
                0x0000000001020690                _svfiprintf_r
 .text          0x0000000001021428     0x108c g:/xilinx/vitis/2019.2/gnu/aarch32/nt/gcc-arm-none-eabi/bin/../arm-none-eabi/libc/usr/lib/thumb/v7-a+fp/hard\libc.a(lib_a-vfiprintf.o)
                0x000000000102149c                __sprint_r
                0x00000000010214b0                _vfiprintf_r
                0x000000000102242c                vfiprintf
 .text          0x00000000010224b4      0x15c g:/xilinx/vitis/2019.2/gnu/aarch32/nt/gcc-arm-none-eabi/bin/../arm-none-eabi/libc/usr/lib/thumb/v7-a+fp/hard\libc.a(lib_a-wcsnrtombs.o)
                0x00000000010224b4                _wcsnrtombs_l
                0x00000000010225a8                _wcsnrtombs_r
                0x00000000010225d8                wcsnrtombs
 .text          0x0000000001022610       0x2c g:/xilinx/vitis/2019.2/gnu/aarch32/nt/gcc-arm-none-eabi/bin/../arm-none-eabi/libc/usr/lib/thumb/v7-a+fp/hard\libc.a(lib_a-writer.o)
                0x0000000001022610                _write_r
 .text          0x000000000102263c       0x28 g:/xilinx/vitis/2019.2/gnu/aarch32/nt/gcc-arm-none-eabi/bin/../arm-none-eabi/libc/usr/lib/thumb/v7-a+fp/hard\libc.a(lib_a-closer.o)
                0x000000000102263c                _close_r
 .text          0x0000000001022664        0x0 g:/xilinx/vitis/2019.2/gnu/aarch32/nt/gcc-arm-none-eabi/bin/../arm-none-eabi/libc/usr/lib/thumb/v7-a+fp/hard\libc.a(lib_a-environ.o)
 .text          0x0000000001022664        0x8 g:/xilinx/vitis/2019.2/gnu/aarch32/nt/gcc-arm-none-eabi/bin/../arm-none-eabi/libc/usr/lib/thumb/v7-a+fp/hard\libc.a(lib_a-envlock.o)
                0x0000000001022664                __env_lock
                0x0000000001022668                __env_unlock
 .text          0x000000000102266c       0x98 g:/xilinx/vitis/2019.2/gnu/aarch32/nt/gcc-arm-none-eabi/bin/../arm-none-eabi/libc/usr/lib/thumb/v7-a+fp/hard\libc.a(lib_a-fclose.o)
                0x000000000102266c                _fclose_r
                0x00000000010226f4                fclose
 .text          0x0000000001022704      0x11c g:/xilinx/vitis/2019.2/gnu/aarch32/nt/gcc-arm-none-eabi/bin/../arm-none-eabi/libc/usr/lib/thumb/v7-a+fp/hard\libc.a(lib_a-fputwc.o)
                0x0000000001022704                __fputwc
                0x00000000010227b4                _fputwc_r
                0x00000000010227dc                fputwc
 .text          0x0000000001022820       0x2c g:/xilinx/vitis/2019.2/gnu/aarch32/nt/gcc-arm-none-eabi/bin/../arm-none-eabi/libc/usr/lib/thumb/v7-a+fp/hard\libc.a(lib_a-fstatr.o)
                0x0000000001022820                _fstat_r
 .text          0x000000000102284c       0x28 g:/xilinx/vitis/2019.2/gnu/aarch32/nt/gcc-arm-none-eabi/bin/../arm-none-eabi/libc/usr/lib/thumb/v7-a+fp/hard\libc.a(lib_a-isattyr.o)
                0x000000000102284c                _isatty_r
 .text          0x0000000001022874       0x2c g:/xilinx/vitis/2019.2/gnu/aarch32/nt/gcc-arm-none-eabi/bin/../arm-none-eabi/libc/usr/lib/thumb/v7-a+fp/hard\libc.a(lib_a-lseekr.o)
                0x0000000001022874                _lseek_r
 .text          0x00000000010228a0       0x2c g:/xilinx/vitis/2019.2/gnu/aarch32/nt/gcc-arm-none-eabi/bin/../arm-none-eabi/libc/usr/lib/thumb/v7-a+fp/hard\libc.a(lib_a-readr.o)
                0x00000000010228a0                _read_r
 .text          0x00000000010228cc       0xc4 g:/xilinx/vitis/2019.2/gnu/aarch32/nt/gcc-arm-none-eabi/bin/../arm-none-eabi/libc/usr/lib/thumb/v7-a+fp/hard\libc.a(lib_a-wbuf.o)
                0x00000000010228cc                __swbuf_r
                0x000000000102297c                __swbuf
 .text          0x0000000001022990       0x40 C:/Users/Tom/Documents/Projects/Scopy_MVP_Platform/scopy-fpga/main/export/main/sw/main/standalone_domain/bsplib/lib\libxil.a(_sbrk.o)
                0x0000000001022990                _sbrk
 .text          0x00000000010229d0       0x30 C:/Users/Tom/Documents/Projects/Scopy_MVP_Platform/scopy-fpga/main/export/main/sw/main/standalone_domain/bsplib/lib\libxil.a(lseek.o)
                0x00000000010229d0                lseek
                0x00000000010229e8                _lseek
 .text          0x0000000001022a00       0x70 C:/Users/Tom/Documents/Projects/Scopy_MVP_Platform/scopy-fpga/main/export/main/sw/main/standalone_domain/bsplib/lib\libxil.a(write.o)
                0x0000000001022a00                write
                0x0000000001022a6c                _write
 .text          0x0000000001022a70       0x60 C:/Users/Tom/Documents/Projects/Scopy_MVP_Platform/scopy-fpga/main/export/main/sw/main/standalone_domain/bsplib/lib\libxil.a(read.o)
                0x0000000001022a70                read
                0x0000000001022acc                _read
 .text          0x0000000001022ad0       0x10 C:/Users/Tom/Documents/Projects/Scopy_MVP_Platform/scopy-fpga/main/export/main/sw/main/standalone_domain/bsplib/lib\libxil.a(fstat.o)
                0x0000000001022ad0                _fstat
 .text          0x0000000001022ae0       0x10 C:/Users/Tom/Documents/Projects/Scopy_MVP_Platform/scopy-fpga/main/export/main/sw/main/standalone_domain/bsplib/lib\libxil.a(errno.o)
                0x0000000001022ae0                __errno
 .text          0x0000000001022af0        0x4 C:/Users/Tom/Documents/Projects/Scopy_MVP_Platform/scopy-fpga/main/export/main/sw/main/standalone_domain/bsplib/lib\libxil.a(_exit.o)
                0x0000000001022af0                _exit
 .text          0x0000000001022af4       0x10 C:/Users/Tom/Documents/Projects/Scopy_MVP_Platform/scopy-fpga/main/export/main/sw/main/standalone_domain/bsplib/lib\libxil.a(isatty.o)
                0x0000000001022af4                isatty
                0x0000000001022afc                _isatty
 .text          0x0000000001022b04        0xc C:/Users/Tom/Documents/Projects/Scopy_MVP_Platform/scopy-fpga/main/export/main/sw/main/standalone_domain/bsplib/lib\libxil.a(inbyte.o)
                0x0000000001022b04                inbyte
 .text          0x0000000001022b10        0x8 C:/Users/Tom/Documents/Projects/Scopy_MVP_Platform/scopy-fpga/main/export/main/sw/main/standalone_domain/bsplib/lib\libxil.a(close.o)
                0x0000000001022b10                _close
 .text          0x0000000001022b18        0x0 g:/xilinx/vitis/2019.2/gnu/aarch32/nt/gcc-arm-none-eabi/bin/../lib/gcc/arm-none-eabi/8.2.0/thumb/v7-a+fp/hard/crtend.o
 .text          0x0000000001022b18        0x0 g:/xilinx/vitis/2019.2/gnu/aarch32/nt/gcc-arm-none-eabi/bin/../lib/gcc/arm-none-eabi/8.2.0/thumb/v7-a+fp/hard/crtn.o
 *(.text.*)
 .text.startup  0x0000000001022b18       0x38 ./src/main.o
                0x0000000001022b18                main
 .text.startup.__stub
                0x0000000001022b50       0x18 linker stubs
 *(.gnu.linkonce.t.*)
 *(.plt)
 *(.gnu_warning)
 *(.gcc_execpt_table)
 *(.glue_7)
 .glue_7        0x0000000001022b68        0x0 linker stubs
 *(.glue_7t)
 .glue_7t       0x0000000001022b68        0x0 linker stubs
 *(.vfp11_veneer)
 .vfp11_veneer  0x0000000001022b68        0x0 linker stubs
 *(.ARM.extab)
 .ARM.extab     0x0000000001022b68        0x0 g:/xilinx/vitis/2019.2/gnu/aarch32/nt/gcc-arm-none-eabi/bin/../lib/gcc/arm-none-eabi/8.2.0/thumb/v7-a+fp/hard\libgcc.a(_udivmoddi4.o)
 *(.gnu.linkonce.armextab.*)

.v4_bx          0x0000000001022b68        0x0
 .v4_bx         0x0000000001022b68        0x0 linker stubs

.iplt           0x0000000001022b68        0x0
 .iplt          0x0000000001022b68        0x0 g:/xilinx/vitis/2019.2/gnu/aarch32/nt/gcc-arm-none-eabi/bin/../lib/gcc/arm-none-eabi/8.2.0/thumb/v7-a+fp/hard/crtbegin.o

.force_ocm
 *(.force_ocm)

.init           0x0000000001022b68        0xc
 *(.init)
 .init          0x0000000001022b68        0x4 g:/xilinx/vitis/2019.2/gnu/aarch32/nt/gcc-arm-none-eabi/bin/../lib/gcc/arm-none-eabi/8.2.0/thumb/v7-a+fp/hard/crti.o
                0x0000000001022b68                _init
 .init          0x0000000001022b6c        0x8 g:/xilinx/vitis/2019.2/gnu/aarch32/nt/gcc-arm-none-eabi/bin/../lib/gcc/arm-none-eabi/8.2.0/thumb/v7-a+fp/hard/crtn.o

.fini           0x0000000001022b74        0xc
 *(.fini)
 .fini          0x0000000001022b74        0x4 g:/xilinx/vitis/2019.2/gnu/aarch32/nt/gcc-arm-none-eabi/bin/../lib/gcc/arm-none-eabi/8.2.0/thumb/v7-a+fp/hard/crti.o
                0x0000000001022b74                _fini
 .fini          0x0000000001022b78        0x8 g:/xilinx/vitis/2019.2/gnu/aarch32/nt/gcc-arm-none-eabi/bin/../lib/gcc/arm-none-eabi/8.2.0/thumb/v7-a+fp/hard/crtn.o

.rodata         0x0000000001022b80    0x434d8
                0x0000000001022b80                __rodata_start = .
 *(.rodata)
 .rodata        0x0000000001022b80    0x40000 ./src/demo_norway.o
                0x0000000001022b80                norway_512x512_grey
 .rodata        0x0000000001062b80       0x18 ./src/fabric_config.o
                0x0000000001062b80                fabcfg_dummy_tests
 .rodata        0x0000000001062b98      0x140 ./src/spi_commands.o
                0x0000000001062b98                spi_command_defs
 .rodata        0x0000000001062cd8       0x30 C:/Users/Tom/Documents/Projects/Scopy_MVP_Platform/scopy-fpga/main/export/main/sw/main/standalone_domain/bsplib/lib\libxil.a(xspips_options.o)
 .rodata        0x0000000001062d08        0x4 g:/xilinx/vitis/2019.2/gnu/aarch32/nt/gcc-arm-none-eabi/bin/../arm-none-eabi/libc/usr/lib/thumb/v7-a+fp/hard\libc.a(lib_a-impure.o)
                0x0000000001062d08                _global_impure_ptr
 .rodata        0x0000000001062d0c      0x188 g:/xilinx/vitis/2019.2/gnu/aarch32/nt/gcc-arm-none-eabi/bin/../arm-none-eabi/libc/usr/lib/thumb/v7-a+fp/hard\libc.a(lib_a-locale.o)
                0x0000000001062d28                __C_locale
 .rodata        0x0000000001062e94       0x90 g:/xilinx/vitis/2019.2/gnu/aarch32/nt/gcc-arm-none-eabi/bin/../arm-none-eabi/libc/usr/lib/thumb/v7-a+fp/hard\libc.a(lib_a-mbtowc_r.o)
 .rodata        0x0000000001062f24       0x20 g:/xilinx/vitis/2019.2/gnu/aarch32/nt/gcc-arm-none-eabi/bin/../arm-none-eabi/libc/usr/lib/thumb/v7-a+fp/hard\libc.a(lib_a-svfprintf.o)
 .rodata        0x0000000001062f44       0x20 g:/xilinx/vitis/2019.2/gnu/aarch32/nt/gcc-arm-none-eabi/bin/../arm-none-eabi/libc/usr/lib/thumb/v7-a+fp/hard\libc.a(lib_a-vfprintf.o)
 .rodata        0x0000000001062f64      0x101 g:/xilinx/vitis/2019.2/gnu/aarch32/nt/gcc-arm-none-eabi/bin/../arm-none-eabi/libc/usr/lib/thumb/v7-a+fp/hard\libc.a(lib_a-ctype_.o)
                0x0000000001062f64                _ctype_
 *fill*         0x0000000001063065        0x3 
 .rodata        0x0000000001063068      0x128 g:/xilinx/vitis/2019.2/gnu/aarch32/nt/gcc-arm-none-eabi/bin/../arm-none-eabi/libc/usr/lib/thumb/v7-a+fp/hard\libc.a(lib_a-mprec.o)
                0x0000000001063078                __mprec_tens
                0x0000000001063140                __mprec_tinytens
                0x0000000001063168                __mprec_bigtens
 .rodata        0x0000000001063190       0x20 g:/xilinx/vitis/2019.2/gnu/aarch32/nt/gcc-arm-none-eabi/bin/../arm-none-eabi/libc/usr/lib/thumb/v7-a+fp/hard\libc.a(lib_a-svfiprintf.o)
 .rodata        0x00000000010631b0       0x20 g:/xilinx/vitis/2019.2/gnu/aarch32/nt/gcc-arm-none-eabi/bin/../arm-none-eabi/libc/usr/lib/thumb/v7-a+fp/hard\libc.a(lib_a-vfiprintf.o)
 *(.rodata.*)
 .rodata.str1.4
                0x00000000010631d0      0x10e ./src/acq_hacks.o
 *fill*         0x00000000010632de        0x2 
 .rodata.str1.4
                0x00000000010632e0     0x11fe ./src/acquire.o
                                       0x1202 (size before relaxing)
 *fill*         0x00000000010644de        0x2 
 .rodata.str1.4
                0x00000000010644e0      0x3a2 ./src/clkwiz_interface.o
                                        0x3a6 (size before relaxing)
 *fill*         0x0000000001064882        0x2 
 .rodata.str1.4
                0x0000000001064884      0x23a ./src/fabric_config.o
                                        0x23e (size before relaxing)
 *fill*         0x0000000001064abe        0x2 
 .rodata.str1.4
                0x0000000001064ac0      0x457 ./src/hal.o
                                        0x487 (size before relaxing)
 *fill*         0x0000000001064f17        0x1 
 .rodata.str1.4
                0x0000000001064f18       0x16 ./src/main.o
 *fill*         0x0000000001064f2e        0x2 
 .rodata.str1.4
                0x0000000001064f30       0xaa ./src/mipi_csi_hacks.o
 *fill*         0x0000000001064fda        0x2 
 .rodata.str1.4
                0x0000000001064fdc      0x258 ./src/spi.o
                                        0x284 (size before relaxing)
 .rodata.str1.4
                0x0000000001065234       0xcd ./src/spi_commands.o
 *fill*         0x0000000001065301        0x3 
 .rodata.str1.4
                0x0000000001065304      0x145 ./src/trigger.o
                                        0x149 (size before relaxing)
 *fill*         0x0000000001065449        0x3 
 .rodata.str1.4
                0x000000000106544c      0x1ef C:/Users/Tom/Documents/Projects/Scopy_MVP_Platform/scopy-fpga/main/export/main/sw/main/standalone_domain/bsplib/lib\libxil.a(xaxidma.o)
 *fill*         0x000000000106563b        0x1 
 .rodata.str1.4
                0x000000000106563c      0x6f4 C:/Users/Tom/Documents/Projects/Scopy_MVP_Platform/scopy-fpga/main/export/main/sw/main/standalone_domain/bsplib/lib\libxil.a(xaxidma_bdring.o)
                                        0x6f7 (size before relaxing)
 .rodata.str1.4
                0x0000000001065d30        0xb C:/Users/Tom/Documents/Projects/Scopy_MVP_Platform/scopy-fpga/main/export/main/sw/main/standalone_domain/bsplib/lib\libxil.a(xclk_wiz.o)
 *fill*         0x0000000001065d3b        0x1 
 .rodata.str1.4
                0x0000000001065d3c        0xa C:/Users/Tom/Documents/Projects/Scopy_MVP_Platform/scopy-fpga/main/export/main/sw/main/standalone_domain/bsplib/lib\libxil.a(xgpiops.o)
 *fill*         0x0000000001065d46        0x2 
 .rodata.str1.4
                0x0000000001065d48        0xf C:/Users/Tom/Documents/Projects/Scopy_MVP_Platform/scopy-fpga/main/export/main/sw/main/standalone_domain/bsplib/lib\libxil.a(xgpiops_intr.o)
 *fill*         0x0000000001065d57        0x1 
 .rodata.str1.4
                0x0000000001065d58        0xf C:/Users/Tom/Documents/Projects/Scopy_MVP_Platform/scopy-fpga/main/export/main/sw/main/standalone_domain/bsplib/lib\libxil.a(xscugic_intr.o)
 *fill*         0x0000000001065d67        0x1 
 .rodata.str1.4
                0x0000000001065d68        0xa C:/Users/Tom/Documents/Projects/Scopy_MVP_Platform/scopy-fpga/main/export/main/sw/main/standalone_domain/bsplib/lib\libxil.a(xscugic.o)
 *fill*         0x0000000001065d72        0x2 
 .rodata.str1.4
                0x0000000001065d74       0x13 C:/Users/Tom/Documents/Projects/Scopy_MVP_Platform/scopy-fpga/main/export/main/sw/main/standalone_domain/bsplib/lib\libxil.a(xscugic_selftest.o)
 *fill*         0x0000000001065d87        0x1 
 .rodata.str1.4
                0x0000000001065d88        0xc C:/Users/Tom/Documents/Projects/Scopy_MVP_Platform/scopy-fpga/main/export/main/sw/main/standalone_domain/bsplib/lib\libxil.a(xscutimer.o)
 .rodata.str1.4
                0x0000000001065d94       0x15 C:/Users/Tom/Documents/Projects/Scopy_MVP_Platform/scopy-fpga/main/export/main/sw/main/standalone_domain/bsplib/lib\libxil.a(xscutimer_selftest.o)
 *fill*         0x0000000001065da9        0x3 
 .rodata.str1.4
                0x0000000001065dac        0x9 C:/Users/Tom/Documents/Projects/Scopy_MVP_Platform/scopy-fpga/main/export/main/sw/main/standalone_domain/bsplib/lib\libxil.a(xspips.o)
 *fill*         0x0000000001065db5        0x3 
 .rodata.str1.4
                0x0000000001065db8       0x12 C:/Users/Tom/Documents/Projects/Scopy_MVP_Platform/scopy-fpga/main/export/main/sw/main/standalone_domain/bsplib/lib\libxil.a(xspips_selftest.o)
 *fill*         0x0000000001065dca        0x2 
 .rodata.str1.4
                0x0000000001065dcc       0x11 C:/Users/Tom/Documents/Projects/Scopy_MVP_Platform/scopy-fpga/main/export/main/sw/main/standalone_domain/bsplib/lib\libxil.a(xil_printf.o)
 *fill*         0x0000000001065ddd        0x3 
 .rodata.str1.4
                0x0000000001065de0       0xfe C:/Users/Tom/Documents/Projects/Scopy_MVP_Platform/scopy-fpga/main/export/main/sw/main/standalone_domain/bsplib/lib\libxil.a(xil_exception.o)
 *fill*         0x0000000001065ede        0x2 
 .rodata.str1.4
                0x0000000001065ee0       0x11 C:/Users/Tom/Documents/Projects/Scopy_MVP_Platform/scopy-fpga/main/export/main/sw/main/standalone_domain/bsplib/lib\libxil.a(xspips_options.o)
 *fill*         0x0000000001065ef1        0x3 
 .rodata.str1.4
                0x0000000001065ef4      0x128 g:/xilinx/vitis/2019.2/gnu/aarch32/nt/gcc-arm-none-eabi/bin/../arm-none-eabi/libc/usr/lib/thumb/v7-a+fp/hard\libc.a(lib_a-locale.o)
                                        0x130 (size before relaxing)
 .rodata.str1.4
                0x000000000106601c      0x128 g:/xilinx/vitis/2019.2/gnu/aarch32/nt/gcc-arm-none-eabi/bin/../arm-none-eabi/libc/usr/lib/thumb/v7-a+fp/hard\libc.a(lib_a-puts.o)
                                          0x2 (size before relaxing)
 .rodata.str1.4
                0x000000000106601c       0x2b g:/xilinx/vitis/2019.2/gnu/aarch32/nt/gcc-arm-none-eabi/bin/../arm-none-eabi/libc/usr/lib/thumb/v7-a+fp/hard\libc.a(lib_a-svfprintf.o)
                                         0x42 (size before relaxing)
 .rodata.str1.4
                0x0000000001066047       0x42 g:/xilinx/vitis/2019.2/gnu/aarch32/nt/gcc-arm-none-eabi/bin/../arm-none-eabi/libc/usr/lib/thumb/v7-a+fp/hard\libc.a(lib_a-vfprintf.o)
 *fill*         0x0000000001066047        0x1 
 .rodata.str1.4
                0x0000000001066048       0x10 g:/xilinx/vitis/2019.2/gnu/aarch32/nt/gcc-arm-none-eabi/bin/../arm-none-eabi/libc/usr/lib/thumb/v7-a+fp/hard\libc.a(lib_a-dtoa.o)
                                         0x12 (size before relaxing)
 .rodata.str1.4
                0x0000000001066058       0x2f g:/xilinx/vitis/2019.2/gnu/aarch32/nt/gcc-arm-none-eabi/bin/../arm-none-eabi/libc/usr/lib/thumb/v7-a+fp/hard\libc.a(lib_a-svfiprintf.o)
 .rodata.str1.4
                0x0000000001066058       0x2f g:/xilinx/vitis/2019.2/gnu/aarch32/nt/gcc-arm-none-eabi/bin/../arm-none-eabi/libc/usr/lib/thumb/v7-a+fp/hard\libc.a(lib_a-vfiprintf.o)
 *(.gnu.linkonce.r.*)
                0x0000000001066087                __rodata_end = .

.rodata1        0x0000000001066058        0x0
                0x0000000001066058                __rodata1_start = .
 *(.rodata1)
 *(.rodata1.*)
                0x0000000001066058                __rodata1_end = .

.sdata2         0x0000000001066058        0x0
                0x0000000001066058                __sdata2_start = .
 *(.sdata2)
 *(.sdata2.*)
 *(.gnu.linkonce.s2.*)
                0x0000000001066058                __sdata2_end = .

.sbss2          0x0000000001066058        0x0
                0x0000000001066058                __sbss2_start = .
 *(.sbss2)
 *(.sbss2.*)
 *(.gnu.linkonce.sb2.*)
                0x0000000001066058                __sbss2_end = .

.data           0x0000000001066058      0xe48
                0x0000000001066058                __data_start = .
 *(.data)
 .data          0x0000000001066058        0x0 g:/xilinx/vitis/2019.2/gnu/aarch32/nt/gcc-arm-none-eabi/bin/../lib/gcc/arm-none-eabi/8.2.0/thumb/v7-a+fp/hard/crti.o
 .data          0x0000000001066058        0x4 g:/xilinx/vitis/2019.2/gnu/aarch32/nt/gcc-arm-none-eabi/bin/../lib/gcc/arm-none-eabi/8.2.0/thumb/v7-a+fp/hard/crtbegin.o
                0x0000000001066058                __dso_handle
 .data          0x000000000106605c        0x0 ./src/Collections-C/src/array.o
 .data          0x000000000106605c        0x0 ./src/Collections-C/src/common.o
 .data          0x000000000106605c        0x0 ./src/Collections-C/src/deque.o
 .data          0x000000000106605c        0x0 ./src/Collections-C/src/hashset.o
 .data          0x000000000106605c        0x0 ./src/Collections-C/src/hashtable.o
 .data          0x000000000106605c        0x0 ./src/Collections-C/src/list.o
 .data          0x000000000106605c        0x0 ./src/Collections-C/src/pqueue.o
 .data          0x000000000106605c        0x0 ./src/Collections-C/src/queue.o
 .data          0x000000000106605c        0x0 ./src/Collections-C/src/ring_buffer.o
 .data          0x000000000106605c        0x0 ./src/Collections-C/src/slist.o
 .data          0x000000000106605c        0x0 ./src/Collections-C/src/stack.o
 .data          0x000000000106605c        0x0 ./src/Collections-C/src/treeset.o
 .data          0x000000000106605c        0x0 ./src/Collections-C/src/treetable.o
 .data          0x000000000106605c        0x0 ./src/acq_hacks.o
 .data          0x000000000106605c       0x30 ./src/acquire.o
                0x000000000106605c                acq_state_to_str
                0x0000000001066074                acq_substate_to_str
 .data          0x000000000106608c        0x0 ./src/clkwiz_interface.o
 .data          0x000000000106608c        0x0 ./src/demo_norway.o
 .data          0x000000000106608c        0x0 ./src/fabric_config.o
 .data          0x000000000106608c        0x0 ./src/hal.o
 .data          0x000000000106608c        0x0 ./src/main.o
 .data          0x000000000106608c        0x0 ./src/mipi_csi_hacks.o
 .data          0x000000000106608c        0x0 ./src/platform.o
 .data          0x000000000106608c        0x0 ./src/spi.o
 .data          0x000000000106608c        0x0 ./src/spi_commands.o
 .data          0x000000000106608c        0x0 ./src/trigger.o
 .data          0x000000000106608c        0x0 C:/Users/Tom/Documents/Projects/Scopy_MVP_Platform/scopy-fpga/main/export/main/sw/main/standalone_domain/bsplib/lib\libxil.a(xaxidma.o)
 .data          0x000000000106608c        0x0 C:/Users/Tom/Documents/Projects/Scopy_MVP_Platform/scopy-fpga/main/export/main/sw/main/standalone_domain/bsplib/lib\libxil.a(xaxidma_sinit.o)
 .data          0x000000000106608c        0x0 C:/Users/Tom/Documents/Projects/Scopy_MVP_Platform/scopy-fpga/main/export/main/sw/main/standalone_domain/bsplib/lib\libxil.a(xaxidma_bdring.o)
 .data          0x000000000106608c       0x88 C:/Users/Tom/Documents/Projects/Scopy_MVP_Platform/scopy-fpga/main/export/main/sw/main/standalone_domain/bsplib/lib\libxil.a(xaxidma_g.o)
                0x000000000106608c                XAxiDma_ConfigTable
 .data          0x0000000001066114        0x0 C:/Users/Tom/Documents/Projects/Scopy_MVP_Platform/scopy-fpga/main/export/main/sw/main/standalone_domain/bsplib/lib\libxil.a(xclk_wiz.o)
 .data          0x0000000001066114        0x0 C:/Users/Tom/Documents/Projects/Scopy_MVP_Platform/scopy-fpga/main/export/main/sw/main/standalone_domain/bsplib/lib\libxil.a(xclk_wiz_sinit.o)
 .data          0x0000000001066114        0x0 C:/Users/Tom/Documents/Projects/Scopy_MVP_Platform/scopy-fpga/main/export/main/sw/main/standalone_domain/bsplib/lib\libxil.a(xgpiops.o)
 .data          0x0000000001066114        0x0 C:/Users/Tom/Documents/Projects/Scopy_MVP_Platform/scopy-fpga/main/export/main/sw/main/standalone_domain/bsplib/lib\libxil.a(xgpiops_sinit.o)