Archive member included to satisfy reference by file (symbol)

C:\Users\Tom\Documents\Projects\Scopy_MVP_Platform\scopy-fpga\main\ps7_cortexa9_0\standalone_domain\bsp\ps7_cortexa9_0\lib\libxil.a(xaxidma.o)
                              ./src/acquire.o (XAxiDma_Reset)
C:\Users\Tom\Documents\Projects\Scopy_MVP_Platform\scopy-fpga\main\ps7_cortexa9_0\standalone_domain\bsp\ps7_cortexa9_0\lib\libxil.a(xaxidma_sinit.o)
                              ./src/acquire.o (XAxiDma_LookupConfig)
C:\Users\Tom\Documents\Projects\Scopy_MVP_Platform\scopy-fpga\main\ps7_cortexa9_0\standalone_domain\bsp\ps7_cortexa9_0\lib\libxil.a(xaxidma_selftest.o)
                              ./src/mipi_csi.o (XAxiDma_Selftest)
C:\Users\Tom\Documents\Projects\Scopy_MVP_Platform\scopy-fpga\main\ps7_cortexa9_0\standalone_domain\bsp\ps7_cortexa9_0\lib\libxil.a(xaxidma_bdring.o)
                              C:\Users\Tom\Documents\Projects\Scopy_MVP_Platform\scopy-fpga\main\ps7_cortexa9_0\standalone_domain\bsp\ps7_cortexa9_0\lib\libxil.a(xaxidma.o) (XAxiDma_BdRingStart)
C:\Users\Tom\Documents\Projects\Scopy_MVP_Platform\scopy-fpga\main\ps7_cortexa9_0\standalone_domain\bsp\ps7_cortexa9_0\lib\libxil.a(xaxidma_g.o)
                              C:\Users\Tom\Documents\Projects\Scopy_MVP_Platform\scopy-fpga\main\ps7_cortexa9_0\standalone_domain\bsp\ps7_cortexa9_0\lib\libxil.a(xaxidma_sinit.o) (XAxiDma_ConfigTable)
C:\Users\Tom\Documents\Projects\Scopy_MVP_Platform\scopy-fpga\main\ps7_cortexa9_0\standalone_domain\bsp\ps7_cortexa9_0\lib\libxil.a(xclk_wiz.o)
                              ./src/clkwiz_interface.o (XClk_Wiz_CfgInitialize)
C:\Users\Tom\Documents\Projects\Scopy_MVP_Platform\scopy-fpga\main\ps7_cortexa9_0\standalone_domain\bsp\ps7_cortexa9_0\lib\libxil.a(xclk_wiz_sinit.o)
                              ./src/clkwiz_interface.o (XClk_Wiz_LookupConfig)
C:\Users\Tom\Documents\Projects\Scopy_MVP_Platform\scopy-fpga\main\ps7_cortexa9_0\standalone_domain\bsp\ps7_cortexa9_0\lib\libxil.a(xgpiops.o)
                              ./src/hal.o (XGpioPs_CfgInitialize)
C:\Users\Tom\Documents\Projects\Scopy_MVP_Platform\scopy-fpga\main\ps7_cortexa9_0\standalone_domain\bsp\ps7_cortexa9_0\lib\libxil.a(xgpiops_sinit.o)
                              ./src/hal.o (XGpioPs_LookupConfig)
C:\Users\Tom\Documents\Projects\Scopy_MVP_Platform\scopy-fpga\main\ps7_cortexa9_0\standalone_domain\bsp\ps7_cortexa9_0\lib\libxil.a(xgpiops_intr.o)
                              C:\Users\Tom\Documents\Projects\Scopy_MVP_Platform\scopy-fpga\main\ps7_cortexa9_0\standalone_domain\bsp\ps7_cortexa9_0\lib\libxil.a(xgpiops.o) (StubHandler)
C:\Users\Tom\Documents\Projects\Scopy_MVP_Platform\scopy-fpga\main\ps7_cortexa9_0\standalone_domain\bsp\ps7_cortexa9_0\lib\libxil.a(xgpiops_g.o)
                              C:\Users\Tom\Documents\Projects\Scopy_MVP_Platform\scopy-fpga\main\ps7_cortexa9_0\standalone_domain\bsp\ps7_cortexa9_0\lib\libxil.a(xgpiops_sinit.o) (XGpioPs_ConfigTable)
C:\Users\Tom\Documents\Projects\Scopy_MVP_Platform\scopy-fpga\main\ps7_cortexa9_0\standalone_domain\bsp\ps7_cortexa9_0\lib\libxil.a(xscugic_intr.o)
                              ./src/hal.o (XScuGic_InterruptHandler)
C:\Users\Tom\Documents\Projects\Scopy_MVP_Platform\scopy-fpga\main\ps7_cortexa9_0\standalone_domain\bsp\ps7_cortexa9_0\lib\libxil.a(xscugic.o)
                              ./src/acquire.o (XScuGic_Connect)
C:\Users\Tom\Documents\Projects\Scopy_MVP_Platform\scopy-fpga\main\ps7_cortexa9_0\standalone_domain\bsp\ps7_cortexa9_0\lib\libxil.a(xscugic_sinit.o)
                              ./src/hal.o (XScuGic_LookupConfig)
C:\Users\Tom\Documents\Projects\Scopy_MVP_Platform\scopy-fpga\main\ps7_cortexa9_0\standalone_domain\bsp\ps7_cortexa9_0\lib\libxil.a(xscugic_selftest.o)
                              ./src/hal.o (XScuGic_SelfTest)
C:\Users\Tom\Documents\Projects\Scopy_MVP_Platform\scopy-fpga\main\ps7_cortexa9_0\standalone_domain\bsp\ps7_cortexa9_0\lib\libxil.a(xscutimer.o)
                              ./src/hal.o (XScuTimer_CfgInitialize)
C:\Users\Tom\Documents\Projects\Scopy_MVP_Platform\scopy-fpga\main\ps7_cortexa9_0\standalone_domain\bsp\ps7_cortexa9_0\lib\libxil.a(xscutimer_selftest.o)
                              ./src/hal.o (XScuTimer_SelfTest)
C:\Users\Tom\Documents\Projects\Scopy_MVP_Platform\scopy-fpga\main\ps7_cortexa9_0\standalone_domain\bsp\ps7_cortexa9_0\lib\libxil.a(xscutimer_sinit.o)
                              ./src/hal.o (XScuTimer_LookupConfig)
C:\Users\Tom\Documents\Projects\Scopy_MVP_Platform\scopy-fpga\main\ps7_cortexa9_0\standalone_domain\bsp\ps7_cortexa9_0\lib\libxil.a(xscutimer_g.o)
                              C:\Users\Tom\Documents\Projects\Scopy_MVP_Platform\scopy-fpga\main\ps7_cortexa9_0\standalone_domain\bsp\ps7_cortexa9_0\lib\libxil.a(xscutimer_sinit.o) (XScuTimer_ConfigTable)
C:\Users\Tom\Documents\Projects\Scopy_MVP_Platform\scopy-fpga\main\ps7_cortexa9_0\standalone_domain\bsp\ps7_cortexa9_0\lib\libxil.a(xspips.o)
[...]
Memory Configuration

Name             Origin             Length             Attributes
ps7_ram_0        0x0000000001000000 0x000000000fffffff
ocm2             0x00000000ffff0000 0x000000000000fe00
ocm1             0x0000000000000000 0x0000000000030000
*default*        0x0000000000000000 0xffffffffffffffff

Linker script and memory map

LOAD g:/xilinx/vitis/2019.2/gnu/aarch32/nt/gcc-arm-none-eabi/bin/../lib/gcc/arm-none-eabi/8.2.0/thumb/v7-a+fp/hard/crti.o
LOAD g:/xilinx/vitis/2019.2/gnu/aarch32/nt/gcc-arm-none-eabi/bin/../lib/gcc/arm-none-eabi/8.2.0/thumb/v7-a+fp/hard/crtbegin.o
                0x0000000000010000                _STACK_SIZE = DEFINED (_STACK_SIZE)?_STACK_SIZE:0x10000
                0x000000000d800000                _HEAP_SIZE = DEFINED (_HEAP_SIZE)?_HEAP_SIZE:0xd800000
                0x0000000000000400                _ABORT_STACK_SIZE = DEFINED (_ABORT_STACK_SIZE)?_ABORT_STACK_SIZE:0x400
                0x0000000000000800                _SUPERVISOR_STACK_SIZE = DEFINED (_SUPERVISOR_STACK_SIZE)?_SUPERVISOR_STACK_SIZE:0x800
                0x0000000000000400                _IRQ_STACK_SIZE = DEFINED (_IRQ_STACK_SIZE)?_IRQ_STACK_SIZE:0x400
                0x0000000000000400                _FIQ_STACK_SIZE = DEFINED (_FIQ_STACK_SIZE)?_FIQ_STACK_SIZE:0x400
                0x0000000000000400                _UNDEF_STACK_SIZE = DEFINED (_UNDEF_STACK_SIZE)?_UNDEF_STACK_SIZE:0x400

.text           0x0000000001000000    0x27a10
 *(.vectors)
 .vectors       0x0000000001000000      0x12c C:\Users\Tom\Documents\Projects\Scopy_MVP_Platform\scopy-fpga\main\ps7_cortexa9_0\standalone_domain\bsp\ps7_cortexa9_0\lib\libxil.a(asm_vectors.o)
                0x0000000001000000                _vector_table
 *(.boot)
 .boot          0x000000000100012c      0x3b0 C:\Users\Tom\Documents\Projects\Scopy_MVP_Platform\scopy-fpga\main\ps7_cortexa9_0\standalone_domain\bsp\ps7_cortexa9_0\lib\libxil.a(boot.o)
                0x000000000100012c                _prestart
                0x000000000100012c                _boot
 *(.text)
 .text          0x00000000010004dc        0x0 g:/xilinx/vitis/2019.2/gnu/aarch32/nt/gcc-arm-none-eabi/bin/../lib/gcc/arm-none-eabi/8.2.0/thumb/v7-a+fp/hard/crti.o
 .text          0x00000000010004dc       0xa8 g:/xilinx/vitis/2019.2/gnu/aarch32/nt/gcc-arm-none-eabi/bin/../lib/gcc/arm-none-eabi/8.2.0/thumb/v7-a+fp/hard/crtbegin.o
 .text          0x0000000001000584     0x150c ./src/Collections-C/src/array.o
                0x0000000001000584                array_new
                0x0000000001000608                array_new_conf
                0x00000000010006e0                array_conf_init
                0x0000000001000718                array_destroy
                0x000000000100073c                array_destroy_cb
                0x0000000001000790                array_add
                0x000000000100083c                array_add_at
                0x00000000010009d8                array_replace_at
                0x0000000001000a1c                array_swap_at
                0x0000000001000a64                array_remove
                0x0000000001000b10                array_remove_at
                0x0000000001000b84                array_remove_last
                0x0000000001000bbc                array_remove_all
                0x0000000001000bc8                array_remove_all_free
                0x0000000001000c08                array_get_at
                0x0000000001000c28                array_get_last
                0x0000000001000c4c                array_get_buffer
                0x0000000001000c54                array_index_of
                0x0000000001000cac                array_subarray
                0x0000000001000d70                array_copy_shallow
                0x0000000001000e10                array_copy_deep
                0x0000000001000edc                array_filter_mut
                0x0000000001000fac                array_filter
                0x00000000010010bc                array_reverse
                0x0000000001001110                array_trim_capacity
                0x0000000001001188                array_contains
                0x00000000010011bc                array_contains_value
                0x0000000001001210                array_size
                0x0000000001001218                array_capacity
                0x0000000001001220                array_sort
                0x0000000001001238                array_map
                0x0000000001001274                array_reduce
                0x00000000010012f0                array_iter_init
                0x0000000001001300                array_iter_next
                0x0000000001001348                array_iter_remove
                0x00000000010013d4                array_iter_add
                0x0000000001001574                array_iter_replace
                0x00000000010015c4                array_iter_index
                0x00000000010015d0                array_zip_iter_init
                0x00000000010015e0                array_zip_iter_next
                0x0000000001001648                array_zip_iter_remove
                0x0000000001001744                array_zip_iter_add
                0x00000000010019e4                array_zip_iter_replace
                0x0000000001001a84                array_zip_iter_index
 .text          0x0000000001001a90        0x4 ./src/Collections-C/src/common.o
                0x0000000001001a90                cc_common_cmp_str
 .text          0x0000000001001a94     0x19a0 ./src/Collections-C/src/deque.o
                0x0000000001001b4c                deque_new
                0x0000000001001bd8                deque_new_conf
                0x0000000001001c8c                deque_conf_init
                0x0000000001001cb4                deque_destroy
                0x0000000001001cd8                deque_destroy_cb
                0x0000000001001d4c                deque_add
                0x0000000001001db0                deque_add_first
                0x0000000001001e90                deque_add_last
                0x0000000001001ef4                deque_add_at
                0x0000000001002180                deque_replace_at
                0x00000000010021d8                deque_remove_at
                0x00000000010023d4                deque_remove
                0x0000000001002440                deque_remove_first
                0x0000000001002490                deque_remove_last
                0x00000000010024e0                deque_remove_all
                0x00000000010024f4                deque_remove_all_cb
                0x0000000001002550                deque_get_at
                0x0000000001002594                deque_get_first
                0x00000000010025bc                deque_get_last
                0x00000000010025f4                deque_copy_shallow
                0x00000000010026cc                deque_copy_deep
                0x0000000001002810                deque_trim_capacity
                0x0000000001002900                deque_reverse
                0x000000000100295c                deque_contains
                0x00000000010029a8                deque_contains_value
                0x0000000001002a10                deque_index_of
                0x0000000001002a7c                deque_size
                0x0000000001002a84                deque_capacity
                0x0000000001002a8c                deque_get_buffer
                0x0000000001002a94                deque_foreach
                0x0000000001002ae0                deque_filter_mut
                0x0000000001002d04                deque_filter
                0x0000000001002e38                deque_iter_init
                0x0000000001002e48                deque_iter_next
                0x0000000001002eb4                deque_iter_remove
                0x00000000010030c4                deque_iter_add
                0x00000000010030e8                deque_iter_replace
                0x0000000001003148                deque_iter_index
                0x0000000001003154                deque_zip_iter_init
                0x0000000001003164                deque_zip_iter_next
                0x0000000001003210                deque_zip_iter_add
                0x00000000010032cc                deque_zip_iter_remove
                0x000000000100335c                deque_zip_iter_replace
                0x0000000001003428                deque_zip_iter_index
 .text          0x0000000001003434      0x1b0 ./src/Collections-C/src/hashset.o
                0x0000000001003434                hashset_conf_init
                0x0000000001003438                hashset_new
                0x00000000010034c4                hashset_new_conf
                0x000000000100354c                hashset_destroy
                0x000000000100356c                hashset_add
                0x0000000001003574                hashset_remove
                0x000000000100357c                hashset_remove_all
                0x0000000001003584                hashset_contains
                0x000000000100358c                hashset_size
                0x0000000001003594                hashset_capacity
                0x000000000100359c                hashset_foreach
                0x00000000010035a4                hashset_iter_init
                0x00000000010035ac                hashset_iter_next
                0x00000000010035e0                hashset_iter_remove
 .text          0x00000000010035e4      0xde0 ./src/Collections-C/src/hashtable.o
                0x00000000010035e4                hashtable_hash_string
                0x0000000001003618                hashtable_new
                0x00000000010036d4                hashtable_new_conf
                0x00000000010037c0                hashtable_conf_init
                0x0000000001003820                hashtable_destroy
                0x000000000100388c                hashtable_add
                0x0000000001003a94                hashtable_get
                0x0000000001003b54                hashtable_remove
                0x0000000001003cc8                hashtable_remove_all
                0x0000000001003d3c                hashtable_size
                0x0000000001003d44                hashtable_capacity
                0x0000000001003d4c                hashtable_contains_key
                0x0000000001003dc0                hashtable_get_values
                0x0000000001003e84                hashtable_get_keys
                0x0000000001003f48                hashtable_foreach_key
                0x0000000001003f9c                hashtable_foreach_value
                0x0000000001003ff0                hashtable_iter_init
                0x0000000001004050                hashtable_iter_next
                0x00000000010040e4                hashtable_iter_remove
                0x00000000010040f8                hashtable_hash
                0x0000000001004360                hashtable_hash_ptr
 .text          0x00000000010043c4     0x2068 ./src/Collections-C/src/list.o
                0x0000000001004724                list_conf_init
                0x0000000001004744                list_new
                0x0000000001004798                list_new_conf
                0x00000000010047dc                list_destroy
                0x0000000001004894                list_destroy_cb
                0x000000000100499c                list_add
                0x00000000010049f8                list_add_first
                0x0000000001004a58                list_add_last
                0x0000000001004ab4                list_add_at
                0x0000000001004b9c                list_add_all
                0x0000000001004c80                list_add_all_at
                0x0000000001004cb8                list_splice
                0x0000000001004d7c                list_splice_at
                0x0000000001004f04                list_remove
                0x0000000001004f88                list_remove_at
                0x0000000001005040                list_remove_first
                0x00000000010050b4                list_remove_last
                0x0000000001005128                list_remove_all
                0x00000000010051d0                list_remove_all_cb
                0x00000000010052d8                list_replace_at
                0x0000000001005364                list_get_first
                0x0000000001005384                list_get_last
                0x00000000010053a4                list_get_at
                0x000000000100541c                list_reverse
                0x000000000100550c                list_sublist
                0x0000000001005704                list_copy_shallow
                0x0000000001005870                list_copy_deep
                0x00000000010059e8                list_to_array
                0x0000000001005a5c                list_contains
                0x0000000001005a90                list_contains_value
                0x0000000001005ae0                list_index_of
                0x0000000001005b38                list_size
                0x0000000001005b40                list_sort
                0x0000000001005bf8                list_sort_in_place
                0x0000000001005c08                list_foreach
                0x0000000001005c34                list_filter_mut
                0x0000000001005cc8                list_filter
                0x0000000001005da4                list_iter_init
                0x0000000001005dc0                list_iter_remove
                0x0000000001005e44                list_iter_add
                0x0000000001005ee8                list_iter_replace
                0x0000000001005f14                list_iter_index
                0x0000000001005f20                list_iter_next
                0x0000000001005f64                list_diter_init
                0x0000000001005f84                list_diter_add
                0x0000000001006018                list_diter_remove
                0x000000000100609c                list_diter_replace
                0x00000000010060c8                list_diter_index
                0x00000000010060d4                list_diter_next
                0x0000000001006118                list_zip_iter_init
                0x0000000001006148                list_zip_iter_next
                0x00000000010061b4                list_zip_iter_add
                0x00000000010062f4                list_zip_iter_remove
                0x00000000010063d0                list_zip_iter_replace
                0x0000000001006420                list_zip_iter_index
 .text          0x000000000100642c      0x4e0 ./src/Collections-C/src/pqueue.o
                0x000000000100642c                pqueue_conf_init
                0x0000000001006468                pqueue_new
                0x00000000010064f4                pqueue_new_conf
                0x00000000010065dc                pqueue_destroy
                0x0000000001006600                pqueue_destroy_cb
                0x0000000001006654                pqueue_push
                0x0000000001006770                pqueue_top
                0x0000000001006790                pqueue_pop
 .text          0x000000000100690c      0x184 ./src/Collections-C/src/queue.o
                0x000000000100690c                queue_conf_init
                0x0000000001006910                queue_new
                0x0000000001006990                queue_new_conf
                0x0000000001006a08                queue_destroy
                0x0000000001006a28                queue_destroy_cb
                0x0000000001006a44                queue_peek
                0x0000000001006a4c                queue_poll
                0x0000000001006a54                queue_enqueue
                0x0000000001006a5c                queue_size
                0x0000000001006a64                queue_foreach
                0x0000000001006a6c                queue_iter_init
                0x0000000001006a74                queue_iter_next
                0x0000000001006a78                queue_iter_replace
                0x0000000001006a7c                queue_zip_iter_init
                0x0000000001006a88                queue_zip_iter_next
                0x0000000001006a8c                queue_zip_iter_replace
 .text          0x0000000001006a90      0x258 ./src/Collections-C/src/ring_buffer.o
                0x0000000001006a90                rbuf_new
                0x0000000001006b20                rbuf_conf_new
                0x0000000001006bb4                rbuf_conf_init
                0x0000000001006bdc                rbuf_destroy
                0x0000000001006c00                rbuf_is_empty
                0x0000000001006c10                rbuf_size
                0x0000000001006c18                rbuf_enqueue
                0x0000000001006c80                rbuf_dequeue
                0x0000000001006cd8                rbuf_peek
 .text          0x0000000001006ce8     0x16e0 ./src/Collections-C/src/slist.o
                0x0000000001006ce8                slist_conf_init
                0x0000000001006d08                slist_new
                0x0000000001006d5c                slist_new_conf
                0x0000000001006da0                slist_destroy
                0x0000000001006dfc                slist_destroy_cb
                0x0000000001006e94                slist_add
                0x0000000001006eec                slist_add_first
                0x0000000001006f48                slist_add_last
                0x0000000001006fa0                slist_add_at
                0x0000000001007054                slist_add_all
                0x0000000001007138                slist_add_all_at
                0x0000000001007260                slist_splice
                0x00000000010072b8                slist_splice_at
                0x0000000001007358                slist_remove
                0x000000000100741c                slist_remove_at
                0x00000000010074c0                slist_remove_first
                0x0000000001007520                slist_remove_last
                0x00000000010075c4                slist_remove_all
                0x0000000001007620                slist_remove_all_cb
                0x00000000010076b8                slist_replace_at
                0x0000000001007704                slist_get_first
                0x0000000001007724                slist_get_last
                0x0000000001007744                slist_get_at
                0x0000000001007788                slist_size
                0x0000000001007790                slist_reverse
                0x00000000010077d4                slist_sublist
                0x00000000010079ac                slist_copy_shallow
                0x0000000001007ad0                slist_copy_deep
                0x0000000001007bfc                slist_contains
                0x0000000001007c30                slist_contains_value
                0x0000000001007c80                slist_index_of
                0x0000000001007cd0                slist_to_array
                0x0000000001007d34                slist_sort
                0x0000000001007de8                slist_foreach
                0x0000000001007e14                slist_filter
                0x0000000001007ee8                slist_filter_mut
                0x0000000001007f70                slist_iter_init
                0x0000000001007f8c                slist_iter_remove
                0x0000000001008018                slist_iter_add
                0x0000000001008088                slist_iter_replace
                0x00000000010080b4                slist_iter_next
                0x0000000001008104                slist_iter_index
                0x0000000001008110                slist_zip_iter_init
                0x0000000001008140                slist_zip_iter_next
                0x00000000010081bc                slist_zip_iter_add
                0x0000000001008290                slist_zip_iter_remove
                0x000000000100836c                slist_zip_iter_replace
                0x00000000010083bc                slist_zip_iter_index
 .text          0x00000000010083c8      0x194 ./src/Collections-C/src/stack.o
                0x00000000010083c8                stack_conf_init
                0x00000000010083cc                stack_new
                0x0000000001008454                stack_new_conf
                0x00000000010084d4                stack_destroy
                0x00000000010084f4                stack_destroy_cb
                0x0000000001008510                stack_push
                0x0000000001008518                stack_peek
                0x0000000001008520                stack_pop
                0x0000000001008528                stack_size
                0x0000000001008530                stack_map
                0x0000000001008538                stack_iter_init
                0x0000000001008540                stack_iter_next
                0x0000000001008544                stack_iter_replace
                0x0000000001008548                stack_zip_iter_init
                0x0000000001008554                stack_zip_iter_next
                0x0000000001008558                stack_zip_iter_replace
 .text          0x000000000100855c      0x22c ./src/Collections-C/src/treeset.o
                0x000000000100855c                treeset_conf_init
                0x0000000001008560                treeset_new
                0x00000000010085f4                treeset_new_conf
                0x000000000100867c                treeset_destroy
                0x000000000100869c                treeset_add
                0x00000000010086a4                treeset_remove
                0x00000000010086c0                treeset_remove_all
                0x00000000010086c8                treeset_get_first
                0x00000000010086e4                treeset_get_last
                0x0000000001008700                treeset_get_greater_than
                0x000000000100871c                treeset_get_lesser_than
                0x0000000001008738                treeset_contains
                0x0000000001008740                treeset_size
                0x0000000001008748                treeset_foreach
                0x0000000001008750                treeset_iter_init
                0x0000000001008758                treeset_iter_next
                0x0000000001008784                treeset_iter_remove
 .text          0x0000000001008788     0x1ec0 ./src/Collections-C/src/treetable.o
                0x0000000001008d08                treetable_conf_init
                0x0000000001008d30                treetable_new
                0x0000000001008dc4                treetable_new_conf
                0x0000000001008e5c                treetable_destroy
                0x0000000001009470                treetable_get
                0x00000000010094ec                treetable_get_first_value
                0x0000000001009520                treetable_get_last_value
                0x0000000001009554                treetable_get_first_key
                0x0000000001009588                treetable_get_last_key
                0x00000000010095bc                treetable_get_greater_than
                0x00000000010096b4                treetable_get_lesser_than
                0x00000000010097a8                treetable_size
                0x00000000010097b0                treetable_contains_key
                0x0000000001009824                treetable_contains_value
                0x00000000010098dc                treetable_add
                0x0000000001009bd8                treetable_remove
                0x0000000001009c68                treetable_remove_first
                0x0000000001009cb4                treetable_remove_last
                0x0000000001009cec                treetable_remove_all
                0x000000000100a2f4                treetable_foreach_key
                0x000000000100a3a0                treetable_foreach_value
                0x000000000100a44c                treetable_iter_init
                0x000000000100a47c                treetable_iter_next
                0x000000000100a520                treetable_iter_remove
                0x000000000100a564                treetable_assert_rb_rules
 .text          0x000000000100a648      0x3d0 ./src/acq_ctrl.o
                0x000000000100a648                acq_ctrl_init
                0x000000000100a6ac                acq_ctrl_setup_auto_period
                0x000000000100a710                acq_ctrl_start
                0x000000000100a738                acq_ctrl_stop
                0x000000000100a74c                acq_ctrl_tick
                0x000000000100a9f8                acq_ctrl_reset
 .text          0x000000000100aa18     0x1234 ./src/acq_debug.o
                0x000000000100ab00                acq_debug_dump
                0x000000000100b198                acq_debug_ll_dump
                0x000000000100b22c                acq_debug_dump_waveraw
                0x000000000100b2cc                acq_debug_dump_wordline
                0x000000000100b644                acq_debug_dump_wave_pointer
                0x000000000100b898                acq_debug_dump_wave
                0x000000000100b920                acq_copy_slow_mipi
                0x000000000100babc                acq_dma_address_helper
                0x000000000100bb94                acq_dma_address_helper_debug
 .text          0x000000000100bc4c       0x74 ./src/acq_hacks.o
                0x000000000100bc4c                acq_hacks_init
                0x000000000100bcbc                acq_hacks_run
 .text          0x000000000100bcc0     0x1d58 ./src/acquire.o
                0x000000000100bcc0                _acq_irq_fifo_gen_rst
                0x000000000100be44                _acq_irq_error_dma
                0x000000000100bec8                _acq_reset_PL_fifo
                0x000000000100bf08                _acq_reset_trigger
                0x000000000100bf34                _acq_wait_for_ndone
                0x000000000100bf4c                _acq_fast_dma_start
                0x000000000100bf74                _acq_core_dma_start
                0x000000000100bfcc                acq_write_training
                0x000000000100c084                acq_init
                0x000000000100c248                acq_get_next_alloc
                0x000000000100c304                acq_append_next_alloc
                0x000000000100c444                acq_free_all_alloc_core
                0x000000000100c4a8                acq_free_all_alloc
                0x000000000100c5a0                acq_rewind
                0x000000000100c60c                acq_swap
                0x000000000100c6e4                acq_prepare_triggered
                0x000000000100cc8c                acq_start
                0x000000000100ce00                _acq_irq_rx_handler
                0x000000000100d5dc                acq_stop
                0x000000000100d64c                acq_abort_done
                0x000000000100d66c                acq_is_done
                0x000000000100d688                acq_make_status
                0x000000000100d728                acq_get_ll_pointer
                0x000000000100d7e0                acq_get_ll_pointer_in_base
                0x000000000100d844                acq_next_ll_pointer
                0x000000000100d8a0                acq_dma_clipped_address_helper
                0x000000000100d990                acq_get_wave_size_bytes
                0x000000000100d9c0                acq_get_wave_bit_depth
                0x000000000100d9f0                acq_get_wave_bit_packed_depth
 .text          0x000000000100da18      0x6d0 ./src/clkwiz_interface.o
                0x000000000100da18                clkwiz_init
                0x000000000100daec                clkwiz_change_mipi_freq
                0x000000000100dddc                clkwiz_dump_state
                0x000000000100e054                clkwiz_commit
 .text          0x000000000100e0e8     0x13c4 ./src/dma_bd.o
                0x000000000100e0e8                dma_bd_init
                0x000000000100e15c                dma_bd_create_ring
                0x000000000100e338                dma_bd_destroy_ring
                0x000000000100e3ec                dma_bd_allocate
                0x000000000100e5c8                dma_bd_free_from
                0x000000000100e62c                dma_bd_free
                0x000000000100e6a0                dma_bd_trim
                0x000000000100e718                dma_bd_rewind
                0x000000000100e758                dma_bd_add_raw_sg_entry
                0x000000000100e924                dma_bd_add_large_sg_entry
                0x000000000100eb44                dma_bd_add_zero_sg_entry
                0x000000000100ed64                dma_bd_flush_to_ram
                0x000000000100ed90                dma_bd_finalise
                0x000000000100edc4                dma_bd_debug_dump
                0x000000000100f070                dma_bd_start
                0x000000000100f13c                dma_bd_test
 .text          0x000000000100f4ac      0x328 ./src/fabric_config.o
                0x000000000100f4ac                fabcfg_dump_state
                0x000000000100f670                fabcfg_init
 *fill*         0x000000000100f7d4        0x4 
 .text          0x000000000100f7d8     0x119c ./src/hal.o
                0x000000000100f7d8                irq_xscutimer
                0x000000000100fa60                d_xilinx_assert
                0x000000000100fa78                gpio_set_ps_irq_direction
                0x000000000100fb4c                gpio_write_ps_irq
                0x000000000100fbb0                gpio_read_ps_irq
                0x000000000100fc1c                bogo_calibrate
                0x000000000100fdd4                bogo_delay
                0x000000000100fe38                d_printf
                0x0000000001010010                d_waitkey
                0x000000000101001c                d_iskeypress
                0x000000000101003c                d_getkey
                0x000000000101005c                d_read_global_timer
                0x0000000001010084                d_start_timing
                0x00000000010100f4                d_stop_timing
                0x0000000001010184                d_read_timing
                0x00000000010101e0                d_read_timing_us
                0x0000000001010260                d_dump_timing
                0x0000000001010318                d_dump_timing_ex
                0x0000000001010358                d_dump_malloc_info
                0x000000000101042c                hal_init
                0x0000000001010954                d_trap_handle
 .text          0x0000000001010974        0x0 ./src/main.o
 *fill*         0x0000000001010974        0x4 
 .text          0x0000000001010978      0x950 ./src/mipi_csi.o
                0x0000000001010978                mipi_csi_init
                0x0000000001010b80                mipi_csi_set_datatype_and_frame_wct
                0x0000000001010bec                mipi_csi_generate_sg_list_for_waves
                0x0000000001010fe8                mipi_csi_process_queue_item
                0x000000000101111c                mipi_csi_tick
                0x00000000010111d8                mipi_csi_get_status
                0x0000000001011254                mipi_csi_get_size_report
                0x00000000010112a4                mcsi_get_task_done
 .text          0x00000000010112c8      0x378 ./src/mipi_csi_hw.o
                0x00000000010112c8                mipi_csi_send_fifo_reset
                0x00000000010112ec                mipi_csi_send_sof
                0x00000000010113ac                mipi_csi_send_eof
                0x0000000001011444                mipi_csi_stop
                0x00000000010114e4                mipi_csi_transfer_packet
 .text          0x0000000001011640       0x14 ./src/platform.o
                0x0000000001011640                enable_caches
                0x0000000001011644                disable_caches
                0x0000000001011648                init_uart
                0x000000000101164c                init_platform
                0x0000000001011650                cleanup_platform
 .text          0x0000000001011654     0x1398 ./src/spi.o
                0x0000000001011654                spi_isr_handler
                0x00000000010119f8                spi_init
                0x0000000001011e34                spi_reset_hw
                0x0000000001011e68                spi_crc_lut_gen
                0x0000000001011ef0                spi_command_lut_gen
                0x0000000001011fb8                spi_transmit_packet_nonblock
                0x0000000001012108                spi_command_find_free_slot
                0x0000000001012150                spi_command_count_allocated
                0x000000000101217c                spi_command_pack_response_simple
                0x000000000101220c                spi_command_pack_response_pre_alloc
                0x0000000001012270                spi_command_tick
 .text          0x00000000010129ec      0xa20 ./src/spi_commands.o
                0x00000000010129ec                spicmd_csi_setup_addr_range
                0x00000000010129f0                spicmd_hello
                0x0000000001012a20                spicmd_version
                0x0000000001012a30                spicmd_stats
                0x0000000001012a98                spicmd_acq_setup_trigd
                0x0000000001012b14                spicmd_acq_start
                0x0000000001012b40                spicmd_acq_rewind
                0x0000000001012b44                spicmd_acq_status
                0x0000000001012b70                spicmd_trig_configure_edge
                0x0000000001012b9c                spicmd_trig_configure_always
                0x0000000001012ba0                spicmd_trig_force
                0x0000000001012ba4                spicmd_trig_arm
                0x0000000001012ba8                spicmd_trig_disarm
                0x0000000001012bac                spicmd_csi_setup_testpatt
                0x00000000010132e0                spicmd_csi_set_params
                0x0000000001013320                spicmd_csi_stream_stop
                0x0000000001013324                spicmd_csi_status
                0x0000000001013350                spicmd_ac_setup_acq_and_stream
                0x000000000101337c                spicmd_ac_stop
                0x0000000001013380                spicmd_ac_start
                0x00000000010133a4                spicmd_ac_reset
                0x00000000010133c0                spicmd_acq_stop
                0x00000000010133f8                spicmd_csi_setup_trigpos_all
                0x00000000010133fc                spicmd_csi_setup_wave_range
                0x0000000001013400                spicmd_csi_setup_wave_all
                0x0000000001013404                spicmd_csi_setup_trigpos_range
                0x0000000001013408                spicmd_csi_setup_bitpack_wave
 *fill*         0x000000000101340c        0x4 
 .text          0x0000000001013410      0x354 ./src/system_control.o
                0x0000000001013410                sysctrl_tick_irq
                0x0000000001013460                sysctrl_init
                0x00000000010135a8                systick_get_time_us_nonirq
                0x00000000010135c0                sysctrl_led_mode
                0x0000000001013628                sysctrl_led_tick
                0x00000000010136b4                sysctrl_xadc_tick
                0x00000000010136b8                sysctrl_main_loop
 .text          0x0000000001013764        0x0 ./src/test_patterns.o
 .text          0x0000000001013764      0x720 ./src/trigger.o
                0x0000000001013764                trig_zero_levels
                0x0000000001013798                trig_write_levels
                0x00000000010138e8                trig_configure_always
                0x0000000001013928                trig_configure_edge
                0x0000000001013aa8                trig_configure_holdoff
                0x0000000001013b24                trig_dump_state
                0x0000000001013cd0                trig_init
                0x0000000001013d64                trig_has_trigd
                0x0000000001013d90                trig_arm
                0x0000000001013da8                trig_disarm
                0x0000000001013dc0                trig_force
                0x0000000001013de4                trig_calculate_corrected_position
 .text          0x0000000001013e84      0x91c C:\Users\Tom\Documents\Projects\Scopy_MVP_Platform\scopy-fpga\main\ps7_cortexa9_0\standalone_domain\bsp\ps7_cortexa9_0\lib\libxil.a(xaxidma.o)
                0x0000000001013e84                XAxiDma_Reset
                0x0000000001013f98                XAxiDma_ResetIsDone
                0x0000000001013fe4                XAxiDma_CfgInitialize
                0x0000000001014220                XAxiDma_Pause
                0x00000000010142d0                XAxiDma_Resume
                0x0000000001014588                XAxiDma_Busy
                0x00000000010145a4                XAxiDma_SelectKeyHole
                0x00000000010145cc                XAxiDma_SelectCyclicMode
                0x00000000010145f4                XAxiDma_SimpleTransfer
 .text          0x00000000010147a0       0x60 C:\Users\Tom\Documents\Projects\Scopy_MVP_Platform\scopy-fpga\main\ps7_cortexa9_0\standalone_domain\bsp\ps7_cortexa9_0\lib\libxil.a(xaxidma_sinit.o)
                0x00000000010147a0                XAxiDma_LookupConfig
                0x00000000010147d0                XAxiDma_LookupConfigBaseAddr
 .text          0x0000000001014800       0x78 C:\Users\Tom\Documents\Projects\Scopy_MVP_Platform\scopy-fpga\main\ps7_cortexa9_0\standalone_domain\bsp\ps7_cortexa9_0\lib\libxil.a(xaxidma_selftest.o)
                0x0000000001014800                XAxiDma_Selftest
 .text          0x0000000001014878      0xfd4 C:\Users\Tom\Documents\Projects\Scopy_MVP_Platform\scopy-fpga\main\ps7_cortexa9_0\standalone_domain\bsp\ps7_cortexa9_0\lib\libxil.a(xaxidma_bdring.o)
                0x0000000001014878                XAxiDma_UpdateBdRingCDesc
                0x00000000010149fc                XAxiDma_BdRingCreate
                0x0000000001014c14                XAxiDma_BdRingClone
                0x0000000001014d4c                XAxiDma_StartBdRingHw
                0x0000000001014e78                XAxiDma_BdRingStart
                0x0000000001014ecc                XAxiDma_BdRingSetCoalesce
                0x0000000001014f40                XAxiDma_BdRingGetCoalesce
                0x0000000001014f5c                XAxiDma_BdRingAlloc
                0x0000000001014ffc                XAxiDma_BdRingUnAlloc
                0x00000000010150d4                XAxiDma_BdRingToHw
                0x0000000001015374                XAxiDma_BdRingFromHw
                0x00000000010154c8                XAxiDma_BdRingFree
                0x000000000101557c                XAxiDma_BdRingCheck
                0x0000000001015794                XAxiDma_BdRingDumpRegs
 .text          0x000000000101584c        0x0 C:\Users\Tom\Documents\Projects\Scopy_MVP_Platform\scopy-fpga\main\ps7_cortexa9_0\standalone_domain\bsp\ps7_cortexa9_0\lib\libxil.a(xaxidma_g.o)
 .text          0x000000000101584c      0x150 C:\Users\Tom\Documents\Projects\Scopy_MVP_Platform\scopy-fpga\main\ps7_cortexa9_0\standalone_domain\bsp\ps7_cortexa9_0\lib\libxil.a(xclk_wiz.o)
                0x0000000001015874                XClk_Wiz_CfgInitialize
                0x000000000101593c                XClk_Wiz_GetInterruptSettings
 .text          0x000000000101599c       0x1c C:\Users\Tom\Documents\Projects\Scopy_MVP_Platform\scopy-fpga\main\ps7_cortexa9_0\standalone_domain\bsp\ps7_cortexa9_0\lib\libxil.a(xclk_wiz_sinit.o)
                0x000000000101599c                XClk_Wiz_LookupConfig
 .text          0x00000000010159b8      0xcd8 C:\Users\Tom\Documents\Projects\Scopy_MVP_Platform\scopy-fpga\main\ps7_cortexa9_0\standalone_domain\bsp\ps7_cortexa9_0\lib\libxil.a(xgpiops.o)
                0x00000000010159b8                XGpioPs_CfgInitialize
                0x0000000001015b34                XGpioPs_Read
                0x0000000001015be8                XGpioPs_Write
                0x0000000001015c90                XGpioPs_SetDirection
                0x0000000001015d3c                XGpioPs_GetDirection
                0x0000000001015df4                XGpioPs_SetOutputEnable
                0x0000000001015ea0                XGpioPs_GetOutputEnable
                0x0000000001015f58                XGpioPs_GetBankPin
                0x0000000001016094                XGpioPs_ReadPin
                0x0000000001016178                XGpioPs_WritePin
                0x0000000001016278                XGpioPs_SetDirectionPin
                0x000000000101639c                XGpioPs_GetDirectionPin
                0x0000000001016484                XGpioPs_SetOutputEnablePin
                0x00000000010165a8                XGpioPs_GetOutputEnablePin
 .text          0x0000000001016690       0x1c C:\Users\Tom\Documents\Projects\Scopy_MVP_Platform\scopy-fpga\main\ps7_cortexa9_0\standalone_domain\bsp\ps7_cortexa9_0\lib\libxil.a(xgpiops_sinit.o)
                0x0000000001016690                XGpioPs_LookupConfig
 .text          0x00000000010166ac      0xdd4 C:\Users\Tom\Documents\Projects\Scopy_MVP_Platform\scopy-fpga\main\ps7_cortexa9_0\standalone_domain\bsp\ps7_cortexa9_0\lib\libxil.a(xgpiops_intr.o)
                0x00000000010166ac                XGpioPs_IntrEnable
                0x0000000001016758                XGpioPs_IntrEnablePin
                0x0000000001016834                XGpioPs_IntrDisable
                0x00000000010168e0                XGpioPs_IntrDisablePin
                0x00000000010169bc                XGpioPs_IntrGetEnabled
                0x0000000001016a78                XGpioPs_IntrGetEnabledPin
                0x0000000001016b60                XGpioPs_IntrGetStatus
                0x0000000001016c18                XGpioPs_IntrGetStatusPin
                0x0000000001016d00                XGpioPs_IntrClear
                0x0000000001016dac                XGpioPs_IntrClearPin
                0x0000000001016e8c                XGpioPs_SetIntrType
                0x0000000001016f54                XGpioPs_GetIntrType
                0x0000000001017028                XGpioPs_SetIntrTypePin
                0x00000000010171c8                XGpioPs_GetIntrTypePin
                0x00000000010172d4                XGpioPs_SetCallbackHandler
                0x0000000001017374                XGpioPs_IntrHandler
                0x0000000001017458                StubHandler
 .text          0x0000000001017480        0x0 C:\Users\Tom\Documents\Projects\Scopy_MVP_Platform\scopy-fpga\main\ps7_cortexa9_0\standalone_domain\bsp\ps7_cortexa9_0\lib\libxil.a(xgpiops_g.o)
 .text          0x0000000001017480       0x78 C:\Users\Tom\Documents\Projects\Scopy_MVP_Platform\scopy-fpga\main\ps7_cortexa9_0\standalone_domain\bsp\ps7_cortexa9_0\lib\libxil.a(xscugic_intr.o)
                0x0000000001017480                XScuGic_InterruptHandler
 .text          0x00000000010174f8      0xaf4 C:\Users\Tom\Documents\Projects\Scopy_MVP_Platform\scopy-fpga\main\ps7_cortexa9_0\standalone_domain\bsp\ps7_cortexa9_0\lib\libxil.a(xscugic.o)
                0x0000000001017548                XScuGic_Connect
                0x000000000101761c                XScuGic_Disconnect
                0x00000000010176e8                XScuGic_SoftwareIntr
                0x00000000010177cc                XScuGic_SetPriorityTriggerType
                0x0000000001017904                XScuGic_GetPriorityTriggerType
                0x0000000001017a30                XScuGic_InterruptMaptoCpu
                0x0000000001017aa4                XScuGic_Enable
                0x0000000001017b78                XScuGic_InterruptUnmapFromCpu
                0x0000000001017bec                XScuGic_Disable
                0x0000000001017cc0                XScuGic_UnmapAllInterruptsFromCpu
                0x0000000001017d3c                XScuGic_Stop
                0x0000000001017e18                XScuGic_CfgInitialize
                0x0000000001017f8c                XScuGic_SetCpuID
                0x0000000001017fdc                XScuGic_GetCpuID
 .text          0x0000000001017fec       0x1c C:\Users\Tom\Documents\Projects\Scopy_MVP_Platform\scopy-fpga\main\ps7_cortexa9_0\standalone_domain\bsp\ps7_cortexa9_0\lib\libxil.a(xscugic_sinit.o)
                0x0000000001017fec                XScuGic_LookupConfig
 .text          0x0000000001018008       0xb4 C:\Users\Tom\Documents\Projects\Scopy_MVP_Platform\scopy-fpga\main\ps7_cortexa9_0\standalone_domain\bsp\ps7_cortexa9_0\lib\libxil.a(xscugic_selftest.o)
                0x0000000001018008                XScuGic_SelfTest
 .text          0x00000000010180bc      0x2d8 C:\Users\Tom\Documents\Projects\Scopy_MVP_Platform\scopy-fpga\main\ps7_cortexa9_0\standalone_domain\bsp\ps7_cortexa9_0\lib\libxil.a(xscutimer.o)
                0x00000000010180bc                XScuTimer_CfgInitialize
                0x000000000101816c                XScuTimer_Start
                0x00000000010181fc                XScuTimer_Stop
                0x0000000001018284                XScuTimer_SetPrescaler
                0x000000000101830c                XScuTimer_GetPrescaler
 .text          0x0000000001018394       0xbc C:\Users\Tom\Documents\Projects\Scopy_MVP_Platform\scopy-fpga\main\ps7_cortexa9_0\standalone_domain\bsp\ps7_cortexa9_0\lib\libxil.a(xscutimer_selftest.o)
                0x0000000001018394                XScuTimer_SelfTest
 .text          0x0000000001018450       0x1c C:\Users\Tom\Documents\Projects\Scopy_MVP_Platform\scopy-fpga\main\ps7_cortexa9_0\standalone_domain\bsp\ps7_cortexa9_0\lib\libxil.a(xscutimer_sinit.o)
                0x0000000001018450                XScuTimer_LookupConfig
 .text          0x000000000101846c        0x0 C:\Users\Tom\Documents\Projects\Scopy_MVP_Platform\scopy-fpga\main\ps7_cortexa9_0\standalone_domain\bsp\ps7_cortexa9_0\lib\libxil.a(xscutimer_g.o)
 .text          0x000000000101846c      0xaf0 C:\Users\Tom\Documents\Projects\Scopy_MVP_Platform\scopy-fpga\main\ps7_cortexa9_0\standalone_domain\bsp\ps7_cortexa9_0\lib\libxil.a(xspips.o)
                0x0000000001018494                XSpiPs_Transfer
                0x0000000001018674                XSpiPs_PolledTransfer
                0x00000000010188f8                XSpiPs_SetSlaveSelect
                0x00000000010189d8                XSpiPs_GetSlaveSelect
                0x0000000001018a80                XSpiPs_SetStatusHandler
                0x0000000001018b20                XSpiPs_Abort
                0x0000000001018b7c                XSpiPs_Reset
                0x0000000001018c00                XSpiPs_CfgInitialize
                0x0000000001018cd0                XSpiPs_InterruptHandler
 .text          0x0000000001018f5c       0x1c C:\Users\Tom\Documents\Projects\Scopy_MVP_Platform\scopy-fpga\main\ps7_cortexa9_0\standalone_domain\bsp\ps7_cortexa9_0\lib\libxil.a(xspips_sinit.o)
                0x0000000001018f5c                XSpiPs_LookupConfig
 .text          0x0000000001018f78        0x0 C:\Users\Tom\Documents\Projects\Scopy_MVP_Platform\scopy-fpga\main\ps7_cortexa9_0\standalone_domain\bsp\ps7_cortexa9_0\lib\libxil.a(xspips_g.o)
 .text          0x0000000001018f78      0x16c C:\Users\Tom\Documents\Projects\Scopy_MVP_Platform\scopy-fpga\main\ps7_cortexa9_0\standalone_domain\bsp\ps7_cortexa9_0\lib\libxil.a(xspips_selftest.o)
                0x0000000001018f78                XSpiPs_SelfTest
 .text          0x00000000010190e4       0x70 C:\Users\Tom\Documents\Projects\Scopy_MVP_Platform\scopy-fpga\main\ps7_cortexa9_0\standalone_domain\bsp\ps7_cortexa9_0\lib\libxil.a(xil_assert.o)
                0x00000000010190e4                Xil_Assert
                0x0000000001019140                Xil_AssertSetCallback
                0x0000000001019150                XNullHandler
 .text          0x0000000001019154       0x28 C:\Users\Tom\Documents\Projects\Scopy_MVP_Platform\scopy-fpga\main\ps7_cortexa9_0\standalone_domain\bsp\ps7_cortexa9_0\lib\libxil.a(print.o)
                0x0000000001019154                print
 .text          0x000000000101917c      0x96c C:\Users\Tom\Documents\Projects\Scopy_MVP_Platform\scopy-fpga\main\ps7_cortexa9_0\standalone_domain\bsp\ps7_cortexa9_0\lib\libxil.a(xil_cache.o)
                0x000000000101917c                Xil_DCacheInvalidateLine
                0x00000000010191b4                Xil_DCacheInvalidateRange
                0x000000000101929c                Xil_DCacheFlushLine
                0x00000000010192e8                Xil_DCacheFlushRange
                0x000000000101933c                Xil_DCacheStoreLine
                0x0000000001019374                Xil_ICacheInvalidateLine
                0x00000000010193ac                Xil_ICacheInvalidateRange
                0x0000000001019404                Xil_L1DCacheInvalidate
                0x00000000010194b8                Xil_L1DCacheEnable
                0x00000000010194d8                Xil_L1DCacheInvalidateLine
                0x00000000010194f0                Xil_L1DCacheInvalidateRange
                0x0000000001019538                Xil_L1DCacheFlush
                0x00000000010195c4                Xil_L1DCacheDisable
                0x00000000010195dc                Xil_DCacheFlush
                0x0000000001019638                Xil_L1DCacheFlushLine
                0x0000000001019650                Xil_L1DCacheFlushRange
                0x0000000001019698                Xil_L1DCacheStoreLine
                0x00000000010196b0                Xil_L1ICacheEnable
                0x00000000010196cc                Xil_L1ICacheDisable
                0x00000000010196e8                Xil_L1ICacheInvalidate
                0x0000000001019700                Xil_L1ICacheInvalidateLine
                0x0000000001019718                Xil_L1ICacheInvalidateRange
                0x0000000001019760                Xil_L2CacheDisable
                0x00000000010197d4                Xil_DCacheDisable
                0x00000000010197f0                Xil_ICacheDisable
                0x0000000001019814                Xil_L2CacheInvalidate
                0x0000000001019880                Xil_DCacheInvalidate
                0x00000000010198a0                Xil_ICacheInvalidate
                0x0000000001019928                Xil_L2CacheEnable
                0x0000000001019940                Xil_DCacheEnable
                0x0000000001019964                Xil_ICacheEnable
                0x0000000001019994                Xil_L2CacheInvalidateLine
                0x00000000010199a8                Xil_L2CacheInvalidateRange
                0x0000000001019a10                Xil_L2CacheFlush
                0x0000000001019a54                Xil_L2CacheFlushLine
                0x0000000001019a6c                Xil_L2CacheFlushRange
                0x0000000001019ad4                Xil_L2CacheStoreLine
 .text          0x0000000001019ae8       0x10 C:\Users\Tom\Documents\Projects\Scopy_MVP_Platform\scopy-fpga\main\ps7_cortexa9_0\standalone_domain\bsp\ps7_cortexa9_0\lib\libxil.a(outbyte.o)
                0x0000000001019ae8                outbyte
 .text          0x0000000001019af8        0x8 C:\Users\Tom\Documents\Projects\Scopy_MVP_Platform\scopy-fpga\main\ps7_cortexa9_0\standalone_domain\bsp\ps7_cortexa9_0\lib\libxil.a(xplatform_info.o)
                0x0000000001019af8                XGetPlatform_Info
 .text          0x0000000001019b00      0x6c0 C:\Users\Tom\Documents\Projects\Scopy_MVP_Platform\scopy-fpga\main\ps7_cortexa9_0\standalone_domain\bsp\ps7_cortexa9_0\lib\libxil.a(xil_printf.o)
                0x0000000001019d34                xil_printf
 .text          0x000000000101a1c0       0xe4 C:\Users\Tom\Documents\Projects\Scopy_MVP_Platform\scopy-fpga\main\ps7_cortexa9_0\standalone_domain\bsp\ps7_cortexa9_0\lib\libxil.a(xil_exception.o)
                0x000000000101a1c4                Xil_DataAbortHandler
                0x000000000101a1f4                Xil_PrefetchAbortHandler
                0x000000000101a224                Xil_UndefinedExceptionHandler
                0x000000000101a244                Xil_ExceptionInit
                0x000000000101a248                Xil_ExceptionRegisterHandler
                0x000000000101a260                Xil_GetExceptionRegisterHandler
                0x000000000101a280                Xil_ExceptionRemoveHandler
 .text          0x000000000101a2a4        0x0 C:\Users\Tom\Documents\Projects\Scopy_MVP_Platform\scopy-fpga\main\ps7_cortexa9_0\standalone_domain\bsp\ps7_cortexa9_0\lib\libxil.a(asm_vectors.o)
 .text          0x000000000101a2a4      0x5d4 C:\Users\Tom\Documents\Projects\Scopy_MVP_Platform\scopy-fpga\main\ps7_cortexa9_0\standalone_domain\bsp\ps7_cortexa9_0\lib\libxil.a(xttcps.o)
                0x000000000101a2cc                XTtcPs_CfgInitialize
                0x000000000101a3e8                XTtcPs_SetMatchValue
                0x000000000101a494                XTtcPs_GetMatchValue
                0x000000000101a550                XTtcPs_SetPrescaler
                0x000000000101a600                XTtcPs_GetPrescaler
                0x000000000101a698                XTtcPs_CalcIntervalFromFreq
                0x000000000101a778                XTtcPs_InterruptHandler
                0x000000000101a7d8                XTtcPs_SetStatusHandler
 .text          0x000000000101a878       0x40 C:\Users\Tom\Documents\Projects\Scopy_MVP_Platform\scopy-fpga\main\ps7_cortexa9_0\standalone_domain\bsp\ps7_cortexa9_0\lib\libxil.a(xttcps_sinit.o)
                0x000000000101a878                XTtcPs_LookupConfig
 .text          0x000000000101a8b8        0x0 C:\Users\Tom\Documents\Projects\Scopy_MVP_Platform\scopy-fpga\main\ps7_cortexa9_0\standalone_domain\bsp\ps7_cortexa9_0\lib\libxil.a(xttcps_g.o)
 .text          0x000000000101a8b8      0x1ac C:\Users\Tom\Documents\Projects\Scopy_MVP_Platform\scopy-fpga\main\ps7_cortexa9_0\standalone_domain\bsp\ps7_cortexa9_0\lib\libxil.a(xttcps_options.o)
                0x000000000101a8b8                XTtcPs_SetOptions
                0x000000000101a9ac                XTtcPs_GetOptions
 .text          0x000000000101aa64       0x88 C:\Users\Tom\Documents\Projects\Scopy_MVP_Platform\scopy-fpga\main\ps7_cortexa9_0\standalone_domain\bsp\ps7_cortexa9_0\lib\libxil.a(xuartps_hw.o)
                0x000000000101aa64                XUartPs_SendByte
                0x000000000101aa7c                XUartPs_RecvByte
                0x000000000101aa98                XUartPs_ResetHw
 .text          0x000000000101aaec        0x0 C:\Users\Tom\Documents\Projects\Scopy_MVP_Platform\scopy-fpga\main\ps7_cortexa9_0\standalone_domain\bsp\ps7_cortexa9_0\lib\libxil.a(xclk_wiz_g.o)
 .text          0x000000000101aaec        0x0 C:\Users\Tom\Documents\Projects\Scopy_MVP_Platform\scopy-fpga\main\ps7_cortexa9_0\standalone_domain\bsp\ps7_cortexa9_0\lib\libxil.a(xscugic_g.o)
 .text          0x000000000101aaec      0x448 C:\Users\Tom\Documents\Projects\Scopy_MVP_Platform\scopy-fpga\main\ps7_cortexa9_0\standalone_domain\bsp\ps7_cortexa9_0\lib\libxil.a(xspips_options.o)
                0x000000000101aaec                XSpiPs_SetOptions
                0x000000000101abf0                XSpiPs_GetOptions
                0x000000000101aca4                XSpiPs_SetClkPrescaler
                0x000000000101ad64                XSpiPs_GetClkPrescaler
                0x000000000101adec                XSpiPs_SetDelays
                0x000000000101ae98                XSpiPs_GetDelays
 .text          0x000000000101af34       0x78 C:\Users\Tom\Documents\Projects\Scopy_MVP_Platform\scopy-fpga\main\ps7_cortexa9_0\standalone_domain\bsp\ps7_cortexa9_0\lib\libxil.a(vectors.o)
                0x000000000101af34                FIQInterrupt
                0x000000000101af48                IRQInterrupt
                0x000000000101af5c                UndefinedException
                0x000000000101af70                SWInterrupt
                0x000000000101af84                DataAbortInterrupt
                0x000000000101af98                PrefetchAbortInterrupt
 .text          0x000000000101afac        0x0 C:\Users\Tom\Documents\Projects\Scopy_MVP_Platform\scopy-fpga\main\ps7_cortexa9_0\standalone_domain\bsp\ps7_cortexa9_0\lib\libxil.a(boot.o)
 .text          0x000000000101afac       0x78 C:\Users\Tom\Documents\Projects\Scopy_MVP_Platform\scopy-fpga\main\ps7_cortexa9_0\standalone_domain\bsp\ps7_cortexa9_0\lib\libxil.a(xil-crt0.o)
                0x000000000101afc0                _start
 .text          0x000000000101b024        0x0 C:\Users\Tom\Documents\Projects\Scopy_MVP_Platform\scopy-fpga\main\ps7_cortexa9_0\standalone_domain\bsp\ps7_cortexa9_0\lib\libxil.a(translation_table.o)
 .text          0x000000000101b024       0x3c C:\Users\Tom\Documents\Projects\Scopy_MVP_Platform\scopy-fpga\main\ps7_cortexa9_0\standalone_domain\bsp\ps7_cortexa9_0\lib\libxil.a(cpu_init.o)
                0x000000000101b024                __cpu_init
 .text          0x000000000101b060       0x4c C:\Users\Tom\Documents\Projects\Scopy_MVP_Platform\scopy-fpga\main\ps7_cortexa9_0\standalone_domain\bsp\ps7_cortexa9_0\lib\libxil.a(xtime_l.o)
                0x000000000101b060                XTime_SetTime
                0x000000000101b084                XTime_GetTime
 *fill*         0x000000000101b0ac        0x4 
 .text          0x000000000101b0b0      0x278 g:/xilinx/vitis/2019.2/gnu/aarch32/nt/gcc-arm-none-eabi/bin/../lib/gcc/arm-none-eabi/8.2.0/thumb/v7-a+fp/hard\libgcc.a(_udivsi3.o)
                0x000000000101b0b0                __aeabi_uidiv
                0x000000000101b0b0                __udivsi3
                0x000000000101b30c                __aeabi_uidivmod
 .text          0x000000000101b328      0x2b0 g:/xilinx/vitis/2019.2/gnu/aarch32/nt/gcc-arm-none-eabi/bin/../lib/gcc/arm-none-eabi/8.2.0/thumb/v7-a+fp/hard\libgcc.a(_divsi3.o)
                0x000000000101b328                __divsi3
                0x000000000101b328                __aeabi_idiv
                0x000000000101b5bc                __aeabi_idivmod
 .text          0x000000000101b5d8        0x4 g:/xilinx/vitis/2019.2/gnu/aarch32/nt/gcc-arm-none-eabi/bin/../lib/gcc/arm-none-eabi/8.2.0/thumb/v7-a+fp/hard\libgcc.a(_dvmd_tls.o)
                0x000000000101b5d8                __aeabi_idiv0
                0x000000000101b5d8                __aeabi_ldiv0
 .text          0x000000000101b5dc      0x378 g:/xilinx/vitis/2019.2/gnu/aarch32/nt/gcc-arm-none-eabi/bin/../lib/gcc/arm-none-eabi/8.2.0/thumb/v7-a+fp/hard\libgcc.a(_arm_addsubdf3.o)
                0x000000000101b5dc                __aeabi_drsub
                0x000000000101b5e4                __aeabi_dsub
                0x000000000101b5e4                __subdf3
                0x000000000101b5e8                __aeabi_dadd
                0x000000000101b5e8                __adddf3
                0x000000000101b860                __floatunsidf
                0x000000000101b860                __aeabi_ui2d
                0x000000000101b880                __floatsidf
                0x000000000101b880                __aeabi_i2d
                0x000000000101b8a4                __aeabi_f2d
                0x000000000101b8a4                __extendsfdf2
                0x000000000101b8e8                __floatundidf
                0x000000000101b8e8                __aeabi_ul2d
                0x000000000101b8f8                __floatdidf
                0x000000000101b8f8                __aeabi_l2d
 .text          0x000000000101b954      0x21c g:/xilinx/vitis/2019.2/gnu/aarch32/nt/gcc-arm-none-eabi/bin/../lib/gcc/arm-none-eabi/8.2.0/thumb/v7-a+fp/hard\libgcc.a(_arm_addsubsf3.o)
                0x000000000101b954                __aeabi_frsub
                0x000000000101b95c                __subsf3
                0x000000000101b95c                __aeabi_fsub
                0x000000000101b960                __aeabi_fadd
                0x000000000101b960                __addsf3
                0x000000000101bac0                __aeabi_ui2f
                0x000000000101bac0                __floatunsisf
                0x000000000101bac8                __aeabi_i2f
                0x000000000101bac8                __floatsisf
                0x000000000101bae4                __aeabi_ul2f
                0x000000000101bae4                __floatundisf
                0x000000000101baf4                __aeabi_l2f
                0x000000000101baf4                __floatdisf
 .text          0x000000000101bb70       0x30 g:/xilinx/vitis/2019.2/gnu/aarch32/nt/gcc-arm-none-eabi/bin/../lib/gcc/arm-none-eabi/8.2.0/thumb/v7-a+fp/hard\libgcc.a(_aeabi_uldivmod.o)
                0x000000000101bb70                __aeabi_uldivmod
 .text          0x000000000101bba0       0x28 g:/xilinx/vitis/2019.2/gnu/aarch32/nt/gcc-arm-none-eabi/bin/../lib/gcc/arm-none-eabi/8.2.0/thumb/v7-a+fp/hard\libgcc.a(_popcountsi2.o)
                0x000000000101bba0                __popcountsi2
 .text          0x000000000101bbc8       0x40 g:/xilinx/vitis/2019.2/gnu/aarch32/nt/gcc-arm-none-eabi/bin/../lib/gcc/arm-none-eabi/8.2.0/thumb/v7-a+fp/hard\libgcc.a(_fixunssfdi.o)
                0x000000000101bbc8                __fixunssfdi
                0x000000000101bbc8                __aeabi_f2ulz
 .text          0x000000000101bc08       0x40 g:/xilinx/vitis/2019.2/gnu/aarch32/nt/gcc-arm-none-eabi/bin/../lib/gcc/arm-none-eabi/8.2.0/thumb/v7-a+fp/hard\libgcc.a(_fixunsdfdi.o)
                0x000000000101bc08                __fixunsdfdi
                0x000000000101bc08                __aeabi_d2ulz
 .text          0x000000000101bc48      0x118 g:/xilinx/vitis/2019.2/gnu/aarch32/nt/gcc-arm-none-eabi/bin/../lib/gcc/arm-none-eabi/8.2.0/thumb/v7-a+fp/hard\libgcc.a(_udivmoddi4.o)
                0x000000000101bc48                __udivmoddi4
 .text          0x000000000101bd60       0x14 g:/xilinx/vitis/2019.2/gnu/aarch32/nt/gcc-arm-none-eabi/bin/../arm-none-eabi/libc/usr/lib/thumb/v7-a+fp/hard\libc.a(lib_a-calloc.o)
                0x000000000101bd60                calloc
 .text          0x000000000101bd74       0x64 g:/xilinx/vitis/2019.2/gnu/aarch32/nt/gcc-arm-none-eabi/bin/../arm-none-eabi/libc/usr/lib/thumb/v7-a+fp/hard\libc.a(lib_a-callocr.o)
                0x000000000101bd74                _calloc_r
 .text          0x000000000101bdd8       0x20 g:/xilinx/vitis/2019.2/gnu/aarch32/nt/gcc-arm-none-eabi/bin/../arm-none-eabi/libc/usr/lib/thumb/v7-a+fp/hard\libc.a(lib_a-exit.o)
                0x000000000101bdd8                exit
 .text          0x000000000101bdf8       0x30 g:/xilinx/vitis/2019.2/gnu/aarch32/nt/gcc-arm-none-eabi/bin/../arm-none-eabi/libc/usr/lib/thumb/v7-a+fp/hard\libc.a(lib_a-fini.o)
                0x000000000101bdf8                __libc_fini_array
 .text          0x000000000101be28        0x0 g:/xilinx/vitis/2019.2/gnu/aarch32/nt/gcc-arm-none-eabi/bin/../arm-none-eabi/libc/usr/lib/thumb/v7-a+fp/hard\libc.a(lib_a-impure.o)
 .text          0x000000000101be28       0x50 g:/xilinx/vitis/2019.2/gnu/aarch32/nt/gcc-arm-none-eabi/bin/../arm-none-eabi/libc/usr/lib/thumb/v7-a+fp/hard\libc.a(lib_a-init.o)
                0x000000000101be28                __libc_init_array
 .text          0x000000000101be78      0x9e0 g:/xilinx/vitis/2019.2/gnu/aarch32/nt/gcc-arm-none-eabi/bin/../arm-none-eabi/libc/usr/lib/thumb/v7-a+fp/hard\libc.a(lib_a-locale.o)
                0x000000000101bee4                __loadlocale
                0x000000000101c564                __get_locale_env
                0x000000000101c5b8                _setlocale_r
                0x000000000101c7fc                __locale_mb_cur_max
                0x000000000101c81c                __locale_ctype_ptr_l
                0x000000000101c824                __locale_ctype_ptr
                0x000000000101c844                setlocale
 .text          0x000000000101c858       0x14 g:/xilinx/vitis/2019.2/gnu/aarch32/nt/gcc-arm-none-eabi/bin/../arm-none-eabi/libc/usr/lib/thumb/v7-a+fp/hard\libc.a(lib_a-malign.o)
                0x000000000101c858                memalign
 .text          0x000000000101c86c       0xf4 g:/xilinx/vitis/2019.2/gnu/aarch32/nt/gcc-arm-none-eabi/bin/../arm-none-eabi/libc/usr/lib/thumb/v7-a+fp/hard\libc.a(lib_a-malignr.o)
                0x000000000101c86c                _memalign_r
 .text          0x000000000101c960       0x20 g:/xilinx/vitis/2019.2/gnu/aarch32/nt/gcc-arm-none-eabi/bin/../arm-none-eabi/libc/usr/lib/thumb/v7-a+fp/hard\libc.a(lib_a-malloc.o)
                0x000000000101c960                malloc
                0x000000000101c970                free
 .text          0x000000000101c980      0x564 g:/xilinx/vitis/2019.2/gnu/aarch32/nt/gcc-arm-none-eabi/bin/../arm-none-eabi/libc/usr/lib/thumb/v7-a+fp/hard\libc.a(lib_a-mallocr.o)
                0x000000000101c980                _malloc_r
 .text          0x000000000101cee4      0x4b8 g:/xilinx/vitis/2019.2/gnu/aarch32/nt/gcc-arm-none-eabi/bin/../arm-none-eabi/libc/usr/lib/thumb/v7-a+fp/hard\libc.a(lib_a-mbtowc_r.o)
                0x000000000101cee4                _mbtowc_r
                0x000000000101cf0c                __ascii_mbtowc
                0x000000000101cf30                __utf8_mbtowc
                0x000000000101d138                __sjis_mbtowc
                0x000000000101d1bc                __eucjp_mbtowc
                0x000000000101d274                __jis_mbtowc
 *fill*         0x000000000101d39c       0x24 
 .text          0x000000000101d3c0      0x5e0 g:/xilinx/vitis/2019.2/gnu/aarch32/nt/gcc-arm-none-eabi/bin/../arm-none-eabi/libc/usr/lib/thumb/v7-a+fp/hard\libc.a(lib_a-memcpy.o)
                0x000000000101d3c0                memcpy
 .text          0x000000000101d9a0       0xd0 g:/xilinx/vitis/2019.2/gnu/aarch32/nt/gcc-arm-none-eabi/bin/../arm-none-eabi/libc/usr/lib/thumb/v7-a+fp/hard\libc.a(lib_a-memmove.o)
                0x000000000101d9a0                memmove
 .text          0x000000000101da70       0xa0 g:/xilinx/vitis/2019.2/gnu/aarch32/nt/gcc-arm-none-eabi/bin/../arm-none-eabi/libc/usr/lib/thumb/v7-a+fp/hard\libc.a(lib_a-memset.o)
                0x000000000101da70                memset
 .text          0x000000000101db10        0x8 g:/xilinx/vitis/2019.2/gnu/aarch32/nt/gcc-arm-none-eabi/bin/../arm-none-eabi/libc/usr/lib/thumb/v7-a+fp/hard\libc.a(lib_a-mlock.o)
                0x000000000101db10                __malloc_lock
                0x000000000101db14                __malloc_unlock
 .text          0x000000000101db18       0x84 g:/xilinx/vitis/2019.2/gnu/aarch32/nt/gcc-arm-none-eabi/bin/../arm-none-eabi/libc/usr/lib/thumb/v7-a+fp/hard\libc.a(lib_a-mstats.o)
                0x000000000101db18                mallinfo
                0x000000000101db30                malloc_stats
                0x000000000101db40                mallopt
                0x000000000101db54                _mstats_r
                0x000000000101db74                mstats
 .text          0x000000000101db9c       0x4c g:/xilinx/vitis/2019.2/gnu/aarch32/nt/gcc-arm-none-eabi/bin/../arm-none-eabi/libc/usr/lib/thumb/v7-a+fp/hard\libc.a(lib_a-printf.o)
                0x000000000101db9c                _printf_r
                0x000000000101dbbc                printf
 .text          0x000000000101dbe8       0x78 g:/xilinx/vitis/2019.2/gnu/aarch32/nt/gcc-arm-none-eabi/bin/../arm-none-eabi/libc/usr/lib/thumb/v7-a+fp/hard\libc.a(lib_a-puts.o)
                0x000000000101dbe8                _puts_r
                0x000000000101dc50                puts
 .text          0x000000000101dc60      0x5b4 g:/xilinx/vitis/2019.2/gnu/aarch32/nt/gcc-arm-none-eabi/bin/../arm-none-eabi/libc/usr/lib/thumb/v7-a+fp/hard\libc.a(lib_a-qsort.o)
                0x000000000101dc60                qsort
 .text          0x000000000101e214       0x28 g:/xilinx/vitis/2019.2/gnu/aarch32/nt/gcc-arm-none-eabi/bin/../arm-none-eabi/libc/usr/lib/thumb/v7-a+fp/hard\libc.a(lib_a-sbrkr.o)
                0x000000000101e214                _sbrk_r
 .text          0x000000000101e23c      0x114 g:/xilinx/vitis/2019.2/gnu/aarch32/nt/gcc-arm-none-eabi/bin/../arm-none-eabi/libc/usr/lib/thumb/v7-a+fp/hard\libc.a(lib_a-snprintf.o)
                0x000000000101e23c                _snprintf_r
                0x000000000101e2c0                snprintf
 .text          0x000000000101e350       0x44 g:/xilinx/vitis/2019.2/gnu/aarch32/nt/gcc-arm-none-eabi/bin/../arm-none-eabi/libc/usr/lib/thumb/v7-a+fp/hard\libc.a(lib_a-strcasecmp.o)
                0x000000000101e350                strcasecmp
 .text          0x000000000101e394       0x40 g:/xilinx/vitis/2019.2/gnu/aarch32/nt/gcc-arm-none-eabi/bin/../arm-none-eabi/libc/usr/lib/thumb/v7-a+fp/hard\libc.a(lib_a-strcat.o)
                0x000000000101e394                strcat
 .text          0x000000000101e3d4       0xe4 g:/xilinx/vitis/2019.2/gnu/aarch32/nt/gcc-arm-none-eabi/bin/../arm-none-eabi/libc/usr/lib/thumb/v7-a+fp/hard\libc.a(lib_a-strchr.o)
                0x000000000101e3d4                strchr
 *fill*         0x000000000101e4b8        0x8 
 .text          0x000000000101e4c0      0x2dc g:/xilinx/vitis/2019.2/gnu/aarch32/nt/gcc-arm-none-eabi/bin/../arm-none-eabi/libc/usr/lib/thumb/v7-a+fp/hard\libc.a(lib_a-strcmp.o)
                0x000000000101e4c8                strcmp
 .text          0x000000000101e79c       0xc4 g:/xilinx/vitis/2019.2/gnu/aarch32/nt/gcc-arm-none-eabi/bin/../arm-none-eabi/libc/usr/lib/thumb/v7-a+fp/hard\libc.a(lib_a-strcpy.o)
                0x000000000101e79c                strcpy
 .text          0x000000000101e860       0x58 g:/xilinx/vitis/2019.2/gnu/aarch32/nt/gcc-arm-none-eabi/bin/../arm-none-eabi/libc/usr/lib/thumb/v7-a+fp/hard\libc.a(lib_a-strlcpy.o)
                0x000000000101e860                strlcpy
 *fill*         0x000000000101e8b8        0x8 
 .text          0x000000000101e8c0       0xdc g:/xilinx/vitis/2019.2/gnu/aarch32/nt/gcc-arm-none-eabi/bin/../arm-none-eabi/libc/usr/lib/thumb/v7-a+fp/hard\libc.a(lib_a-strlen.o)
                0x000000000101e8c0                strlen
 .text          0x000000000101e99c       0x5c g:/xilinx/vitis/2019.2/gnu/aarch32/nt/gcc-arm-none-eabi/bin/../arm-none-eabi/libc/usr/lib/thumb/v7-a+fp/hard\libc.a(lib_a-strncasecmp.o)
                0x000000000101e99c                strncasecmp
 .text          0x000000000101e9f8       0xa4 g:/xilinx/vitis/2019.2/gnu/aarch32/nt/gcc-arm-none-eabi/bin/../arm-none-eabi/libc/usr/lib/thumb/v7-a+fp/hard\libc.a(lib_a-strncmp.o)
                0x000000000101e9f8                strncmp
 .text          0x000000000101ea9c       0x80 g:/xilinx/vitis/2019.2/gnu/aarch32/nt/gcc-arm-none-eabi/bin/../arm-none-eabi/libc/usr/lib/thumb/v7-a+fp/hard\libc.a(lib_a-strncpy.o)
                0x000000000101ea9c                strncpy
 .text          0x000000000101eb1c      0x198 g:/xilinx/vitis/2019.2/gnu/aarch32/nt/gcc-arm-none-eabi/bin/../arm-none-eabi/libc/usr/lib/thumb/v7-a+fp/hard\libc.a(lib_a-strtol.o)
                0x000000000101ec3c                _strtol_r
                0x000000000101ec64                strtol_l
                0x000000000101ec84                strtol
 *fill*         0x000000000101ecb4        0x4 
 .text          0x000000000101ecb8     0x1b4c g:/xilinx/vitis/2019.2/gnu/aarch32/nt/gcc-arm-none-eabi/bin/../arm-none-eabi/libc/usr/lib/thumb/v7-a+fp/hard\libc.a(lib_a-svfprintf.o)
                0x000000000101ecb8                _svfprintf_r
 *fill*         0x0000000001020804        0x4 
 .text          0x0000000001020808     0x1c28 g:/xilinx/vitis/2019.2/gnu/aarch32/nt/gcc-arm-none-eabi/bin/../arm-none-eabi/libc/usr/lib/thumb/v7-a+fp/hard\libc.a(lib_a-vfprintf.o)
                0x0000000001020808                _vfprintf_r
                0x00000000010223a8                vfprintf
 .text          0x0000000001022430       0x8c g:/xilinx/vitis/2019.2/gnu/aarch32/nt/gcc-arm-none-eabi/bin/../arm-none-eabi/libc/usr/lib/thumb/v7-a+fp/hard\libc.a(lib_a-vsnprintf.o)
                0x0000000001022430                _vsnprintf_r
                0x000000000102249c                vsnprintf
 .text          0x00000000010224bc       0xac g:/xilinx/vitis/2019.2/gnu/aarch32/nt/gcc-arm-none-eabi/bin/../arm-none-eabi/libc/usr/lib/thumb/v7-a+fp/hard\libc.a(lib_a-wcrtomb.o)
                0x00000000010224bc                _wcrtomb_r
                0x0000000001022510                wcrtomb
 .text          0x0000000001022568       0x3c g:/xilinx/vitis/2019.2/gnu/aarch32/nt/gcc-arm-none-eabi/bin/../arm-none-eabi/libc/usr/lib/thumb/v7-a+fp/hard\libc.a(lib_a-wcsrtombs.o)
                0x0000000001022568                _wcsrtombs_r
                0x0000000001022580                wcsrtombs
 .text          0x00000000010225a4      0x22c g:/xilinx/vitis/2019.2/gnu/aarch32/nt/gcc-arm-none-eabi/bin/../arm-none-eabi/libc/usr/lib/thumb/v7-a+fp/hard\libc.a(lib_a-wctomb_r.o)
                0x00000000010225a4                _wctomb_r
                0x00000000010225cc                __ascii_wctomb
                0x00000000010225e4                __utf8_wctomb
                0x0000000001022688                __sjis_wctomb
                0x00000000010226dc                __eucjp_wctomb
                0x000000000102274c                __jis_wctomb
 .text          0x00000000010227d0       0xc8 g:/xilinx/vitis/2019.2/gnu/aarch32/nt/gcc-arm-none-eabi/bin/../arm-none-eabi/libc/usr/lib/thumb/v7-a+fp/hard\libc.a(lib_a-wsetup.o)
                0x00000000010227d0                __swsetup_r
 .text          0x0000000001022898       0xdc g:/xilinx/vitis/2019.2/gnu/aarch32/nt/gcc-arm-none-eabi/bin/../arm-none-eabi/libc/usr/lib/thumb/v7-a+fp/hard\libc.a(lib_a-__call_atexit.o)
                0x0000000001022898                __call_exitprocs
 .text          0x0000000001022974       0x10 g:/xilinx/vitis/2019.2/gnu/aarch32/nt/gcc-arm-none-eabi/bin/../arm-none-eabi/libc/usr/lib/thumb/v7-a+fp/hard\libc.a(lib_a-ctype_.o)
                0x0000000001022974                __set_ctype
 *fill*         0x0000000001022984        0x4 
 .text          0x0000000001022988      0xe54 g:/xilinx/vitis/2019.2/gnu/aarch32/nt/gcc-arm-none-eabi/bin/../arm-none-eabi/libc/usr/lib/thumb/v7-a+fp/hard\libc.a(lib_a-dtoa.o)
                0x0000000001022ad0                _dtoa_r
 .text          0x00000000010237dc      0x1a8 g:/xilinx/vitis/2019.2/gnu/aarch32/nt/gcc-arm-none-eabi/bin/../arm-none-eabi/libc/usr/lib/thumb/v7-a+fp/hard\libc.a(lib_a-fflush.o)
                0x00000000010237dc                __sflush_r
                0x0000000001023928                _fflush_r
                0x000000000102395c                fflush
 .text          0x0000000001023984      0x210 g:/xilinx/vitis/2019.2/gnu/aarch32/nt/gcc-arm-none-eabi/bin/../arm-none-eabi/libc/usr/lib/thumb/v7-a+fp/hard\libc.a(lib_a-findfp.o)
                0x0000000001023988                _cleanup_r
                0x0000000001023a7c                __sfmoreglue
                0x0000000001023aac                __sfp
                0x0000000001023b34                _cleanup
                0x0000000001023b4c                __sinit
                0x0000000001023b54                __sfp_lock_acquire
                0x0000000001023b58                __sfp_lock_release
                0x0000000001023b5c                __sinit_lock_acquire
                0x0000000001023b60                __sinit_lock_release
                0x0000000001023b64                __fp_lock_all
                0x0000000001023b7c                __fp_unlock_all
 .text          0x0000000001023b94       0x4c g:/xilinx/vitis/2019.2/gnu/aarch32/nt/gcc-arm-none-eabi/bin/../arm-none-eabi/libc/usr/lib/thumb/v7-a+fp/hard\libc.a(lib_a-fiprintf.o)
                0x0000000001023b94                _fiprintf_r
                0x0000000001023bb4                fiprintf
 .text          0x0000000001023be0      0x29c g:/xilinx/vitis/2019.2/gnu/aarch32/nt/gcc-arm-none-eabi/bin/../arm-none-eabi/libc/usr/lib/thumb/v7-a+fp/hard\libc.a(lib_a-freer.o)
                0x0000000001023be0                _malloc_trim_r
                0x0000000001023c8c                _free_r
 .text          0x0000000001023e7c      0x32c g:/xilinx/vitis/2019.2/gnu/aarch32/nt/gcc-arm-none-eabi/bin/../arm-none-eabi/libc/usr/lib/thumb/v7-a+fp/hard\libc.a(lib_a-fvwrite.o)
                0x0000000001023e7c                __sfvwrite_r
 .text          0x00000000010241a8       0x98 g:/xilinx/vitis/2019.2/gnu/aarch32/nt/gcc-arm-none-eabi/bin/../arm-none-eabi/libc/usr/lib/thumb/v7-a+fp/hard\libc.a(lib_a-fwalk.o)
                0x00000000010241a8                _fwalk
                0x00000000010241f0                _fwalk_reent
 .text          0x0000000001024240       0x98 g:/xilinx/vitis/2019.2/gnu/aarch32/nt/gcc-arm-none-eabi/bin/../arm-none-eabi/libc/usr/lib/thumb/v7-a+fp/hard\libc.a(lib_a-getenv_r.o)
                0x0000000001024240                _findenv_r
                0x00000000010242c8                _getenv_r
 .text          0x00000000010242d8       0x44 g:/xilinx/vitis/2019.2/gnu/aarch32/nt/gcc-arm-none-eabi/bin/../arm-none-eabi/libc/usr/lib/thumb/v7-a+fp/hard\libc.a(lib_a-localeconv.o)
                0x00000000010242d8                __localeconv_l
                0x00000000010242dc                _localeconv_r
                0x00000000010242fc                localeconv
 .text          0x000000000102431c       0xf8 g:/xilinx/vitis/2019.2/gnu/aarch32/nt/gcc-arm-none-eabi/bin/../arm-none-eabi/libc/usr/lib/thumb/v7-a+fp/hard\libc.a(lib_a-makebuf.o)
                0x000000000102431c                __swhatbuf_r
                0x0000000001024378                __smakebuf_r
 .text          0x0000000001024414       0x8c g:/xilinx/vitis/2019.2/gnu/aarch32/nt/gcc-arm-none-eabi/bin/../arm-none-eabi/libc/usr/lib/thumb/v7-a+fp/hard\libc.a(lib_a-mallinfor.o)
                0x0000000001024414                __malloc_update_mallinfo
                0x000000000102446c                _mallinfo_r
 .text          0x00000000010244a0       0x64 g:/xilinx/vitis/2019.2/gnu/aarch32/nt/gcc-arm-none-eabi/bin/../arm-none-eabi/libc/usr/lib/thumb/v7-a+fp/hard\libc.a(lib_a-malloptr.o)
                0x00000000010244a0                _mallopt_r
 .text          0x0000000001024504       0x60 g:/xilinx/vitis/2019.2/gnu/aarch32/nt/gcc-arm-none-eabi/bin/../arm-none-eabi/libc/usr/lib/thumb/v7-a+fp/hard\libc.a(lib_a-mallstatsr.o)
                0x0000000001024504                _malloc_stats_r
 *fill*         0x0000000001024564        0xc 
 .text          0x0000000001024570       0xa0 g:/xilinx/vitis/2019.2/gnu/aarch32/nt/gcc-arm-none-eabi/bin/../arm-none-eabi/libc/usr/lib/thumb/v7-a+fp/hard\libc.a(lib_a-memchr.o)
                0x0000000001024570                memchr
 .text          0x0000000001024610      0x8fc g:/xilinx/vitis/2019.2/gnu/aarch32/nt/gcc-arm-none-eabi/bin/../arm-none-eabi/libc/usr/lib/thumb/v7-a+fp/hard\libc.a(lib_a-mprec.o)
                0x0000000001024610                _Balloc
                0x000000000102465c                _Bfree
                0x0000000001024670                __multadd
                0x0000000001024700                __s2b
                0x0000000001024798                __hi0bits
                0x00000000010247d8                __lo0bits
                0x0000000001024834                __i2b
                0x0000000001024848                __multiply
                0x0000000001024988                __pow5mult
                0x0000000001024a2c                __lshift
                0x0000000001024ae8                __mcmp
                0x0000000001024b24                __mdiff
                0x0000000001024c2c                __ulp
                0x0000000001024c7c                __b2d
                0x0000000001024d2c                __d2b
                0x0000000001024de0                __ratio
                0x0000000001024e40                _mprec_log10
                0x0000000001024e68                __copybits
                0x0000000001024eb0                __any_on
 .text          0x0000000001024f0c      0x374 g:/xilinx/vitis/2019.2/gnu/aarch32/nt/gcc-arm-none-eabi/bin/../arm-none-eabi/libc/usr/lib/thumb/v7-a+fp/hard\libc.a(lib_a-reallocr.o)
                0x0000000001024f0c                _realloc_r
 .text          0x0000000001025280       0xa4 g:/xilinx/vitis/2019.2/gnu/aarch32/nt/gcc-arm-none-eabi/bin/../arm-none-eabi/libc/usr/lib/thumb/v7-a+fp/hard\libc.a(lib_a-reent.o)
                0x0000000001025280                cleanup_glue
                0x000000000102529c                _reclaim_reent
 *fill*         0x0000000001025324        0x4 
 .text          0x0000000001025328       0x80 g:/xilinx/vitis/2019.2/gnu/aarch32/nt/gcc-arm-none-eabi/bin/../arm-none-eabi/libc/usr/lib/thumb/v7-a+fp/hard\libc.a(lib_a-s_frexp.o)
                0x0000000001025328                frexp
 .text          0x00000000010253a8       0x90 g:/xilinx/vitis/2019.2/gnu/aarch32/nt/gcc-arm-none-eabi/bin/../arm-none-eabi/libc/usr/lib/thumb/v7-a+fp/hard\libc.a(lib_a-stdio.o)
                0x00000000010253a8                __sread
                0x00000000010253cc                __seofread
                0x00000000010253d0                __swrite
                0x0000000001025410                __sseek
                0x0000000001025430                __sclose
 .text          0x0000000001025438      0xe90 g:/xilinx/vitis/2019.2/gnu/aarch32/nt/gcc-arm-none-eabi/bin/../arm-none-eabi/libc/usr/lib/thumb/v7-a+fp/hard\libc.a(lib_a-svfiprintf.o)
                0x0000000001025438                __ssprint_r
                0x0000000001025530                _svfiprintf_r
 .text          0x00000000010262c8     0x108c g:/xilinx/vitis/2019.2/gnu/aarch32/nt/gcc-arm-none-eabi/bin/../arm-none-eabi/libc/usr/lib/thumb/v7-a+fp/hard\libc.a(lib_a-vfiprintf.o)
                0x000000000102633c                __sprint_r
                0x0000000001026350                _vfiprintf_r
                0x00000000010272cc                vfiprintf
 .text          0x0000000001027354      0x15c g:/xilinx/vitis/2019.2/gnu/aarch32/nt/gcc-arm-none-eabi/bin/../arm-none-eabi/libc/usr/lib/thumb/v7-a+fp/hard\libc.a(lib_a-wcsnrtombs.o)
                0x0000000001027354                _wcsnrtombs_l
                0x0000000001027448                _wcsnrtombs_r
                0x0000000001027478                wcsnrtombs
 .text          0x00000000010274b0       0x2c g:/xilinx/vitis/2019.2/gnu/aarch32/nt/gcc-arm-none-eabi/bin/../arm-none-eabi/libc/usr/lib/thumb/v7-a+fp/hard\libc.a(lib_a-writer.o)
                0x00000000010274b0                _write_r
 .text          0x00000000010274dc       0x28 g:/xilinx/vitis/2019.2/gnu/aarch32/nt/gcc-arm-none-eabi/bin/../arm-none-eabi/libc/usr/lib/thumb/v7-a+fp/hard\libc.a(lib_a-closer.o)
                0x00000000010274dc                _close_r
 .text          0x0000000001027504        0x0 g:/xilinx/vitis/2019.2/gnu/aarch32/nt/gcc-arm-none-eabi/bin/../arm-none-eabi/libc/usr/lib/thumb/v7-a+fp/hard\libc.a(lib_a-environ.o)
 .text          0x0000000001027504        0x8 g:/xilinx/vitis/2019.2/gnu/aarch32/nt/gcc-arm-none-eabi/bin/../arm-none-eabi/libc/usr/lib/thumb/v7-a+fp/hard\libc.a(lib_a-envlock.o)
                0x0000000001027504                __env_lock
                0x0000000001027508                __env_unlock
 .text          0x000000000102750c       0x98 g:/xilinx/vitis/2019.2/gnu/aarch32/nt/gcc-arm-none-eabi/bin/../arm-none-eabi/libc/usr/lib/thumb/v7-a+fp/hard\libc.a(lib_a-fclose.o)
                0x000000000102750c                _fclose_r
                0x0000000001027594                fclose
 .text          0x00000000010275a4      0x11c g:/xilinx/vitis/2019.2/gnu/aarch32/nt/gcc-arm-none-eabi/bin/../arm-none-eabi/libc/usr/lib/thumb/v7-a+fp/hard\libc.a(lib_a-fputwc.o)
                0x00000000010275a4                __fputwc
                0x0000000001027654                _fputwc_r
                0x000000000102767c                fputwc
 .text          0x00000000010276c0       0x2c g:/xilinx/vitis/2019.2/gnu/aarch32/nt/gcc-arm-none-eabi/bin/../arm-none-eabi/libc/usr/lib/thumb/v7-a+fp/hard\libc.a(lib_a-fstatr.o)
                0x00000000010276c0                _fstat_r
 .text          0x00000000010276ec       0x28 g:/xilinx/vitis/2019.2/gnu/aarch32/nt/gcc-arm-none-eabi/bin/../arm-none-eabi/libc/usr/lib/thumb/v7-a+fp/hard\libc.a(lib_a-isattyr.o)
                0x00000000010276ec                _isatty_r
 .text          0x0000000001027714       0x2c g:/xilinx/vitis/2019.2/gnu/aarch32/nt/gcc-arm-none-eabi/bin/../arm-none-eabi/libc/usr/lib/thumb/v7-a+fp/hard\libc.a(lib_a-lseekr.o)
                0x0000000001027714                _lseek_r
 .text          0x0000000001027740       0x2c g:/xilinx/vitis/2019.2/gnu/aarch32/nt/gcc-arm-none-eabi/bin/../arm-none-eabi/libc/usr/lib/thumb/v7-a+fp/hard\libc.a(lib_a-readr.o)
                0x0000000001027740                _read_r
 .text          0x000000000102776c       0xc4 g:/xilinx/vitis/2019.2/gnu/aarch32/nt/gcc-arm-none-eabi/bin/../arm-none-eabi/libc/usr/lib/thumb/v7-a+fp/hard\libc.a(lib_a-wbuf.o)
                0x000000000102776c                __swbuf_r
                0x000000000102781c                __swbuf
 .text          0x0000000001027830       0x40 C:\Users\Tom\Documents\Projects\Scopy_MVP_Platform\scopy-fpga\main\ps7_cortexa9_0\standalone_domain\bsp\ps7_cortexa9_0\lib\libxil.a(_sbrk.o)
                0x0000000001027830                _sbrk
 .text          0x0000000001027870       0x30 C:\Users\Tom\Documents\Projects\Scopy_MVP_Platform\scopy-fpga\main\ps7_cortexa9_0\standalone_domain\bsp\ps7_cortexa9_0\lib\libxil.a(lseek.o)
                0x0000000001027870                lseek
                0x0000000001027888                _lseek
 .text          0x00000000010278a0       0x70 C:\Users\Tom\Documents\Projects\Scopy_MVP_Platform\scopy-fpga\main\ps7_cortexa9_0\standalone_domain\bsp\ps7_cortexa9_0\lib\libxil.a(write.o)
                0x00000000010278a0                write
                0x000000000102790c                _write
 .text          0x0000000001027910       0x60 C:\Users\Tom\Documents\Projects\Scopy_MVP_Platform\scopy-fpga\main\ps7_cortexa9_0\standalone_domain\bsp\ps7_cortexa9_0\lib\libxil.a(read.o)
                0x0000000001027910                read
                0x000000000102796c                _read
 .text          0x0000000001027970       0x10 C:\Users\Tom\Documents\Projects\Scopy_MVP_Platform\scopy-fpga\main\ps7_cortexa9_0\standalone_domain\bsp\ps7_cortexa9_0\lib\libxil.a(fstat.o)
                0x0000000001027970                _fstat
 .text          0x0000000001027980       0x10 C:\Users\Tom\Documents\Projects\Scopy_MVP_Platform\scopy-fpga\main\ps7_cortexa9_0\standalone_domain\bsp\ps7_cortexa9_0\lib\libxil.a(errno.o)
                0x0000000001027980                __errno
 .text          0x0000000001027990        0x4 C:\Users\Tom\Documents\Projects\Scopy_MVP_Platform\scopy-fpga\main\ps7_cortexa9_0\standalone_domain\bsp\ps7_cortexa9_0\lib\libxil.a(_exit.o)
                0x0000000001027990                _exit
 .text          0x0000000001027994       0x10 C:\Users\Tom\Documents\Projects\Scopy_MVP_Platform\scopy-fpga\main\ps7_cortexa9_0\standalone_domain\bsp\ps7_cortexa9_0\lib\libxil.a(isatty.o)
                0x0000000001027994                isatty
                0x000000000102799c                _isatty
 .text          0x00000000010279a4        0xc C:\Users\Tom\Documents\Projects\Scopy_MVP_Platform\scopy-fpga\main\ps7_cortexa9_0\standalone_domain\bsp\ps7_cortexa9_0\lib\libxil.a(inbyte.o)
                0x00000000010279a4                inbyte
 .text          0x00000000010279b0        0x8 C:\Users\Tom\Documents\Projects\Scopy_MVP_Platform\scopy-fpga\main\ps7_cortexa9_0\standalone_domain\bsp\ps7_cortexa9_0\lib\libxil.a(close.o)
                0x00000000010279b0                _close
 .text          0x00000000010279b8        0x0 g:/xilinx/vitis/2019.2/gnu/aarch32/nt/gcc-arm-none-eabi/bin/../lib/gcc/arm-none-eabi/8.2.0/thumb/v7-a+fp/hard/crtend.o
 .text          0x00000000010279b8        0x0 g:/xilinx/vitis/2019.2/gnu/aarch32/nt/gcc-arm-none-eabi/bin/../lib/gcc/arm-none-eabi/8.2.0/thumb/v7-a+fp/hard/crtn.o
 *(.text.*)
 .text.startup  0x00000000010279b8       0x34 ./src/main.o
                0x00000000010279b8                main
 *fill*         0x00000000010279ec        0x4 
 .text.startup.__stub
                0x00000000010279f0       0x20 linker stubs
 *(.gnu.linkonce.t.*)
 *(.plt)
 *(.gnu_warning)
 *(.gcc_execpt_table)
 *(.glue_7)
 .glue_7        0x0000000001027a10        0x0 linker stubs
 *(.glue_7t)
 .glue_7t       0x0000000001027a10        0x0 linker stubs
 *(.vfp11_veneer)
 .vfp11_veneer  0x0000000001027a10        0x0 linker stubs
 *(.ARM.extab)
 .ARM.extab     0x0000000001027a10        0x0 g:/xilinx/vitis/2019.2/gnu/aarch32/nt/gcc-arm-none-eabi/bin/../lib/gcc/arm-none-eabi/8.2.0/thumb/v7-a+fp/hard\libgcc.a(_udivmoddi4.o)
 *(.gnu.linkonce.armextab.*)

.v4_bx          0x0000000001027a10        0x0
 .v4_bx         0x0000000001027a10        0x0 linker stubs

.iplt           0x0000000001027a10        0x0
 .iplt          0x0000000001027a10        0x0 g:/xilinx/vitis/2019.2/gnu/aarch32/nt/gcc-arm-none-eabi/bin/../lib/gcc/arm-none-eabi/8.2.0/thumb/v7-a+fp/hard/crtbegin.o

.force_ocm
 *(.force_ocm)

.init           0x0000000001027a10        0xc
 *(.init)
 .init          0x0000000001027a10        0x4 g:/xilinx/vitis/2019.2/gnu/aarch32/nt/gcc-arm-none-eabi/bin/../lib/gcc/arm-none-eabi/8.2.0/thumb/v7-a+fp/hard/crti.o
                0x0000000001027a10                _init
 .init          0x0000000001027a14        0x8 g:/xilinx/vitis/2019.2/gnu/aarch32/nt/gcc-arm-none-eabi/bin/../lib/gcc/arm-none-eabi/8.2.0/thumb/v7-a+fp/hard/crtn.o

.fini           0x0000000001027a1c        0xc
 *(.fini)
 .fini          0x0000000001027a1c        0x4 g:/xilinx/vitis/2019.2/gnu/aarch32/nt/gcc-arm-none-eabi/bin/../lib/gcc/arm-none-eabi/8.2.0/thumb/v7-a+fp/hard/crti.o
                0x0000000001027a1c                _fini
 .fini          0x0000000001027a20        0x8 g:/xilinx/vitis/2019.2/gnu/aarch32/nt/gcc-arm-none-eabi/bin/../lib/gcc/arm-none-eabi/8.2.0/thumb/v7-a+fp/hard/crtn.o

.rodata         0x0000000001027a40    0x44958
                0x0000000001027a40                __rodata_start = .
 *(.rodata)
 .rodata        0x0000000001027a40       0x18 ./src/fabric_config.o
                0x0000000001027a40                fabcfg_dummy_tests
 .rodata        0x0000000001027a58       0x10 ./src/hal.o
                0x0000000001027a58                gpio_ps_pins
 .rodata        0x0000000001027a68      0x2e4 ./src/spi_commands.o
                0x0000000001027a68                spi_command_defs
 *fill*         0x0000000001027d4c       0x14 
 .rodata        0x0000000001027d60    0x40000 ./src/test_patterns.o
                0x0000000001027d60                testpatt_norway_512x512_grey
 .rodata        0x0000000001067d60       0x54 C:\Users\Tom\Documents\Projects\Scopy_MVP_Platform\scopy-fpga\main\ps7_cortexa9_0\standalone_domain\bsp\ps7_cortexa9_0\lib\libxil.a(xttcps_options.o)
 .rodata        0x0000000001067db4       0x30 C:\Users\Tom\Documents\Projects\Scopy_MVP_Platform\scopy-fpga\main\ps7_cortexa9_0\standalone_domain\bsp\ps7_cortexa9_0\lib\libxil.a(xspips_options.o)
 .rodata        0x0000000001067de4        0x4 g:/xilinx/vitis/2019.2/gnu/aarch32/nt/gcc-arm-none-eabi/bin/../arm-none-eabi/libc/usr/lib/thumb/v7-a+fp/hard\libc.a(lib_a-impure.o)
                0x0000000001067de4                _global_impure_ptr
 .rodata        0x0000000001067de8      0x188 g:/xilinx/vitis/2019.2/gnu/aarch32/nt/gcc-arm-none-eabi/bin/../arm-none-eabi/libc/usr/lib/thumb/v7-a+fp/hard\libc.a(lib_a-locale.o)
                0x0000000001067e04                __C_locale
 .rodata        0x0000000001067f70       0x90 g:/xilinx/vitis/2019.2/gnu/aarch32/nt/gcc-arm-none-eabi/bin/../arm-none-eabi/libc/usr/lib/thumb/v7-a+fp/hard\libc.a(lib_a-mbtowc_r.o)
 .rodata        0x0000000001068000       0x20 g:/xilinx/vitis/2019.2/gnu/aarch32/nt/gcc-arm-none-eabi/bin/../arm-none-eabi/libc/usr/lib/thumb/v7-a+fp/hard\libc.a(lib_a-svfprintf.o)
 .rodata        0x0000000001068020       0x20 g:/xilinx/vitis/2019.2/gnu/aarch32/nt/gcc-arm-none-eabi/bin/../arm-none-eabi/libc/usr/lib/thumb/v7-a+fp/hard\libc.a(lib_a-vfprintf.o)
 .rodata        0x0000000001068040      0x101 g:/xilinx/vitis/2019.2/gnu/aarch32/nt/gcc-arm-none-eabi/bin/../arm-none-eabi/libc/usr/lib/thumb/v7-a+fp/hard\libc.a(lib_a-ctype_.o)
                0x0000000001068040                _ctype_
 *fill*         0x0000000001068141        0x7 
 .rodata        0x0000000001068148      0x128 g:/xilinx/vitis/2019.2/gnu/aarch32/nt/gcc-arm-none-eabi/bin/../arm-none-eabi/libc/usr/lib/thumb/v7-a+fp/hard\libc.a(lib_a-mprec.o)
                0x0000000001068158                __mprec_tens
                0x0000000001068220                __mprec_tinytens
                0x0000000001068248                __mprec_bigtens
 .rodata        0x0000000001068270       0x20 g:/xilinx/vitis/2019.2/gnu/aarch32/nt/gcc-arm-none-eabi/bin/../arm-none-eabi/libc/usr/lib/thumb/v7-a+fp/hard\libc.a(lib_a-svfiprintf.o)
 .rodata        0x0000000001068290       0x20 g:/xilinx/vitis/2019.2/gnu/aarch32/nt/gcc-arm-none-eabi/bin/../arm-none-eabi/libc/usr/lib/thumb/v7-a+fp/hard\libc.a(lib_a-vfiprintf.o)
 *(.rodata.*)
 .rodata.str1.4
                0x00000000010682b0       0x52 ./src/acq_ctrl.o
                                         0x56 (size before relaxing)
 *fill*         0x0000000001068302        0x2 
 .rodata.str1.4
                0x0000000001068304      0xf0b ./src/acq_debug.o
                                        0xf43 (size before relaxing)
 *fill*         0x000000000106920f        0x1 
 .rodata.str1.4
                0x0000000001069210       0x16 ./src/acq_hacks.o
 *fill*         0x0000000001069226        0x2 
 .rodata.str1.4
                0x0000000001069228      0x899 ./src/acquire.o
                                        0x8d5 (size before relaxing)
 *fill*         0x0000000001069ac1        0x3 
 .rodata.str1.4