Archive member included to satisfy reference by file (symbol)

C:/Users/Tom/Documents/Projects/Scopy_MVP_Platform/scopy-fpga/main/export/main/sw/main/standalone_domain/bsplib/lib\libxil.a(xaxidma.o)
                              ./src/acquire.o (XAxiDma_Reset)
C:/Users/Tom/Documents/Projects/Scopy_MVP_Platform/scopy-fpga/main/export/main/sw/main/standalone_domain/bsplib/lib\libxil.a(xaxidma_sinit.o)
                              ./src/acquire.o (XAxiDma_LookupConfig)
C:/Users/Tom/Documents/Projects/Scopy_MVP_Platform/scopy-fpga/main/export/main/sw/main/standalone_domain/bsplib/lib\libxil.a(xaxidma_bd.o)
                              ./src/mipi_csi.o (XAxiDma_BdSetLength)
C:/Users/Tom/Documents/Projects/Scopy_MVP_Platform/scopy-fpga/main/export/main/sw/main/standalone_domain/bsplib/lib\libxil.a(xaxidma_bdring.o)
                              ./src/mipi_csi.o (XAxiDma_BdRingCreate)
C:/Users/Tom/Documents/Projects/Scopy_MVP_Platform/scopy-fpga/main/export/main/sw/main/standalone_domain/bsplib/lib\libxil.a(xaxidma_g.o)
                              C:/Users/Tom/Documents/Projects/Scopy_MVP_Platform/scopy-fpga/main/export/main/sw/main/standalone_domain/bsplib/lib\libxil.a(xaxidma_sinit.o) (XAxiDma_ConfigTable)
C:/Users/Tom/Documents/Projects/Scopy_MVP_Platform/scopy-fpga/main/export/main/sw/main/standalone_domain/bsplib/lib\libxil.a(xclk_wiz.o)
                              ./src/clkwiz_interface.o (XClk_Wiz_CfgInitialize)
C:/Users/Tom/Documents/Projects/Scopy_MVP_Platform/scopy-fpga/main/export/main/sw/main/standalone_domain/bsplib/lib\libxil.a(xclk_wiz_sinit.o)
                              ./src/clkwiz_interface.o (XClk_Wiz_LookupConfig)
C:/Users/Tom/Documents/Projects/Scopy_MVP_Platform/scopy-fpga/main/export/main/sw/main/standalone_domain/bsplib/lib\libxil.a(xgpiops.o)
                              ./src/hal.o (XGpioPs_CfgInitialize)
C:/Users/Tom/Documents/Projects/Scopy_MVP_Platform/scopy-fpga/main/export/main/sw/main/standalone_domain/bsplib/lib\libxil.a(xgpiops_sinit.o)
                              ./src/hal.o (XGpioPs_LookupConfig)
C:/Users/Tom/Documents/Projects/Scopy_MVP_Platform/scopy-fpga/main/export/main/sw/main/standalone_domain/bsplib/lib\libxil.a(xgpiops_intr.o)
                              C:/Users/Tom/Documents/Projects/Scopy_MVP_Platform/scopy-fpga/main/export/main/sw/main/standalone_domain/bsplib/lib\libxil.a(xgpiops.o) (StubHandler)
C:/Users/Tom/Documents/Projects/Scopy_MVP_Platform/scopy-fpga/main/export/main/sw/main/standalone_domain/bsplib/lib\libxil.a(xgpiops_g.o)
                              C:/Users/Tom/Documents/Projects/Scopy_MVP_Platform/scopy-fpga/main/export/main/sw/main/standalone_domain/bsplib/lib\libxil.a(xgpiops_sinit.o) (XGpioPs_ConfigTable)
C:/Users/Tom/Documents/Projects/Scopy_MVP_Platform/scopy-fpga/main/export/main/sw/main/standalone_domain/bsplib/lib\libxil.a(xscugic_intr.o)
                              ./src/hal.o (XScuGic_InterruptHandler)
C:/Users/Tom/Documents/Projects/Scopy_MVP_Platform/scopy-fpga/main/export/main/sw/main/standalone_domain/bsplib/lib\libxil.a(xscugic.o)
                              ./src/acquire.o (XScuGic_Connect)
C:/Users/Tom/Documents/Projects/Scopy_MVP_Platform/scopy-fpga/main/export/main/sw/main/standalone_domain/bsplib/lib\libxil.a(xscugic_sinit.o)
                              ./src/hal.o (XScuGic_LookupConfig)
C:/Users/Tom/Documents/Projects/Scopy_MVP_Platform/scopy-fpga/main/export/main/sw/main/standalone_domain/bsplib/lib\libxil.a(xscugic_selftest.o)
                              ./src/hal.o (XScuGic_SelfTest)
C:/Users/Tom/Documents/Projects/Scopy_MVP_Platform/scopy-fpga/main/export/main/sw/main/standalone_domain/bsplib/lib\libxil.a(xscutimer.o)
                              ./src/hal.o (XScuTimer_CfgInitialize)
C:/Users/Tom/Documents/Projects/Scopy_MVP_Platform/scopy-fpga/main/export/main/sw/main/standalone_domain/bsplib/lib\libxil.a(xscutimer_selftest.o)
                              ./src/hal.o (XScuTimer_SelfTest)
C:/Users/Tom/Documents/Projects/Scopy_MVP_Platform/scopy-fpga/main/export/main/sw/main/standalone_domain/bsplib/lib\libxil.a(xscutimer_sinit.o)
                              ./src/hal.o (XScuTimer_LookupConfig)
C:/Users/Tom/Documents/Projects/Scopy_MVP_Platform/scopy-fpga/main/export/main/sw/main/standalone_domain/bsplib/lib\libxil.a(xscutimer_g.o)
                              C:/Users/Tom/Documents/Projects/Scopy_MVP_Platform/scopy-fpga/main/export/main/sw/main/standalone_domain/bsplib/lib\libxil.a(xscutimer_sinit.o) (XScuTimer_ConfigTable)
C:/Users/Tom/Documents/Projects/Scopy_MVP_Platform/scopy-fpga/main/export/main/sw/main/standalone_domain/bsplib/lib\libxil.a(xspips.o)
                              ./src/spi.o (XSpiPs_Reset)
C:/Users/Tom/Documents/Projects/Scopy_MVP_Platform/scopy-fpga/main/export/main/sw/main/standalone_domain/bsplib/lib\libxil.a(xspips_sinit.o)
                              ./src/spi.o (XSpiPs_LookupConfig)
[...]
Memory Configuration

Name             Origin             Length             Attributes
ps7_ram_0        0x0000000001000000 0x000000000fffffff
ocm2             0x00000000ffff0000 0x000000000000fe00
ocm1             0x0000000000000000 0x0000000000030000
*default*        0x0000000000000000 0xffffffffffffffff

Linker script and memory map

LOAD g:/xilinx/vitis/2019.2/gnu/aarch32/nt/gcc-arm-none-eabi/bin/../lib/gcc/arm-none-eabi/8.2.0/thumb/v7-a+fp/hard/crti.o
LOAD g:/xilinx/vitis/2019.2/gnu/aarch32/nt/gcc-arm-none-eabi/bin/../lib/gcc/arm-none-eabi/8.2.0/thumb/v7-a+fp/hard/crtbegin.o
                0x0000000000010000                _STACK_SIZE = DEFINED (_STACK_SIZE)?_STACK_SIZE:0x10000
                0x000000000c000000                _HEAP_SIZE = DEFINED (_HEAP_SIZE)?_HEAP_SIZE:0xc000000
                0x0000000000000400                _ABORT_STACK_SIZE = DEFINED (_ABORT_STACK_SIZE)?_ABORT_STACK_SIZE:0x400
                0x0000000000000800                _SUPERVISOR_STACK_SIZE = DEFINED (_SUPERVISOR_STACK_SIZE)?_SUPERVISOR_STACK_SIZE:0x800
                0x0000000000000400                _IRQ_STACK_SIZE = DEFINED (_IRQ_STACK_SIZE)?_IRQ_STACK_SIZE:0x400
                0x0000000000000400                _FIQ_STACK_SIZE = DEFINED (_FIQ_STACK_SIZE)?_FIQ_STACK_SIZE:0x400
                0x0000000000000400                _UNDEF_STACK_SIZE = DEFINED (_UNDEF_STACK_SIZE)?_UNDEF_STACK_SIZE:0x400

.text           0x0000000001000000    0x24760
 *(.vectors)
 .vectors       0x0000000001000000      0x12c C:/Users/Tom/Documents/Projects/Scopy_MVP_Platform/scopy-fpga/main/export/main/sw/main/standalone_domain/bsplib/lib\libxil.a(asm_vectors.o)
                0x0000000001000000                _vector_table
 *(.boot)
 .boot          0x000000000100012c      0x3b0 C:/Users/Tom/Documents/Projects/Scopy_MVP_Platform/scopy-fpga/main/export/main/sw/main/standalone_domain/bsplib/lib\libxil.a(boot.o)
                0x000000000100012c                _prestart
                0x000000000100012c                _boot
 *(.text)
 .text          0x00000000010004dc        0x0 g:/xilinx/vitis/2019.2/gnu/aarch32/nt/gcc-arm-none-eabi/bin/../lib/gcc/arm-none-eabi/8.2.0/thumb/v7-a+fp/hard/crti.o
 .text          0x00000000010004dc       0xa8 g:/xilinx/vitis/2019.2/gnu/aarch32/nt/gcc-arm-none-eabi/bin/../lib/gcc/arm-none-eabi/8.2.0/thumb/v7-a+fp/hard/crtbegin.o
 .text          0x0000000001000584     0x150c ./src/Collections-C/src/array.o
                0x0000000001000584                array_new
                0x0000000001000608                array_new_conf
                0x00000000010006e0                array_conf_init
                0x0000000001000718                array_destroy
                0x000000000100073c                array_destroy_cb
                0x0000000001000790                array_add
                0x000000000100083c                array_add_at
                0x00000000010009d8                array_replace_at
                0x0000000001000a1c                array_swap_at
                0x0000000001000a64                array_remove
                0x0000000001000b10                array_remove_at
                0x0000000001000b84                array_remove_last
                0x0000000001000bbc                array_remove_all
                0x0000000001000bc8                array_remove_all_free
                0x0000000001000c08                array_get_at
                0x0000000001000c28                array_get_last
                0x0000000001000c4c                array_get_buffer
                0x0000000001000c54                array_index_of
                0x0000000001000cac                array_subarray
                0x0000000001000d70                array_copy_shallow
                0x0000000001000e10                array_copy_deep
                0x0000000001000edc                array_filter_mut
                0x0000000001000fac                array_filter
                0x00000000010010bc                array_reverse
                0x0000000001001110                array_trim_capacity
                0x0000000001001188                array_contains
                0x00000000010011bc                array_contains_value
                0x0000000001001210                array_size
                0x0000000001001218                array_capacity
                0x0000000001001220                array_sort
                0x0000000001001238                array_map
                0x0000000001001274                array_reduce
                0x00000000010012f0                array_iter_init
                0x0000000001001300                array_iter_next
                0x0000000001001348                array_iter_remove
                0x00000000010013d4                array_iter_add
                0x0000000001001574                array_iter_replace
                0x00000000010015c4                array_iter_index
                0x00000000010015d0                array_zip_iter_init
                0x00000000010015e0                array_zip_iter_next
                0x0000000001001648                array_zip_iter_remove
                0x0000000001001744                array_zip_iter_add
                0x00000000010019e4                array_zip_iter_replace
                0x0000000001001a84                array_zip_iter_index
 .text          0x0000000001001a90        0x4 ./src/Collections-C/src/common.o
                0x0000000001001a90                cc_common_cmp_str
 .text          0x0000000001001a94     0x19a0 ./src/Collections-C/src/deque.o
                0x0000000001001b4c                deque_new
                0x0000000001001bd8                deque_new_conf
                0x0000000001001c8c                deque_conf_init
                0x0000000001001cb4                deque_destroy
                0x0000000001001cd8                deque_destroy_cb
                0x0000000001001d4c                deque_add
                0x0000000001001db0                deque_add_first
                0x0000000001001e90                deque_add_last
                0x0000000001001ef4                deque_add_at
                0x0000000001002180                deque_replace_at
                0x00000000010021d8                deque_remove_at
                0x00000000010023d4                deque_remove
                0x0000000001002440                deque_remove_first
                0x0000000001002490                deque_remove_last
                0x00000000010024e0                deque_remove_all
                0x00000000010024f4                deque_remove_all_cb
                0x0000000001002550                deque_get_at
                0x0000000001002594                deque_get_first
                0x00000000010025bc                deque_get_last
                0x00000000010025f4                deque_copy_shallow
                0x00000000010026cc                deque_copy_deep
                0x0000000001002810                deque_trim_capacity
                0x0000000001002900                deque_reverse
                0x000000000100295c                deque_contains
                0x00000000010029a8                deque_contains_value
                0x0000000001002a10                deque_index_of
                0x0000000001002a7c                deque_size
                0x0000000001002a84                deque_capacity
                0x0000000001002a8c                deque_get_buffer
                0x0000000001002a94                deque_foreach
                0x0000000001002ae0                deque_filter_mut
                0x0000000001002d04                deque_filter
                0x0000000001002e38                deque_iter_init
                0x0000000001002e48                deque_iter_next
                0x0000000001002eb4                deque_iter_remove
                0x00000000010030c4                deque_iter_add
                0x00000000010030e8                deque_iter_replace
                0x0000000001003148                deque_iter_index
                0x0000000001003154                deque_zip_iter_init
                0x0000000001003164                deque_zip_iter_next
                0x0000000001003210                deque_zip_iter_add
                0x00000000010032cc                deque_zip_iter_remove
                0x000000000100335c                deque_zip_iter_replace
                0x0000000001003428                deque_zip_iter_index
 .text          0x0000000001003434      0x1b0 ./src/Collections-C/src/hashset.o
                0x0000000001003434                hashset_conf_init
                0x0000000001003438                hashset_new
                0x00000000010034c4                hashset_new_conf
                0x000000000100354c                hashset_destroy
                0x000000000100356c                hashset_add
                0x0000000001003574                hashset_remove
                0x000000000100357c                hashset_remove_all
                0x0000000001003584                hashset_contains
                0x000000000100358c                hashset_size
                0x0000000001003594                hashset_capacity
                0x000000000100359c                hashset_foreach
                0x00000000010035a4                hashset_iter_init
                0x00000000010035ac                hashset_iter_next
                0x00000000010035e0                hashset_iter_remove
 .text          0x00000000010035e4      0xde0 ./src/Collections-C/src/hashtable.o
                0x00000000010035e4                hashtable_hash_string
                0x0000000001003618                hashtable_new
                0x00000000010036d4                hashtable_new_conf
                0x00000000010037c0                hashtable_conf_init
                0x0000000001003820                hashtable_destroy
                0x000000000100388c                hashtable_add
                0x0000000001003a94                hashtable_get
                0x0000000001003b54                hashtable_remove
                0x0000000001003cc8                hashtable_remove_all
                0x0000000001003d3c                hashtable_size
                0x0000000001003d44                hashtable_capacity
                0x0000000001003d4c                hashtable_contains_key
                0x0000000001003dc0                hashtable_get_values
                0x0000000001003e84                hashtable_get_keys
                0x0000000001003f48                hashtable_foreach_key
                0x0000000001003f9c                hashtable_foreach_value
                0x0000000001003ff0                hashtable_iter_init
                0x0000000001004050                hashtable_iter_next
                0x00000000010040e4                hashtable_iter_remove
                0x00000000010040f8                hashtable_hash
                0x0000000001004360                hashtable_hash_ptr
 .text          0x00000000010043c4     0x2068 ./src/Collections-C/src/list.o
                0x0000000001004724                list_conf_init
                0x0000000001004744                list_new
                0x0000000001004798                list_new_conf
                0x00000000010047dc                list_destroy
                0x0000000001004894                list_destroy_cb
                0x000000000100499c                list_add
                0x00000000010049f8                list_add_first
                0x0000000001004a58                list_add_last
                0x0000000001004ab4                list_add_at
                0x0000000001004b9c                list_add_all
                0x0000000001004c80                list_add_all_at
                0x0000000001004cb8                list_splice
                0x0000000001004d7c                list_splice_at
                0x0000000001004f04                list_remove
                0x0000000001004f88                list_remove_at
                0x0000000001005040                list_remove_first
                0x00000000010050b4                list_remove_last
                0x0000000001005128                list_remove_all
                0x00000000010051d0                list_remove_all_cb
                0x00000000010052d8                list_replace_at
                0x0000000001005364                list_get_first
                0x0000000001005384                list_get_last
                0x00000000010053a4                list_get_at
                0x000000000100541c                list_reverse
                0x000000000100550c                list_sublist
                0x0000000001005704                list_copy_shallow
                0x0000000001005870                list_copy_deep
                0x00000000010059e8                list_to_array
                0x0000000001005a5c                list_contains
                0x0000000001005a90                list_contains_value
                0x0000000001005ae0                list_index_of
                0x0000000001005b38                list_size
                0x0000000001005b40                list_sort
                0x0000000001005bf8                list_sort_in_place
                0x0000000001005c08                list_foreach
                0x0000000001005c34                list_filter_mut
                0x0000000001005cc8                list_filter
                0x0000000001005da4                list_iter_init
                0x0000000001005dc0                list_iter_remove
                0x0000000001005e44                list_iter_add
                0x0000000001005ee8                list_iter_replace
                0x0000000001005f14                list_iter_index
                0x0000000001005f20                list_iter_next
                0x0000000001005f64                list_diter_init
                0x0000000001005f84                list_diter_add
                0x0000000001006018                list_diter_remove
                0x000000000100609c                list_diter_replace
                0x00000000010060c8                list_diter_index
                0x00000000010060d4                list_diter_next
                0x0000000001006118                list_zip_iter_init
                0x0000000001006148                list_zip_iter_next
                0x00000000010061b4                list_zip_iter_add
                0x00000000010062f4                list_zip_iter_remove
                0x00000000010063d0                list_zip_iter_replace
                0x0000000001006420                list_zip_iter_index
 .text          0x000000000100642c      0x4e0 ./src/Collections-C/src/pqueue.o
                0x000000000100642c                pqueue_conf_init
                0x0000000001006468                pqueue_new
                0x00000000010064f4                pqueue_new_conf
                0x00000000010065dc                pqueue_destroy
                0x0000000001006600                pqueue_destroy_cb
                0x0000000001006654                pqueue_push
                0x0000000001006770                pqueue_top
                0x0000000001006790                pqueue_pop
 .text          0x000000000100690c      0x184 ./src/Collections-C/src/queue.o
                0x000000000100690c                queue_conf_init
                0x0000000001006910                queue_new
                0x0000000001006990                queue_new_conf
                0x0000000001006a08                queue_destroy
                0x0000000001006a28                queue_destroy_cb
                0x0000000001006a44                queue_peek
                0x0000000001006a4c                queue_poll
                0x0000000001006a54                queue_enqueue
                0x0000000001006a5c                queue_size
                0x0000000001006a64                queue_foreach
                0x0000000001006a6c                queue_iter_init
                0x0000000001006a74                queue_iter_next
                0x0000000001006a78                queue_iter_replace
                0x0000000001006a7c                queue_zip_iter_init
                0x0000000001006a88                queue_zip_iter_next
                0x0000000001006a8c                queue_zip_iter_replace
 .text          0x0000000001006a90      0x258 ./src/Collections-C/src/ring_buffer.o
                0x0000000001006a90                rbuf_new
                0x0000000001006b20                rbuf_conf_new
                0x0000000001006bb4                rbuf_conf_init
                0x0000000001006bdc                rbuf_destroy
                0x0000000001006c00                rbuf_is_empty
                0x0000000001006c10                rbuf_size
                0x0000000001006c18                rbuf_enqueue
                0x0000000001006c80                rbuf_dequeue
                0x0000000001006cd8                rbuf_peek
 .text          0x0000000001006ce8     0x16e0 ./src/Collections-C/src/slist.o
                0x0000000001006ce8                slist_conf_init
                0x0000000001006d08                slist_new
                0x0000000001006d5c                slist_new_conf
                0x0000000001006da0                slist_destroy
                0x0000000001006dfc                slist_destroy_cb
                0x0000000001006e94                slist_add
                0x0000000001006eec                slist_add_first
                0x0000000001006f48                slist_add_last
                0x0000000001006fa0                slist_add_at
                0x0000000001007054                slist_add_all
                0x0000000001007138                slist_add_all_at
                0x0000000001007260                slist_splice
                0x00000000010072b8                slist_splice_at
                0x0000000001007358                slist_remove
                0x000000000100741c                slist_remove_at
                0x00000000010074c0                slist_remove_first
                0x0000000001007520                slist_remove_last
                0x00000000010075c4                slist_remove_all
                0x0000000001007620                slist_remove_all_cb
                0x00000000010076b8                slist_replace_at
                0x0000000001007704                slist_get_first
                0x0000000001007724                slist_get_last
                0x0000000001007744                slist_get_at
                0x0000000001007788                slist_size
                0x0000000001007790                slist_reverse
                0x00000000010077d4                slist_sublist
                0x00000000010079ac                slist_copy_shallow
                0x0000000001007ad0                slist_copy_deep
                0x0000000001007bfc                slist_contains
                0x0000000001007c30                slist_contains_value
                0x0000000001007c80                slist_index_of
                0x0000000001007cd0                slist_to_array
                0x0000000001007d34                slist_sort
                0x0000000001007de8                slist_foreach
                0x0000000001007e14                slist_filter
                0x0000000001007ee8                slist_filter_mut
                0x0000000001007f70                slist_iter_init
                0x0000000001007f8c                slist_iter_remove
                0x0000000001008018                slist_iter_add
                0x0000000001008088                slist_iter_replace
                0x00000000010080b4                slist_iter_next
                0x0000000001008104                slist_iter_index
                0x0000000001008110                slist_zip_iter_init
                0x0000000001008140                slist_zip_iter_next
                0x00000000010081bc                slist_zip_iter_add
                0x0000000001008290                slist_zip_iter_remove
                0x000000000100836c                slist_zip_iter_replace
                0x00000000010083bc                slist_zip_iter_index
 .text          0x00000000010083c8      0x194 ./src/Collections-C/src/stack.o
                0x00000000010083c8                stack_conf_init
                0x00000000010083cc                stack_new
                0x0000000001008454                stack_new_conf
                0x00000000010084d4                stack_destroy
                0x00000000010084f4                stack_destroy_cb
                0x0000000001008510                stack_push
                0x0000000001008518                stack_peek
                0x0000000001008520                stack_pop
                0x0000000001008528                stack_size
                0x0000000001008530                stack_map
                0x0000000001008538                stack_iter_init
                0x0000000001008540                stack_iter_next
                0x0000000001008544                stack_iter_replace
                0x0000000001008548                stack_zip_iter_init
                0x0000000001008554                stack_zip_iter_next
                0x0000000001008558                stack_zip_iter_replace
 .text          0x000000000100855c      0x22c ./src/Collections-C/src/treeset.o
                0x000000000100855c                treeset_conf_init
                0x0000000001008560                treeset_new
                0x00000000010085f4                treeset_new_conf
                0x000000000100867c                treeset_destroy
                0x000000000100869c                treeset_add
                0x00000000010086a4                treeset_remove
                0x00000000010086c0                treeset_remove_all
                0x00000000010086c8                treeset_get_first
                0x00000000010086e4                treeset_get_last
                0x0000000001008700                treeset_get_greater_than
                0x000000000100871c                treeset_get_lesser_than
                0x0000000001008738                treeset_contains
                0x0000000001008740                treeset_size
                0x0000000001008748                treeset_foreach
                0x0000000001008750                treeset_iter_init
                0x0000000001008758                treeset_iter_next
                0x0000000001008784                treeset_iter_remove
 .text          0x0000000001008788     0x1ec0 ./src/Collections-C/src/treetable.o
                0x0000000001008d08                treetable_conf_init
                0x0000000001008d30                treetable_new
                0x0000000001008dc4                treetable_new_conf
                0x0000000001008e5c                treetable_destroy
                0x0000000001009470                treetable_get
                0x00000000010094ec                treetable_get_first_value
                0x0000000001009520                treetable_get_last_value
                0x0000000001009554                treetable_get_first_key
                0x0000000001009588                treetable_get_last_key
                0x00000000010095bc                treetable_get_greater_than
                0x00000000010096b4                treetable_get_lesser_than
                0x00000000010097a8                treetable_size
                0x00000000010097b0                treetable_contains_key
                0x0000000001009824                treetable_contains_value
                0x00000000010098dc                treetable_add
                0x0000000001009bd8                treetable_remove
                0x0000000001009c68                treetable_remove_first
                0x0000000001009cb4                treetable_remove_last
                0x0000000001009cec                treetable_remove_all
                0x000000000100a2f4                treetable_foreach_key
                0x000000000100a3a0                treetable_foreach_value
                0x000000000100a44c                treetable_iter_init
                0x000000000100a47c                treetable_iter_next
                0x000000000100a520                treetable_iter_remove
                0x000000000100a564                treetable_assert_rb_rules
 .text          0x000000000100a648      0x280 ./src/acq_hacks.o
                0x000000000100a648                acq_hacks_init
                0x000000000100a64c                acq_hacks_run
 .text          0x000000000100a8c8     0x238c ./src/acquire.o
                0x000000000100a8c8                _acq_irq_fifo_gen_rst
                0x000000000100aa4c                _acq_irq_error_dma
                0x000000000100aad0                _acq_reset_PL_fifo
                0x000000000100aafc                _acq_reset_trigger
                0x000000000100ab28                _acq_wait_for_ndone
                0x000000000100ab40                _acq_fast_dma_start
                0x000000000100ab68                _acq_core_dma_start
                0x000000000100abbc                acq_write_training
                0x000000000100ac74                acq_init
                0x000000000100ae34                acq_get_next_alloc
                0x000000000100aeec                acq_append_next_alloc
                0x000000000100b024                acq_free_all_alloc
                0x000000000100b070                acq_dealloc_rewind
                0x000000000100b0c4                acq_prepare_triggered
                0x000000000100b4f0                acq_start
                0x000000000100b658                acq_stop
                0x000000000100b6c0                acq_abort_done
                0x000000000100b6e0                acq_is_done
                0x000000000100b6fc                acq_make_status
                0x000000000100b79c                acq_debug_dump
                0x000000000100bde0                _acq_irq_rx_handler
                0x000000000100c5a8                acq_debug_dump_waveraw
                0x000000000100c648                acq_get_ll_pointer
                0x000000000100c6b0                acq_next_ll_pointer
                0x000000000100c70c                acq_debug_dump_wave
                0x000000000100c9e4                acq_copy_slow_mipi
                0x000000000100cb90                acq_dma_address_helper
 *fill*         0x000000000100cc54        0x4 
 .text          0x000000000100cc58      0x6d0 ./src/clkwiz_interface.o
                0x000000000100cc58                clkwiz_init
                0x000000000100cd2c                clkwiz_change_mipi_freq
                0x000000000100d01c                clkwiz_dump_state
                0x000000000100d294                clkwiz_commit
 .text          0x000000000100d328        0x0 ./src/demo_norway.o
 .text          0x000000000100d328      0x328 ./src/fabric_config.o
                0x000000000100d328                fabcfg_dump_state
                0x000000000100d4ec                fabcfg_init
 .text          0x000000000100d650      0xe98 ./src/hal.o
                0x000000000100d650                irq_xscutimer
                0x000000000100d8d8                d_xilinx_assert
                0x000000000100d8f0                bogo_calibrate
                0x000000000100da98                bogo_delay
                0x000000000100dafc                d_printf
                0x000000000100dcd0                hal_init
                0x000000000100e1d0                d_waitkey
                0x000000000100e1dc                d_iskeypress
                0x000000000100e1fc                d_getkey
                0x000000000100e21c                d_read_global_timer
                0x000000000100e244                d_start_timing
                0x000000000100e2b4                d_stop_timing
                0x000000000100e334                d_read_timing
                0x000000000100e388                d_read_timing_us
                0x000000000100e400                d_dump_timing
                0x000000000100e4a8                d_dump_timing_ex
 .text          0x000000000100e4e8        0x0 ./src/main.o
 .text          0x000000000100e4e8      0x664 ./src/mipi_csi.o
                0x000000000100e4e8                mipi_csi_init
                0x000000000100e558                mipi_csi_alloc_item
                0x000000000100e5c8                mipi_csi_free_item
                0x000000000100e628                mipi_csi_queue_waverange
                0x000000000100e6b4                mipi_csi_queue_all_waves
                0x000000000100e740                mipi_csi_generate_sg_list_for_waves
                0x000000000100eb48                mipi_csi_tick
 .text          0x000000000100eb4c      0x2c8 ./src/mipi_csi_hacks.o
                0x000000000100eb4c                csi_hack_init
                0x000000000100ec8c                csi_hack_start_frame
                0x000000000100ed1c                csi_hack_stop_frame
                0x000000000100ed78                csi_hack_send_line_data
 .text          0x000000000100ee14       0x14 ./src/platform.o
                0x000000000100ee14                enable_caches
                0x000000000100ee18                disable_caches
                0x000000000100ee1c                init_uart
                0x000000000100ee20                init_platform
                0x000000000100ee24                cleanup_platform
 .text          0x000000000100ee28     0x10cc ./src/spi.o
                0x000000000100ee28                spi_isr_handler
                0x000000000100f1f4                spi_init
                0x000000000100f62c                spi_reset_hw
                0x000000000100f660                spi_crc_lut_gen
                0x000000000100f6e8                spi_command_lut_gen
                0x000000000100f7b0                spi_transmit_packet_nonblock
                0x000000000100f900                spi_command_find_free_slot
                0x000000000100f970                spi_command_count_allocated
                0x000000000100f9b0                spi_command_pack_response_simple
                0x000000000100fa40                spi_command_tick
 .text          0x000000000100fef4      0x1e4 ./src/spi_commands.o
                0x000000000100fef4                spicmd_hello
                0x000000000100ff2c                spicmd_version
                0x000000000100ff3c                spicmd_stats
                0x000000000100ffa4                spicmd_acq_setup_trigd
                0x000000000101001c                spicmd_acq_start
                0x0000000001010048                spicmd_acq_stop
                0x000000000101006c                spicmd_acq_rewind
                0x0000000001010070                spicmd_acq_status
                0x000000000101009c                spicmd_trig_configure_edge
                0x00000000010100c8                spicmd_trig_configure_always
                0x00000000010100cc                spicmd_trig_force
                0x00000000010100d0                spicmd_trig_arm
                0x00000000010100d4                spicmd_trig_disarm
 .text          0x00000000010100d8      0x3a0 ./src/system_control.o
                0x00000000010100d8                sysctrl_tick_irq
                0x0000000001010128                sysctrl_init
                0x0000000001010254                sysctrl_led_mode
                0x00000000010102bc                sysctrl_led_tick
                0x0000000001010348                sysctrl_xadc_tick
                0x000000000101034c                sysctrl_main_loop
 .text          0x0000000001010478      0x744 ./src/trigger.o
                0x0000000001010478                trig_zero_levels
                0x00000000010104ac                trig_write_levels
                0x00000000010105fc                trig_configure_always
                0x000000000101063c                trig_configure_edge
                0x0000000001010880                trig_configure_holdoff
                0x00000000010108fc                trig_dump_state
                0x0000000001010aa8                trig_init
                0x0000000001010b3c                trig_has_trigd
                0x0000000001010b68                trig_arm
                0x0000000001010b80                trig_disarm
                0x0000000001010b98                trig_force
 .text          0x0000000001010bbc      0x91c C:/Users/Tom/Documents/Projects/Scopy_MVP_Platform/scopy-fpga/main/export/main/sw/main/standalone_domain/bsplib/lib\libxil.a(xaxidma.o)
                0x0000000001010bbc                XAxiDma_Reset
                0x0000000001010cd0                XAxiDma_ResetIsDone
                0x0000000001010d1c                XAxiDma_CfgInitialize
                0x0000000001010f58                XAxiDma_Pause
                0x0000000001011008                XAxiDma_Resume
                0x00000000010112c0                XAxiDma_Busy
                0x00000000010112dc                XAxiDma_SelectKeyHole
                0x0000000001011304                XAxiDma_SelectCyclicMode
                0x000000000101132c                XAxiDma_SimpleTransfer
 .text          0x00000000010114d8       0x60 C:/Users/Tom/Documents/Projects/Scopy_MVP_Platform/scopy-fpga/main/export/main/sw/main/standalone_domain/bsplib/lib\libxil.a(xaxidma_sinit.o)
                0x00000000010114d8                XAxiDma_LookupConfig
                0x0000000001011508                XAxiDma_LookupConfigBaseAddr
 .text          0x0000000001011538      0x2c4 C:/Users/Tom/Documents/Projects/Scopy_MVP_Platform/scopy-fpga/main/export/main/sw/main/standalone_domain/bsplib/lib\libxil.a(xaxidma_bd.o)
                0x0000000001011538                XAxiDma_BdSetLength
                0x000000000101158c                XAxiDma_BdSetBufAddr
                0x00000000010115e0                XAxiDma_BdSetBufAddrMicroMode
                0x0000000001011618                XAxiDma_BdSetAppWord
                0x0000000001011678                XAxiDma_BdGetAppWord
                0x00000000010116dc                XAxiDma_BdSetCtrl
                0x00000000010116f4                XAxiDma_DumpBd
 .text          0x00000000010117fc      0xfd4 C:/Users/Tom/Documents/Projects/Scopy_MVP_Platform/scopy-fpga/main/export/main/sw/main/standalone_domain/bsplib/lib\libxil.a(xaxidma_bdring.o)
                0x00000000010117fc                XAxiDma_UpdateBdRingCDesc
                0x0000000001011980                XAxiDma_BdRingCreate
                0x0000000001011b98                XAxiDma_BdRingClone
                0x0000000001011cd0                XAxiDma_StartBdRingHw
                0x0000000001011dfc                XAxiDma_BdRingStart
                0x0000000001011e50                XAxiDma_BdRingSetCoalesce
                0x0000000001011ec4                XAxiDma_BdRingGetCoalesce
                0x0000000001011ee0                XAxiDma_BdRingAlloc
                0x0000000001011f80                XAxiDma_BdRingUnAlloc
                0x0000000001012058                XAxiDma_BdRingToHw
                0x00000000010122f8                XAxiDma_BdRingFromHw
                0x000000000101244c                XAxiDma_BdRingFree
                0x0000000001012500                XAxiDma_BdRingCheck
                0x0000000001012718                XAxiDma_BdRingDumpRegs
 .text          0x00000000010127d0        0x0 C:/Users/Tom/Documents/Projects/Scopy_MVP_Platform/scopy-fpga/main/export/main/sw/main/standalone_domain/bsplib/lib\libxil.a(xaxidma_g.o)
 .text          0x00000000010127d0      0x150 C:/Users/Tom/Documents/Projects/Scopy_MVP_Platform/scopy-fpga/main/export/main/sw/main/standalone_domain/bsplib/lib\libxil.a(xclk_wiz.o)
                0x00000000010127f8                XClk_Wiz_CfgInitialize
                0x00000000010128c0                XClk_Wiz_GetInterruptSettings
 .text          0x0000000001012920       0x1c C:/Users/Tom/Documents/Projects/Scopy_MVP_Platform/scopy-fpga/main/export/main/sw/main/standalone_domain/bsplib/lib\libxil.a(xclk_wiz_sinit.o)
                0x0000000001012920                XClk_Wiz_LookupConfig
 .text          0x000000000101293c      0xcd8 C:/Users/Tom/Documents/Projects/Scopy_MVP_Platform/scopy-fpga/main/export/main/sw/main/standalone_domain/bsplib/lib\libxil.a(xgpiops.o)
                0x000000000101293c                XGpioPs_CfgInitialize
                0x0000000001012ab8                XGpioPs_Read
                0x0000000001012b6c                XGpioPs_Write
                0x0000000001012c14                XGpioPs_SetDirection
                0x0000000001012cc0                XGpioPs_GetDirection
                0x0000000001012d78                XGpioPs_SetOutputEnable
                0x0000000001012e24                XGpioPs_GetOutputEnable
                0x0000000001012edc                XGpioPs_GetBankPin
                0x0000000001013018                XGpioPs_ReadPin
                0x00000000010130fc                XGpioPs_WritePin
                0x00000000010131fc                XGpioPs_SetDirectionPin
                0x0000000001013320                XGpioPs_GetDirectionPin
                0x0000000001013408                XGpioPs_SetOutputEnablePin
                0x000000000101352c                XGpioPs_GetOutputEnablePin
 .text          0x0000000001013614       0x1c C:/Users/Tom/Documents/Projects/Scopy_MVP_Platform/scopy-fpga/main/export/main/sw/main/standalone_domain/bsplib/lib\libxil.a(xgpiops_sinit.o)
                0x0000000001013614                XGpioPs_LookupConfig
 .text          0x0000000001013630      0xdd4 C:/Users/Tom/Documents/Projects/Scopy_MVP_Platform/scopy-fpga/main/export/main/sw/main/standalone_domain/bsplib/lib\libxil.a(xgpiops_intr.o)
                0x0000000001013630                XGpioPs_IntrEnable
                0x00000000010136dc                XGpioPs_IntrEnablePin
                0x00000000010137b8                XGpioPs_IntrDisable
                0x0000000001013864                XGpioPs_IntrDisablePin
                0x0000000001013940                XGpioPs_IntrGetEnabled
                0x00000000010139fc                XGpioPs_IntrGetEnabledPin
                0x0000000001013ae4                XGpioPs_IntrGetStatus
                0x0000000001013b9c                XGpioPs_IntrGetStatusPin
                0x0000000001013c84                XGpioPs_IntrClear
                0x0000000001013d30                XGpioPs_IntrClearPin
                0x0000000001013e10                XGpioPs_SetIntrType
                0x0000000001013ed8                XGpioPs_GetIntrType
                0x0000000001013fac                XGpioPs_SetIntrTypePin
                0x000000000101414c                XGpioPs_GetIntrTypePin
                0x0000000001014258                XGpioPs_SetCallbackHandler
                0x00000000010142f8                XGpioPs_IntrHandler
                0x00000000010143dc                StubHandler
 .text          0x0000000001014404        0x0 C:/Users/Tom/Documents/Projects/Scopy_MVP_Platform/scopy-fpga/main/export/main/sw/main/standalone_domain/bsplib/lib\libxil.a(xgpiops_g.o)
 .text          0x0000000001014404       0x78 C:/Users/Tom/Documents/Projects/Scopy_MVP_Platform/scopy-fpga/main/export/main/sw/main/standalone_domain/bsplib/lib\libxil.a(xscugic_intr.o)
                0x0000000001014404                XScuGic_InterruptHandler
 .text          0x000000000101447c      0xaf4 C:/Users/Tom/Documents/Projects/Scopy_MVP_Platform/scopy-fpga/main/export/main/sw/main/standalone_domain/bsplib/lib\libxil.a(xscugic.o)
                0x00000000010144cc                XScuGic_Connect
                0x00000000010145a0                XScuGic_Disconnect
                0x000000000101466c                XScuGic_SoftwareIntr
                0x0000000001014750                XScuGic_SetPriorityTriggerType
                0x0000000001014888                XScuGic_GetPriorityTriggerType
                0x00000000010149b4                XScuGic_InterruptMaptoCpu
                0x0000000001014a28                XScuGic_Enable
                0x0000000001014afc                XScuGic_InterruptUnmapFromCpu
                0x0000000001014b70                XScuGic_Disable
                0x0000000001014c44                XScuGic_UnmapAllInterruptsFromCpu
                0x0000000001014cc0                XScuGic_Stop
                0x0000000001014d9c                XScuGic_CfgInitialize
                0x0000000001014f10                XScuGic_SetCpuID
                0x0000000001014f60                XScuGic_GetCpuID
 .text          0x0000000001014f70       0x1c C:/Users/Tom/Documents/Projects/Scopy_MVP_Platform/scopy-fpga/main/export/main/sw/main/standalone_domain/bsplib/lib\libxil.a(xscugic_sinit.o)
                0x0000000001014f70                XScuGic_LookupConfig
 .text          0x0000000001014f8c       0xb4 C:/Users/Tom/Documents/Projects/Scopy_MVP_Platform/scopy-fpga/main/export/main/sw/main/standalone_domain/bsplib/lib\libxil.a(xscugic_selftest.o)
                0x0000000001014f8c                XScuGic_SelfTest
 .text          0x0000000001015040      0x2d8 C:/Users/Tom/Documents/Projects/Scopy_MVP_Platform/scopy-fpga/main/export/main/sw/main/standalone_domain/bsplib/lib\libxil.a(xscutimer.o)
                0x0000000001015040                XScuTimer_CfgInitialize
                0x00000000010150f0                XScuTimer_Start
                0x0000000001015180                XScuTimer_Stop
                0x0000000001015208                XScuTimer_SetPrescaler
                0x0000000001015290                XScuTimer_GetPrescaler
 .text          0x0000000001015318       0xbc C:/Users/Tom/Documents/Projects/Scopy_MVP_Platform/scopy-fpga/main/export/main/sw/main/standalone_domain/bsplib/lib\libxil.a(xscutimer_selftest.o)
                0x0000000001015318                XScuTimer_SelfTest
 .text          0x00000000010153d4       0x1c C:/Users/Tom/Documents/Projects/Scopy_MVP_Platform/scopy-fpga/main/export/main/sw/main/standalone_domain/bsplib/lib\libxil.a(xscutimer_sinit.o)
                0x00000000010153d4                XScuTimer_LookupConfig
 .text          0x00000000010153f0        0x0 C:/Users/Tom/Documents/Projects/Scopy_MVP_Platform/scopy-fpga/main/export/main/sw/main/standalone_domain/bsplib/lib\libxil.a(xscutimer_g.o)
 .text          0x00000000010153f0      0xaf0 C:/Users/Tom/Documents/Projects/Scopy_MVP_Platform/scopy-fpga/main/export/main/sw/main/standalone_domain/bsplib/lib\libxil.a(xspips.o)
                0x0000000001015418                XSpiPs_Transfer
                0x00000000010155f8                XSpiPs_PolledTransfer
                0x000000000101587c                XSpiPs_SetSlaveSelect
                0x000000000101595c                XSpiPs_GetSlaveSelect
                0x0000000001015a04                XSpiPs_SetStatusHandler
                0x0000000001015aa4                XSpiPs_Abort
                0x0000000001015b00                XSpiPs_Reset
                0x0000000001015b84                XSpiPs_CfgInitialize
                0x0000000001015c54                XSpiPs_InterruptHandler
 .text          0x0000000001015ee0       0x1c C:/Users/Tom/Documents/Projects/Scopy_MVP_Platform/scopy-fpga/main/export/main/sw/main/standalone_domain/bsplib/lib\libxil.a(xspips_sinit.o)
                0x0000000001015ee0                XSpiPs_LookupConfig
 .text          0x0000000001015efc        0x0 C:/Users/Tom/Documents/Projects/Scopy_MVP_Platform/scopy-fpga/main/export/main/sw/main/standalone_domain/bsplib/lib\libxil.a(xspips_g.o)
 .text          0x0000000001015efc      0x16c C:/Users/Tom/Documents/Projects/Scopy_MVP_Platform/scopy-fpga/main/export/main/sw/main/standalone_domain/bsplib/lib\libxil.a(xspips_selftest.o)
                0x0000000001015efc                XSpiPs_SelfTest
 .text          0x0000000001016068       0x70 C:/Users/Tom/Documents/Projects/Scopy_MVP_Platform/scopy-fpga/main/export/main/sw/main/standalone_domain/bsplib/lib\libxil.a(xil_assert.o)
                0x0000000001016068                Xil_Assert
                0x00000000010160c4                Xil_AssertSetCallback
                0x00000000010160d4                XNullHandler
 .text          0x00000000010160d8       0x28 C:/Users/Tom/Documents/Projects/Scopy_MVP_Platform/scopy-fpga/main/export/main/sw/main/standalone_domain/bsplib/lib\libxil.a(print.o)
                0x00000000010160d8                print
 .text          0x0000000001016100      0x96c C:/Users/Tom/Documents/Projects/Scopy_MVP_Platform/scopy-fpga/main/export/main/sw/main/standalone_domain/bsplib/lib\libxil.a(xil_cache.o)
                0x0000000001016100                Xil_DCacheInvalidateLine
                0x0000000001016138                Xil_DCacheInvalidateRange
                0x0000000001016220                Xil_DCacheFlushLine
                0x000000000101626c                Xil_DCacheFlushRange
                0x00000000010162c0                Xil_DCacheStoreLine
                0x00000000010162f8                Xil_ICacheInvalidateLine
                0x0000000001016330                Xil_ICacheInvalidateRange
                0x0000000001016388                Xil_L1DCacheInvalidate
                0x000000000101643c                Xil_L1DCacheEnable
                0x000000000101645c                Xil_L1DCacheInvalidateLine
                0x0000000001016474                Xil_L1DCacheInvalidateRange
                0x00000000010164bc                Xil_L1DCacheFlush
                0x0000000001016548                Xil_L1DCacheDisable
                0x0000000001016560                Xil_DCacheFlush
                0x00000000010165bc                Xil_L1DCacheFlushLine
                0x00000000010165d4                Xil_L1DCacheFlushRange
                0x000000000101661c                Xil_L1DCacheStoreLine
                0x0000000001016634                Xil_L1ICacheEnable
                0x0000000001016650                Xil_L1ICacheDisable
                0x000000000101666c                Xil_L1ICacheInvalidate
                0x0000000001016684                Xil_L1ICacheInvalidateLine
                0x000000000101669c                Xil_L1ICacheInvalidateRange
                0x00000000010166e4                Xil_L2CacheDisable
                0x0000000001016758                Xil_DCacheDisable
                0x0000000001016774                Xil_ICacheDisable
                0x0000000001016798                Xil_L2CacheInvalidate
                0x0000000001016804                Xil_DCacheInvalidate
                0x0000000001016824                Xil_ICacheInvalidate
                0x00000000010168ac                Xil_L2CacheEnable
                0x00000000010168c4                Xil_DCacheEnable
                0x00000000010168e8                Xil_ICacheEnable
                0x0000000001016918                Xil_L2CacheInvalidateLine
                0x000000000101692c                Xil_L2CacheInvalidateRange
                0x0000000001016994                Xil_L2CacheFlush
                0x00000000010169d8                Xil_L2CacheFlushLine
                0x00000000010169f0                Xil_L2CacheFlushRange
                0x0000000001016a58                Xil_L2CacheStoreLine
 .text          0x0000000001016a6c       0x10 C:/Users/Tom/Documents/Projects/Scopy_MVP_Platform/scopy-fpga/main/export/main/sw/main/standalone_domain/bsplib/lib\libxil.a(outbyte.o)
                0x0000000001016a6c                outbyte
 .text          0x0000000001016a7c        0x8 C:/Users/Tom/Documents/Projects/Scopy_MVP_Platform/scopy-fpga/main/export/main/sw/main/standalone_domain/bsplib/lib\libxil.a(xplatform_info.o)
                0x0000000001016a7c                XGetPlatform_Info
 .text          0x0000000001016a84      0x6c0 C:/Users/Tom/Documents/Projects/Scopy_MVP_Platform/scopy-fpga/main/export/main/sw/main/standalone_domain/bsplib/lib\libxil.a(xil_printf.o)
                0x0000000001016cb8                xil_printf
 .text          0x0000000001017144       0xe4 C:/Users/Tom/Documents/Projects/Scopy_MVP_Platform/scopy-fpga/main/export/main/sw/main/standalone_domain/bsplib/lib\libxil.a(xil_exception.o)
                0x0000000001017148                Xil_DataAbortHandler
                0x0000000001017178                Xil_PrefetchAbortHandler
                0x00000000010171a8                Xil_UndefinedExceptionHandler
                0x00000000010171c8                Xil_ExceptionInit
                0x00000000010171cc                Xil_ExceptionRegisterHandler
                0x00000000010171e4                Xil_GetExceptionRegisterHandler
                0x0000000001017204                Xil_ExceptionRemoveHandler
 .text          0x0000000001017228        0x0 C:/Users/Tom/Documents/Projects/Scopy_MVP_Platform/scopy-fpga/main/export/main/sw/main/standalone_domain/bsplib/lib\libxil.a(asm_vectors.o)
 .text          0x0000000001017228      0x5d4 C:/Users/Tom/Documents/Projects/Scopy_MVP_Platform/scopy-fpga/main/export/main/sw/main/standalone_domain/bsplib/lib\libxil.a(xttcps.o)
                0x0000000001017250                XTtcPs_CfgInitialize
                0x000000000101736c                XTtcPs_SetMatchValue
                0x0000000001017418                XTtcPs_GetMatchValue
                0x00000000010174d4                XTtcPs_SetPrescaler
                0x0000000001017584                XTtcPs_GetPrescaler
                0x000000000101761c                XTtcPs_CalcIntervalFromFreq
                0x00000000010176fc                XTtcPs_InterruptHandler
                0x000000000101775c                XTtcPs_SetStatusHandler
 .text          0x00000000010177fc       0x44 C:/Users/Tom/Documents/Projects/Scopy_MVP_Platform/scopy-fpga/main/export/main/sw/main/standalone_domain/bsplib/lib\libxil.a(xttcps_sinit.o)
                0x00000000010177fc                XTtcPs_LookupConfig
 .text          0x0000000001017840        0x0 C:/Users/Tom/Documents/Projects/Scopy_MVP_Platform/scopy-fpga/main/export/main/sw/main/standalone_domain/bsplib/lib\libxil.a(xttcps_g.o)
 .text          0x0000000001017840      0x1ac C:/Users/Tom/Documents/Projects/Scopy_MVP_Platform/scopy-fpga/main/export/main/sw/main/standalone_domain/bsplib/lib\libxil.a(xttcps_options.o)
                0x0000000001017840                XTtcPs_SetOptions
                0x0000000001017934                XTtcPs_GetOptions
 .text          0x00000000010179ec       0x88 C:/Users/Tom/Documents/Projects/Scopy_MVP_Platform/scopy-fpga/main/export/main/sw/main/standalone_domain/bsplib/lib\libxil.a(xuartps_hw.o)
                0x00000000010179ec                XUartPs_SendByte
                0x0000000001017a04                XUartPs_RecvByte
                0x0000000001017a20                XUartPs_ResetHw
 .text          0x0000000001017a74        0x0 C:/Users/Tom/Documents/Projects/Scopy_MVP_Platform/scopy-fpga/main/export/main/sw/main/standalone_domain/bsplib/lib\libxil.a(xclk_wiz_g.o)
 .text          0x0000000001017a74        0x0 C:/Users/Tom/Documents/Projects/Scopy_MVP_Platform/scopy-fpga/main/export/main/sw/main/standalone_domain/bsplib/lib\libxil.a(xscugic_g.o)
 .text          0x0000000001017a74      0x448 C:/Users/Tom/Documents/Projects/Scopy_MVP_Platform/scopy-fpga/main/export/main/sw/main/standalone_domain/bsplib/lib\libxil.a(xspips_options.o)
                0x0000000001017a74                XSpiPs_SetOptions
                0x0000000001017b78                XSpiPs_GetOptions
                0x0000000001017c2c                XSpiPs_SetClkPrescaler
                0x0000000001017cec                XSpiPs_GetClkPrescaler
                0x0000000001017d74                XSpiPs_SetDelays
                0x0000000001017e20                XSpiPs_GetDelays
 .text          0x0000000001017ebc       0x78 C:/Users/Tom/Documents/Projects/Scopy_MVP_Platform/scopy-fpga/main/export/main/sw/main/standalone_domain/bsplib/lib\libxil.a(vectors.o)
                0x0000000001017ebc                FIQInterrupt
                0x0000000001017ed0                IRQInterrupt
                0x0000000001017ee4                UndefinedException
                0x0000000001017ef8                SWInterrupt
                0x0000000001017f0c                DataAbortInterrupt
                0x0000000001017f20                PrefetchAbortInterrupt
 .text          0x0000000001017f34        0x0 C:/Users/Tom/Documents/Projects/Scopy_MVP_Platform/scopy-fpga/main/export/main/sw/main/standalone_domain/bsplib/lib\libxil.a(boot.o)
 .text          0x0000000001017f34       0x78 C:/Users/Tom/Documents/Projects/Scopy_MVP_Platform/scopy-fpga/main/export/main/sw/main/standalone_domain/bsplib/lib\libxil.a(xil-crt0.o)
                0x0000000001017f48                _start
 .text          0x0000000001017fac        0x0 C:/Users/Tom/Documents/Projects/Scopy_MVP_Platform/scopy-fpga/main/export/main/sw/main/standalone_domain/bsplib/lib\libxil.a(translation_table.o)
 .text          0x0000000001017fac       0x3c C:/Users/Tom/Documents/Projects/Scopy_MVP_Platform/scopy-fpga/main/export/main/sw/main/standalone_domain/bsplib/lib\libxil.a(cpu_init.o)
                0x0000000001017fac                __cpu_init
 .text          0x0000000001017fe8       0x4c C:/Users/Tom/Documents/Projects/Scopy_MVP_Platform/scopy-fpga/main/export/main/sw/main/standalone_domain/bsplib/lib\libxil.a(xtime_l.o)
                0x0000000001017fe8                XTime_SetTime
                0x000000000101800c                XTime_GetTime
 *fill*         0x0000000001018034        0x4 
 .text          0x0000000001018038      0x278 g:/xilinx/vitis/2019.2/gnu/aarch32/nt/gcc-arm-none-eabi/bin/../lib/gcc/arm-none-eabi/8.2.0/thumb/v7-a+fp/hard\libgcc.a(_udivsi3.o)
                0x0000000001018038                __aeabi_uidiv
                0x0000000001018038                __udivsi3
                0x0000000001018294                __aeabi_uidivmod
 .text          0x00000000010182b0      0x2b0 g:/xilinx/vitis/2019.2/gnu/aarch32/nt/gcc-arm-none-eabi/bin/../lib/gcc/arm-none-eabi/8.2.0/thumb/v7-a+fp/hard\libgcc.a(_divsi3.o)
                0x00000000010182b0                __divsi3
                0x00000000010182b0                __aeabi_idiv
                0x0000000001018544                __aeabi_idivmod
 .text          0x0000000001018560        0x4 g:/xilinx/vitis/2019.2/gnu/aarch32/nt/gcc-arm-none-eabi/bin/../lib/gcc/arm-none-eabi/8.2.0/thumb/v7-a+fp/hard\libgcc.a(_dvmd_tls.o)
                0x0000000001018560                __aeabi_idiv0
                0x0000000001018560                __aeabi_ldiv0
 .text          0x0000000001018564      0x378 g:/xilinx/vitis/2019.2/gnu/aarch32/nt/gcc-arm-none-eabi/bin/../lib/gcc/arm-none-eabi/8.2.0/thumb/v7-a+fp/hard\libgcc.a(_arm_addsubdf3.o)
                0x0000000001018564                __aeabi_drsub
                0x000000000101856c                __aeabi_dsub
                0x000000000101856c                __subdf3
                0x0000000001018570                __aeabi_dadd
                0x0000000001018570                __adddf3
                0x00000000010187e8                __floatunsidf
                0x00000000010187e8                __aeabi_ui2d
                0x0000000001018808                __floatsidf
                0x0000000001018808                __aeabi_i2d
                0x000000000101882c                __aeabi_f2d
                0x000000000101882c                __extendsfdf2
                0x0000000001018870                __floatundidf
                0x0000000001018870                __aeabi_ul2d
                0x0000000001018880                __floatdidf
                0x0000000001018880                __aeabi_l2d
 .text          0x00000000010188dc      0x21c g:/xilinx/vitis/2019.2/gnu/aarch32/nt/gcc-arm-none-eabi/bin/../lib/gcc/arm-none-eabi/8.2.0/thumb/v7-a+fp/hard\libgcc.a(_arm_addsubsf3.o)
                0x00000000010188dc                __aeabi_frsub
                0x00000000010188e4                __subsf3
                0x00000000010188e4                __aeabi_fsub
                0x00000000010188e8                __aeabi_fadd
                0x00000000010188e8                __addsf3
                0x0000000001018a48                __aeabi_ui2f
                0x0000000001018a48                __floatunsisf
                0x0000000001018a50                __aeabi_i2f
                0x0000000001018a50                __floatsisf
                0x0000000001018a6c                __aeabi_ul2f
                0x0000000001018a6c                __floatundisf
                0x0000000001018a7c                __aeabi_l2f
                0x0000000001018a7c                __floatdisf
 .text          0x0000000001018af8       0x30 g:/xilinx/vitis/2019.2/gnu/aarch32/nt/gcc-arm-none-eabi/bin/../lib/gcc/arm-none-eabi/8.2.0/thumb/v7-a+fp/hard\libgcc.a(_aeabi_uldivmod.o)
                0x0000000001018af8                __aeabi_uldivmod
 .text          0x0000000001018b28       0x28 g:/xilinx/vitis/2019.2/gnu/aarch32/nt/gcc-arm-none-eabi/bin/../lib/gcc/arm-none-eabi/8.2.0/thumb/v7-a+fp/hard\libgcc.a(_popcountsi2.o)
                0x0000000001018b28                __popcountsi2
 .text          0x0000000001018b50       0x40 g:/xilinx/vitis/2019.2/gnu/aarch32/nt/gcc-arm-none-eabi/bin/../lib/gcc/arm-none-eabi/8.2.0/thumb/v7-a+fp/hard\libgcc.a(_fixunssfdi.o)
                0x0000000001018b50                __fixunssfdi
                0x0000000001018b50                __aeabi_f2ulz
 .text          0x0000000001018b90       0x40 g:/xilinx/vitis/2019.2/gnu/aarch32/nt/gcc-arm-none-eabi/bin/../lib/gcc/arm-none-eabi/8.2.0/thumb/v7-a+fp/hard\libgcc.a(_fixunsdfdi.o)
                0x0000000001018b90                __fixunsdfdi
                0x0000000001018b90                __aeabi_d2ulz
 .text          0x0000000001018bd0      0x118 g:/xilinx/vitis/2019.2/gnu/aarch32/nt/gcc-arm-none-eabi/bin/../lib/gcc/arm-none-eabi/8.2.0/thumb/v7-a+fp/hard\libgcc.a(_udivmoddi4.o)
                0x0000000001018bd0                __udivmoddi4
 .text          0x0000000001018ce8       0x14 g:/xilinx/vitis/2019.2/gnu/aarch32/nt/gcc-arm-none-eabi/bin/../arm-none-eabi/libc/usr/lib/thumb/v7-a+fp/hard\libc.a(lib_a-calloc.o)
                0x0000000001018ce8                calloc
 .text          0x0000000001018cfc       0x64 g:/xilinx/vitis/2019.2/gnu/aarch32/nt/gcc-arm-none-eabi/bin/../arm-none-eabi/libc/usr/lib/thumb/v7-a+fp/hard\libc.a(lib_a-callocr.o)
                0x0000000001018cfc                _calloc_r
 .text          0x0000000001018d60       0x20 g:/xilinx/vitis/2019.2/gnu/aarch32/nt/gcc-arm-none-eabi/bin/../arm-none-eabi/libc/usr/lib/thumb/v7-a+fp/hard\libc.a(lib_a-exit.o)
                0x0000000001018d60                exit
 .text          0x0000000001018d80       0x30 g:/xilinx/vitis/2019.2/gnu/aarch32/nt/gcc-arm-none-eabi/bin/../arm-none-eabi/libc/usr/lib/thumb/v7-a+fp/hard\libc.a(lib_a-fini.o)
                0x0000000001018d80                __libc_fini_array
 .text          0x0000000001018db0        0x0 g:/xilinx/vitis/2019.2/gnu/aarch32/nt/gcc-arm-none-eabi/bin/../arm-none-eabi/libc/usr/lib/thumb/v7-a+fp/hard\libc.a(lib_a-impure.o)
 .text          0x0000000001018db0       0x50 g:/xilinx/vitis/2019.2/gnu/aarch32/nt/gcc-arm-none-eabi/bin/../arm-none-eabi/libc/usr/lib/thumb/v7-a+fp/hard\libc.a(lib_a-init.o)
                0x0000000001018db0                __libc_init_array
 .text          0x0000000001018e00      0x9e0 g:/xilinx/vitis/2019.2/gnu/aarch32/nt/gcc-arm-none-eabi/bin/../arm-none-eabi/libc/usr/lib/thumb/v7-a+fp/hard\libc.a(lib_a-locale.o)
                0x0000000001018e6c                __loadlocale
                0x00000000010194ec                __get_locale_env
                0x0000000001019540                _setlocale_r
                0x0000000001019784                __locale_mb_cur_max
                0x00000000010197a4                __locale_ctype_ptr_l
                0x00000000010197ac                __locale_ctype_ptr
                0x00000000010197cc                setlocale
 .text          0x00000000010197e0       0x14 g:/xilinx/vitis/2019.2/gnu/aarch32/nt/gcc-arm-none-eabi/bin/../arm-none-eabi/libc/usr/lib/thumb/v7-a+fp/hard\libc.a(lib_a-malign.o)
                0x00000000010197e0                memalign
 .text          0x00000000010197f4       0xf4 g:/xilinx/vitis/2019.2/gnu/aarch32/nt/gcc-arm-none-eabi/bin/../arm-none-eabi/libc/usr/lib/thumb/v7-a+fp/hard\libc.a(lib_a-malignr.o)
                0x00000000010197f4                _memalign_r
 .text          0x00000000010198e8       0x20 g:/xilinx/vitis/2019.2/gnu/aarch32/nt/gcc-arm-none-eabi/bin/../arm-none-eabi/libc/usr/lib/thumb/v7-a+fp/hard\libc.a(lib_a-malloc.o)
                0x00000000010198e8                malloc
                0x00000000010198f8                free
 .text          0x0000000001019908      0x564 g:/xilinx/vitis/2019.2/gnu/aarch32/nt/gcc-arm-none-eabi/bin/../arm-none-eabi/libc/usr/lib/thumb/v7-a+fp/hard\libc.a(lib_a-mallocr.o)
                0x0000000001019908                _malloc_r
 .text          0x0000000001019e6c      0x4b8 g:/xilinx/vitis/2019.2/gnu/aarch32/nt/gcc-arm-none-eabi/bin/../arm-none-eabi/libc/usr/lib/thumb/v7-a+fp/hard\libc.a(lib_a-mbtowc_r.o)
                0x0000000001019e6c                _mbtowc_r
                0x0000000001019e94                __ascii_mbtowc
                0x0000000001019eb8                __utf8_mbtowc
                0x000000000101a0c0                __sjis_mbtowc
                0x000000000101a144                __eucjp_mbtowc
                0x000000000101a1fc                __jis_mbtowc
 *fill*         0x000000000101a324       0x1c 
 .text          0x000000000101a340      0x5e0 g:/xilinx/vitis/2019.2/gnu/aarch32/nt/gcc-arm-none-eabi/bin/../arm-none-eabi/libc/usr/lib/thumb/v7-a+fp/hard\libc.a(lib_a-memcpy.o)
                0x000000000101a340                memcpy
 .text          0x000000000101a920       0xd0 g:/xilinx/vitis/2019.2/gnu/aarch32/nt/gcc-arm-none-eabi/bin/../arm-none-eabi/libc/usr/lib/thumb/v7-a+fp/hard\libc.a(lib_a-memmove.o)
                0x000000000101a920                memmove
 .text          0x000000000101a9f0       0xa0 g:/xilinx/vitis/2019.2/gnu/aarch32/nt/gcc-arm-none-eabi/bin/../arm-none-eabi/libc/usr/lib/thumb/v7-a+fp/hard\libc.a(lib_a-memset.o)
                0x000000000101a9f0                memset
 .text          0x000000000101aa90        0x8 g:/xilinx/vitis/2019.2/gnu/aarch32/nt/gcc-arm-none-eabi/bin/../arm-none-eabi/libc/usr/lib/thumb/v7-a+fp/hard\libc.a(lib_a-mlock.o)
                0x000000000101aa90                __malloc_lock
                0x000000000101aa94                __malloc_unlock
 .text          0x000000000101aa98       0x4c g:/xilinx/vitis/2019.2/gnu/aarch32/nt/gcc-arm-none-eabi/bin/../arm-none-eabi/libc/usr/lib/thumb/v7-a+fp/hard\libc.a(lib_a-printf.o)
                0x000000000101aa98                _printf_r
                0x000000000101aab8                printf
 .text          0x000000000101aae4       0x78 g:/xilinx/vitis/2019.2/gnu/aarch32/nt/gcc-arm-none-eabi/bin/../arm-none-eabi/libc/usr/lib/thumb/v7-a+fp/hard\libc.a(lib_a-puts.o)
                0x000000000101aae4                _puts_r
                0x000000000101ab4c                puts
 .text          0x000000000101ab5c      0x5b4 g:/xilinx/vitis/2019.2/gnu/aarch32/nt/gcc-arm-none-eabi/bin/../arm-none-eabi/libc/usr/lib/thumb/v7-a+fp/hard\libc.a(lib_a-qsort.o)
                0x000000000101ab5c                qsort
 .text          0x000000000101b110       0x28 g:/xilinx/vitis/2019.2/gnu/aarch32/nt/gcc-arm-none-eabi/bin/../arm-none-eabi/libc/usr/lib/thumb/v7-a+fp/hard\libc.a(lib_a-sbrkr.o)
                0x000000000101b110                _sbrk_r
 .text          0x000000000101b138      0x114 g:/xilinx/vitis/2019.2/gnu/aarch32/nt/gcc-arm-none-eabi/bin/../arm-none-eabi/libc/usr/lib/thumb/v7-a+fp/hard\libc.a(lib_a-snprintf.o)
                0x000000000101b138                _snprintf_r
                0x000000000101b1bc                snprintf
 .text          0x000000000101b24c       0x44 g:/xilinx/vitis/2019.2/gnu/aarch32/nt/gcc-arm-none-eabi/bin/../arm-none-eabi/libc/usr/lib/thumb/v7-a+fp/hard\libc.a(lib_a-strcasecmp.o)
                0x000000000101b24c                strcasecmp
 .text          0x000000000101b290       0x40 g:/xilinx/vitis/2019.2/gnu/aarch32/nt/gcc-arm-none-eabi/bin/../arm-none-eabi/libc/usr/lib/thumb/v7-a+fp/hard\libc.a(lib_a-strcat.o)
                0x000000000101b290                strcat
 .text          0x000000000101b2d0       0xe4 g:/xilinx/vitis/2019.2/gnu/aarch32/nt/gcc-arm-none-eabi/bin/../arm-none-eabi/libc/usr/lib/thumb/v7-a+fp/hard\libc.a(lib_a-strchr.o)
                0x000000000101b2d0                strchr
 *fill*         0x000000000101b3b4        0xc 
 .text          0x000000000101b3c0      0x2dc g:/xilinx/vitis/2019.2/gnu/aarch32/nt/gcc-arm-none-eabi/bin/../arm-none-eabi/libc/usr/lib/thumb/v7-a+fp/hard\libc.a(lib_a-strcmp.o)
                0x000000000101b3c8                strcmp
 .text          0x000000000101b69c       0xc4 g:/xilinx/vitis/2019.2/gnu/aarch32/nt/gcc-arm-none-eabi/bin/../arm-none-eabi/libc/usr/lib/thumb/v7-a+fp/hard\libc.a(lib_a-strcpy.o)
                0x000000000101b69c                strcpy
 .text          0x000000000101b760       0x58 g:/xilinx/vitis/2019.2/gnu/aarch32/nt/gcc-arm-none-eabi/bin/../arm-none-eabi/libc/usr/lib/thumb/v7-a+fp/hard\libc.a(lib_a-strlcpy.o)
                0x000000000101b760                strlcpy
 *fill*         0x000000000101b7b8        0x8 
 .text          0x000000000101b7c0       0xdc g:/xilinx/vitis/2019.2/gnu/aarch32/nt/gcc-arm-none-eabi/bin/../arm-none-eabi/libc/usr/lib/thumb/v7-a+fp/hard\libc.a(lib_a-strlen.o)
                0x000000000101b7c0                strlen
 .text          0x000000000101b89c       0x5c g:/xilinx/vitis/2019.2/gnu/aarch32/nt/gcc-arm-none-eabi/bin/../arm-none-eabi/libc/usr/lib/thumb/v7-a+fp/hard\libc.a(lib_a-strncasecmp.o)
                0x000000000101b89c                strncasecmp
 .text          0x000000000101b8f8       0xa4 g:/xilinx/vitis/2019.2/gnu/aarch32/nt/gcc-arm-none-eabi/bin/../arm-none-eabi/libc/usr/lib/thumb/v7-a+fp/hard\libc.a(lib_a-strncmp.o)
                0x000000000101b8f8                strncmp
 .text          0x000000000101b99c       0x80 g:/xilinx/vitis/2019.2/gnu/aarch32/nt/gcc-arm-none-eabi/bin/../arm-none-eabi/libc/usr/lib/thumb/v7-a+fp/hard\libc.a(lib_a-strncpy.o)
                0x000000000101b99c                strncpy
 .text          0x000000000101ba1c      0x198 g:/xilinx/vitis/2019.2/gnu/aarch32/nt/gcc-arm-none-eabi/bin/../arm-none-eabi/libc/usr/lib/thumb/v7-a+fp/hard\libc.a(lib_a-strtol.o)
                0x000000000101bb3c                _strtol_r
                0x000000000101bb64                strtol_l
                0x000000000101bb84                strtol
 *fill*         0x000000000101bbb4        0x4 
 .text          0x000000000101bbb8     0x1b4c g:/xilinx/vitis/2019.2/gnu/aarch32/nt/gcc-arm-none-eabi/bin/../arm-none-eabi/libc/usr/lib/thumb/v7-a+fp/hard\libc.a(lib_a-svfprintf.o)
                0x000000000101bbb8                _svfprintf_r
 *fill*         0x000000000101d704        0x4 
 .text          0x000000000101d708     0x1c28 g:/xilinx/vitis/2019.2/gnu/aarch32/nt/gcc-arm-none-eabi/bin/../arm-none-eabi/libc/usr/lib/thumb/v7-a+fp/hard\libc.a(lib_a-vfprintf.o)
                0x000000000101d708                _vfprintf_r
                0x000000000101f2a8                vfprintf
 .text          0x000000000101f330       0x8c g:/xilinx/vitis/2019.2/gnu/aarch32/nt/gcc-arm-none-eabi/bin/../arm-none-eabi/libc/usr/lib/thumb/v7-a+fp/hard\libc.a(lib_a-vsnprintf.o)
                0x000000000101f330                _vsnprintf_r
                0x000000000101f39c                vsnprintf
 .text          0x000000000101f3bc       0xac g:/xilinx/vitis/2019.2/gnu/aarch32/nt/gcc-arm-none-eabi/bin/../arm-none-eabi/libc/usr/lib/thumb/v7-a+fp/hard\libc.a(lib_a-wcrtomb.o)
                0x000000000101f3bc                _wcrtomb_r
                0x000000000101f410                wcrtomb
 .text          0x000000000101f468       0x3c g:/xilinx/vitis/2019.2/gnu/aarch32/nt/gcc-arm-none-eabi/bin/../arm-none-eabi/libc/usr/lib/thumb/v7-a+fp/hard\libc.a(lib_a-wcsrtombs.o)
                0x000000000101f468                _wcsrtombs_r
                0x000000000101f480                wcsrtombs
 .text          0x000000000101f4a4      0x22c g:/xilinx/vitis/2019.2/gnu/aarch32/nt/gcc-arm-none-eabi/bin/../arm-none-eabi/libc/usr/lib/thumb/v7-a+fp/hard\libc.a(lib_a-wctomb_r.o)
                0x000000000101f4a4                _wctomb_r
                0x000000000101f4cc                __ascii_wctomb
                0x000000000101f4e4                __utf8_wctomb
                0x000000000101f588                __sjis_wctomb
                0x000000000101f5dc                __eucjp_wctomb
                0x000000000101f64c                __jis_wctomb
 .text          0x000000000101f6d0       0xc8 g:/xilinx/vitis/2019.2/gnu/aarch32/nt/gcc-arm-none-eabi/bin/../arm-none-eabi/libc/usr/lib/thumb/v7-a+fp/hard\libc.a(lib_a-wsetup.o)
                0x000000000101f6d0                __swsetup_r
 .text          0x000000000101f798       0xdc g:/xilinx/vitis/2019.2/gnu/aarch32/nt/gcc-arm-none-eabi/bin/../arm-none-eabi/libc/usr/lib/thumb/v7-a+fp/hard\libc.a(lib_a-__call_atexit.o)
                0x000000000101f798                __call_exitprocs
 .text          0x000000000101f874       0x10 g:/xilinx/vitis/2019.2/gnu/aarch32/nt/gcc-arm-none-eabi/bin/../arm-none-eabi/libc/usr/lib/thumb/v7-a+fp/hard\libc.a(lib_a-ctype_.o)
                0x000000000101f874                __set_ctype
 *fill*         0x000000000101f884        0x4 
 .text          0x000000000101f888      0xe54 g:/xilinx/vitis/2019.2/gnu/aarch32/nt/gcc-arm-none-eabi/bin/../arm-none-eabi/libc/usr/lib/thumb/v7-a+fp/hard\libc.a(lib_a-dtoa.o)
                0x000000000101f9d0                _dtoa_r
 .text          0x00000000010206dc      0x1a8 g:/xilinx/vitis/2019.2/gnu/aarch32/nt/gcc-arm-none-eabi/bin/../arm-none-eabi/libc/usr/lib/thumb/v7-a+fp/hard\libc.a(lib_a-fflush.o)
                0x00000000010206dc                __sflush_r
                0x0000000001020828                _fflush_r
                0x000000000102085c                fflush
 .text          0x0000000001020884      0x210 g:/xilinx/vitis/2019.2/gnu/aarch32/nt/gcc-arm-none-eabi/bin/../arm-none-eabi/libc/usr/lib/thumb/v7-a+fp/hard\libc.a(lib_a-findfp.o)
                0x0000000001020888                _cleanup_r
                0x000000000102097c                __sfmoreglue
                0x00000000010209ac                __sfp
                0x0000000001020a34                _cleanup
                0x0000000001020a4c                __sinit
                0x0000000001020a54                __sfp_lock_acquire
                0x0000000001020a58                __sfp_lock_release
                0x0000000001020a5c                __sinit_lock_acquire
                0x0000000001020a60                __sinit_lock_release
                0x0000000001020a64                __fp_lock_all
                0x0000000001020a7c                __fp_unlock_all
 .text          0x0000000001020a94      0x29c g:/xilinx/vitis/2019.2/gnu/aarch32/nt/gcc-arm-none-eabi/bin/../arm-none-eabi/libc/usr/lib/thumb/v7-a+fp/hard\libc.a(lib_a-freer.o)
                0x0000000001020a94                _malloc_trim_r
                0x0000000001020b40                _free_r
 .text          0x0000000001020d30      0x32c g:/xilinx/vitis/2019.2/gnu/aarch32/nt/gcc-arm-none-eabi/bin/../arm-none-eabi/libc/usr/lib/thumb/v7-a+fp/hard\libc.a(lib_a-fvwrite.o)
                0x0000000001020d30                __sfvwrite_r
 .text          0x000000000102105c       0x98 g:/xilinx/vitis/2019.2/gnu/aarch32/nt/gcc-arm-none-eabi/bin/../arm-none-eabi/libc/usr/lib/thumb/v7-a+fp/hard\libc.a(lib_a-fwalk.o)
                0x000000000102105c                _fwalk
                0x00000000010210a4                _fwalk_reent
 .text          0x00000000010210f4       0x98 g:/xilinx/vitis/2019.2/gnu/aarch32/nt/gcc-arm-none-eabi/bin/../arm-none-eabi/libc/usr/lib/thumb/v7-a+fp/hard\libc.a(lib_a-getenv_r.o)
                0x00000000010210f4                _findenv_r
                0x000000000102117c                _getenv_r
 .text          0x000000000102118c       0x44 g:/xilinx/vitis/2019.2/gnu/aarch32/nt/gcc-arm-none-eabi/bin/../arm-none-eabi/libc/usr/lib/thumb/v7-a+fp/hard\libc.a(lib_a-localeconv.o)
                0x000000000102118c                __localeconv_l
                0x0000000001021190                _localeconv_r
                0x00000000010211b0                localeconv
 .text          0x00000000010211d0       0xf8 g:/xilinx/vitis/2019.2/gnu/aarch32/nt/gcc-arm-none-eabi/bin/../arm-none-eabi/libc/usr/lib/thumb/v7-a+fp/hard\libc.a(lib_a-makebuf.o)
                0x00000000010211d0                __swhatbuf_r
                0x000000000102122c                __smakebuf_r
 *fill*         0x00000000010212c8        0x8 
 .text          0x00000000010212d0       0xa0 g:/xilinx/vitis/2019.2/gnu/aarch32/nt/gcc-arm-none-eabi/bin/../arm-none-eabi/libc/usr/lib/thumb/v7-a+fp/hard\libc.a(lib_a-memchr.o)
                0x00000000010212d0                memchr
 .text          0x0000000001021370      0x8fc g:/xilinx/vitis/2019.2/gnu/aarch32/nt/gcc-arm-none-eabi/bin/../arm-none-eabi/libc/usr/lib/thumb/v7-a+fp/hard\libc.a(lib_a-mprec.o)
                0x0000000001021370                _Balloc
                0x00000000010213bc                _Bfree
                0x00000000010213d0                __multadd
                0x0000000001021460                __s2b
                0x00000000010214f8                __hi0bits
                0x0000000001021538                __lo0bits
                0x0000000001021594                __i2b
                0x00000000010215a8                __multiply
                0x00000000010216e8                __pow5mult
                0x000000000102178c                __lshift
                0x0000000001021848                __mcmp
                0x0000000001021884                __mdiff
                0x000000000102198c                __ulp
                0x00000000010219dc                __b2d
                0x0000000001021a8c                __d2b
                0x0000000001021b40                __ratio
                0x0000000001021ba0                _mprec_log10
                0x0000000001021bc8                __copybits
                0x0000000001021c10                __any_on
 .text          0x0000000001021c6c      0x374 g:/xilinx/vitis/2019.2/gnu/aarch32/nt/gcc-arm-none-eabi/bin/../arm-none-eabi/libc/usr/lib/thumb/v7-a+fp/hard\libc.a(lib_a-reallocr.o)
                0x0000000001021c6c                _realloc_r
 .text          0x0000000001021fe0       0xa4 g:/xilinx/vitis/2019.2/gnu/aarch32/nt/gcc-arm-none-eabi/bin/../arm-none-eabi/libc/usr/lib/thumb/v7-a+fp/hard\libc.a(lib_a-reent.o)
                0x0000000001021fe0                cleanup_glue
                0x0000000001021ffc                _reclaim_reent
 *fill*         0x0000000001022084        0x4 
 .text          0x0000000001022088       0x80 g:/xilinx/vitis/2019.2/gnu/aarch32/nt/gcc-arm-none-eabi/bin/../arm-none-eabi/libc/usr/lib/thumb/v7-a+fp/hard\libc.a(lib_a-s_frexp.o)
                0x0000000001022088                frexp
 .text          0x0000000001022108       0x90 g:/xilinx/vitis/2019.2/gnu/aarch32/nt/gcc-arm-none-eabi/bin/../arm-none-eabi/libc/usr/lib/thumb/v7-a+fp/hard\libc.a(lib_a-stdio.o)
                0x0000000001022108                __sread
                0x000000000102212c                __seofread
                0x0000000001022130                __swrite
                0x0000000001022170                __sseek
                0x0000000001022190                __sclose
 .text          0x0000000001022198      0xe90 g:/xilinx/vitis/2019.2/gnu/aarch32/nt/gcc-arm-none-eabi/bin/../arm-none-eabi/libc/usr/lib/thumb/v7-a+fp/hard\libc.a(lib_a-svfiprintf.o)
                0x0000000001022198                __ssprint_r
                0x0000000001022290                _svfiprintf_r
 .text          0x0000000001023028     0x108c g:/xilinx/vitis/2019.2/gnu/aarch32/nt/gcc-arm-none-eabi/bin/../arm-none-eabi/libc/usr/lib/thumb/v7-a+fp/hard\libc.a(lib_a-vfiprintf.o)
                0x000000000102309c                __sprint_r
                0x00000000010230b0                _vfiprintf_r
                0x000000000102402c                vfiprintf
 .text          0x00000000010240b4      0x15c g:/xilinx/vitis/2019.2/gnu/aarch32/nt/gcc-arm-none-eabi/bin/../arm-none-eabi/libc/usr/lib/thumb/v7-a+fp/hard\libc.a(lib_a-wcsnrtombs.o)
                0x00000000010240b4                _wcsnrtombs_l
                0x00000000010241a8                _wcsnrtombs_r
                0x00000000010241d8                wcsnrtombs
 .text          0x0000000001024210       0x2c g:/xilinx/vitis/2019.2/gnu/aarch32/nt/gcc-arm-none-eabi/bin/../arm-none-eabi/libc/usr/lib/thumb/v7-a+fp/hard\libc.a(lib_a-writer.o)
                0x0000000001024210                _write_r
 .text          0x000000000102423c       0x28 g:/xilinx/vitis/2019.2/gnu/aarch32/nt/gcc-arm-none-eabi/bin/../arm-none-eabi/libc/usr/lib/thumb/v7-a+fp/hard\libc.a(lib_a-closer.o)
                0x000000000102423c                _close_r
 .text          0x0000000001024264        0x0 g:/xilinx/vitis/2019.2/gnu/aarch32/nt/gcc-arm-none-eabi/bin/../arm-none-eabi/libc/usr/lib/thumb/v7-a+fp/hard\libc.a(lib_a-environ.o)
 .text          0x0000000001024264        0x8 g:/xilinx/vitis/2019.2/gnu/aarch32/nt/gcc-arm-none-eabi/bin/../arm-none-eabi/libc/usr/lib/thumb/v7-a+fp/hard\libc.a(lib_a-envlock.o)
                0x0000000001024264                __env_lock
                0x0000000001024268                __env_unlock
 .text          0x000000000102426c       0x98 g:/xilinx/vitis/2019.2/gnu/aarch32/nt/gcc-arm-none-eabi/bin/../arm-none-eabi/libc/usr/lib/thumb/v7-a+fp/hard\libc.a(lib_a-fclose.o)
                0x000000000102426c                _fclose_r
                0x00000000010242f4                fclose
 .text          0x0000000001024304      0x11c g:/xilinx/vitis/2019.2/gnu/aarch32/nt/gcc-arm-none-eabi/bin/../arm-none-eabi/libc/usr/lib/thumb/v7-a+fp/hard\libc.a(lib_a-fputwc.o)
                0x0000000001024304                __fputwc
                0x00000000010243b4                _fputwc_r
                0x00000000010243dc                fputwc
 .text          0x0000000001024420       0x2c g:/xilinx/vitis/2019.2/gnu/aarch32/nt/gcc-arm-none-eabi/bin/../arm-none-eabi/libc/usr/lib/thumb/v7-a+fp/hard\libc.a(lib_a-fstatr.o)
                0x0000000001024420                _fstat_r
 .text          0x000000000102444c       0x28 g:/xilinx/vitis/2019.2/gnu/aarch32/nt/gcc-arm-none-eabi/bin/../arm-none-eabi/libc/usr/lib/thumb/v7-a+fp/hard\libc.a(lib_a-isattyr.o)
                0x000000000102444c                _isatty_r
 .text          0x0000000001024474       0x2c g:/xilinx/vitis/2019.2/gnu/aarch32/nt/gcc-arm-none-eabi/bin/../arm-none-eabi/libc/usr/lib/thumb/v7-a+fp/hard\libc.a(lib_a-lseekr.o)
                0x0000000001024474                _lseek_r
 .text          0x00000000010244a0       0x2c g:/xilinx/vitis/2019.2/gnu/aarch32/nt/gcc-arm-none-eabi/bin/../arm-none-eabi/libc/usr/lib/thumb/v7-a+fp/hard\libc.a(lib_a-readr.o)
                0x00000000010244a0                _read_r
 .text          0x00000000010244cc       0xc4 g:/xilinx/vitis/2019.2/gnu/aarch32/nt/gcc-arm-none-eabi/bin/../arm-none-eabi/libc/usr/lib/thumb/v7-a+fp/hard\libc.a(lib_a-wbuf.o)
                0x00000000010244cc                __swbuf_r
                0x000000000102457c                __swbuf
 .text          0x0000000001024590       0x40 C:/Users/Tom/Documents/Projects/Scopy_MVP_Platform/scopy-fpga/main/export/main/sw/main/standalone_domain/bsplib/lib\libxil.a(_sbrk.o)
                0x0000000001024590                _sbrk
 .text          0x00000000010245d0       0x30 C:/Users/Tom/Documents/Projects/Scopy_MVP_Platform/scopy-fpga/main/export/main/sw/main/standalone_domain/bsplib/lib\libxil.a(lseek.o)
                0x00000000010245d0                lseek
                0x00000000010245e8                _lseek
 .text          0x0000000001024600       0x70 C:/Users/Tom/Documents/Projects/Scopy_MVP_Platform/scopy-fpga/main/export/main/sw/main/standalone_domain/bsplib/lib\libxil.a(write.o)
                0x0000000001024600                write
                0x000000000102466c                _write
 .text          0x0000000001024670       0x60 C:/Users/Tom/Documents/Projects/Scopy_MVP_Platform/scopy-fpga/main/export/main/sw/main/standalone_domain/bsplib/lib\libxil.a(read.o)
                0x0000000001024670                read
                0x00000000010246cc                _read
 .text          0x00000000010246d0       0x10 C:/Users/Tom/Documents/Projects/Scopy_MVP_Platform/scopy-fpga/main/export/main/sw/main/standalone_domain/bsplib/lib\libxil.a(fstat.o)
                0x00000000010246d0                _fstat
 .text          0x00000000010246e0       0x10 C:/Users/Tom/Documents/Projects/Scopy_MVP_Platform/scopy-fpga/main/export/main/sw/main/standalone_domain/bsplib/lib\libxil.a(errno.o)
                0x00000000010246e0                __errno
 .text          0x00000000010246f0        0x4 C:/Users/Tom/Documents/Projects/Scopy_MVP_Platform/scopy-fpga/main/export/main/sw/main/standalone_domain/bsplib/lib\libxil.a(_exit.o)
                0x00000000010246f0                _exit
 .text          0x00000000010246f4       0x10 C:/Users/Tom/Documents/Projects/Scopy_MVP_Platform/scopy-fpga/main/export/main/sw/main/standalone_domain/bsplib/lib\libxil.a(isatty.o)
                0x00000000010246f4                isatty
                0x00000000010246fc                _isatty
 .text          0x0000000001024704        0xc C:/Users/Tom/Documents/Projects/Scopy_MVP_Platform/scopy-fpga/main/export/main/sw/main/standalone_domain/bsplib/lib\libxil.a(inbyte.o)
                0x0000000001024704                inbyte
 .text          0x0000000001024710        0x8 C:/Users/Tom/Documents/Projects/Scopy_MVP_Platform/scopy-fpga/main/export/main/sw/main/standalone_domain/bsplib/lib\libxil.a(close.o)
                0x0000000001024710                _close
 .text          0x0000000001024718        0x0 g:/xilinx/vitis/2019.2/gnu/aarch32/nt/gcc-arm-none-eabi/bin/../lib/gcc/arm-none-eabi/8.2.0/thumb/v7-a+fp/hard/crtend.o
 .text          0x0000000001024718        0x0 g:/xilinx/vitis/2019.2/gnu/aarch32/nt/gcc-arm-none-eabi/bin/../lib/gcc/arm-none-eabi/8.2.0/thumb/v7-a+fp/hard/crtn.o
 *(.text.*)
 .text.startup  0x0000000001024718       0x2c ./src/main.o
                0x0000000001024718                main
 *fill*         0x0000000001024744        0x4 
 .text.startup.__stub
                0x0000000001024748       0x18 linker stubs
 *(.gnu.linkonce.t.*)
 *(.plt)
 *(.gnu_warning)
 *(.gcc_execpt_table)
 *(.glue_7)
 .glue_7        0x0000000001024760        0x0 linker stubs
 *(.glue_7t)
 .glue_7t       0x0000000001024760        0x0 linker stubs
 *(.vfp11_veneer)
 .vfp11_veneer  0x0000000001024760        0x0 linker stubs
 *(.ARM.extab)
 .ARM.extab     0x0000000001024760        0x0 g:/xilinx/vitis/2019.2/gnu/aarch32/nt/gcc-arm-none-eabi/bin/../lib/gcc/arm-none-eabi/8.2.0/thumb/v7-a+fp/hard\libgcc.a(_udivmoddi4.o)
 *(.gnu.linkonce.armextab.*)

.v4_bx          0x0000000001024760        0x0
 .v4_bx         0x0000000001024760        0x0 linker stubs

.iplt           0x0000000001024760        0x0
 .iplt          0x0000000001024760        0x0 g:/xilinx/vitis/2019.2/gnu/aarch32/nt/gcc-arm-none-eabi/bin/../lib/gcc/arm-none-eabi/8.2.0/thumb/v7-a+fp/hard/crtbegin.o

.force_ocm
 *(.force_ocm)

.init           0x0000000001024760        0xc
 *(.init)
 .init          0x0000000001024760        0x4 g:/xilinx/vitis/2019.2/gnu/aarch32/nt/gcc-arm-none-eabi/bin/../lib/gcc/arm-none-eabi/8.2.0/thumb/v7-a+fp/hard/crti.o
                0x0000000001024760                _init
 .init          0x0000000001024764        0x8 g:/xilinx/vitis/2019.2/gnu/aarch32/nt/gcc-arm-none-eabi/bin/../lib/gcc/arm-none-eabi/8.2.0/thumb/v7-a+fp/hard/crtn.o

.fini           0x000000000102476c        0xc
 *(.fini)
 .fini          0x000000000102476c        0x4 g:/xilinx/vitis/2019.2/gnu/aarch32/nt/gcc-arm-none-eabi/bin/../lib/gcc/arm-none-eabi/8.2.0/thumb/v7-a+fp/hard/crti.o
                0x000000000102476c                _fini
 .fini          0x0000000001024770        0x8 g:/xilinx/vitis/2019.2/gnu/aarch32/nt/gcc-arm-none-eabi/bin/../lib/gcc/arm-none-eabi/8.2.0/thumb/v7-a+fp/hard/crtn.o

.rodata         0x0000000001024778    0x43f84
                0x0000000001024778                __rodata_start = .
 *(.rodata)
 .rodata        0x0000000001024778    0x40000 ./src/demo_norway.o
                0x0000000001024778                norway_512x512_grey
 .rodata        0x0000000001064778       0x18 ./src/fabric_config.o
                0x0000000001064778                fabcfg_dummy_tests
 .rodata        0x0000000001064790      0x294 ./src/spi_commands.o
                0x0000000001064790                spi_command_defs
 .rodata        0x0000000001064a24       0x54 C:/Users/Tom/Documents/Projects/Scopy_MVP_Platform/scopy-fpga/main/export/main/sw/main/standalone_domain/bsplib/lib\libxil.a(xttcps_options.o)
 .rodata        0x0000000001064a78       0x30 C:/Users/Tom/Documents/Projects/Scopy_MVP_Platform/scopy-fpga/main/export/main/sw/main/standalone_domain/bsplib/lib\libxil.a(xspips_options.o)
 .rodata        0x0000000001064aa8        0x4 g:/xilinx/vitis/2019.2/gnu/aarch32/nt/gcc-arm-none-eabi/bin/../arm-none-eabi/libc/usr/lib/thumb/v7-a+fp/hard\libc.a(lib_a-impure.o)
                0x0000000001064aa8                _global_impure_ptr
 .rodata        0x0000000001064aac      0x188 g:/xilinx/vitis/2019.2/gnu/aarch32/nt/gcc-arm-none-eabi/bin/../arm-none-eabi/libc/usr/lib/thumb/v7-a+fp/hard\libc.a(lib_a-locale.o)
                0x0000000001064ac8                __C_locale
 .rodata        0x0000000001064c34       0x90 g:/xilinx/vitis/2019.2/gnu/aarch32/nt/gcc-arm-none-eabi/bin/../arm-none-eabi/libc/usr/lib/thumb/v7-a+fp/hard\libc.a(lib_a-mbtowc_r.o)
 .rodata        0x0000000001064cc4       0x20 g:/xilinx/vitis/2019.2/gnu/aarch32/nt/gcc-arm-none-eabi/bin/../arm-none-eabi/libc/usr/lib/thumb/v7-a+fp/hard\libc.a(lib_a-svfprintf.o)
 .rodata        0x0000000001064ce4       0x20 g:/xilinx/vitis/2019.2/gnu/aarch32/nt/gcc-arm-none-eabi/bin/../arm-none-eabi/libc/usr/lib/thumb/v7-a+fp/hard\libc.a(lib_a-vfprintf.o)
 .rodata        0x0000000001064d04      0x101 g:/xilinx/vitis/2019.2/gnu/aarch32/nt/gcc-arm-none-eabi/bin/../arm-none-eabi/libc/usr/lib/thumb/v7-a+fp/hard\libc.a(lib_a-ctype_.o)
                0x0000000001064d04                _ctype_
 *fill*         0x0000000001064e05        0x3 
 .rodata        0x0000000001064e08      0x128 g:/xilinx/vitis/2019.2/gnu/aarch32/nt/gcc-arm-none-eabi/bin/../arm-none-eabi/libc/usr/lib/thumb/v7-a+fp/hard\libc.a(lib_a-mprec.o)
                0x0000000001064e18                __mprec_tens
                0x0000000001064ee0                __mprec_tinytens
                0x0000000001064f08                __mprec_bigtens
 .rodata        0x0000000001064f30       0x20 g:/xilinx/vitis/2019.2/gnu/aarch32/nt/gcc-arm-none-eabi/bin/../arm-none-eabi/libc/usr/lib/thumb/v7-a+fp/hard\libc.a(lib_a-svfiprintf.o)
 .rodata        0x0000000001064f50       0x20 g:/xilinx/vitis/2019.2/gnu/aarch32/nt/gcc-arm-none-eabi/bin/../arm-none-eabi/libc/usr/lib/thumb/v7-a+fp/hard\libc.a(lib_a-vfiprintf.o)
 *(.rodata.*)
 .rodata.str1.4
                0x0000000001064f70       0xf2 ./src/acq_hacks.o
 *fill*         0x0000000001065062        0x2 
 .rodata.str1.4
                0x0000000001065064     0x13cb ./src/acquire.o
                                       0x13cf (size before relaxing)
 *fill*         0x000000000106642f        0x1 
 .rodata.str1.4
                0x0000000001066430      0x376 ./src/clkwiz_interface.o
                                        0x3a6 (size before relaxing)
 *fill*         0x00000000010667a6        0x2 
 .rodata.str1.4
                0x00000000010667a8      0x23a ./src/fabric_config.o
                                        0x23e (size before relaxing)
 *fill*         0x00000000010669e2        0x2 
 .rodata.str1.4
                0x00000000010669e4      0x455 ./src/hal.o
                                        0x486 (size before relaxing)
 *fill*         0x0000000001066e39        0x3 
 .rodata.str1.4
                0x0000000001066e3c      0x25a ./src/mipi_csi.o
                                        0x286 (size before relaxing)
 *fill*         0x0000000001067096        0x2 
 .rodata.str1.4
                0x0000000001067098       0xaa ./src/mipi_csi_hacks.o
 *fill*         0x0000000001067142        0x2 
 .rodata.str1.4
                0x0000000001067144      0x263 ./src/spi.o
                                        0x28f (size before relaxing)
 *fill*         0x00000000010673a7        0x1 
 .rodata.str1.4
                0x00000000010673a8      0x2cc ./src/spi_commands.o
 .rodata.str1.4
                0x0000000001067674       0xc6 ./src/system_control.o
                                         0xf2 (size before relaxing)
 *fill*         0x000000000106773a        0x2 
 .rodata.str1.4
                0x000000000106773c      0x145 ./src/trigger.o
                                        0x149 (size before relaxing)
 *fill*         0x0000000001067881        0x3 
 .rodata.str1.4
                0x0000000001067884      0x1ef C:/Users/Tom/Documents/Projects/Scopy_MVP_Platform/scopy-fpga/main/export/main/sw/main/standalone_domain/bsplib/lib\libxil.a(xaxidma.o)
 *fill*         0x0000000001067a73        0x1 
 .rodata.str1.4
                0x0000000001067a74      0x24b C:/Users/Tom/Documents/Projects/Scopy_MVP_Platform/scopy-fpga/main/export/main/sw/main/standalone_domain/bsplib/lib\libxil.a(xaxidma_bd.o)
                                        0x24f (size before relaxing)
 *fill*         0x0000000001067cbf        0x1 
 .rodata.str1.4
                0x0000000001067cc0      0x6f4 C:/Users/Tom/Documents/Projects/Scopy_MVP_Platform/scopy-fpga/main/export/main/sw/main/standalone_domain/bsplib/lib\libxil.a(xaxidma_bdring.o)
                                        0x6f7 (size before relaxing)
 .rodata.str1.4
                0x00000000010683b4        0xb C:/Users/Tom/Documents/Projects/Scopy_MVP_Platform/scopy-fpga/main/export/main/sw/main/standalone_domain/bsplib/lib\libxil.a(xclk_wiz.o)
 *fill*         0x00000000010683bf        0x1 
 .rodata.str1.4
                0x00000000010683c0        0xa C:/Users/Tom/Documents/Projects/Scopy_MVP_Platform/scopy-fpga/main/export/main/sw/main/standalone_domain/bsplib/lib\libxil.a(xgpiops.o)
 *fill*         0x00000000010683ca        0x2 
 .rodata.str1.4
                0x00000000010683cc        0xf C:/Users/Tom/Documents/Projects/Scopy_MVP_Platform/scopy-fpga/main/export/main/sw/main/standalone_domain/bsplib/lib\libxil.a(xgpiops_intr.o)
 *fill*         0x00000000010683db        0x1 
 .rodata.str1.4
                0x00000000010683dc        0xf C:/Users/Tom/Documents/Projects/Scopy_MVP_Platform/scopy-fpga/main/export/main/sw/main/standalone_domain/bsplib/lib\libxil.a(xscugic_intr.o)
 *fill*         0x00000000010683eb        0x1 
 .rodata.str1.4
                0x00000000010683ec        0xa C:/Users/Tom/Documents/Projects/Scopy_MVP_Platform/scopy-fpga/main/export/main/sw/main/standalone_domain/bsplib/lib\libxil.a(xscugic.o)
 *fill*         0x00000000010683f6        0x2 
 .rodata.str1.4
                0x00000000010683f8       0x13 C:/Users/Tom/Documents/Projects/Scopy_MVP_Platform/scopy-fpga/main/export/main/sw/main/standalone_domain/bsplib/lib\libxil.a(xscugic_selftest.o)
 *fill*         0x000000000106840b        0x1 
 .rodata.str1.4
                0x000000000106840c        0xc C:/Users/Tom/Documents/Projects/Scopy_MVP_Platform/scopy-fpga/main/export/main/sw/main/standalone_domain/bsplib/lib\libxil.a(xscutimer.o)
 .rodata.str1.4
                0x0000000001068418       0x15 C:/Users/Tom/Documents/Projects/Scopy_MVP_Platform/scopy-fpga/main/export/main/sw/main/standalone_domain/bsplib/lib\libxil.a(xscutimer_selftest.o)
 *fill*         0x000000000106842d        0x3 
 .rodata.str1.4
                0x0000000001068430        0x9 C:/Users/Tom/Documents/Projects/Scopy_MVP_Platform/scopy-fpga/main/export/main/sw/main/standalone_domain/bsplib/lib\libxil.a(xspips.o)
 *fill*         0x0000000001068439        0x3 
 .rodata.str1.4
                0x000000000106843c       0x12 C:/Users/Tom/Documents/Projects/Scopy_MVP_Platform/scopy-fpga/main/export/main/sw/main/standalone_domain/bsplib/lib\libxil.a(xspips_selftest.o)
 *fill*         0x000000000106844e        0x2 
 .rodata.str1.4
                0x0000000001068450       0x11 C:/Users/Tom/Documents/Projects/Scopy_MVP_Platform/scopy-fpga/main/export/main/sw/main/standalone_domain/bsplib/lib\libxil.a(xil_printf.o)
 *fill*         0x0000000001068461        0x3 
 .rodata.str1.4
                0x0000000001068464       0xfe C:/Users/Tom/Documents/Projects/Scopy_MVP_Platform/scopy-fpga/main/export/main/sw/main/standalone_domain/bsplib/lib\libxil.a(xil_exception.o)
 *fill*         0x0000000001068562        0x2 
 .rodata.str1.4
                0x0000000001068564        0x9 C:/Users/Tom/Documents/Projects/Scopy_MVP_Platform/scopy-fpga/main/export/main/sw/main/standalone_domain/bsplib/lib\libxil.a(xttcps.o)
 *fill*         0x000000000106856d        0x3 
 .rodata.str1.4
                0x0000000001068570       0x11 C:/Users/Tom/Documents/Projects/Scopy_MVP_Platform/scopy-fpga/main/export/main/sw/main/standalone_domain/bsplib/lib\libxil.a(xttcps_options.o)
 *fill*         0x0000000001068581        0x3 
 .rodata.str1.4
                0x0000000001068584       0x11 C:/Users/Tom/Documents/Projects/Scopy_MVP_Platform/scopy-fpga/main/export/main/sw/main/standalone_domain/bsplib/lib\libxil.a(xspips_options.o)
 *fill*         0x0000000001068595        0x3 
 .rodata.str1.4
                0x0000000001068598      0x128 g:/xilinx/vitis/2019.2/gnu/aarch32/nt/gcc-arm-none-eabi/bin/../arm-none-eabi/libc/usr/lib/thumb/v7-a+fp/hard\libc.a(lib_a-locale.o)
                                        0x130 (size before relaxing)
 .rodata.str1.4