Component: ARM Compiler 5.05 update 1 (build 106) Tool: armlink [4d0efa]

==============================================================================

Section Cross References

    main.o(i.main) refers to hal.o(i.hal_init) for hal_init
    main.o(i.main) refers to hal.o(i.main_psu_power_on) for main_psu_power_on
    main.o(i.main) refers to hal.o(i.raspi_power_on) for raspi_power_on
    main.o(i.main) refers to hal.o(i.zynq_power_on) for zynq_power_on
    main.o(i.main) refers to hmcad151x.o(i.hmcad151x_init) for hmcad151x_init
    main.o(i.main) refers to adf435x.o(i.adf435x_init) for adf435x_init
    main.o(i.main) refers to adf435x.o(i.adf435x_rf_on) for adf435x_rf_on
    main.o(i.main) refers to adf435x.o(i.adf435x_change_frequency) for adf435x_change_frequency
    main.o(i.main) refers to shell.o(i.shell_init) for shell_init
    main.o(i.main) refers to shell.o(i.shell_run) for shell_run
    hal.o(i.SysTick_Handler) refers to stm32f0xx_hal_adc.o(i.HAL_ADC_PollForConversion) for HAL_ADC_PollForConversion
    hal.o(i.SysTick_Handler) refers to stm32f0xx_hal_adc.o(i.HAL_ADC_GetValue) for HAL_ADC_GetValue
    hal.o(i.SysTick_Handler) refers to stm32f0xx_hal_adc.o(i.HAL_ADC_Start) for HAL_ADC_Start
    hal.o(i.SysTick_Handler) refers to hal.o(i.pll_power_off) for pll_power_off
    hal.o(i.SysTick_Handler) refers to hal.o(i.adc_power_off) for adc_power_off
    hal.o(i.SysTick_Handler) refers to hal.o(i.raspi_rapid_power_off) for raspi_rapid_power_off
    hal.o(i.SysTick_Handler) refers to hal.o(i.zynq_rapid_power_off) for zynq_rapid_power_off
    hal.o(i.SysTick_Handler) refers to stm32f0xx_hal_gpio.o(i.HAL_GPIO_WritePin) for HAL_GPIO_WritePin
    hal.o(i.SysTick_Handler) refers to hal.o(.data) for ms_since_boot
    hal.o(i.SysTick_Handler) refers to hal.o(.bss) for g_ADCHandle
    hal.o(i.adc_power_off) refers to stm32f0xx_hal_gpio.o(i.HAL_GPIO_WritePin) for HAL_GPIO_WritePin
    hal.o(i.adc_power_off) refers to hal.o(.bss) for sys_state
    hal.o(i.adc_power_on) refers to stm32f0xx_hal_gpio.o(i.HAL_GPIO_WritePin) for HAL_GPIO_WritePin
    hal.o(i.adc_power_on) refers to hal.o(.bss) for sys_state
    hal.o(i.gpio_prot_power_end) refers to hal.o(.bss) for sys_state
    hal.o(i.gpio_prot_power_rail_disable) refers to stm32f0xx_hal_gpio.o(i.HAL_GPIO_WritePin) for HAL_GPIO_WritePin
    hal.o(i.gpio_prot_power_rail_disable) refers to hal.o(i.systick_wait) for systick_wait
    hal.o(i.gpio_prot_power_rail_enable) refers to stm32f0xx_hal_gpio.o(i.HAL_GPIO_WritePin) for HAL_GPIO_WritePin
    hal.o(i.gpio_prot_power_rail_enable) refers to hal.o(i.systick_wait) for systick_wait
    hal.o(i.gpio_prot_power_rail_enable) refers to hal.o(.bss) for sys_state
    hal.o(i.gpio_prot_power_start) refers to hal.o(.bss) for sys_state
    hal.o(i.gpio_set_input) refers to stm32f0xx_hal_gpio.o(i.HAL_GPIO_Init) for HAL_GPIO_Init
    hal.o(i.gpio_set_output) refers to stm32f0xx_hal_gpio.o(i.HAL_GPIO_Init) for HAL_GPIO_Init
    hal.o(i.hal_init) refers to system_stm32f0xx.o(i.SystemInit) for SystemInit
    hal.o(i.hal_init) refers to system_stm32f0xx.o(i.SystemCoreClockUpdate) for SystemCoreClockUpdate
    hal.o(i.hal_init) refers to stm32f0xx_hal_rcc.o(i.HAL_RCC_OscConfig) for HAL_RCC_OscConfig
    hal.o(i.hal_init) refers to stm32f0xx_hal_rcc.o(i.HAL_RCC_ClockConfig) for HAL_RCC_ClockConfig
    hal.o(i.hal_init) refers to stm32f0xx_hal_rcc_ex.o(i.HAL_RCCEx_PeriphCLKConfig) for HAL_RCCEx_PeriphCLKConfig
    hal.o(i.hal_init) refers to hal.o(i.gpio_set_output) for gpio_set_output
    hal.o(i.hal_init) refers to stm32f0xx_hal_gpio.o(i.HAL_GPIO_WritePin) for HAL_GPIO_WritePin
    hal.o(i.hal_init) refers to stm32f0xx_hal_gpio.o(i.HAL_GPIO_Init) for HAL_GPIO_Init
    hal.o(i.hal_init) refers to stm32f0xx_hal_uart.o(i.HAL_UART_Init) for HAL_UART_Init
    hal.o(i.hal_init) refers to hal.o(i.uart_putsraw) for uart_putsraw
    hal.o(i.hal_init) refers to stm32f0xx_hal_adc.o(i.HAL_ADC_Init) for HAL_ADC_Init
    hal.o(i.hal_init) refers to stm32f0xx_hal_adc.o(i.HAL_ADC_Start) for HAL_ADC_Start
    hal.o(i.hal_init) refers to stm32f0xx_hal_adc.o(i.HAL_ADC_ConfigChannel) for HAL_ADC_ConfigChannel
    hal.o(i.hal_init) refers to aeabi_sdiv.o(.text) for __aeabi_uidivmod
    hal.o(i.hal_init) refers to hal.o(i.__NVIC_SetPriority) for __NVIC_SetPriority
    hal.o(i.hal_init) refers to hal.o(i.adc_power_off) for adc_power_off
    hal.o(i.hal_init) refers to hal.o(i.pll_power_off) for pll_power_off
    hal.o(i.hal_init) refers to hal.o(i.raspi_power_off) for raspi_power_off
    hal.o(i.hal_init) refers to hal.o(i.zynq_power_off) for zynq_power_off
    hal.o(i.hal_init) refers to hal.o(i.main_psu_power_off) for main_psu_power_off
    hal.o(i.hal_init) refers to zynq_spi.o(i.zynq_spi_init) for zynq_spi_init
    hal.o(i.hal_init) refers to hal.o(.bss) for g_UARTHandle
    hal.o(i.hal_init) refers to system_stm32f0xx.o(.data) for SystemCoreClock
    hal.o(i.main_psu_power_off) refers to hal.o(i.uart_printf) for uart_printf
[...]
    _printf_i                                0x08000165   Thumb Code     0  _printf_i.o(.ARM.Collect$$_printf_percent$$00000008)
    _printf_d                                0x0800016f   Thumb Code     0  _printf_d.o(.ARM.Collect$$_printf_percent$$00000009)
    _printf_u                                0x08000179   Thumb Code     0  _printf_u.o(.ARM.Collect$$_printf_percent$$0000000A)
    _printf_o                                0x08000183   Thumb Code     0  _printf_o.o(.ARM.Collect$$_printf_percent$$0000000B)
    _printf_x                                0x0800018d   Thumb Code     0  _printf_x.o(.ARM.Collect$$_printf_percent$$0000000C)
    _printf_lli                              0x08000197   Thumb Code     0  _printf_lli.o(.ARM.Collect$$_printf_percent$$0000000D)
    _printf_lld                              0x080001a1   Thumb Code     0  _printf_lld.o(.ARM.Collect$$_printf_percent$$0000000E)
    _printf_llu                              0x080001ab   Thumb Code     0  _printf_llu.o(.ARM.Collect$$_printf_percent$$0000000F)
    _printf_llo                              0x080001b5   Thumb Code     0  _printf_llo.o(.ARM.Collect$$_printf_percent$$00000010)
    _printf_llx                              0x080001bf   Thumb Code     0  _printf_llx.o(.ARM.Collect$$_printf_percent$$00000011)
    _printf_l                                0x080001c9   Thumb Code     0  _printf_l.o(.ARM.Collect$$_printf_percent$$00000012)
    _printf_c                                0x080001d3   Thumb Code     0  _printf_c.o(.ARM.Collect$$_printf_percent$$00000013)
    _printf_s                                0x080001dd   Thumb Code     0  _printf_s.o(.ARM.Collect$$_printf_percent$$00000014)
    _printf_lc                               0x080001e7   Thumb Code     0  _printf_lc.o(.ARM.Collect$$_printf_percent$$00000015)
    _printf_ls                               0x080001f1   Thumb Code     0  _printf_ls.o(.ARM.Collect$$_printf_percent$$00000016)
    _printf_percent_end                      0x080001fb   Thumb Code     0  _printf_percent_end.o(.ARM.Collect$$_printf_percent$$00000017)
    __rt_lib_init                            0x080001ff   Thumb Code     0  libinit.o(.ARM.Collect$$libinit$$00000000)
    __rt_lib_init_fp_1                       0x08000201   Thumb Code     0  libinit2.o(.ARM.Collect$$libinit$$00000002)
    __rt_lib_init_heap_1                     0x08000201   Thumb Code     0  libinit2.o(.ARM.Collect$$libinit$$0000000A)
    __rt_lib_init_lc_common                  0x08000201   Thumb Code     0  libinit2.o(.ARM.Collect$$libinit$$0000000F)
    __rt_lib_init_preinit_1                  0x08000201   Thumb Code     0  libinit2.o(.ARM.Collect$$libinit$$00000004)
    __rt_lib_init_rand_1                     0x08000201   Thumb Code     0  libinit2.o(.ARM.Collect$$libinit$$0000000E)
    __rt_lib_init_user_alloc_1               0x08000201   Thumb Code     0  libinit2.o(.ARM.Collect$$libinit$$0000000C)
    __rt_lib_init_lc_collate_1               0x08000207   Thumb Code     0  libinit2.o(.ARM.Collect$$libinit$$00000011)
    __rt_lib_init_lc_ctype_2                 0x08000207   Thumb Code     0  libinit2.o(.ARM.Collect$$libinit$$00000012)
    __rt_lib_init_lc_ctype_1                 0x08000213   Thumb Code     0  libinit2.o(.ARM.Collect$$libinit$$00000013)
    __rt_lib_init_lc_monetary_1              0x08000213   Thumb Code     0  libinit2.o(.ARM.Collect$$libinit$$00000015)
    __rt_lib_init_lc_numeric_2               0x08000213   Thumb Code     0  libinit2.o(.ARM.Collect$$libinit$$00000016)
    __rt_lib_init_alloca_1                   0x0800021d   Thumb Code     0  libinit2.o(.ARM.Collect$$libinit$$0000002E)
    __rt_lib_init_argv_1                     0x0800021d   Thumb Code     0  libinit2.o(.ARM.Collect$$libinit$$0000002C)
    __rt_lib_init_atexit_1                   0x0800021d   Thumb Code     0  libinit2.o(.ARM.Collect$$libinit$$0000001B)
    __rt_lib_init_clock_1                    0x0800021d   Thumb Code     0  libinit2.o(.ARM.Collect$$libinit$$00000021)
    __rt_lib_init_cpp_1                      0x0800021d   Thumb Code     0  libinit2.o(.ARM.Collect$$libinit$$00000032)
    __rt_lib_init_exceptions_1               0x0800021d   Thumb Code     0  libinit2.o(.ARM.Collect$$libinit$$00000030)
    __rt_lib_init_fp_trap_1                  0x0800021d   Thumb Code     0  libinit2.o(.ARM.Collect$$libinit$$0000001F)
    __rt_lib_init_getenv_1                   0x0800021d   Thumb Code     0  libinit2.o(.ARM.Collect$$libinit$$00000023)
    __rt_lib_init_lc_numeric_1               0x0800021d   Thumb Code     0  libinit2.o(.ARM.Collect$$libinit$$00000017)
    __rt_lib_init_lc_time_1                  0x0800021d   Thumb Code     0  libinit2.o(.ARM.Collect$$libinit$$00000019)
    __rt_lib_init_return                     0x0800021d   Thumb Code     0  libinit2.o(.ARM.Collect$$libinit$$00000033)
    __rt_lib_init_signal_1                   0x0800021d   Thumb Code     0  libinit2.o(.ARM.Collect$$libinit$$0000001D)
    __rt_lib_init_stdio_1                    0x0800021d   Thumb Code     0  libinit2.o(.ARM.Collect$$libinit$$00000025)
    __rt_lib_shutdown                        0x0800021f   Thumb Code     0  libshutdown.o(.ARM.Collect$$libshutdown$$00000000)
    __rt_lib_shutdown_fp_trap_1              0x08000221   Thumb Code     0  libshutdown2.o(.ARM.Collect$$libshutdown$$00000006)
    __rt_lib_shutdown_heap_1                 0x08000221   Thumb Code     0  libshutdown2.o(.ARM.Collect$$libshutdown$$0000000E)
    __rt_lib_shutdown_return                 0x08000221   Thumb Code     0  libshutdown2.o(.ARM.Collect$$libshutdown$$0000000F)
    __rt_lib_shutdown_signal_1               0x08000221   Thumb Code     0  libshutdown2.o(.ARM.Collect$$libshutdown$$00000009)
    __rt_lib_shutdown_stdio_1                0x08000221   Thumb Code     0  libshutdown2.o(.ARM.Collect$$libshutdown$$00000003)
    __rt_lib_shutdown_user_alloc_1           0x08000221   Thumb Code     0  libshutdown2.o(.ARM.Collect$$libshutdown$$0000000B)
    __rt_entry                               0x08000223   Thumb Code     0  __rtentry.o(.ARM.Collect$$rtentry$$00000000)
    __rt_entry_presh_1                       0x08000223   Thumb Code     0  __rtentry2.o(.ARM.Collect$$rtentry$$00000002)
    __rt_entry_sh                            0x08000223   Thumb Code     0  __rtentry4.o(.ARM.Collect$$rtentry$$00000004)
    __rt_entry_li                            0x08000229   Thumb Code     0  __rtentry2.o(.ARM.Collect$$rtentry$$0000000A)
    __rt_entry_postsh_1                      0x08000229   Thumb Code     0  __rtentry2.o(.ARM.Collect$$rtentry$$00000009)
    __rt_entry_main                          0x0800022d   Thumb Code     0  __rtentry2.o(.ARM.Collect$$rtentry$$0000000D)
    __rt_entry_postli_1                      0x0800022d   Thumb Code     0  __rtentry2.o(.ARM.Collect$$rtentry$$0000000C)
    __rt_exit                                0x08000235   Thumb Code     0  rtexit.o(.ARM.Collect$$rtexit$$00000000)
    __rt_exit_ls                             0x08000237   Thumb Code     0  rtexit2.o(.ARM.Collect$$rtexit$$00000003)
    __rt_exit_prels_1                        0x08000237   Thumb Code     0  rtexit2.o(.ARM.Collect$$rtexit$$00000002)
    __rt_exit_exit                           0x0800023b   Thumb Code     0  rtexit2.o(.ARM.Collect$$rtexit$$00000004)
    __aeabi_memcpy4                          0x08000241   Thumb Code    56  rt_memcpy.o(.emb_text)
    __aeabi_memcpy8                          0x08000241   Thumb Code     0  rt_memcpy.o(.emb_text)
    Reset_Handler                            0x08000279   Thumb Code     8  startup_stm32f071xb_1.o(.text)
    NMI_Handler                              0x08000281   Thumb Code     2  startup_stm32f071xb_1.o(.text)
    HardFault_Handler                        0x08000283   Thumb Code     2  startup_stm32f071xb_1.o(.text)
    SVC_Handler                              0x08000285   Thumb Code     2  startup_stm32f071xb_1.o(.text)
    PendSV_Handler                           0x08000287   Thumb Code     2  startup_stm32f071xb_1.o(.text)
    ADC1_COMP_IRQHandler                     0x0800028b   Thumb Code     0  startup_stm32f071xb_1.o(.text)
    CEC_IRQHandler                           0x0800028b   Thumb Code     0  startup_stm32f071xb_1.o(.text)
    DMA1_Channel1_IRQHandler                 0x0800028b   Thumb Code     0  startup_stm32f071xb_1.o(.text)
    DMA1_Channel2_3_IRQHandler               0x0800028b   Thumb Code     0  startup_stm32f071xb_1.o(.text)
    DMA1_Channel4_5_6_7_IRQHandler           0x0800028b   Thumb Code     0  startup_stm32f071xb_1.o(.text)
    EXTI0_1_IRQHandler                       0x0800028b   Thumb Code     0  startup_stm32f071xb_1.o(.text)
    EXTI2_3_IRQHandler                       0x0800028b   Thumb Code     0  startup_stm32f071xb_1.o(.text)
    EXTI4_15_IRQHandler                      0x0800028b   Thumb Code     0  startup_stm32f071xb_1.o(.text)
    FLASH_IRQHandler                         0x0800028b   Thumb Code     0  startup_stm32f071xb_1.o(.text)
    I2C1_IRQHandler                          0x0800028b   Thumb Code     0  startup_stm32f071xb_1.o(.text)
    I2C2_IRQHandler                          0x0800028b   Thumb Code     0  startup_stm32f071xb_1.o(.text)
    PVD_VDDIO2_IRQHandler                    0x0800028b   Thumb Code     0  startup_stm32f071xb_1.o(.text)
    RCC_CRS_IRQHandler                       0x0800028b   Thumb Code     0  startup_stm32f071xb_1.o(.text)
    RTC_IRQHandler                           0x0800028b   Thumb Code     0  startup_stm32f071xb_1.o(.text)
    SPI1_IRQHandler                          0x0800028b   Thumb Code     0  startup_stm32f071xb_1.o(.text)
    SPI2_IRQHandler                          0x0800028b   Thumb Code     0  startup_stm32f071xb_1.o(.text)
    TIM14_IRQHandler                         0x0800028b   Thumb Code     0  startup_stm32f071xb_1.o(.text)
    TIM15_IRQHandler                         0x0800028b   Thumb Code     0  startup_stm32f071xb_1.o(.text)
    TIM16_IRQHandler                         0x0800028b   Thumb Code     0  startup_stm32f071xb_1.o(.text)
    TIM17_IRQHandler                         0x0800028b   Thumb Code     0  startup_stm32f071xb_1.o(.text)
    TIM1_BRK_UP_TRG_COM_IRQHandler           0x0800028b   Thumb Code     0  startup_stm32f071xb_1.o(.text)
    TIM1_CC_IRQHandler                       0x0800028b   Thumb Code     0  startup_stm32f071xb_1.o(.text)
    TIM2_IRQHandler                          0x0800028b   Thumb Code     0  startup_stm32f071xb_1.o(.text)
    TIM3_IRQHandler                          0x0800028b   Thumb Code     0  startup_stm32f071xb_1.o(.text)
    TIM6_DAC_IRQHandler                      0x0800028b   Thumb Code     0  startup_stm32f071xb_1.o(.text)
    TIM7_IRQHandler                          0x0800028b   Thumb Code     0  startup_stm32f071xb_1.o(.text)
    TSC_IRQHandler                           0x0800028b   Thumb Code     0  startup_stm32f071xb_1.o(.text)
    USART1_IRQHandler                        0x0800028b   Thumb Code     0  startup_stm32f071xb_1.o(.text)
    USART2_IRQHandler                        0x0800028b   Thumb Code     0  startup_stm32f071xb_1.o(.text)
    USART3_4_IRQHandler                      0x0800028b   Thumb Code     0  startup_stm32f071xb_1.o(.text)
    WWDG_IRQHandler                          0x0800028b   Thumb Code     0  startup_stm32f071xb_1.o(.text)
    __user_initial_stackheap                 0x0800028d   Thumb Code     0  startup_stm32f071xb_1.o(.text)
    __rt_ctype_table                         0x080002b1   Thumb Code    16  rt_ctype_table.o(.text)
    tolower                                  0x080002c1   Thumb Code    26  tolower.o(.text)
    toupper                                  0x080002db   Thumb Code    30  toupper.o(.text)
    vsnprintf                                0x080002f9   Thumb Code    50  vsnprintf.o(.text)
    __2snprintf                              0x08000331   Thumb Code    54  __2snprintf.o(.text)
    _printf_int_dec                          0x0800036d   Thumb Code    90  _printf_dec.o(.text)
    __printf                                 0x080003d9   Thumb Code   386  __printf_flags_ss_wp.o(.text)
    atoi                                     0x08000561   Thumb Code    26  atoi.o(.text)
    strcasecmp                               0x0800057b   Thumb Code    38  strcasecmp.o(.text)
    strlen                                   0x080005a1   Thumb Code    62  strlen.o(.text)
    __aeabi_memcpy                           0x080005e5   Thumb Code   130  rt_memcpy.o(.text)
    __rt_memcpy                              0x080005e5   Thumb Code     0  rt_memcpy.o(.text)
    __aeabi_memmove4                         0x08000667   Thumb Code    70  rt_memmove.o(.text)
    __aeabi_memmove8                         0x08000667   Thumb Code     0  rt_memmove.o(.text)
    __aeabi_memmove                          0x080006ad   Thumb Code    80  rt_memmove.o(.text)
    __rt_memmove                             0x080006ad   Thumb Code     0  rt_memmove.o(.text)
    _memset_w                                0x080006fd   Thumb Code    26  rt_memclr.o(.text)
    _memset                                  0x08000717   Thumb Code    30  rt_memclr.o(.text)
    __aeabi_memclr                           0x08000735   Thumb Code     4  rt_memclr.o(.text)
    __rt_memclr                              0x08000735   Thumb Code     0  rt_memclr.o(.text)
    __aeabi_memclr4                          0x08000739   Thumb Code     0  rt_memclr.o(.text)
    __aeabi_memclr8                          0x08000739   Thumb Code     0  rt_memclr.o(.text)
    __rt_memclr_w                            0x08000739   Thumb Code     4  rt_memclr.o(.text)
    strncpy                                  0x0800073d   Thumb Code   104  strncpy.o(.text)
    __aeabi_uidiv                            0x080007a9   Thumb Code     0  aeabi_sdiv.o(.text)
    __aeabi_uidivmod                         0x080007a9   Thumb Code    20  aeabi_sdiv.o(.text)
    __aeabi_idiv                             0x080007bd   Thumb Code     0  aeabi_sdiv.o(.text)
    __aeabi_idivmod                          0x080007bd   Thumb Code   326  aeabi_sdiv.o(.text)
    __use_two_region_memory                  0x08000903   Thumb Code     2  heapauxi.o(.text)
    __rt_heap_escrow$2region                 0x08000905   Thumb Code     2  heapauxi.o(.text)
    __rt_heap_expand$2region                 0x08000907   Thumb Code     2  heapauxi.o(.text)
    __aeabi_d2f                              0x08000909   Thumb Code     0  d2f.o(.text)
    _d2f                                     0x08000909   Thumb Code   120  d2f.o(.text)
    __aeabi_dadd                             0x08000c7d   Thumb Code     0  daddsub.o(.text)
    _dadd                                    0x08000c7d   Thumb Code    26  daddsub.o(.text)
    __aeabi_dsub                             0x08000c97   Thumb Code     0  daddsub.o(.text)
    _dsub                                    0x08000c97   Thumb Code    22  daddsub.o(.text)
    __aeabi_drsub                            0x08000cad   Thumb Code     0  daddsub.o(.text)
    _drsb                                    0x08000cad   Thumb Code    28  daddsub.o(.text)
    __aeabi_f2d                              0x08000cdd   Thumb Code     0  f2d.o(.text)
    _f2d                                     0x08000cdd   Thumb Code    80  f2d.o(.text)
    __aeabi_fdiv                             0x08000d31   Thumb Code     0  fdiv.o(.text)
    _fdiv                                    0x08000d31   Thumb Code   334  fdiv.o(.text)
    _frdiv                                   0x08000e7f   Thumb Code     8  fdiv.o(.text)
    __aeabi_f2iz                             0x08000e91   Thumb Code     0  ffixi.o(.text)
    _ffix                                    0x08000e91   Thumb Code    76  ffixi.o(.text)
    __aeabi_i2f_normalise                    0x08000edd   Thumb Code    72  fflti.o(.text)
    __aeabi_i2f                              0x08000f25   Thumb Code    16  fflti.o(.text)
    _fflt                                    0x08000f25   Thumb Code     0  fflti.o(.text)
    __aeabi_ui2f                             0x08000f35   Thumb Code     6  fflti.o(.text)
    _ffltu                                   0x08000f35   Thumb Code     0  fflti.o(.text)
    __rt_locale                              0x08000f3d   Thumb Code     8  rt_locale_intlibspace.o(.text)
    __aeabi_errno_addr                       0x08000f45   Thumb Code     8  rt_errno_addr_intlibspace.o(.text)
    __errno$intlibspace                      0x08000f45   Thumb Code     0  rt_errno_addr_intlibspace.o(.text)
    __rt_errno_addr$intlibspace              0x08000f45   Thumb Code     0  rt_errno_addr_intlibspace.o(.text)
    __read_errno                             0x08000f4d   Thumb Code    10  _rserrno.o(.text)
    __set_errno                              0x08000f57   Thumb Code    12  _rserrno.o(.text)
    _printf_pre_padding                      0x08000f63   Thumb Code    44  _printf_pad.o(.text)
    _printf_post_padding                     0x08000f8f   Thumb Code    34  _printf_pad.o(.text)
    _printf_truncate_signed                  0x08000fb1   Thumb Code    18  _printf_truncate.o(.text)
    _printf_truncate_unsigned                0x08000fc3   Thumb Code    18  _printf_truncate.o(.text)
    _printf_str                              0x08000fd5   Thumb Code    82  _printf_str.o(.text)
    _printf_int_common                       0x08001027   Thumb Code   176  _printf_intcommon.o(.text)
    _printf_charcount                        0x080010d7   Thumb Code    38  _printf_charcount.o(.text)
    _printf_char_common                      0x08001107   Thumb Code    32  _printf_char_common.o(.text)
    _sputc                                   0x0800112d   Thumb Code    10  _sputc.o(.text)
    _snputc                                  0x08001137   Thumb Code    16  _snputc.o(.text)
    _printf_wctomb                           0x08001149   Thumb Code   182  _printf_wctomb.o(.text)
    _printf_longlong_dec                     0x08001205   Thumb Code    94  _printf_longlong_dec.o(.text)
    _printf_longlong_oct                     0x08001275   Thumb Code    68  _printf_oct_int_ll.o(.text)
    _printf_int_oct                          0x080012b9   Thumb Code    24  _printf_oct_int_ll.o(.text)
    _printf_ll_oct                           0x080012d1   Thumb Code    10  _printf_oct_int_ll.o(.text)
    _printf_longlong_hex                     0x080012e5   Thumb Code    88  _printf_hex_int_ll_ptr.o(.text)
    _printf_int_hex                          0x0800133d   Thumb Code    28  _printf_hex_int_ll_ptr.o(.text)
    _printf_ll_hex                           0x08001359   Thumb Code    10  _printf_hex_int_ll_ptr.o(.text)
    _printf_hex_ptr                          0x08001363   Thumb Code    22  _printf_hex_int_ll_ptr.o(.text)
    __strtod_int                             0x080013b9   Thumb Code    92  strtod.o(.text)
    strtol                                   0x08001425   Thumb Code   108  strtol.o(.text)
    __rt_udiv10                              0x08001495   Thumb Code    40  rtudiv10.o(.text)
    __fpl_dcmp_InfNaN                        0x080014bd   Thumb Code   140  dcmpin.o(.text)
    __fpl_fcmp_InfNaN                        0x0800154d   Thumb Code    96  fcmpin.o(.text)
    __user_libspace                          0x080015b1   Thumb Code     8  libspace.o(.text)
    __user_perproc_libspace                  0x080015b1   Thumb Code     0  libspace.o(.text)
    __user_perthread_libspace                0x080015b1   Thumb Code     0  libspace.o(.text)
    _ll_udiv10                               0x080015b9   Thumb Code   122  lludiv10.o(.text)
    isspace                                  0x08001633   Thumb Code    18  isspace.o(.text)
    __lib_sel_fp_printf                      0x08001645   Thumb Code     2  _printf_fp_dec.o(.text)
    _printf_fp_dec_real                      0x080017df   Thumb Code   620  _printf_fp_dec.o(.text)
    _printf_fp_hex_real                      0x08001a59   Thumb Code   714  _printf_fp_hex.o(.text)
    _printf_cs_common                        0x08001d2d   Thumb Code    22  _printf_char.o(.text)
    _printf_char                             0x08001d43   Thumb Code    16  _printf_char.o(.text)
    _printf_string                           0x08001d53   Thumb Code     8  _printf_char.o(.text)
    _printf_lcs_common                       0x08001d5b   Thumb Code    22  _printf_wchar.o(.text)
    _printf_wchar                            0x08001d71   Thumb Code    16  _printf_wchar.o(.text)
    _printf_wstring                          0x08001d81   Thumb Code     8  _printf_wchar.o(.text)
    _sgetc                                   0x08001d89   Thumb Code    32  _sgetc.o(.text)
    _sbackspace                              0x08001da9   Thumb Code    36  _sgetc.o(.text)
    _strtoul                                 0x08001dcd   Thumb Code   166  _strtoul.o(.text)
    _wcrtomb                                 0x08001e73   Thumb Code    64  _wcrtomb.o(.text)
    strcmp                                   0x08001eb5   Thumb Code   132  strcmp.o(.text)
    __fpl_cmpreturn                          0x08001f3d   Thumb Code    44  cmpret.o(.text)
    __fpl_dcheck_NaN2                        0x08001f6d   Thumb Code    14  dnan2.o(.text)
    __fpl_fcheck_NaN2                        0x08001f81   Thumb Code    10  fnan2.o(.text)
    __user_setup_stackheap                   0x08001f91   Thumb Code    62  sys_stackheap_outer.o(.text)
    _printf_fp_infnan                        0x08001fd1   Thumb Code   120  _printf_fp_infnan.o(.text)
    _chval                                   0x08002059   Thumb Code    30  _chval.o(.text)
    _scanf_really_real                       0x08002287   Thumb Code   706  scanf_fp.o(.text)
    _btod_etento                             0x08002549   Thumb Code   196  bigflt0.o(.text)
    _btod_d2e                                0x08002611   Thumb Code    64  btod.o(.text)
    _btod_emul                               0x08002a07   Thumb Code    24  btod.o(.text)
    _btod_emuld                              0x08002a1f   Thumb Code    60  btod.o(.text)
    _btod_ediv                               0x08002a5b   Thumb Code    22  btod.o(.text)
    _btod_edivd                              0x08002a71   Thumb Code    60  btod.o(.text)
    exit                                     0x08002ab9   Thumb Code    12  exit.o(.text)
    __fpl_return_NaN                         0x08002ac5   Thumb Code    94  retnan.o(.text)
    __aeabi_lmul                             0x08002b23   Thumb Code    48  llmul.o(.text)
    _ll_mul                                  0x08002b23   Thumb Code     0  llmul.o(.text)
    _sys_exit                                0x08002b55   Thumb Code     8  sys_exit.o(.text)
    _scanf_really_hex_real                   0x08002b61   Thumb Code   796  scanf_hexfp.o(.text)
    _scanf_really_infnan                     0x08002e89   Thumb Code   300  scanf_infnan.o(.text)
    __I$use$semihosting                      0x08002fc5   Thumb Code     0  use_no_semi.o(.text)
    __use_no_semihosting_swi                 0x08002fc5   Thumb Code     2  use_no_semi.o(.text)
    __aeabi_llsl                             0x08002fc7   Thumb Code    32  llshl.o(.text)
    __semihosting_library_function           0x08002fc7   Thumb Code     0  indicate_semi.o(.text)
    _ll_shift_l                              0x08002fc7   Thumb Code     0  llshl.o(.text)
    __ARM_scalbn                             0x08002fe9   Thumb Code    84  dscalbn.o(.text)
    __decompress                             0x08003049   Thumb Code     0  __dczerorl2.o(.text)
    __decompress1                            0x08003049   Thumb Code    86  __dczerorl2.o(.text)
    HAL_ADC_ConfigChannel                    0x08003175   Thumb Code   412  stm32f0xx_hal_adc.o(i.HAL_ADC_ConfigChannel)
    HAL_ADC_GetValue                         0x08003321   Thumb Code     8  stm32f0xx_hal_adc.o(i.HAL_ADC_GetValue)
    HAL_ADC_Init                             0x08003329   Thumb Code   440  stm32f0xx_hal_adc.o(i.HAL_ADC_Init)
    HAL_ADC_MspInit                          0x080034e9   Thumb Code     2  stm32f0xx_hal_adc.o(i.HAL_ADC_MspInit)
    HAL_ADC_PollForConversion                0x080034eb   Thumb Code   228  stm32f0xx_hal_adc.o(i.HAL_ADC_PollForConversion)
    HAL_ADC_Start                            0x080035d1   Thumb Code   114  stm32f0xx_hal_adc.o(i.HAL_ADC_Start)
    HAL_GPIO_Init                            0x08003649   Thumb Code   480  stm32f0xx_hal_gpio.o(i.HAL_GPIO_Init)
    HAL_GPIO_WritePin                        0x08003845   Thumb Code    12  stm32f0xx_hal_gpio.o(i.HAL_GPIO_WritePin)
    HAL_GetTick                              0x08003851   Thumb Code     6  stm32f0xx_hal.o(i.HAL_GetTick)
    HAL_InitTick                             0x0800385d   Thumb Code    38  stm32f0xx_hal.o(i.HAL_InitTick)
    HAL_NVIC_SetPriority                     0x08003883   Thumb Code    18  stm32f0xx_hal_cortex.o(i.HAL_NVIC_SetPriority)
    HAL_RCCEx_PeriphCLKConfig                0x08003895   Thumb Code   378  stm32f0xx_hal_rcc_ex.o(i.HAL_RCCEx_PeriphCLKConfig)
    HAL_RCC_ClockConfig                      0x08003a1d   Thumb Code   444  stm32f0xx_hal_rcc.o(i.HAL_RCC_ClockConfig)
    HAL_RCC_GetHCLKFreq                      0x08003bed   Thumb Code     6  stm32f0xx_hal_rcc.o(i.HAL_RCC_GetHCLKFreq)
    HAL_RCC_GetPCLK1Freq                     0x08003bf9   Thumb Code    26  stm32f0xx_hal_rcc.o(i.HAL_RCC_GetPCLK1Freq)
    HAL_RCC_GetSysClockFreq                  0x08003c1d   Thumb Code   194  stm32f0xx_hal_rcc.o(i.HAL_RCC_GetSysClockFreq)
    HAL_RCC_OscConfig                        0x08003d0d   Thumb Code  1532  stm32f0xx_hal_rcc.o(i.HAL_RCC_OscConfig)
    HAL_SPI_Init                             0x0800430d   Thumb Code   266  stm32f0xx_hal_spi.o(i.HAL_SPI_Init)
    HAL_SPI_MspInit                          0x08004417   Thumb Code     2  stm32f0xx_hal_spi.o(i.HAL_SPI_MspInit)
    HAL_SYSTICK_Config                       0x08004419   Thumb Code    46  stm32f0xx_hal_cortex.o(i.HAL_SYSTICK_Config)
    HAL_UART_Init                            0x08004451   Thumb Code   130  stm32f0xx_hal_uart.o(i.HAL_UART_Init)
    HAL_UART_MspInit                         0x080044d3   Thumb Code     2  stm32f0xx_hal_uart.o(i.HAL_UART_MspInit)
    SysTick_Handler                          0x080044d5   Thumb Code   254  hal.o(i.SysTick_Handler)
    SystemCoreClockUpdate                    0x080045fd   Thumb Code   164  system_stm32f0xx.o(i.SystemCoreClockUpdate)
    SystemInit                               0x080046b1   Thumb Code   102  system_stm32f0xx.o(i.SystemInit)
    UART_AdvFeatureConfig                    0x08004729   Thumb Code   240  stm32f0xx_hal_uart.o(i.UART_AdvFeatureConfig)
    UART_CheckIdleState                      0x08004819   Thumb Code   128  stm32f0xx_hal_uart.o(i.UART_CheckIdleState)
    UART_SetConfig                           0x080048a5   Thumb Code   528  stm32f0xx_hal_uart.o(i.UART_SetConfig)
    UART_WaitOnFlagUntilTimeout              0x08004ad9   Thumb Code   112  stm32f0xx_hal_uart.o(i.UART_WaitOnFlagUntilTimeout)
    __ARM_common_ll_muluu                    0x08004b49   Thumb Code    48  btod.o(i.__ARM_common_ll_muluu)
    __ARM_common_switch8                     0x08004b79   Thumb Code    28  hmcad151x.o(i.__ARM_common_switch8)
    __ARM_fpclassify                         0x08004b95   Thumb Code    40  fpclassify.o(i.__ARM_fpclassify)
    __ARM_pop                                0x08004bc1   Thumb Code    46  hmcad151x.o(i.__ARM_pop)
    __mathlib_dbl_overflow                   0x08004ced   Thumb Code    16  dunder.o(i.__mathlib_dbl_overflow)
    __mathlib_dbl_underflow                  0x08004d01   Thumb Code    14  dunder.o(i.__mathlib_dbl_underflow)
    __mathlib_narrow                         0x08004d15   Thumb Code    16  narrow.o(i.__mathlib_narrow)
    __mathlib_tofloat                        0x08004d25   Thumb Code   130  narrow.o(i.__mathlib_tofloat)
    __support_ldexp                          0x08004db1   Thumb Code    20  ldexp.o(i.__support_ldexp)
    _is_digit                                0x08004dc5   Thumb Code    14  __printf_wp.o(i._is_digit)
    _shell_arg_is_false                      0x08004dd5   Thumb Code   122  shell.o(i._shell_arg_is_false)
    _shell_arg_is_true                       0x08004e6d   Thumb Code   122  shell.o(i._shell_arg_is_true)
    _shell_dump_stack                        0x08004f05   Thumb Code    16  shell.o(i._shell_dump_stack)
    _shell_execute                           0x08004f19   Thumb Code   340  shell.o(i._shell_execute)
    _shell_print_wrapper                     0x080050e5   Thumb Code    12  shell.o(i._shell_print_wrapper)
    _shell_sigint                            0x080050f1   Thumb Code    52  shell.o(i._shell_sigint)
    adc_power_off                            0x0800512d   Thumb Code    28  hal.o(i.adc_power_off)
    adc_power_on                             0x08005151   Thumb Code    26  hal.o(i.adc_power_on)
    adf435x_change_frequency                 0x08005175   Thumb Code   380  adf435x.o(i.adf435x_change_frequency)
    adf435x_change_pll_prop                  0x08005339   Thumb Code   144  adf435x.o(i.adf435x_change_pll_prop)
    adf435x_compute_frequency                0x080053d1   Thumb Code    78  adf435x.o(i.adf435x_compute_frequency)
    adf435x_dump_state                       0x08005421   Thumb Code   130  adf435x.o(i.adf435x_dump_state)
    adf435x_init                             0x08005541   Thumb Code   112  adf435x.o(i.adf435x_init)
    adf435x_load_config                      0x080055bd   Thumb Code   696  adf435x.o(i.adf435x_load_config)
    adf435x_load_config_index                0x08005881   Thumb Code    62  adf435x.o(i.adf435x_load_config_index)
    adf435x_rf_off                           0x080058c5   Thumb Code    40  adf435x.o(i.adf435x_rf_off)
    adf435x_rf_on                            0x080058f5   Thumb Code    40  adf435x.o(i.adf435x_rf_on)
    adf435x_set_power_level                  0x08005925   Thumb Code   110  adf435x.o(i.adf435x_set_power_level)
    adf435x_shutdown                         0x08005999   Thumb Code    36  adf435x.o(i.adf435x_shutdown)
    adf435x_sync                             0x080059c5   Thumb Code    64  adf435x.o(i.adf435x_sync)
    adf435x_sync_rf_power_state              0x08005a09   Thumb Code    34  adf435x.o(i.adf435x_sync_rf_power_state)
    adf435x_write_out                        0x08005a31   Thumb Code    76  adf435x.o(i.adf435x_write_out)
    adf435x_write_reg                        0x08005a85   Thumb Code    26  adf435x.o(i.adf435x_write_reg)
    arb_delay                                0x08005a9f   Thumb Code    20  hal.o(i.arb_delay)
    atof                                     0x08005ab3   Thumb Code    42  atof.o(i.atof)
    frexp                                    0x08005bc9   Thumb Code    72  frexp.o(i.frexp)
    gpio_prot_power_end                      0x08005c21   Thumb Code     8  hal.o(i.gpio_prot_power_end)
    gpio_prot_power_rail_disable             0x08005c2d   Thumb Code    28  hal.o(i.gpio_prot_power_rail_disable)
    gpio_prot_power_rail_enable              0x08005c49   Thumb Code    76  hal.o(i.gpio_prot_power_rail_enable)
    gpio_prot_power_start                    0x08005c99   Thumb Code     8  hal.o(i.gpio_prot_power_start)
    gpio_set_input                           0x08005ca5   Thumb Code    26  hal.o(i.gpio_set_input)
    gpio_set_output                          0x08005cbf   Thumb Code    30  hal.o(i.gpio_set_output)
    hal_init                                 0x08005cdd   Thumb Code   974  hal.o(i.hal_init)
    hmcad151x_init                           0x08006499   Thumb Code   244  hmcad151x.o(i.hmcad151x_init)
    hmcad151x_sync_channel_settings          0x080065dd   Thumb Code    94  hmcad151x.o(i.hmcad151x_sync_channel_settings)
    hmcad151x_sync_lvds_settings             0x0800667d   Thumb Code   174  hmcad151x.o(i.hmcad151x_sync_lvds_settings)
    hmcad151x_test_mode                      0x08006735   Thumb Code   240  hmcad151x.o(i.hmcad151x_test_mode)
    hmcad151x_write_reg                      0x08006825   Thumb Code   492  hmcad151x.o(i.hmcad151x_write_reg)
    ldexp                                    0x08006a3d   Thumb Code   112  ldexp.o(i.ldexp)
    main                                     0x08006aad   Thumb Code    46  main.o(i.main)
    main_psu_power_off                       0x08006ae1   Thumb Code    78  hal.o(i.main_psu_power_off)
    main_psu_power_on                        0x08006b3d   Thumb Code    74  hal.o(i.main_psu_power_on)
    main_psu_power_on_if_off                 0x08006bad   Thumb Code    20  hal.o(i.main_psu_power_on_if_off)
    microrl_init                             0x08006c49   Thumb Code   104  microrl.o(i.microrl_init)
    microrl_insert_char                      0x08006cc5   Thumb Code   672  microrl.o(i.microrl_insert_char)
    pll_power_off                            0x080070f1   Thumb Code    28  hal.o(i.pll_power_off)
    pll_power_on                             0x08007115   Thumb Code    26  hal.o(i.pll_power_on)
    raspi_power_off                          0x0800714d   Thumb Code   102  hal.o(i.raspi_power_off)
    raspi_power_on                           0x080071c1   Thumb Code   136  hal.o(i.raspi_power_on)
    raspi_rapid_power_off                    0x0800726d   Thumb Code    62  hal.o(i.raspi_rapid_power_off)
    scmd_adc_lvds_adv                        0x080072b9   Thumb Code    58  shell_commands.o(i.scmd_adc_lvds_adv)
    scmd_adc_lvds_cdrv                       0x08007315   Thumb Code    52  shell_commands.o(i.scmd_adc_lvds_cdrv)
    scmd_adc_lvds_cterm                      0x08007375   Thumb Code    42  shell_commands.o(i.scmd_adc_lvds_cterm)
    scmd_adc_lvds_ddrv                       0x080073c9   Thumb Code    52  shell_commands.o(i.scmd_adc_lvds_ddrv)
    scmd_adc_lvds_def                        0x08007429   Thumb Code    34  shell_commands.o(i.scmd_adc_lvds_def)
    scmd_adc_lvds_drv                        0x08007475   Thumb Code   140  shell_commands.o(i.scmd_adc_lvds_drv)
    scmd_adc_lvds_dterm                      0x08007575   Thumb Code    42  shell_commands.o(i.scmd_adc_lvds_dterm)
    scmd_adc_lvds_fdrv                       0x080075c9   Thumb Code    52  shell_commands.o(i.scmd_adc_lvds_fdrv)
    scmd_adc_lvds_fterm                      0x08007629   Thumb Code    42  shell_commands.o(i.scmd_adc_lvds_fterm)
    scmd_adc_lvds_phas                       0x0800767d   Thumb Code    36  shell_commands.o(i.scmd_adc_lvds_phas)
    scmd_adc_lvds_term                       0x080076c9   Thumb Code   110  shell_commands.o(i.scmd_adc_lvds_term)
    scmd_adc_pwr                             0x080077ad   Thumb Code    40  shell_commands.o(i.scmd_adc_pwr)
    scmd_adc_reset                           0x080077f9   Thumb Code    16  shell_commands.o(i.scmd_adc_reset)
    scmd_adc_test                            0x08007809   Thumb Code   248  shell_commands.o(i.scmd_adc_test)
    scmd_adc_walk                            0x08007925   Thumb Code   136  shell_commands.o(i.scmd_adc_walk)
    scmd_all_off                             0x080079f9   Thumb Code    30  shell_commands.o(i.scmd_all_off)
    scmd_help                                0x08007a35   Thumb Code     8  shell_commands.o(i.scmd_help)
    scmd_pll_freq                            0x08007a3d   Thumb Code    34  shell_commands.o(i.scmd_pll_freq)
    scmd_pll_profile                         0x08007a95   Thumb Code    20  shell_commands.o(i.scmd_pll_profile)
    scmd_pll_pwr                             0x08007aa9   Thumb Code    40  shell_commands.o(i.scmd_pll_pwr)
    scmd_pll_tune                            0x08007af5   Thumb Code   332  shell_commands.o(i.scmd_pll_tune)
    scmd_raspi_pwr                           0x08007d4d   Thumb Code    40  shell_commands.o(i.scmd_raspi_pwr)
    scmd_reset                               0x08007d9d   Thumb Code    52  shell_commands.o(i.scmd_reset)
    scmd_volts                               0x08007dd9   Thumb Code    38  shell_commands.o(i.scmd_volts)
    scmd_zynq_pwr                            0x08007e41   Thumb Code    40  shell_commands.o(i.scmd_zynq_pwr)
    scmd_zynq_spi_test                       0x08007e91   Thumb Code   154  zynq_spi.o(i.scmd_zynq_spi_test)
    shell_error                              0x08007f91   Thumb Code    14  shell.o(i.shell_error)
    shell_init                               0x08007fb9   Thumb Code    38  shell.o(i.shell_init)
    shell_iter                               0x08007ff1   Thumb Code    28  shell.o(i.shell_iter)
    shell_print_help                         0x08008011   Thumb Code   164  shell.o(i.shell_print_help)
    shell_push_arg_float                     0x080081c5   Thumb Code    28  shell.o(i.shell_push_arg_float)
    shell_push_arg_int                       0x080081e1   Thumb Code    28  shell.o(i.shell_push_arg_int)
    shell_push_arg_raw                       0x080081fd   Thumb Code    44  shell.o(i.shell_push_arg_raw)
    shell_push_arg_string                    0x0800822d   Thumb Code    60  shell.o(i.shell_push_arg_string)
    shell_run                                0x08008271   Thumb Code     8  shell.o(i.shell_run)
    shell_unpop_all_args                     0x08008279   Thumb Code    20  shell.o(i.shell_unpop_all_args)
    shell_unpop_arg                          0x0800828d   Thumb Code    50  shell.o(i.shell_unpop_arg)
    shell_unpop_float                        0x080082c5   Thumb Code    28  shell.o(i.shell_unpop_float)
    shell_unpop_int                          0x080082fd   Thumb Code    28  shell.o(i.shell_unpop_int)
    shell_unpop_string                       0x08008339   Thumb Code    28  shell.o(i.shell_unpop_string)
    systick_wait                             0x080083d5   Thumb Code    18  hal.o(i.systick_wait)
    uart_char_is_available                   0x080084f9   Thumb Code    14  hal.o(i.uart_char_is_available)
    uart_flush                               0x0800850d   Thumb Code    18  hal.o(i.uart_flush)
    uart_getchar                             0x08008521   Thumb Code    42  hal.o(i.uart_getchar)
    uart_getchar_nb                          0x08008551   Thumb Code    26  hal.o(i.uart_getchar_nb)
    uart_printf                              0x08008571   Thumb Code    40  hal.o(i.uart_printf)
    uart_putsraw                             0x0800859d   Thumb Code    36  hal.o(i.uart_putsraw)
    zynq_command_transmit                    0x080085c5   Thumb Code   112  zynq_spi.o(i.zynq_command_transmit)
    zynq_command_transmit_with_response      0x0800863d   Thumb Code   216  zynq_spi.o(i.zynq_command_transmit_with_response)
    zynq_power_off                           0x08008731   Thumb Code   104  hal.o(i.zynq_power_off)
    zynq_power_on                            0x080087b9   Thumb Code   178  hal.o(i.zynq_power_on)
    zynq_rapid_power_off                     0x080088a9   Thumb Code   102  hal.o(i.zynq_rapid_power_off)
    zynq_spi_init                            0x08008965   Thumb Code   284  zynq_spi.o(i.zynq_spi_init)
    _get_lc_ctype                            0x08008aed   Thumb Code    44  lc_ctype_c.o(locale$$code)
    _get_lc_numeric                          0x08008b19   Thumb Code    44  lc_numeric_c.o(locale$$code)
    __aeabi_cdcmpeq                          0x08008b45   Thumb Code     0  deqf.o(x$fpl$deqf)
    _dcmpeq                                  0x08008b45   Thumb Code    94  deqf.o(x$fpl$deqf)
    __aeabi_cdcmple                          0x08008ba9   Thumb Code     0  dlef.o(x$fpl$dleqf)
    _dcmple                                  0x08008ba9   Thumb Code    94  dlef.o(x$fpl$dleqf)
    __aeabi_cdrcmple                         0x08008c0d   Thumb Code     0  drlef.o(x$fpl$drleqf)
    _drcmple                                 0x08008c0d   Thumb Code   100  drlef.o(x$fpl$drleqf)
    __aeabi_fadd                             0x08008c75   Thumb Code     0  faddsub.o(x$fpl$fadd)
    _fadd                                    0x08008c75   Thumb Code   134  faddsub.o(x$fpl$fadd)
    __aeabi_cfcmple                          0x08008d01   Thumb Code     0  flef.o(x$fpl$fleqf)
    _fcmple                                  0x08008d01   Thumb Code    78  flef.o(x$fpl$fleqf)
    __aeabi_fmul                             0x08008d55   Thumb Code     0  fmul.o(x$fpl$fmul)
    _fmul                                    0x08008d55   Thumb Code   172  fmul.o(x$fpl$fmul)
    __aeabi_cfrcmple                         0x08008e05   Thumb Code     0  frlef.o(x$fpl$frleqf)
    _frcmple                                 0x08008e05   Thumb Code    84  frlef.o(x$fpl$frleqf)
    __aeabi_frsub                            0x08008e5d   Thumb Code     0  faddsub.o(x$fpl$frsb)
    _frsb                                    0x08008e5d   Thumb Code    24  faddsub.o(x$fpl$frsb)
    __aeabi_fsub                             0x08008e75   Thumb Code     0  faddsub.o(x$fpl$fsub)
    _fsub                                    0x08008e75   Thumb Code   204  faddsub.o(x$fpl$fsub)
    _printf_fp_dec                           0x08008f45   Thumb Code    16  printf1.o(x$fpl$printf1)
    _printf_fp_hex                           0x08008f55   Thumb Code    16  printf2.o(x$fpl$printf2)
    _scanf_real                              0x08008f65   Thumb Code    16  scanf1.o(x$fpl$scanf1)
    _scanf_hex_real                          0x08008f75   Thumb Code    16  scanf2.o(x$fpl$scanf2)
    _scanf_infnan                            0x08008f85   Thumb Code    16  scanf2.o(x$fpl$scanf2)
    __I$use$fp                               0x08008f94   Number         0  usenofp.o(x$fpl$usenofp)
    adf_rf_dividers                          0x08008f94   Data           7  adf435x.o(.constdata)
    hmcad_lvds_current_index                 0x08008f9c   Data           8  hmcad151x.o(.constdata)
    hmcad_lvds_term_lut                      0x08008fa4   Data          16  hmcad151x.o(.constdata)
    hmcad_lvds_current_lut                   0x08008fb4   Data          32  hmcad151x.o(.constdata)
    AHBPrescTable                            0x08008ff4   Data          16  system_stm32f0xx.o(.constdata)
    APBPrescTable                            0x08009004   Data           8  system_stm32f0xx.o(.constdata)
    Region$$Table$$Base                      0x08009480   Number         0  anon$$obj.o(Region$$Table)
    Region$$Table$$Limit                     0x080094a0   Number         0  anon$$obj.o(Region$$Table)
    __aeabi_HUGE_VAL                         0x080094a0   Data           0  fpconst.o(c$$dinf)
    __aeabi_HUGE_VALL                        0x080094a0   Data           0  fpconst.o(c$$dinf)
    __aeabi_INFINITY                         0x080094a0   Data           0  fpconst.o(c$$dinf)
    __dInf                                   0x080094a0   Data           0  fpconst.o(c$$dinf)
    __huge_val                               0x080094a0   Data           0  fpconst.o(c$$dinf)
    __ctype                                  0x080094b5   Data           0  lc_ctype_c.o(locale$$data)
    prot_rail_1v05_zynq                      0x20000000   Data          12  hal.o(.data)
    prot_rail_1v5_ddr                        0x2000000c   Data          12  hal.o(.data)
    prot_rail_fpga_aux_pll_adc               0x20000018   Data          12  hal.o(.data)
    prot_rail_fpga_pl_1v8_io                 0x20000024   Data          12  hal.o(.data)
    prot_rail_fpga_ps_pl_io                  0x20000030   Data          12  hal.o(.data)
    prot_rail_vtt_ddr                        0x2000003c   Data          12  hal.o(.data)
    ms_since_boot                            0x20000048   Data           8  hal.o(.data)
    ms_counter                               0x20000050   Data           4  hal.o(.data)
    adf_configs                              0x20000054   Data         280  adf435x.o(.data)
    prl                                      0x2000016c   Data           4  shell.o(.data)
    shell_commands                           0x20000170   Data         324  shell_commands.o(.data)
    uwTick                                   0x200002b4   Data           4  stm32f0xx_hal.o(.data)
    SystemCoreClock                          0x200002b8   Data           4  system_stm32f0xx.o(.data)
    sys_state                                0x20000378   Data          32  hal.o(.bss)
    vsnprint_buffer                          0x20000398   Data        1024  hal.o(.bss)
    adf435x_state                            0x20000798   Data          76  adf435x.o(.bss)
    hmcad151x_state                          0x200007e4   Data          12  hmcad151x.o(.bss)
    rl                                       0x200007f0   Data         568  shell.o(.bss)
    shell_arg_str_buffer                     0x20000a28   Data          80  shell.o(.bss)
    sh_state                                 0x20000a78   Data          84  shell.o(.bss)
    zynq_spi                                 0x20000acc   Data         100  zynq_spi.o(.bss)
    __libspace_start                         0x20000b30   Data          96  libspace.o(.bss)
    __temporary_stack_top$libspace           0x20000b90   Data           0  libspace.o(.bss)



==============================================================================

Memory Map of the image

  Image Entry point : 0x080000bd

  Load Region LR_IROM1 (Base: 0x08000000, Size: 0x00009890, Max: 0x00020000, ABSOLUTE, COMPRESSED[0x00009724])

    Execution Region ER_IROM1 (Base: 0x08000000, Size: 0x000095d4, Max: 0x00020000, ABSOLUTE)

    Base Addr    Size         Type   Attr      Idx    E Section Name        Object

    0x08000000   0x000000bc   Data   RO         6736    RESET               startup_stm32f071xb_1.o
    0x080000bc   0x00000008   Code   RO         6838  * !!!main             c_p.l(__main.o)
    0x080000c4   0x0000003c   Code   RO         7261    !!!scatter          c_p.l(__scatter.o)
    0x08000100   0x0000001c   Code   RO         7263    !!handler_zi        c_p.l(__scatter_zi.o)
    0x0800011c   0x00000002   Code   RO         6815    .ARM.Collect$$_printf_percent$$00000000  c_p.l(_printf_percent.o)
    0x0800011e   0x0000000a   Code   RO         6940    .ARM.Collect$$_printf_percent$$00000001  c_p.l(_printf_n.o)
    0x08000128   0x0000000a   Code   RO         6942    .ARM.Collect$$_printf_percent$$00000002  c_p.l(_printf_p.o)
    0x08000132   0x0000000a   Code   RO         6946    .ARM.Collect$$_printf_percent$$00000003  c_p.l(_printf_f.o)
    0x0800013c   0x0000000a   Code   RO         6947    .ARM.Collect$$_printf_percent$$00000004  c_p.l(_printf_e.o)
    0x08000146   0x0000000a   Code   RO         6948    .ARM.Collect$$_printf_percent$$00000005  c_p.l(_printf_g.o)
    0x08000150   0x0000000a   Code   RO         6949    .ARM.Collect$$_printf_percent$$00000006  c_p.l(_printf_a.o)
    0x0800015a   0x0000000a   Code   RO         6954    .ARM.Collect$$_printf_percent$$00000007  c_p.l(_printf_ll.o)
    0x08000164   0x0000000a   Code   RO         6944    .ARM.Collect$$_printf_percent$$00000008  c_p.l(_printf_i.o)
    0x0800016e   0x0000000a   Code   RO         6814    .ARM.Collect$$_printf_percent$$00000009  c_p.l(_printf_d.o)
    0x08000178   0x0000000a   Code   RO         6945    .ARM.Collect$$_printf_percent$$0000000A  c_p.l(_printf_u.o)
    0x08000182   0x0000000a   Code   RO         6943    .ARM.Collect$$_printf_percent$$0000000B  c_p.l(_printf_o.o)
    0x0800018c   0x0000000a   Code   RO         6941    .ARM.Collect$$_printf_percent$$0000000C  c_p.l(_printf_x.o)
    0x08000196   0x0000000a   Code   RO         6951    .ARM.Collect$$_printf_percent$$0000000D  c_p.l(_printf_lli.o)
    0x080001a0   0x0000000a   Code   RO         6952    .ARM.Collect$$_printf_percent$$0000000E  c_p.l(_printf_lld.o)
    0x080001aa   0x0000000a   Code   RO         6953    .ARM.Collect$$_printf_percent$$0000000F  c_p.l(_printf_llu.o)
    0x080001b4   0x0000000a   Code   RO         6958    .ARM.Collect$$_printf_percent$$00000010  c_p.l(_printf_llo.o)
    0x080001be   0x0000000a   Code   RO         6959    .ARM.Collect$$_printf_percent$$00000011  c_p.l(_printf_llx.o)
    0x080001c8   0x0000000a   Code   RO         6955    .ARM.Collect$$_printf_percent$$00000012  c_p.l(_printf_l.o)
    0x080001d2   0x0000000a   Code   RO         6938    .ARM.Collect$$_printf_percent$$00000013  c_p.l(_printf_c.o)
    0x080001dc   0x0000000a   Code   RO         6939    .ARM.Collect$$_printf_percent$$00000014  c_p.l(_printf_s.o)
    0x080001e6   0x0000000a   Code   RO         6956    .ARM.Collect$$_printf_percent$$00000015  c_p.l(_printf_lc.o)
    0x080001f0   0x0000000a   Code   RO         6957    .ARM.Collect$$_printf_percent$$00000016  c_p.l(_printf_ls.o)
    0x080001fa   0x00000004   Code   RO         6950    .ARM.Collect$$_printf_percent$$00000017  c_p.l(_printf_percent_end.o)
    0x080001fe   0x00000002   Code   RO         7110    .ARM.Collect$$libinit$$00000000  c_p.l(libinit.o)
    0x08000200   0x00000000   Code   RO         7029    .ARM.Collect$$libinit$$00000002  c_p.l(libinit2.o)
    0x08000200   0x00000000   Code   RO         7031    .ARM.Collect$$libinit$$00000004  c_p.l(libinit2.o)
    0x08000200   0x00000000   Code   RO         7034    .ARM.Collect$$libinit$$0000000A  c_p.l(libinit2.o)
    0x08000200   0x00000000   Code   RO         7036    .ARM.Collect$$libinit$$0000000C  c_p.l(libinit2.o)
    0x08000200   0x00000000   Code   RO         7038    .ARM.Collect$$libinit$$0000000E  c_p.l(libinit2.o)
    0x08000200   0x00000006   Code   RO         7039    .ARM.Collect$$libinit$$0000000F  c_p.l(libinit2.o)
    0x08000206   0x00000000   Code   RO         7041    .ARM.Collect$$libinit$$00000011  c_p.l(libinit2.o)
    0x08000206   0x0000000c   Code   RO         7042    .ARM.Collect$$libinit$$00000012  c_p.l(libinit2.o)
    0x08000212   0x00000000   Code   RO         7043    .ARM.Collect$$libinit$$00000013  c_p.l(libinit2.o)
    0x08000212   0x00000000   Code   RO         7045    .ARM.Collect$$libinit$$00000015  c_p.l(libinit2.o)
    0x08000212   0x0000000a   Code   RO         7046    .ARM.Collect$$libinit$$00000016  c_p.l(libinit2.o)
    0x0800021c   0x00000000   Code   RO         7047    .ARM.Collect$$libinit$$00000017  c_p.l(libinit2.o)
    0x0800021c   0x00000000   Code   RO         7049    .ARM.Collect$$libinit$$00000019  c_p.l(libinit2.o)
    0x0800021c   0x00000000   Code   RO         7051    .ARM.Collect$$libinit$$0000001B  c_p.l(libinit2.o)
    0x0800021c   0x00000000   Code   RO         7053    .ARM.Collect$$libinit$$0000001D  c_p.l(libinit2.o)
    0x0800021c   0x00000000   Code   RO         7055    .ARM.Collect$$libinit$$0000001F  c_p.l(libinit2.o)
    0x0800021c   0x00000000   Code   RO         7057    .ARM.Collect$$libinit$$00000021  c_p.l(libinit2.o)
    0x0800021c   0x00000000   Code   RO         7059    .ARM.Collect$$libinit$$00000023  c_p.l(libinit2.o)
    0x0800021c   0x00000000   Code   RO         7061    .ARM.Collect$$libinit$$00000025  c_p.l(libinit2.o)
    0x0800021c   0x00000000   Code   RO         7065    .ARM.Collect$$libinit$$0000002C  c_p.l(libinit2.o)
    0x0800021c   0x00000000   Code   RO         7067    .ARM.Collect$$libinit$$0000002E  c_p.l(libinit2.o)
    0x0800021c   0x00000000   Code   RO         7069    .ARM.Collect$$libinit$$00000030  c_p.l(libinit2.o)
    0x0800021c   0x00000000   Code   RO         7071    .ARM.Collect$$libinit$$00000032  c_p.l(libinit2.o)
    0x0800021c   0x00000002   Code   RO         7072    .ARM.Collect$$libinit$$00000033  c_p.l(libinit2.o)
    0x0800021e   0x00000002   Code   RO         7193    .ARM.Collect$$libshutdown$$00000000  c_p.l(libshutdown.o)
    0x08000220   0x00000000   Code   RO         7224    .ARM.Collect$$libshutdown$$00000003  c_p.l(libshutdown2.o)
    0x08000220   0x00000000   Code   RO         7227    .ARM.Collect$$libshutdown$$00000006  c_p.l(libshutdown2.o)
    0x08000220   0x00000000   Code   RO         7230    .ARM.Collect$$libshutdown$$00000009  c_p.l(libshutdown2.o)
    0x08000220   0x00000000   Code   RO         7232    .ARM.Collect$$libshutdown$$0000000B  c_p.l(libshutdown2.o)
    0x08000220   0x00000000   Code   RO         7235    .ARM.Collect$$libshutdown$$0000000E  c_p.l(libshutdown2.o)
    0x08000220   0x00000002   Code   RO         7236    .ARM.Collect$$libshutdown$$0000000F  c_p.l(libshutdown2.o)
    0x08000222   0x00000000   Code   RO         6873    .ARM.Collect$$rtentry$$00000000  c_p.l(__rtentry.o)
    0x08000222   0x00000000   Code   RO         6986    .ARM.Collect$$rtentry$$00000002  c_p.l(__rtentry2.o)
    0x08000222   0x00000006   Code   RO         6998    .ARM.Collect$$rtentry$$00000004  c_p.l(__rtentry4.o)
    0x08000228   0x00000000   Code   RO         6988    .ARM.Collect$$rtentry$$00000009  c_p.l(__rtentry2.o)
    0x08000228   0x00000004   Code   RO         6989    .ARM.Collect$$rtentry$$0000000A  c_p.l(__rtentry2.o)
    0x0800022c   0x00000000   Code   RO         6991    .ARM.Collect$$rtentry$$0000000C  c_p.l(__rtentry2.o)
    0x0800022c   0x00000008   Code   RO         6992    .ARM.Collect$$rtentry$$0000000D  c_p.l(__rtentry2.o)
    0x08000234   0x00000002   Code   RO         7120    .ARM.Collect$$rtexit$$00000000  c_p.l(rtexit.o)
    0x08000236   0x00000000   Code   RO         7154    .ARM.Collect$$rtexit$$00000002  c_p.l(rtexit2.o)
    0x08000236   0x00000004   Code   RO         7155    .ARM.Collect$$rtexit$$00000003  c_p.l(rtexit2.o)
    0x0800023a   0x00000006   Code   RO         7156    .ARM.Collect$$rtexit$$00000004  c_p.l(rtexit2.o)
    0x08000240   0x00000038   Code   RO         6822    .emb_text           c_p.l(rt_memcpy.o)
    0x08000278   0x00000038   Code   RO         6737    .text               startup_stm32f071xb_1.o
    0x080002b0   0x00000010   Code   RO         6776    .text               c_p.l(rt_ctype_table.o)
    0x080002c0   0x0000001a   Code   RO         6780    .text               c_p.l(tolower.o)
    0x080002da   0x0000001e   Code   RO         6782    .text               c_p.l(toupper.o)
    0x080002f8   0x00000038   Code   RO         6784    .text               c_p.l(vsnprintf.o)
    0x08000330   0x0000003c   Code   RO         6786    .text               c_p.l(__2snprintf.o)
    0x0800036c   0x0000006c   Code   RO         6792    .text               c_p.l(_printf_dec.o)
    0x080003d8   0x00000188   Code   RO         6811    .text               c_p.l(__printf_flags_ss_wp.o)
    0x08000560   0x0000001a   Code   RO         6816    .text               c_p.l(atoi.o)
    0x0800057a   0x00000026   Code   RO         6818    .text               c_p.l(strcasecmp.o)
    0x080005a0   0x00000044   Code   RO         6820    .text               c_p.l(strlen.o)
    0x080005e4   0x00000082   Code   RO         6823    .text               c_p.l(rt_memcpy.o)
    0x08000666   0x00000096   Code   RO         6826    .text               c_p.l(rt_memmove.o)
    0x080006fc   0x00000040   Code   RO         6828    .text               c_p.l(rt_memclr.o)
    0x0800073c   0x0000006c   Code   RO         6830    .text               c_p.l(strncpy.o)
    0x080007a8   0x0000015a   Code   RO         6832    .text               c_p.l(aeabi_sdiv.o)
    0x08000902   0x00000006   Code   RO         6836    .text               c_p.l(heapauxi.o)
    0x08000908   0x0000007c   Code   RO         6840    .text               fz_ps.l(d2f.o)
    0x08000984   0x00000358   Code   RO         6842    .text               fz_ps.l(daddsub.o)
    0x08000cdc   0x00000054   Code   RO         6848    .text               fz_ps.l(f2d.o)
    0x08000d30   0x00000160   Code   RO         6856    .text               fz_ps.l(fdiv.o)
    0x08000e90   0x0000004c   Code   RO         6859    .text               fz_ps.l(ffixi.o)
    0x08000edc   0x0000005e   Code   RO         6861    .text               fz_ps.l(fflti.o)
    0x08000f3a   0x00000002   PAD
    0x08000f3c   0x00000008   Code   RO         6881    .text               c_p.l(rt_locale_intlibspace.o)
    0x08000f44   0x00000008   Code   RO         6886    .text               c_p.l(rt_errno_addr_intlibspace.o)
    0x08000f4c   0x00000016   Code   RO         6888    .text               c_p.l(_rserrno.o)
    0x08000f62   0x0000004e   Code   RO         6890    .text               c_p.l(_printf_pad.o)
    0x08000fb0   0x00000024   Code   RO         6892    .text               c_p.l(_printf_truncate.o)
    0x08000fd4   0x00000052   Code   RO         6894    .text               c_p.l(_printf_str.o)
    0x08001026   0x000000b0   Code   RO         6896    .text               c_p.l(_printf_intcommon.o)
    0x080010d6   0x00000026   Code   RO         6898    .text               c_p.l(_printf_charcount.o)
    0x080010fc   0x00000030   Code   RO         6900    .text               c_p.l(_printf_char_common.o)
    0x0800112c   0x0000000a   Code   RO         6902    .text               c_p.l(_sputc.o)
    0x08001136   0x00000010   Code   RO         6904    .text               c_p.l(_snputc.o)
    0x08001146   0x00000002   PAD
    0x08001148   0x000000bc   Code   RO         6906    .text               c_p.l(_printf_wctomb.o)
    0x08001204   0x00000070   Code   RO         6909    .text               c_p.l(_printf_longlong_dec.o)
    0x08001274   0x00000070   Code   RO         6915    .text               c_p.l(_printf_oct_int_ll.o)
    0x080012e4   0x00000098   Code   RO         6935    .text               c_p.l(_printf_hex_int_ll_ptr.o)
    0x0800137c   0x000000a8   Code   RO         6960    .text               c_p.l(strtod.o)
    0x08001424   0x00000070   Code   RO         6962    .text               c_p.l(strtol.o)
    0x08001494   0x00000028   Code   RO         6967    .text               c_p.l(rtudiv10.o)
    0x080014bc   0x00000090   Code   RO         6969    .text               fz_ps.l(dcmpin.o)
    0x0800154c   0x00000064   Code   RO         6971    .text               fz_ps.l(fcmpin.o)
    0x080015b0   0x00000008   Code   RO         6982    .text               c_p.l(libspace.o)
    0x080015b8   0x0000007a   Code   RO         7002    .text               c_p.l(lludiv10.o)
    0x08001632   0x00000012   Code   RO         7004    .text               c_p.l(isspace.o)
    0x08001644   0x00000414   Code   RO         7006    .text               c_p.l(_printf_fp_dec.o)
    0x08001a58   0x000002d4   Code   RO         7008    .text               c_p.l(_printf_fp_hex.o)
    0x08001d2c   0x0000002e   Code   RO         7013    .text               c_p.l(_printf_char.o)
    0x08001d5a   0x0000002e   Code   RO         7015    .text               c_p.l(_printf_wchar.o)
    0x08001d88   0x00000044   Code   RO         7017    .text               c_p.l(_sgetc.o)
    0x08001dcc   0x000000a6   Code   RO         7019    .text               c_p.l(_strtoul.o)
    0x08001e72   0x00000040   Code   RO         7021    .text               c_p.l(_wcrtomb.o)
    0x08001eb2   0x00000002   PAD
    0x08001eb4   0x00000088   Code   RO         7026    .text               c_p.l(strcmp.o)
    0x08001f3c   0x00000030   Code   RO         7073    .text               fz_ps.l(cmpret.o)
    0x08001f6c   0x00000014   Code   RO         7075    .text               fz_ps.l(dnan2.o)
    0x08001f80   0x00000010   Code   RO         7077    .text               fz_ps.l(fnan2.o)
    0x08001f90   0x0000003e   Code   RO         7081    .text               c_p.l(sys_stackheap_outer.o)
    0x08001fce   0x00000002   PAD
    0x08001fd0   0x00000088   Code   RO         7084    .text               c_p.l(_printf_fp_infnan.o)
    0x08002058   0x0000001e   Code   RO         7086    .text               c_p.l(_chval.o)
    0x08002076   0x00000002   PAD
    0x08002078   0x000004d0   Code   RO         7088    .text               c_p.l(scanf_fp.o)
    0x08002548   0x000000c8   Code   RO         7090    .text               c_p.l(bigflt0.o)
    0x08002610   0x000004a8   Code   RO         7093    .text               c_p.l(btod.o)
    0x08002ab8   0x0000000c   Code   RO         7097    .text               c_p.l(exit.o)
    0x08002ac4   0x0000005e   Code   RO         7115    .text               fz_ps.l(retnan.o)
    0x08002b22   0x00000030   Code   RO         7124    .text               c_p.l(llmul.o)
    0x08002b52   0x00000002   PAD
    0x08002b54   0x0000000c   Code   RO         7151    .text               c_p.l(sys_exit.o)
    0x08002b60   0x00000328   Code   RO         7162    .text               c_p.l(scanf_hexfp.o)
    0x08002e88   0x0000013c   Code   RO         7164    .text               c_p.l(scanf_infnan.o)
    0x08002fc4   0x00000002   Code   RO         7182    .text               c_p.l(use_no_semi.o)
    0x08002fc6   0x00000000   Code   RO         7184    .text               c_p.l(indicate_semi.o)
    0x08002fc6   0x00000020   Code   RO         7185    .text               c_p.l(llshl.o)
    0x08002fe6   0x00000002   PAD
    0x08002fe8   0x00000060   Code   RO         7194    .text               fz_ps.l(dscalbn.o)
    0x08003048   0x00000056   Code   RO         7259    .text               c_p.l(__dczerorl2.o)
    0x0800309e   0x00000002   PAD
    0x080030a0   0x000000d4   Code   RO         1278    i.ADC_Enable        stm32f0xx_hal_adc.o
    0x08003174   0x000001ac   Code   RO         1280    i.HAL_ADC_ConfigChannel  stm32f0xx_hal_adc.o
    0x08003320   0x00000008   Code   RO         1287    i.HAL_ADC_GetValue  stm32f0xx_hal_adc.o
    0x08003328   0x000001c0   Code   RO         1289    i.HAL_ADC_Init      stm32f0xx_hal_adc.o
    0x080034e8   0x00000002   Code   RO         1292    i.HAL_ADC_MspInit   stm32f0xx_hal_adc.o
    0x080034ea   0x000000e4   Code   RO         1293    i.HAL_ADC_PollForConversion  stm32f0xx_hal_adc.o
    0x080035ce   0x00000002   PAD
    0x080035d0   0x00000078   Code   RO         1295    i.HAL_ADC_Start     stm32f0xx_hal_adc.o
    0x08003648   0x000001fc   Code   RO         2418    i.HAL_GPIO_Init     stm32f0xx_hal_gpio.o
    0x08003844   0x0000000c   Code   RO         2422    i.HAL_GPIO_WritePin  stm32f0xx_hal_gpio.o
    0x08003850   0x0000000c   Code   RO         1145    i.HAL_GetTick       stm32f0xx_hal.o
    0x0800385c   0x00000026   Code   RO         1151    i.HAL_InitTick      stm32f0xx_hal.o
    0x08003882   0x00000012   Code   RO         1679    i.HAL_NVIC_SetPriority  stm32f0xx_hal_cortex.o
    0x08003894   0x00000188   Code   RO         3726    i.HAL_RCCEx_PeriphCLKConfig  stm32f0xx_hal_rcc_ex.o
    0x08003a1c   0x000001d0   Code   RO         3624    i.HAL_RCC_ClockConfig  stm32f0xx_hal_rcc.o
    0x08003bec   0x0000000c   Code   RO         3629    i.HAL_RCC_GetHCLKFreq  stm32f0xx_hal_rcc.o
    0x08003bf8   0x00000024   Code   RO         3631    i.HAL_RCC_GetPCLK1Freq  stm32f0xx_hal_rcc.o
    0x08003c1c   0x000000f0   Code   RO         3632    i.HAL_RCC_GetSysClockFreq  stm32f0xx_hal_rcc.o
    0x08003d0c   0x00000600   Code   RO         3635    i.HAL_RCC_OscConfig  stm32f0xx_hal_rcc.o
    0x0800430c   0x0000010a   Code   RO         4661    i.HAL_SPI_Init      stm32f0xx_hal_spi.o
    0x08004416   0x00000002   Code   RO         4663    i.HAL_SPI_MspInit   stm32f0xx_hal_spi.o
    0x08004418   0x00000038   Code   RO         1683    i.HAL_SYSTICK_Config  stm32f0xx_hal_cortex.o
    0x08004450   0x00000082   Code   RO         6049    i.HAL_UART_Init     stm32f0xx_hal_uart.o
    0x080044d2   0x00000002   Code   RO         6051    i.HAL_UART_MspInit  stm32f0xx_hal_uart.o
    0x080044d4   0x00000128   Code   RO          212    i.SysTick_Handler   hal.o
    0x080045fc   0x000000b4   Code   RO         6743    i.SystemCoreClockUpdate  system_stm32f0xx.o
    0x080046b0   0x00000078   Code   RO         6744    i.SystemInit        system_stm32f0xx.o
    0x08004728   0x000000f0   Code   RO         6062    i.UART_AdvFeatureConfig  stm32f0xx_hal_uart.o
    0x08004818   0x0000008c   Code   RO         6063    i.UART_CheckIdleState  stm32f0xx_hal_uart.o
    0x080048a4   0x00000234   Code   RO         6078    i.UART_SetConfig    stm32f0xx_hal_uart.o
    0x08004ad8   0x00000070   Code   RO         6080    i.UART_WaitOnFlagUntilTimeout  stm32f0xx_hal_uart.o
    0x08004b48   0x00000030   Code   RO         7095    i.__ARM_common_ll_muluu  c_p.l(btod.o)
    0x08004b78   0x0000001c   Code   RO          602    i.__ARM_common_switch8  hmcad151x.o
    0x08004b94   0x0000002c   Code   RO         7117    i.__ARM_fpclassify  m_ps.l(fpclassify.o)
    0x08004bc0   0x0000003c   Code   RO          600    i.__ARM_pop         hmcad151x.o
    0x08004bfc   0x00000078   Code   RO          213    i.__NVIC_SetPriority  hal.o
    0x08004c74   0x00000078   Code   RO         1685    i.__NVIC_SetPriority  stm32f0xx_hal_cortex.o
    0x08004cec   0x00000014   Code   RO         7241    i.__mathlib_dbl_overflow  m_ps.l(dunder.o)
    0x08004d00   0x00000014   Code   RO         7243    i.__mathlib_dbl_underflow  m_ps.l(dunder.o)
    0x08004d14   0x00000010   Code   RO         7143    i.__mathlib_narrow  m_ps.l(narrow.o)
    0x08004d24   0x0000008c   Code   RO         7144    i.__mathlib_tofloat  m_ps.l(narrow.o)
    0x08004db0   0x00000014   Code   RO         7197    i.__support_ldexp   m_ps.l(ldexp.o)
    0x08004dc4   0x0000000e   Code   RO         6804    i._is_digit         c_p.l(__printf_wp.o)
    0x08004dd2   0x00000002   PAD
    0x08004dd4   0x00000098   Code   RO          612    i._shell_arg_is_false  shell.o
    0x08004e6c   0x00000098   Code   RO          613    i._shell_arg_is_true  shell.o
    0x08004f04   0x00000014   Code   RO          614    i._shell_dump_stack  shell.o
    0x08004f18   0x000001cc   Code   RO          615    i._shell_execute    shell.o
    0x080050e4   0x0000000c   Code   RO          616    i._shell_print_wrapper  shell.o
    0x080050f0   0x0000003c   Code   RO          617    i._shell_sigint     shell.o
    0x0800512c   0x00000024   Code   RO          214    i.adc_power_off     hal.o
    0x08005150   0x00000024   Code   RO          215    i.adc_power_on      hal.o
    0x08005174   0x000001c4   Code   RO          433    i.adf435x_change_frequency  adf435x.o
    0x08005338   0x00000098   Code   RO          434    i.adf435x_change_pll_prop  adf435x.o
    0x080053d0   0x0000004e   Code   RO          435    i.adf435x_compute_frequency  adf435x.o
    0x0800541e   0x00000002   PAD
    0x08005420   0x00000120   Code   RO          436    i.adf435x_dump_state  adf435x.o
    0x08005540   0x0000007c   Code   RO          437    i.adf435x_init      adf435x.o
    0x080055bc   0x000002c4   Code   RO          438    i.adf435x_load_config  adf435x.o
    0x08005880   0x00000044   Code   RO          439    i.adf435x_load_config_index  adf435x.o
    0x080058c4   0x00000030   Code   RO          440    i.adf435x_rf_off    adf435x.o
    0x080058f4   0x00000030   Code   RO          441    i.adf435x_rf_on     adf435x.o
    0x08005924   0x00000074   Code   RO          442    i.adf435x_set_power_level  adf435x.o
    0x08005998   0x0000002c   Code   RO          443    i.adf435x_shutdown  adf435x.o
    0x080059c4   0x00000044   Code   RO          444    i.adf435x_sync      adf435x.o
    0x08005a08   0x00000028   Code   RO          445    i.adf435x_sync_rf_power_state  adf435x.o
    0x08005a30   0x00000054   Code   RO          446    i.adf435x_write_out  adf435x.o
    0x08005a84   0x0000001a   Code   RO          447    i.adf435x_write_reg  adf435x.o
    0x08005a9e   0x00000014   Code   RO          216    i.arb_delay         hal.o
    0x08005ab2   0x0000002a   Code   RO         6870    i.atof              m_ps.l(atof.o)
    0x08005adc   0x000000ec   Code   RO         1011    i.escape_process    microrl.o
    0x08005bc8   0x00000058   Code   RO         7177    i.frexp             m_ps.l(frexp.o)
    0x08005c20   0x0000000c   Code   RO          217    i.gpio_prot_power_end  hal.o
    0x08005c2c   0x0000001c   Code   RO          218    i.gpio_prot_power_rail_disable  hal.o
    0x08005c48   0x00000050   Code   RO          219    i.gpio_prot_power_rail_enable  hal.o
    0x08005c98   0x0000000c   Code   RO          220    i.gpio_prot_power_start  hal.o
    0x08005ca4   0x0000001a   Code   RO          221    i.gpio_set_input    hal.o
    0x08005cbe   0x0000001e   Code   RO          222    i.gpio_set_output   hal.o
    0x08005cdc   0x000004dc   Code   RO          223    i.hal_init          hal.o
    0x080061b8   0x0000001c   Code   RO         1012    i.hist_erase_older  microrl.o
    0x080061d4   0x00000056   Code   RO         1013    i.hist_is_space_for_new  microrl.o
    0x0800622a   0x0000016e   Code   RO         1014    i.hist_restore_line  microrl.o
    0x08006398   0x000000bc   Code   RO         1015    i.hist_save_line    microrl.o
    0x08006454   0x00000044   Code   RO         1016    i.hist_search       microrl.o
    0x08006498   0x00000144   Code   RO          557    i.hmcad151x_init    hmcad151x.o
    0x080065dc   0x000000a0   Code   RO          558    i.hmcad151x_sync_channel_settings  hmcad151x.o
    0x0800667c   0x000000b8   Code   RO          559    i.hmcad151x_sync_lvds_settings  hmcad151x.o
    0x08006734   0x000000f0   Code   RO          560    i.hmcad151x_test_mode  hmcad151x.o
    0x08006824   0x00000218   Code   RO          561    i.hmcad151x_write_reg  hmcad151x.o
    0x08006a3c   0x00000070   Code   RO         7198    i.ldexp             m_ps.l(ldexp.o)
    0x08006aac   0x00000034   Code   RO            3    i.main              main.o
    0x08006ae0   0x0000005c   Code   RO          224    i.main_psu_power_off  hal.o
    0x08006b3c   0x00000070   Code   RO          225    i.main_psu_power_on  hal.o
    0x08006bac   0x00000018   Code   RO          226    i.main_psu_power_on_if_off  hal.o
    0x08006bc4   0x00000084   Code   RO         1017    i.microrl_backspace  microrl.o
    0x08006c48   0x0000007c   Code   RO         1018    i.microrl_init      microrl.o
    0x08006cc4   0x000002ac   Code   RO         1019    i.microrl_insert_char  microrl.o
    0x08006f70   0x000000b0   Code   RO         1020    i.microrl_insert_text  microrl.o
    0x08007020   0x000000d0   Code   RO         1025    i.new_line_handler  microrl.o
    0x080070f0   0x00000024   Code   RO          227    i.pll_power_off     hal.o
    0x08007114   0x00000024   Code   RO          228    i.pll_power_on      hal.o
    0x08007138   0x00000012   Code   RO         1026    i.print_prompt      microrl.o
    0x0800714a   0x00000002   PAD
    0x0800714c   0x00000074   Code   RO          229    i.raspi_power_off   hal.o
    0x080071c0   0x000000ac   Code   RO          230    i.raspi_power_on    hal.o
    0x0800726c   0x0000004c   Code   RO          231    i.raspi_rapid_power_off  hal.o
    0x080072b8   0x0000005c   Code   RO          780    i.scmd_adc_lvds_adv  shell_commands.o
    0x08007314   0x00000060   Code   RO          781    i.scmd_adc_lvds_cdrv  shell_commands.o
    0x08007374   0x00000054   Code   RO          782    i.scmd_adc_lvds_cterm  shell_commands.o
    0x080073c8   0x00000060   Code   RO          783    i.scmd_adc_lvds_ddrv  shell_commands.o
    0x08007428   0x0000004c   Code   RO          784    i.scmd_adc_lvds_def  shell_commands.o
    0x08007474   0x00000100   Code   RO          785    i.scmd_adc_lvds_drv  shell_commands.o
    0x08007574   0x00000054   Code   RO          786    i.scmd_adc_lvds_dterm  shell_commands.o
    0x080075c8   0x00000060   Code   RO          787    i.scmd_adc_lvds_fdrv  shell_commands.o
    0x08007628   0x00000054   Code   RO          788    i.scmd_adc_lvds_fterm  shell_commands.o
    0x0800767c   0x0000004c   Code   RO          789    i.scmd_adc_lvds_phas  shell_commands.o
    0x080076c8   0x000000e4   Code   RO          790    i.scmd_adc_lvds_term  shell_commands.o
    0x080077ac   0x0000004c   Code   RO          791    i.scmd_adc_pwr      shell_commands.o
    0x080077f8   0x00000010   Code   RO          792    i.scmd_adc_reset    shell_commands.o
    0x08007808   0x0000011c   Code   RO          793    i.scmd_adc_test     shell_commands.o
    0x08007924   0x000000d4   Code   RO          794    i.scmd_adc_walk     shell_commands.o
    0x080079f8   0x0000003c   Code   RO          795    i.scmd_all_off      shell_commands.o
    0x08007a34   0x00000008   Code   RO          796    i.scmd_help         shell_commands.o
    0x08007a3c   0x00000058   Code   RO          797    i.scmd_pll_freq     shell_commands.o
    0x08007a94   0x00000014   Code   RO          798    i.scmd_pll_profile  shell_commands.o
    0x08007aa8   0x0000004c   Code   RO          799    i.scmd_pll_pwr      shell_commands.o
    0x08007af4   0x00000258   Code   RO          800    i.scmd_pll_tune     shell_commands.o
    0x08007d4c   0x00000050   Code   RO          801    i.scmd_raspi_pwr    shell_commands.o
    0x08007d9c   0x0000003c   Code   RO          802    i.scmd_reset        shell_commands.o
    0x08007dd8   0x00000068   Code   RO          803    i.scmd_volts        shell_commands.o
    0x08007e40   0x00000050   Code   RO          804    i.scmd_zynq_pwr     shell_commands.o
    0x08007e90   0x00000100   Code   RO          959    i.scmd_zynq_spi_test  zynq_spi.o
    0x08007f90   0x00000028   Code   RO          618    i.shell_error       shell.o
    0x08007fb8   0x00000038   Code   RO          619    i.shell_init        shell.o
    0x08007ff0   0x00000020   Code   RO          620    i.shell_iter        shell.o
    0x08008010   0x000001b4   Code   RO          621    i.shell_print_help  shell.o
    0x080081c4   0x0000001c   Code   RO          622    i.shell_push_arg_float  shell.o
    0x080081e0   0x0000001c   Code   RO          623    i.shell_push_arg_int  shell.o
    0x080081fc   0x00000030   Code   RO          624    i.shell_push_arg_raw  shell.o
    0x0800822c   0x00000044   Code   RO          625    i.shell_push_arg_string  shell.o
    0x08008270   0x00000008   Code   RO          626    i.shell_run         shell.o
    0x08008278   0x00000014   Code   RO          627    i.shell_unpop_all_args  shell.o
    0x0800828c   0x00000038   Code   RO          628    i.shell_unpop_arg   shell.o
    0x080082c4   0x00000038   Code   RO          629    i.shell_unpop_float  shell.o
    0x080082fc   0x0000003c   Code   RO          630    i.shell_unpop_int   shell.o
    0x08008338   0x00000038   Code   RO          631    i.shell_unpop_string  shell.o
    0x08008370   0x00000062   Code   RO         1027    i.split             microrl.o
    0x080083d2   0x00000002   PAD
    0x080083d4   0x00000018   Code   RO          232    i.systick_wait      hal.o
    0x080083ec   0x00000050   Code   RO         1028    i.terminal_move_cursor  microrl.o
    0x0800843c   0x00000018   Code   RO         1029    i.terminal_newline  microrl.o
    0x08008454   0x00000060   Code   RO         1030    i.terminal_print_line  microrl.o
    0x080084b4   0x00000044   Code   RO         1031    i.terminal_reset_cursor  microrl.o
    0x080084f8   0x00000014   Code   RO          233    i.uart_char_is_available  hal.o
    0x0800850c   0x00000012   Code   RO          234    i.uart_flush        hal.o
    0x0800851e   0x00000002   PAD
    0x08008520   0x00000030   Code   RO          235    i.uart_getchar      hal.o
    0x08008550   0x00000020   Code   RO          236    i.uart_getchar_nb   hal.o
    0x08008570   0x0000002c   Code   RO          237    i.uart_printf       hal.o
    0x0800859c   0x00000028   Code   RO          239    i.uart_putsraw      hal.o
    0x080085c4   0x00000078   Code   RO          960    i.zynq_command_transmit  zynq_spi.o
    0x0800863c   0x000000f4   Code   RO          961    i.zynq_command_transmit_with_response  zynq_spi.o
    0x08008730   0x00000088   Code   RO          240    i.zynq_power_off    hal.o
    0x080087b8   0x000000f0   Code   RO          241    i.zynq_power_on     hal.o
    0x080088a8   0x00000094   Code   RO          242    i.zynq_rapid_power_off  hal.o
    0x0800893c   0x00000028   Code   RO          962    i.zynq_spi_byte_txrx  zynq_spi.o
    0x08008964   0x0000014c   Code   RO          963    i.zynq_spi_init     zynq_spi.o
    0x08008ab0   0x0000003c   Code   RO          964    i.zynq_spi_transmit_no_read_crc_end  zynq_spi.o
    0x08008aec   0x0000002c   Code   RO         6965    locale$$code        c_p.l(lc_ctype_c.o)
    0x08008b18   0x0000002c   Code   RO         7024    locale$$code        c_p.l(lc_numeric_c.o)
    0x08008b44   0x00000064   Code   RO         7174    x$fpl$deqf          fz_ps.l(deqf.o)
    0x08008ba8   0x00000064   Code   RO         6844    x$fpl$dleqf         fz_ps.l(dlef.o)
    0x08008c0c   0x00000068   Code   RO         6846    x$fpl$drleqf        fz_ps.l(drlef.o)
    0x08008c74   0x0000008c   Code   RO         6850    x$fpl$fadd          fz_ps.l(faddsub.o)
    0x08008d00   0x00000054   Code   RO         6863    x$fpl$fleqf         fz_ps.l(flef.o)
    0x08008d54   0x000000b0   Code   RO         6865    x$fpl$fmul          fz_ps.l(fmul.o)
    0x08008e04   0x00000058   Code   RO         6867    x$fpl$frleqf        fz_ps.l(frlef.o)
    0x08008e5c   0x00000018   Code   RO         6851    x$fpl$frsb          fz_ps.l(faddsub.o)
    0x08008e74   0x000000d0   Code   RO         6852    x$fpl$fsub          fz_ps.l(faddsub.o)
    0x08008f44   0x00000010   Code   RO         6973    x$fpl$printf1       fz_ps.l(printf1.o)
    0x08008f54   0x00000010   Code   RO         6975    x$fpl$printf2       fz_ps.l(printf2.o)
    0x08008f64   0x00000010   Code   RO         7079    x$fpl$scanf1        fz_ps.l(scanf1.o)
    0x08008f74   0x00000020   Code   RO         7137    x$fpl$scanf2        fz_ps.l(scanf2.o)
    0x08008f94   0x00000000   Code   RO         6981    x$fpl$usenofp       fz_ps.l(usenofp.o)
    0x08008f94   0x00000007   Data   RO          449    .constdata          adf435x.o
    0x08008f9b   0x00000001   PAD
    0x08008f9c   0x00000038   Data   RO          563    .constdata          hmcad151x.o
    0x08008fd4   0x00000020   Data   RO          633    .constdata          shell.o
    0x08008ff4   0x00000018   Data   RO         6745    .constdata          system_stm32f0xx.o
    0x0800900c   0x00000011   Data   RO         6812    .constdata          c_p.l(__printf_flags_ss_wp.o)
    0x0800901d   0x00000040   Data   RO         6857    .constdata          fz_ps.l(fdiv.o)
    0x0800905d   0x00000003   PAD
    0x08009060   0x00000008   Data   RO         6907    .constdata          c_p.l(_printf_wctomb.o)
    0x08009068   0x00000028   Data   RO         6936    .constdata          c_p.l(_printf_hex_int_ll_ptr.o)
    0x08009090   0x00000026   Data   RO         7009    .constdata          c_p.l(_printf_fp_hex.o)
    0x080090b6   0x00000002   PAD
    0x080090b8   0x00000094   Data   RO         7091    .constdata          c_p.l(bigflt0.o)
    0x0800914c   0x000000d3   Data   RO          244    .conststring        hal.o
    0x0800921f   0x00000001   PAD
    0x08009220   0x0000011e   Data   RO          450    .conststring        adf435x.o
    0x0800933e   0x00000002   PAD
    0x08009340   0x00000140   Data   RO          805    .conststring        shell_commands.o
    0x08009480   0x00000020   Data   RO         7257    Region$$Table       anon$$obj.o
    0x080094a0   0x00000008   Data   RO         7134    c$$dinf             fz_ps.l(fpconst.o)
    0x080094a8   0x00000110   Data   RO         6964    locale$$data        c_p.l(lc_ctype_c.o)
    0x080095b8   0x0000001c   Data   RO         7023    locale$$data        c_p.l(lc_numeric_c.o)


    Execution Region RW_IRAM1 (Base: 0x20000000, Size: 0x00001d90, Max: 0x00004000, ABSOLUTE, COMPRESSED[0x00000150])

    Base Addr    Size         Type   Attr      Idx    E Section Name        Object

    0x20000000   0x00000054   Data   RW          245    .data               hal.o
    0x20000054   0x00000118   Data   RW          451    .data               adf435x.o
    0x2000016c   0x00000004   Data   RW          634    .data               shell.o
    0x20000170   0x00000144   Data   RW          806    .data               shell_commands.o
    0x200002b4   0x00000004   Data   RW         1156    .data               stm32f0xx_hal.o
    0x200002b8   0x00000004   Data   RW         6746    .data               system_stm32f0xx.o
    0x200002bc   0x000004dc   Zero   RW          243    .bss                hal.o
    0x20000798   0x0000004c   Zero   RW          448    .bss                adf435x.o
    0x200007e4   0x0000000c   Zero   RW          562    .bss                hmcad151x.o
    0x200007f0   0x000002dc   Zero   RW          632    .bss                shell.o
    0x20000acc   0x00000064   Zero   RW          965    .bss                zynq_spi.o
    0x20000b30   0x00000060   Zero   RW         6983    .bss                c_p.l(libspace.o)
    0x20000b90   0x00000200   Zero   RW         6735    HEAP                startup_stm32f071xb_1.o
    0x20000d90   0x00001000   Zero   RW         6734    STACK               startup_stm32f071xb_1.o


==============================================================================

Image component sizes


      Code (inc. data)   RO Data    RW Data    ZI Data      Debug   Object Name

      2344        316        293        280         76      16946   adf435x.o
      3354        662        211         84       1244      28948   hal.o
      1532        222         56          0         12       5576   hmcad151x.o
        52          6          0          0          0     341555   main.o
      2680        122          0          0          0      13025   microrl.o
      1848        626         32          4        732      21839   shell.o
      3032       1298        320        324          0      14247   shell_commands.o
        56         26        188          0       4608        672   startup_stm32f071xb_1.o
        50          6          0          4          0       2142   stm32f0xx_hal.o
      1446         44          0          0          0       6080   stm32f0xx_hal_adc.o
       194         20          0          0          0       9744   stm32f0xx_hal_cortex.o
       520         28          0          0          0       2304   stm32f0xx_hal_gpio.o
      2288         98          0          0          0       5233   stm32f0xx_hal_rcc.o
       392         14          0          0          0       1592   stm32f0xx_hal_rcc_ex.o
       268          0          0          0          0       1865   stm32f0xx_hal_spi.o
      1188         48          0          0          0       5000   stm32f0xx_hal_uart.o
       300         34         24          4          0       2083   system_stm32f0xx.o
      1052        196          0          0        100       5846   zynq_spi.o

    ----------------------------------------------------------------------
     22606       3766       1160        700       6772     484697   Object Totals
         0          0         32          0          0          0   (incl. Generated)
        10          0          4          0          0          0   (incl. Padding)

    ----------------------------------------------------------------------

      Code (inc. data)   RO Data    RW Data    ZI Data      Debug   Library Member Name

        60          6          0          0          0         92   __2snprintf.o
        86          0          0          0          0          0   __dczerorl2.o
         8          0          0          0          0         68   __main.o
       392          6         17          0          0         76   __printf_flags_ss_wp.o
        14          0          0          0          0         60   __printf_wp.o
         0          0          0          0          0          0   __rtentry.o
        12          0          0          0          0          0   __rtentry2.o
         6          0          0          0          0          0   __rtentry4.o
        60          8          0          0          0          0   __scatter.o
        28          0          0          0          0          0   __scatter_zi.o
        30          0          0          0          0         60   _chval.o
        10          0          0          0          0          0   _printf_a.o
        10          0          0          0          0          0   _printf_c.o
        46          0          0          0          0        100   _printf_char.o
        48          6          0          0          0         88   _printf_char_common.o
        38          0          0          0          0         60   _printf_charcount.o
        10          0          0          0          0          0   _printf_d.o
       108         18          0          0          0         76   _printf_dec.o
        10          0          0          0          0          0   _printf_e.o
        10          0          0          0          0          0   _printf_f.o
      1044         14          0          0          0        176   _printf_fp_dec.o
       724         10         38          0          0         84   _printf_fp_hex.o
       136         16          0          0          0         76   _printf_fp_infnan.o
        10          0          0          0          0          0   _printf_g.o
       152          4         40          0          0        148   _printf_hex_int_ll_ptr.o
        10          0          0          0          0          0   _printf_i.o
       176          0          0          0          0         84   _printf_intcommon.o
        10          0          0          0          0          0   _printf_l.o
        10          0          0          0          0          0   _printf_lc.o
        10          0          0          0          0          0   _printf_ll.o
        10          0          0          0          0          0   _printf_lld.o
        10          0          0          0          0          0   _printf_lli.o
        10          0          0          0          0          0   _printf_llo.o
        10          0          0          0          0          0   _printf_llu.o
        10          0          0          0          0          0   _printf_llx.o
       112         18          0          0          0         76   _printf_longlong_dec.o
        10          0          0          0          0          0   _printf_ls.o
        10          0          0          0          0          0   _printf_n.o
        10          0          0          0          0          0   _printf_o.o
       112         10          0          0          0        112   _printf_oct_int_ll.o
        10          0          0          0          0          0   _printf_p.o
        78          0          0          0          0        100   _printf_pad.o
         2          0          0          0          0          0   _printf_percent.o
         4          0          0          0          0          0   _printf_percent_end.o
        10          0          0          0          0          0   _printf_s.o
        82          0          0          0          0         72   _printf_str.o
        36          0          0          0          0         76   _printf_truncate.o
        10          0          0          0          0          0   _printf_u.o
        46          0          0          0          0        100   _printf_wchar.o
       188          6          8          0          0         80   _printf_wctomb.o
        10          0          0          0          0          0   _printf_x.o
        22          0          0          0          0         92   _rserrno.o
        68          0          0          0          0         76   _sgetc.o
        16          0          0          0          0         60   _snputc.o
        10          0          0          0          0         60   _sputc.o
       166          0          0          0          0         84   _strtoul.o
        64          0          0          0          0         72   _wcrtomb.o
       346          0          0          0          0         92   aeabi_sdiv.o
        26          0          0          0          0         72   atoi.o
       200          4        148          0          0         80   bigflt0.o
      1240         12          0          0          0        316   btod.o
        12          0          0          0          0         64   exit.o
         6          0          0          0          0        136   heapauxi.o
         0          0          0          0          0          0   indicate_semi.o
        18          0          0          0          0         68   isspace.o
        44         10        272          0          0         76   lc_ctype_c.o
        44         10         28          0          0         76   lc_numeric_c.o
         2          0          0          0          0          0   libinit.o
        30          0          0          0          0          0   libinit2.o
         2          0          0          0          0          0   libshutdown.o
         2          0          0          0          0          0   libshutdown2.o
         8          4          0          0         96         68   libspace.o
        48          0          0          0          0         72   llmul.o
        32          0          0          0          0         68   llshl.o
       122          0          0          0          0         72   lludiv10.o
        16          4          0          0          0         76   rt_ctype_table.o
         8          4          0          0          0         68   rt_errno_addr_intlibspace.o
         8          4          0          0          0         68   rt_locale_intlibspace.o
        64          0          0          0          0        108   rt_memclr.o
       186          0          0          0          0        144   rt_memcpy.o
       150          0          0          0          0        104   rt_memmove.o
         2          0          0          0          0          0   rtexit.o
        10          0          0          0          0          0   rtexit2.o
        40          0          0          0          0         60   rtudiv10.o
      1232         20          0          0          0        124   scanf_fp.o
       808         12          0          0          0         84   scanf_hexfp.o
       316         16          0          0          0         84   scanf_infnan.o
        38          0          0          0          0         76   strcasecmp.o
       136          4          0          0          0         72   strcmp.o
        68          6          0          0          0         72   strlen.o
       108          4          0          0          0         76   strncpy.o
       168         16          0          0          0        120   strtod.o
       112          4          0          0          0         76   strtol.o
        12          4          0          0          0         60   sys_exit.o
        62          0          0          0          0         80   sys_stackheap_outer.o
        26          0          0          0          0         68   tolower.o
        30          0          0          0          0         68   toupper.o
         2          0          0          0          0         68   use_no_semi.o
        56          6          0          0          0         72   vsnprintf.o
        48          4          0          0          0         60   cmpret.o
       124          4          0          0          0         72   d2f.o
       856         20          0          0          0        208   daddsub.o
       144          4          0          0          0         76   dcmpin.o
       100          4          0          0          0         92   deqf.o
       100          4          0          0          0         92   dlef.o
        20          6          0          0          0         68   dnan2.o
       104          4          0          0          0        104   drlef.o
        96         12          0          0          0         72   dscalbn.o
        84          4          0          0          0         60   f2d.o
       372          8          0          0          0        240   faddsub.o
       100          4          0          0          0         68   fcmpin.o
       352         10         64          0          0         92   fdiv.o
        76          0          0          0          0         68   ffixi.o
        94          0          0          0          0         92   fflti.o
        84          4          0          0          0         76   flef.o
       176          4          0          0          0         80   fmul.o
        16          6          0          0          0         68   fnan2.o
         0          0          8          0          0          0   fpconst.o
        88          4          0          0          0         76   frlef.o
        16          4          0          0          0         76   printf1.o
        16          4          0          0          0         76   printf2.o
        94          0          0          0          0         68   retnan.o
        16          4          0          0          0         76   scanf1.o
        32          8          0          0          0        100   scanf2.o
         0          0          0          0          0          0   usenofp.o
        42          0          0          0          0         76   atof.o
        40         10          0          0          0        136   dunder.o
        44          4          0          0          0         60   fpclassify.o
        88         16          0          0          0         72   frexp.o
       132          0          0          0          0        140   ldexp.o
       156         10          0          0          0        144   narrow.o

    ----------------------------------------------------------------------
     13962        432        628          0         96       8184   Library Totals
        18          0          5          0          0          0   (incl. Padding)

    ----------------------------------------------------------------------

      Code (inc. data)   RO Data    RW Data    ZI Data      Debug   Library Name

     10234        266        551          0         96       5396   c_p.l
      3208        126         72          0          0       2160   fz_ps.l
       502         40          0          0          0        628   m_ps.l

    ----------------------------------------------------------------------
     13962        432        628          0         96       8184   Library Totals

    ----------------------------------------------------------------------

==============================================================================


      Code (inc. data)   RO Data    RW Data    ZI Data      Debug   

     36568       4198       1788        700       6868     482073   Grand Totals
     36568       4198       1788        336       6868     482073   ELF Image Totals (compressed)
     36568       4198       1788        336          0          0   ROM Totals

==============================================================================

    Total RO  Size (Code + RO Data)                38356 (  37.46kB)
    Total RW  Size (RW Data + ZI Data)              7568 (   7.39kB)
    Total ROM Size (Code + RO Data + RW Data)      38692 (  37.79kB)

==============================================================================

