Component: ARM Compiler 5.05 update 1 (build 106) Tool: armlink [4d0efa]

==============================================================================

Section Cross References

    main.o(i.main) refers to hal.o(i.hal_init) for hal_init
    hal.o(i.SysTick_Handler) refers to stm32f0xx_hal_adc.o(i.HAL_ADC_PollForConversion) for HAL_ADC_PollForConversion
    hal.o(i.SysTick_Handler) refers to stm32f0xx_hal_adc.o(i.HAL_ADC_GetValue) for HAL_ADC_GetValue
    hal.o(i.SysTick_Handler) refers to hal.o(i.raspi_rapid_power_off) for raspi_rapid_power_off
    hal.o(i.SysTick_Handler) refers to hal.o(i.zynq_rapid_power_off) for zynq_rapid_power_off
    hal.o(i.SysTick_Handler) refers to stm32f0xx_hal_adc.o(i.HAL_ADC_Start) for HAL_ADC_Start
    hal.o(i.SysTick_Handler) refers to stm32f0xx_hal_gpio.o(i.HAL_GPIO_WritePin) for HAL_GPIO_WritePin
    hal.o(i.SysTick_Handler) refers to hal.o(.data) for ms_since_boot
    hal.o(i.SysTick_Handler) refers to hal.o(.bss) for g_ADCHandle
    hal.o(i.gpio_prot_power_end) refers to hal.o(.bss) for sys_state
    hal.o(i.gpio_prot_power_rail_disable) refers to stm32f0xx_hal_gpio.o(i.HAL_GPIO_WritePin) for HAL_GPIO_WritePin
    hal.o(i.gpio_prot_power_rail_disable) refers to hal.o(i.systick_wait) for systick_wait
    hal.o(i.gpio_prot_power_rail_enable) refers to stm32f0xx_hal_gpio.o(i.HAL_GPIO_WritePin) for HAL_GPIO_WritePin
    hal.o(i.gpio_prot_power_rail_enable) refers to hal.o(i.systick_wait) for systick_wait
    hal.o(i.gpio_prot_power_rail_enable) refers to hal.o(.bss) for sys_state
    hal.o(i.gpio_prot_power_start) refers to hal.o(.bss) for sys_state
    hal.o(i.gpio_set_input) refers to stm32f0xx_hal_gpio.o(i.HAL_GPIO_Init) for HAL_GPIO_Init
    hal.o(i.gpio_set_output) refers to stm32f0xx_hal_gpio.o(i.HAL_GPIO_Init) for HAL_GPIO_Init
    hal.o(i.hal_init) refers to system_stm32f0xx.o(i.SystemInit) for SystemInit
    hal.o(i.hal_init) refers to system_stm32f0xx.o(i.SystemCoreClockUpdate) for SystemCoreClockUpdate
    hal.o(i.hal_init) refers to stm32f0xx_hal_rcc.o(i.HAL_RCC_OscConfig) for HAL_RCC_OscConfig
    hal.o(i.hal_init) refers to stm32f0xx_hal_rcc.o(i.HAL_RCC_ClockConfig) for HAL_RCC_ClockConfig
    hal.o(i.hal_init) refers to stm32f0xx_hal_rcc_ex.o(i.HAL_RCCEx_PeriphCLKConfig) for HAL_RCCEx_PeriphCLKConfig
    hal.o(i.hal_init) refers to hal.o(i.gpio_set_output) for gpio_set_output
    hal.o(i.hal_init) refers to stm32f0xx_hal_gpio.o(i.HAL_GPIO_WritePin) for HAL_GPIO_WritePin
    hal.o(i.hal_init) refers to aeabi_sdiv.o(.text) for __aeabi_uidivmod
    hal.o(i.hal_init) refers to hal.o(i.__NVIC_SetPriority) for __NVIC_SetPriority
    hal.o(i.hal_init) refers to stm32f0xx_hal_gpio.o(i.HAL_GPIO_Init) for HAL_GPIO_Init
    hal.o(i.hal_init) refers to stm32f0xx_hal_uart.o(i.HAL_UART_Init) for HAL_UART_Init
    hal.o(i.hal_init) refers to hal.o(i.uart_putsraw) for uart_putsraw
    hal.o(i.hal_init) refers to stm32f0xx_hal_adc.o(i.HAL_ADC_Init) for HAL_ADC_Init
    hal.o(i.hal_init) refers to stm32f0xx_hal_adc.o(i.HAL_ADC_ConfigChannel) for HAL_ADC_ConfigChannel
    hal.o(i.hal_init) refers to hal.o(i.main_psu_power_on) for main_psu_power_on
    hal.o(i.hal_init) refers to hal.o(i.raspi_power_on) for raspi_power_on
    hal.o(i.hal_init) refers to hal.o(i.zynq_power_on) for zynq_power_on
    hal.o(i.hal_init) refers to hal.o(i.uart_printf) for uart_printf
    hal.o(i.hal_init) refers to system_stm32f0xx.o(.data) for SystemCoreClock
    hal.o(i.hal_init) refers to hal.o(.bss) for g_UARTHandle
    hal.o(i.main_psu_power_off) refers to hal.o(i.uart_printf) for uart_printf
    hal.o(i.main_psu_power_off) refers to stm32f0xx_hal_gpio.o(i.HAL_GPIO_WritePin) for HAL_GPIO_WritePin
    hal.o(i.main_psu_power_off) refers to hal.o(.bss) for sys_state
    hal.o(i.main_psu_power_off) refers to hal.o(.conststring) for .conststring
    hal.o(i.main_psu_power_on) refers to stm32f0xx_hal_gpio.o(i.HAL_GPIO_WritePin) for HAL_GPIO_WritePin
    hal.o(i.main_psu_power_on) refers to hal.o(i.systick_wait) for systick_wait
    hal.o(i.raspi_power_off) refers to stm32f0xx_hal_gpio.o(i.HAL_GPIO_WritePin) for HAL_GPIO_WritePin
    hal.o(i.raspi_power_off) refers to hal.o(i.systick_wait) for systick_wait
    hal.o(i.raspi_power_off) refers to hal.o(.bss) for sys_state
    hal.o(i.raspi_power_on) refers to hal.o(i.uart_printf) for uart_printf
    hal.o(i.raspi_power_on) refers to stm32f0xx_hal_gpio.o(i.HAL_GPIO_WritePin) for HAL_GPIO_WritePin
    hal.o(i.raspi_power_on) refers to hal.o(i.systick_wait) for systick_wait
    hal.o(i.raspi_power_on) refers to hal.o(.bss) for sys_state
    hal.o(i.raspi_power_on) refers to hal.o(.conststring) for .conststring
    hal.o(i.raspi_rapid_power_off) refers to stm32f0xx_hal_gpio.o(i.HAL_GPIO_WritePin) for HAL_GPIO_WritePin
    hal.o(i.raspi_rapid_power_off) refers to hal.o(.bss) for sys_state
    hal.o(i.systick_wait) refers to hal.o(.data) for ms_counter
    hal.o(i.uart_printf) refers to vsnprintf.o(.text) for vsnprintf
[...]
    C:\Keil_v5\ARM\PACK\Keil\STM32F0xx_DFP\2.0.0\Drivers\STM32F0xx_HAL_Driver\Src\stm32f0xx_hal_crc.c 0x00000000   Number         0  stm32f0xx_hal_crc.o ABSOLUTE
    C:\Keil_v5\ARM\PACK\Keil\STM32F0xx_DFP\2.0.0\Drivers\STM32F0xx_HAL_Driver\Src\stm32f0xx_hal_crc_ex.c 0x00000000   Number         0  stm32f0xx_hal_crc_ex.o ABSOLUTE
    C:\Keil_v5\ARM\PACK\Keil\STM32F0xx_DFP\2.0.0\Drivers\STM32F0xx_HAL_Driver\Src\stm32f0xx_hal_dac.c 0x00000000   Number         0  stm32f0xx_hal_dac.o ABSOLUTE
    C:\Keil_v5\ARM\PACK\Keil\STM32F0xx_DFP\2.0.0\Drivers\STM32F0xx_HAL_Driver\Src\stm32f0xx_hal_dac_ex.c 0x00000000   Number         0  stm32f0xx_hal_dac_ex.o ABSOLUTE
    C:\Keil_v5\ARM\PACK\Keil\STM32F0xx_DFP\2.0.0\Drivers\STM32F0xx_HAL_Driver\Src\stm32f0xx_hal_dma.c 0x00000000   Number         0  stm32f0xx_hal_dma.o ABSOLUTE
    C:\Keil_v5\ARM\PACK\Keil\STM32F0xx_DFP\2.0.0\Drivers\STM32F0xx_HAL_Driver\Src\stm32f0xx_hal_flash.c 0x00000000   Number         0  stm32f0xx_hal_flash.o ABSOLUTE
    C:\Keil_v5\ARM\PACK\Keil\STM32F0xx_DFP\2.0.0\Drivers\STM32F0xx_HAL_Driver\Src\stm32f0xx_hal_flash_ex.c 0x00000000   Number         0  stm32f0xx_hal_flash_ex.o ABSOLUTE
    C:\Keil_v5\ARM\PACK\Keil\STM32F0xx_DFP\2.0.0\Drivers\STM32F0xx_HAL_Driver\Src\stm32f0xx_hal_gpio.c 0x00000000   Number         0  stm32f0xx_hal_gpio.o ABSOLUTE
    C:\Keil_v5\ARM\PACK\Keil\STM32F0xx_DFP\2.0.0\Drivers\STM32F0xx_HAL_Driver\Src\stm32f0xx_hal_i2c.c 0x00000000   Number         0  stm32f0xx_hal_i2c.o ABSOLUTE
    C:\Keil_v5\ARM\PACK\Keil\STM32F0xx_DFP\2.0.0\Drivers\STM32F0xx_HAL_Driver\Src\stm32f0xx_hal_i2c_ex.c 0x00000000   Number         0  stm32f0xx_hal_i2c_ex.o ABSOLUTE
    C:\Keil_v5\ARM\PACK\Keil\STM32F0xx_DFP\2.0.0\Drivers\STM32F0xx_HAL_Driver\Src\stm32f0xx_hal_i2s.c 0x00000000   Number         0  stm32f0xx_hal_i2s.o ABSOLUTE
    C:\Keil_v5\ARM\PACK\Keil\STM32F0xx_DFP\2.0.0\Drivers\STM32F0xx_HAL_Driver\Src\stm32f0xx_hal_irda.c 0x00000000   Number         0  stm32f0xx_hal_irda.o ABSOLUTE
    C:\Keil_v5\ARM\PACK\Keil\STM32F0xx_DFP\2.0.0\Drivers\STM32F0xx_HAL_Driver\Src\stm32f0xx_hal_iwdg.c 0x00000000   Number         0  stm32f0xx_hal_iwdg.o ABSOLUTE
    C:\Keil_v5\ARM\PACK\Keil\STM32F0xx_DFP\2.0.0\Drivers\STM32F0xx_HAL_Driver\Src\stm32f0xx_hal_pcd.c 0x00000000   Number         0  stm32f0xx_hal_pcd.o ABSOLUTE
    C:\Keil_v5\ARM\PACK\Keil\STM32F0xx_DFP\2.0.0\Drivers\STM32F0xx_HAL_Driver\Src\stm32f0xx_hal_pcd_ex.c 0x00000000   Number         0  stm32f0xx_hal_pcd_ex.o ABSOLUTE
    C:\Keil_v5\ARM\PACK\Keil\STM32F0xx_DFP\2.0.0\Drivers\STM32F0xx_HAL_Driver\Src\stm32f0xx_hal_pwr.c 0x00000000   Number         0  stm32f0xx_hal_pwr.o ABSOLUTE
    C:\Keil_v5\ARM\PACK\Keil\STM32F0xx_DFP\2.0.0\Drivers\STM32F0xx_HAL_Driver\Src\stm32f0xx_hal_pwr_ex.c 0x00000000   Number         0  stm32f0xx_hal_pwr_ex.o ABSOLUTE
    C:\Keil_v5\ARM\PACK\Keil\STM32F0xx_DFP\2.0.0\Drivers\STM32F0xx_HAL_Driver\Src\stm32f0xx_hal_rcc.c 0x00000000   Number         0  stm32f0xx_hal_rcc.o ABSOLUTE
    C:\Keil_v5\ARM\PACK\Keil\STM32F0xx_DFP\2.0.0\Drivers\STM32F0xx_HAL_Driver\Src\stm32f0xx_hal_rcc_ex.c 0x00000000   Number         0  stm32f0xx_hal_rcc_ex.o ABSOLUTE
    C:\Keil_v5\ARM\PACK\Keil\STM32F0xx_DFP\2.0.0\Drivers\STM32F0xx_HAL_Driver\Src\stm32f0xx_hal_rtc.c 0x00000000   Number         0  stm32f0xx_hal_rtc.o ABSOLUTE
    C:\Keil_v5\ARM\PACK\Keil\STM32F0xx_DFP\2.0.0\Drivers\STM32F0xx_HAL_Driver\Src\stm32f0xx_hal_rtc_ex.c 0x00000000   Number         0  stm32f0xx_hal_rtc_ex.o ABSOLUTE
    C:\Keil_v5\ARM\PACK\Keil\STM32F0xx_DFP\2.0.0\Drivers\STM32F0xx_HAL_Driver\Src\stm32f0xx_hal_smartcard.c 0x00000000   Number         0  stm32f0xx_hal_smartcard.o ABSOLUTE
    C:\Keil_v5\ARM\PACK\Keil\STM32F0xx_DFP\2.0.0\Drivers\STM32F0xx_HAL_Driver\Src\stm32f0xx_hal_smartcard_ex.c 0x00000000   Number         0  stm32f0xx_hal_smartcard_ex.o ABSOLUTE
    C:\Keil_v5\ARM\PACK\Keil\STM32F0xx_DFP\2.0.0\Drivers\STM32F0xx_HAL_Driver\Src\stm32f0xx_hal_smbus.c 0x00000000   Number         0  stm32f0xx_hal_smbus.o ABSOLUTE
    C:\Keil_v5\ARM\PACK\Keil\STM32F0xx_DFP\2.0.0\Drivers\STM32F0xx_HAL_Driver\Src\stm32f0xx_hal_spi.c 0x00000000   Number         0  stm32f0xx_hal_spi.o ABSOLUTE
    C:\Keil_v5\ARM\PACK\Keil\STM32F0xx_DFP\2.0.0\Drivers\STM32F0xx_HAL_Driver\Src\stm32f0xx_hal_spi_ex.c 0x00000000   Number         0  stm32f0xx_hal_spi_ex.o ABSOLUTE
    C:\Keil_v5\ARM\PACK\Keil\STM32F0xx_DFP\2.0.0\Drivers\STM32F0xx_HAL_Driver\Src\stm32f0xx_hal_tim.c 0x00000000   Number         0  stm32f0xx_hal_tim.o ABSOLUTE
    C:\Keil_v5\ARM\PACK\Keil\STM32F0xx_DFP\2.0.0\Drivers\STM32F0xx_HAL_Driver\Src\stm32f0xx_hal_tim_ex.c 0x00000000   Number         0  stm32f0xx_hal_tim_ex.o ABSOLUTE
    C:\Keil_v5\ARM\PACK\Keil\STM32F0xx_DFP\2.0.0\Drivers\STM32F0xx_HAL_Driver\Src\stm32f0xx_hal_tsc.c 0x00000000   Number         0  stm32f0xx_hal_tsc.o ABSOLUTE
    C:\Keil_v5\ARM\PACK\Keil\STM32F0xx_DFP\2.0.0\Drivers\STM32F0xx_HAL_Driver\Src\stm32f0xx_hal_uart.c 0x00000000   Number         0  stm32f0xx_hal_uart.o ABSOLUTE
    C:\Keil_v5\ARM\PACK\Keil\STM32F0xx_DFP\2.0.0\Drivers\STM32F0xx_HAL_Driver\Src\stm32f0xx_hal_uart_ex.c 0x00000000   Number         0  stm32f0xx_hal_uart_ex.o ABSOLUTE
    C:\Keil_v5\ARM\PACK\Keil\STM32F0xx_DFP\2.0.0\Drivers\STM32F0xx_HAL_Driver\Src\stm32f0xx_hal_usart.c 0x00000000   Number         0  stm32f0xx_hal_usart.o ABSOLUTE
    C:\Keil_v5\ARM\PACK\Keil\STM32F0xx_DFP\2.0.0\Drivers\STM32F0xx_HAL_Driver\Src\stm32f0xx_hal_wwdg.c 0x00000000   Number         0  stm32f0xx_hal_wwdg.o ABSOLUTE
    C:\\Keil_v5\\ARM\\PACK\\Keil\\STM32F0xx_DFP\\2.0.0\\Drivers\\STM32F0xx_HAL_Driver\\Src\\stm32f0xx_hal.c 0x00000000   Number         0  stm32f0xx_hal.o ABSOLUTE
    C:\\Keil_v5\\ARM\\PACK\\Keil\\STM32F0xx_DFP\\2.0.0\\Drivers\\STM32F0xx_HAL_Driver\\Src\\stm32f0xx_hal_adc.c 0x00000000   Number         0  stm32f0xx_hal_adc.o ABSOLUTE
    C:\\Keil_v5\\ARM\\PACK\\Keil\\STM32F0xx_DFP\\2.0.0\\Drivers\\STM32F0xx_HAL_Driver\\Src\\stm32f0xx_hal_adc_ex.c 0x00000000   Number         0  stm32f0xx_hal_adc_ex.o ABSOLUTE
    C:\\Keil_v5\\ARM\\PACK\\Keil\\STM32F0xx_DFP\\2.0.0\\Drivers\\STM32F0xx_HAL_Driver\\Src\\stm32f0xx_hal_can.c 0x00000000   Number         0  stm32f0xx_hal_can.o ABSOLUTE
    C:\\Keil_v5\\ARM\\PACK\\Keil\\STM32F0xx_DFP\\2.0.0\\Drivers\\STM32F0xx_HAL_Driver\\Src\\stm32f0xx_hal_cec.c 0x00000000   Number         0  stm32f0xx_hal_cec.o ABSOLUTE
    C:\\Keil_v5\\ARM\\PACK\\Keil\\STM32F0xx_DFP\\2.0.0\\Drivers\\STM32F0xx_HAL_Driver\\Src\\stm32f0xx_hal_comp.c 0x00000000   Number         0  stm32f0xx_hal_comp.o ABSOLUTE
    C:\\Keil_v5\\ARM\\PACK\\Keil\\STM32F0xx_DFP\\2.0.0\\Drivers\\STM32F0xx_HAL_Driver\\Src\\stm32f0xx_hal_cortex.c 0x00000000   Number         0  stm32f0xx_hal_cortex.o ABSOLUTE
    C:\\Keil_v5\\ARM\\PACK\\Keil\\STM32F0xx_DFP\\2.0.0\\Drivers\\STM32F0xx_HAL_Driver\\Src\\stm32f0xx_hal_crc.c 0x00000000   Number         0  stm32f0xx_hal_crc.o ABSOLUTE
    C:\\Keil_v5\\ARM\\PACK\\Keil\\STM32F0xx_DFP\\2.0.0\\Drivers\\STM32F0xx_HAL_Driver\\Src\\stm32f0xx_hal_crc_ex.c 0x00000000   Number         0  stm32f0xx_hal_crc_ex.o ABSOLUTE
    C:\\Keil_v5\\ARM\\PACK\\Keil\\STM32F0xx_DFP\\2.0.0\\Drivers\\STM32F0xx_HAL_Driver\\Src\\stm32f0xx_hal_dac.c 0x00000000   Number         0  stm32f0xx_hal_dac.o ABSOLUTE
    C:\\Keil_v5\\ARM\\PACK\\Keil\\STM32F0xx_DFP\\2.0.0\\Drivers\\STM32F0xx_HAL_Driver\\Src\\stm32f0xx_hal_dac_ex.c 0x00000000   Number         0  stm32f0xx_hal_dac_ex.o ABSOLUTE
    C:\\Keil_v5\\ARM\\PACK\\Keil\\STM32F0xx_DFP\\2.0.0\\Drivers\\STM32F0xx_HAL_Driver\\Src\\stm32f0xx_hal_dma.c 0x00000000   Number         0  stm32f0xx_hal_dma.o ABSOLUTE
    C:\\Keil_v5\\ARM\\PACK\\Keil\\STM32F0xx_DFP\\2.0.0\\Drivers\\STM32F0xx_HAL_Driver\\Src\\stm32f0xx_hal_flash.c 0x00000000   Number         0  stm32f0xx_hal_flash.o ABSOLUTE
    C:\\Keil_v5\\ARM\\PACK\\Keil\\STM32F0xx_DFP\\2.0.0\\Drivers\\STM32F0xx_HAL_Driver\\Src\\stm32f0xx_hal_flash_ex.c 0x00000000   Number         0  stm32f0xx_hal_flash_ex.o ABSOLUTE
    C:\\Keil_v5\\ARM\\PACK\\Keil\\STM32F0xx_DFP\\2.0.0\\Drivers\\STM32F0xx_HAL_Driver\\Src\\stm32f0xx_hal_gpio.c 0x00000000   Number         0  stm32f0xx_hal_gpio.o ABSOLUTE
    C:\\Keil_v5\\ARM\\PACK\\Keil\\STM32F0xx_DFP\\2.0.0\\Drivers\\STM32F0xx_HAL_Driver\\Src\\stm32f0xx_hal_i2c.c 0x00000000   Number         0  stm32f0xx_hal_i2c.o ABSOLUTE
    C:\\Keil_v5\\ARM\\PACK\\Keil\\STM32F0xx_DFP\\2.0.0\\Drivers\\STM32F0xx_HAL_Driver\\Src\\stm32f0xx_hal_i2c_ex.c 0x00000000   Number         0  stm32f0xx_hal_i2c_ex.o ABSOLUTE
    C:\\Keil_v5\\ARM\\PACK\\Keil\\STM32F0xx_DFP\\2.0.0\\Drivers\\STM32F0xx_HAL_Driver\\Src\\stm32f0xx_hal_i2s.c 0x00000000   Number         0  stm32f0xx_hal_i2s.o ABSOLUTE
    C:\\Keil_v5\\ARM\\PACK\\Keil\\STM32F0xx_DFP\\2.0.0\\Drivers\\STM32F0xx_HAL_Driver\\Src\\stm32f0xx_hal_irda.c 0x00000000   Number         0  stm32f0xx_hal_irda.o ABSOLUTE
    C:\\Keil_v5\\ARM\\PACK\\Keil\\STM32F0xx_DFP\\2.0.0\\Drivers\\STM32F0xx_HAL_Driver\\Src\\stm32f0xx_hal_iwdg.c 0x00000000   Number         0  stm32f0xx_hal_iwdg.o ABSOLUTE
    C:\\Keil_v5\\ARM\\PACK\\Keil\\STM32F0xx_DFP\\2.0.0\\Drivers\\STM32F0xx_HAL_Driver\\Src\\stm32f0xx_hal_pcd.c 0x00000000   Number         0  stm32f0xx_hal_pcd.o ABSOLUTE
    C:\\Keil_v5\\ARM\\PACK\\Keil\\STM32F0xx_DFP\\2.0.0\\Drivers\\STM32F0xx_HAL_Driver\\Src\\stm32f0xx_hal_pcd_ex.c 0x00000000   Number         0  stm32f0xx_hal_pcd_ex.o ABSOLUTE
    C:\\Keil_v5\\ARM\\PACK\\Keil\\STM32F0xx_DFP\\2.0.0\\Drivers\\STM32F0xx_HAL_Driver\\Src\\stm32f0xx_hal_pwr.c 0x00000000   Number         0  stm32f0xx_hal_pwr.o ABSOLUTE
    C:\\Keil_v5\\ARM\\PACK\\Keil\\STM32F0xx_DFP\\2.0.0\\Drivers\\STM32F0xx_HAL_Driver\\Src\\stm32f0xx_hal_pwr_ex.c 0x00000000   Number         0  stm32f0xx_hal_pwr_ex.o ABSOLUTE
    C:\\Keil_v5\\ARM\\PACK\\Keil\\STM32F0xx_DFP\\2.0.0\\Drivers\\STM32F0xx_HAL_Driver\\Src\\stm32f0xx_hal_rcc.c 0x00000000   Number         0  stm32f0xx_hal_rcc.o ABSOLUTE
    C:\\Keil_v5\\ARM\\PACK\\Keil\\STM32F0xx_DFP\\2.0.0\\Drivers\\STM32F0xx_HAL_Driver\\Src\\stm32f0xx_hal_rcc_ex.c 0x00000000   Number         0  stm32f0xx_hal_rcc_ex.o ABSOLUTE
    C:\\Keil_v5\\ARM\\PACK\\Keil\\STM32F0xx_DFP\\2.0.0\\Drivers\\STM32F0xx_HAL_Driver\\Src\\stm32f0xx_hal_rtc.c 0x00000000   Number         0  stm32f0xx_hal_rtc.o ABSOLUTE
    C:\\Keil_v5\\ARM\\PACK\\Keil\\STM32F0xx_DFP\\2.0.0\\Drivers\\STM32F0xx_HAL_Driver\\Src\\stm32f0xx_hal_rtc_ex.c 0x00000000   Number         0  stm32f0xx_hal_rtc_ex.o ABSOLUTE
    C:\\Keil_v5\\ARM\\PACK\\Keil\\STM32F0xx_DFP\\2.0.0\\Drivers\\STM32F0xx_HAL_Driver\\Src\\stm32f0xx_hal_smartcard.c 0x00000000   Number         0  stm32f0xx_hal_smartcard.o ABSOLUTE
    C:\\Keil_v5\\ARM\\PACK\\Keil\\STM32F0xx_DFP\\2.0.0\\Drivers\\STM32F0xx_HAL_Driver\\Src\\stm32f0xx_hal_smartcard_ex.c 0x00000000   Number         0  stm32f0xx_hal_smartcard_ex.o ABSOLUTE
    C:\\Keil_v5\\ARM\\PACK\\Keil\\STM32F0xx_DFP\\2.0.0\\Drivers\\STM32F0xx_HAL_Driver\\Src\\stm32f0xx_hal_smbus.c 0x00000000   Number         0  stm32f0xx_hal_smbus.o ABSOLUTE
    C:\\Keil_v5\\ARM\\PACK\\Keil\\STM32F0xx_DFP\\2.0.0\\Drivers\\STM32F0xx_HAL_Driver\\Src\\stm32f0xx_hal_spi.c 0x00000000   Number         0  stm32f0xx_hal_spi.o ABSOLUTE
    C:\\Keil_v5\\ARM\\PACK\\Keil\\STM32F0xx_DFP\\2.0.0\\Drivers\\STM32F0xx_HAL_Driver\\Src\\stm32f0xx_hal_spi_ex.c 0x00000000   Number         0  stm32f0xx_hal_spi_ex.o ABSOLUTE
    C:\\Keil_v5\\ARM\\PACK\\Keil\\STM32F0xx_DFP\\2.0.0\\Drivers\\STM32F0xx_HAL_Driver\\Src\\stm32f0xx_hal_tim.c 0x00000000   Number         0  stm32f0xx_hal_tim.o ABSOLUTE
    C:\\Keil_v5\\ARM\\PACK\\Keil\\STM32F0xx_DFP\\2.0.0\\Drivers\\STM32F0xx_HAL_Driver\\Src\\stm32f0xx_hal_tim_ex.c 0x00000000   Number         0  stm32f0xx_hal_tim_ex.o ABSOLUTE
    C:\\Keil_v5\\ARM\\PACK\\Keil\\STM32F0xx_DFP\\2.0.0\\Drivers\\STM32F0xx_HAL_Driver\\Src\\stm32f0xx_hal_tsc.c 0x00000000   Number         0  stm32f0xx_hal_tsc.o ABSOLUTE
    C:\\Keil_v5\\ARM\\PACK\\Keil\\STM32F0xx_DFP\\2.0.0\\Drivers\\STM32F0xx_HAL_Driver\\Src\\stm32f0xx_hal_uart.c 0x00000000   Number         0  stm32f0xx_hal_uart.o ABSOLUTE
    C:\\Keil_v5\\ARM\\PACK\\Keil\\STM32F0xx_DFP\\2.0.0\\Drivers\\STM32F0xx_HAL_Driver\\Src\\stm32f0xx_hal_uart_ex.c 0x00000000   Number         0  stm32f0xx_hal_uart_ex.o ABSOLUTE
    C:\\Keil_v5\\ARM\\PACK\\Keil\\STM32F0xx_DFP\\2.0.0\\Drivers\\STM32F0xx_HAL_Driver\\Src\\stm32f0xx_hal_usart.c 0x00000000   Number         0  stm32f0xx_hal_usart.o ABSOLUTE
    C:\\Keil_v5\\ARM\\PACK\\Keil\\STM32F0xx_DFP\\2.0.0\\Drivers\\STM32F0xx_HAL_Driver\\Src\\stm32f0xx_hal_wwdg.c 0x00000000   Number         0  stm32f0xx_hal_wwdg.o ABSOLUTE
    RTE\Device\STM32F071VBTx\startup_stm32f071xb.s 0x00000000   Number         0  startup_stm32f071xb.o ABSOLUTE
    RTE\Device\STM32F071VBTx\system_stm32f0xx.c 0x00000000   Number         0  system_stm32f0xx.o ABSOLUTE
    RTE\\Device\\STM32F071VBTx\\system_stm32f0xx.c 0x00000000   Number         0  system_stm32f0xx.o ABSOLUTE
    dc.s                                     0x00000000   Number         0  dc.o ABSOLUTE
    hal.c                                    0x00000000   Number         0  hal.o ABSOLUTE
    hal.c                                    0x00000000   Number         0  hal.o ABSOLUTE
    main.c                                   0x00000000   Number         0  main.o ABSOLUTE
    main.c                                   0x00000000   Number         0  main.o ABSOLUTE
    RESET                                    0x08000000   Section      188  startup_stm32f071xb.o(RESET)
    !!!main                                  0x080000bc   Section        8  __main.o(!!!main)
    !!!scatter                               0x080000c4   Section       60  __scatter.o(!!!scatter)
    !!handler_copy                           0x08000100   Section       26  __scatter_copy.o(!!handler_copy)
    !!handler_zi                             0x0800011c   Section       28  __scatter_zi.o(!!handler_zi)
    .ARM.Collect$$_printf_percent$$00000000  0x08000138   Section        2  _printf_percent.o(.ARM.Collect$$_printf_percent$$00000000)
    .ARM.Collect$$_printf_percent$$00000001  0x0800013a   Section       10  _printf_n.o(.ARM.Collect$$_printf_percent$$00000001)
    .ARM.Collect$$_printf_percent$$00000002  0x08000144   Section       10  _printf_p.o(.ARM.Collect$$_printf_percent$$00000002)
    .ARM.Collect$$_printf_percent$$00000003  0x0800014e   Section       10  _printf_f.o(.ARM.Collect$$_printf_percent$$00000003)
    .ARM.Collect$$_printf_percent$$00000004  0x08000158   Section       10  _printf_e.o(.ARM.Collect$$_printf_percent$$00000004)
    .ARM.Collect$$_printf_percent$$00000005  0x08000162   Section       10  _printf_g.o(.ARM.Collect$$_printf_percent$$00000005)
    .ARM.Collect$$_printf_percent$$00000006  0x0800016c   Section       10  _printf_a.o(.ARM.Collect$$_printf_percent$$00000006)
    .ARM.Collect$$_printf_percent$$00000007  0x08000176   Section       10  _printf_ll.o(.ARM.Collect$$_printf_percent$$00000007)
    .ARM.Collect$$_printf_percent$$00000008  0x08000180   Section       10  _printf_i.o(.ARM.Collect$$_printf_percent$$00000008)
    .ARM.Collect$$_printf_percent$$00000009  0x0800018a   Section       10  _printf_d.o(.ARM.Collect$$_printf_percent$$00000009)
    .ARM.Collect$$_printf_percent$$0000000A  0x08000194   Section       10  _printf_u.o(.ARM.Collect$$_printf_percent$$0000000A)
    .ARM.Collect$$_printf_percent$$0000000B  0x0800019e   Section       10  _printf_o.o(.ARM.Collect$$_printf_percent$$0000000B)
    .ARM.Collect$$_printf_percent$$0000000C  0x080001a8   Section       10  _printf_x.o(.ARM.Collect$$_printf_percent$$0000000C)
    .ARM.Collect$$_printf_percent$$0000000D  0x080001b2   Section       10  _printf_lli.o(.ARM.Collect$$_printf_percent$$0000000D)
    .ARM.Collect$$_printf_percent$$0000000E  0x080001bc   Section       10  _printf_lld.o(.ARM.Collect$$_printf_percent$$0000000E)
    .ARM.Collect$$_printf_percent$$0000000F  0x080001c6   Section       10  _printf_llu.o(.ARM.Collect$$_printf_percent$$0000000F)
    .ARM.Collect$$_printf_percent$$00000010  0x080001d0   Section       10  _printf_llo.o(.ARM.Collect$$_printf_percent$$00000010)
    .ARM.Collect$$_printf_percent$$00000011  0x080001da   Section       10  _printf_llx.o(.ARM.Collect$$_printf_percent$$00000011)
    .ARM.Collect$$_printf_percent$$00000012  0x080001e4   Section       10  _printf_l.o(.ARM.Collect$$_printf_percent$$00000012)
    .ARM.Collect$$_printf_percent$$00000013  0x080001ee   Section       10  _printf_c.o(.ARM.Collect$$_printf_percent$$00000013)
    .ARM.Collect$$_printf_percent$$00000014  0x080001f8   Section       10  _printf_s.o(.ARM.Collect$$_printf_percent$$00000014)
    .ARM.Collect$$_printf_percent$$00000015  0x08000202   Section       10  _printf_lc.o(.ARM.Collect$$_printf_percent$$00000015)
    .ARM.Collect$$_printf_percent$$00000016  0x0800020c   Section       10  _printf_ls.o(.ARM.Collect$$_printf_percent$$00000016)
    .ARM.Collect$$_printf_percent$$00000017  0x08000216   Section        4  _printf_percent_end.o(.ARM.Collect$$_printf_percent$$00000017)
    .ARM.Collect$$libinit$$00000000          0x0800021a   Section        2  libinit.o(.ARM.Collect$$libinit$$00000000)
    .ARM.Collect$$libinit$$00000002          0x0800021c   Section        0  libinit2.o(.ARM.Collect$$libinit$$00000002)
    .ARM.Collect$$libinit$$00000004          0x0800021c   Section        0  libinit2.o(.ARM.Collect$$libinit$$00000004)
    .ARM.Collect$$libinit$$0000000A          0x0800021c   Section        0  libinit2.o(.ARM.Collect$$libinit$$0000000A)
    .ARM.Collect$$libinit$$0000000C          0x0800021c   Section        0  libinit2.o(.ARM.Collect$$libinit$$0000000C)
    .ARM.Collect$$libinit$$0000000E          0x0800021c   Section        0  libinit2.o(.ARM.Collect$$libinit$$0000000E)
    .ARM.Collect$$libinit$$0000000F          0x0800021c   Section        6  libinit2.o(.ARM.Collect$$libinit$$0000000F)
    .ARM.Collect$$libinit$$00000011          0x08000222   Section        0  libinit2.o(.ARM.Collect$$libinit$$00000011)
    .ARM.Collect$$libinit$$00000012          0x08000222   Section       12  libinit2.o(.ARM.Collect$$libinit$$00000012)
    .ARM.Collect$$libinit$$00000013          0x0800022e   Section        0  libinit2.o(.ARM.Collect$$libinit$$00000013)
    .ARM.Collect$$libinit$$00000015          0x0800022e   Section        0  libinit2.o(.ARM.Collect$$libinit$$00000015)
    .ARM.Collect$$libinit$$00000016          0x0800022e   Section       10  libinit2.o(.ARM.Collect$$libinit$$00000016)
    .ARM.Collect$$libinit$$00000017          0x08000238   Section        0  libinit2.o(.ARM.Collect$$libinit$$00000017)
    .ARM.Collect$$libinit$$00000019          0x08000238   Section        0  libinit2.o(.ARM.Collect$$libinit$$00000019)
    .ARM.Collect$$libinit$$0000001B          0x08000238   Section        0  libinit2.o(.ARM.Collect$$libinit$$0000001B)
    .ARM.Collect$$libinit$$0000001D          0x08000238   Section        0  libinit2.o(.ARM.Collect$$libinit$$0000001D)
    .ARM.Collect$$libinit$$0000001F          0x08000238   Section        0  libinit2.o(.ARM.Collect$$libinit$$0000001F)
    .ARM.Collect$$libinit$$00000021          0x08000238   Section        0  libinit2.o(.ARM.Collect$$libinit$$00000021)
    .ARM.Collect$$libinit$$00000023          0x08000238   Section        0  libinit2.o(.ARM.Collect$$libinit$$00000023)
    .ARM.Collect$$libinit$$00000025          0x08000238   Section        0  libinit2.o(.ARM.Collect$$libinit$$00000025)
    .ARM.Collect$$libinit$$0000002C          0x08000238   Section        0  libinit2.o(.ARM.Collect$$libinit$$0000002C)
    .ARM.Collect$$libinit$$0000002E          0x08000238   Section        0  libinit2.o(.ARM.Collect$$libinit$$0000002E)
    .ARM.Collect$$libinit$$00000030          0x08000238   Section        0  libinit2.o(.ARM.Collect$$libinit$$00000030)
    .ARM.Collect$$libinit$$00000032          0x08000238   Section        0  libinit2.o(.ARM.Collect$$libinit$$00000032)
    .ARM.Collect$$libinit$$00000033          0x08000238   Section        2  libinit2.o(.ARM.Collect$$libinit$$00000033)
    .ARM.Collect$$libshutdown$$00000000      0x0800023a   Section        2  libshutdown.o(.ARM.Collect$$libshutdown$$00000000)
    .ARM.Collect$$libshutdown$$00000003      0x0800023c   Section        0  libshutdown2.o(.ARM.Collect$$libshutdown$$00000003)
    .ARM.Collect$$libshutdown$$00000006      0x0800023c   Section        0  libshutdown2.o(.ARM.Collect$$libshutdown$$00000006)
    .ARM.Collect$$libshutdown$$00000009      0x0800023c   Section        0  libshutdown2.o(.ARM.Collect$$libshutdown$$00000009)
    .ARM.Collect$$libshutdown$$0000000B      0x0800023c   Section        0  libshutdown2.o(.ARM.Collect$$libshutdown$$0000000B)
    .ARM.Collect$$libshutdown$$0000000E      0x0800023c   Section        0  libshutdown2.o(.ARM.Collect$$libshutdown$$0000000E)
    .ARM.Collect$$libshutdown$$0000000F      0x0800023c   Section        2  libshutdown2.o(.ARM.Collect$$libshutdown$$0000000F)
    .ARM.Collect$$rtentry$$00000000          0x0800023e   Section        0  __rtentry.o(.ARM.Collect$$rtentry$$00000000)
    .ARM.Collect$$rtentry$$00000002          0x0800023e   Section        0  __rtentry2.o(.ARM.Collect$$rtentry$$00000002)
    .ARM.Collect$$rtentry$$00000004          0x0800023e   Section        6  __rtentry4.o(.ARM.Collect$$rtentry$$00000004)
    .ARM.Collect$$rtentry$$00000009          0x08000244   Section        0  __rtentry2.o(.ARM.Collect$$rtentry$$00000009)
    .ARM.Collect$$rtentry$$0000000A          0x08000244   Section        4  __rtentry2.o(.ARM.Collect$$rtentry$$0000000A)
    .ARM.Collect$$rtentry$$0000000C          0x08000248   Section        0  __rtentry2.o(.ARM.Collect$$rtentry$$0000000C)
    .ARM.Collect$$rtentry$$0000000D          0x08000248   Section        8  __rtentry2.o(.ARM.Collect$$rtentry$$0000000D)
    .ARM.Collect$$rtexit$$00000000           0x08000250   Section        2  rtexit.o(.ARM.Collect$$rtexit$$00000000)
    .ARM.Collect$$rtexit$$00000002           0x08000252   Section        0  rtexit2.o(.ARM.Collect$$rtexit$$00000002)
    .ARM.Collect$$rtexit$$00000003           0x08000252   Section        4  rtexit2.o(.ARM.Collect$$rtexit$$00000003)
    .ARM.Collect$$rtexit$$00000004           0x08000256   Section        6  rtexit2.o(.ARM.Collect$$rtexit$$00000004)
    .text                                    0x0800025c   Section       56  startup_stm32f071xb.o(.text)
    .text                                    0x08000294   Section        0  vsnprintf.o(.text)
    .text                                    0x080002cc   Section      346  aeabi_sdiv.o(.text)
    .text                                    0x08000426   Section        0  heapauxi.o(.text)
    .text                                    0x0800042c   Section        0  _printf_pad.o(.text)
    .text                                    0x0800047a   Section        0  _printf_truncate.o(.text)
    .text                                    0x0800049e   Section        0  _printf_str.o(.text)
    .text                                    0x080004f0   Section        0  _printf_dec.o(.text)
    .text                                    0x0800055c   Section        0  _printf_charcount.o(.text)
    .text                                    0x08000584   Section        0  _printf_char_common.o(.text)
    _printf_input_char                       0x08000585   Thumb Code    10  _printf_char_common.o(.text)
    .text                                    0x080005b4   Section        0  _sputc.o(.text)
    .text                                    0x080005be   Section        0  _snputc.o(.text)
    .text                                    0x080005d0   Section        0  _printf_wctomb.o(.text)
    .text                                    0x0800068c   Section        0  _printf_longlong_dec.o(.text)
    .text                                    0x080006fc   Section        0  _printf_oct_int_ll.o(.text)
    _printf_longlong_oct_internal            0x080006fd   Thumb Code     0  _printf_oct_int_ll.o(.text)
    .text                                    0x0800076c   Section        0  _printf_hex_int_ll_ptr.o(.text)
    _printf_hex_common                       0x0800076d   Thumb Code     0  _printf_hex_int_ll_ptr.o(.text)
    .text                                    0x08000804   Section        0  __printf_flags_ss_wp.o(.text)
    .text                                    0x0800098c   Section        0  lludiv10.o(.text)
    .text                                    0x08000a06   Section        0  _printf_intcommon.o(.text)
    .text                                    0x08000ab8   Section        0  _printf_fp_dec.o(.text)
    _fp_digits                               0x08000abb   Thumb Code   408  _printf_fp_dec.o(.text)
    .text                                    0x08000ecc   Section        0  _printf_fp_hex.o(.text)
    .text                                    0x080011a0   Section        0  _printf_char.o(.text)
    .text                                    0x080011ce   Section        0  _printf_wchar.o(.text)
    .text                                    0x080011fc   Section        0  _wcrtomb.o(.text)
    .text                                    0x0800123c   Section        0  rtudiv10.o(.text)
    .text                                    0x08001264   Section       62  sys_stackheap_outer.o(.text)
    .text                                    0x080012a4   Section       16  rt_ctype_table.o(.text)
    .text                                    0x080012b4   Section        8  rt_locale_intlibspace.o(.text)
    .text                                    0x080012bc   Section        0  _printf_fp_infnan.o(.text)
    .text                                    0x08001344   Section        0  bigflt0.o(.text)
    .text                                    0x0800140c   Section        0  btod.o(.text)
    btod_internal_mul                        0x0800144d   Thumb Code   456  btod.o(.text)
    btod_internal_div                        0x08001615   Thumb Code   494  btod.o(.text)
    .text                                    0x080018b4   Section        0  exit.o(.text)
    .text                                    0x080018c0   Section        8  libspace.o(.text)
    .text                                    0x080018c8   Section        0  strcmp.o(.text)
    .text                                    0x08001950   Section        0  sys_exit.o(.text)
    .text                                    0x0800195c   Section        2  use_no_semi.o(.text)
    .text                                    0x0800195e   Section        0  indicate_semi.o(.text)
    i.ADC_Enable                             0x08001960   Section        0  stm32f0xx_hal_adc.o(i.ADC_Enable)
    ADC_Enable                               0x08001961   Thumb Code   198  stm32f0xx_hal_adc.o(i.ADC_Enable)
    i.HAL_ADC_ConfigChannel                  0x08001a34   Section        0  stm32f0xx_hal_adc.o(i.HAL_ADC_ConfigChannel)
    i.HAL_ADC_GetValue                       0x08001be0   Section        0  stm32f0xx_hal_adc.o(i.HAL_ADC_GetValue)
    i.HAL_ADC_Init                           0x08001be8   Section        0  stm32f0xx_hal_adc.o(i.HAL_ADC_Init)
    i.HAL_ADC_MspInit                        0x08001da8   Section        0  stm32f0xx_hal_adc.o(i.HAL_ADC_MspInit)
    i.HAL_ADC_PollForConversion              0x08001daa   Section        0  stm32f0xx_hal_adc.o(i.HAL_ADC_PollForConversion)
    i.HAL_ADC_Start                          0x08001e90   Section        0  stm32f0xx_hal_adc.o(i.HAL_ADC_Start)
    i.HAL_GPIO_Init                          0x08001f08   Section        0  stm32f0xx_hal_gpio.o(i.HAL_GPIO_Init)
    i.HAL_GPIO_WritePin                      0x08002104   Section        0  stm32f0xx_hal_gpio.o(i.HAL_GPIO_WritePin)
    i.HAL_GetTick                            0x08002110   Section        0  stm32f0xx_hal.o(i.HAL_GetTick)
    i.HAL_InitTick                           0x0800211c   Section        0  stm32f0xx_hal.o(i.HAL_InitTick)
    i.HAL_NVIC_SetPriority                   0x08002142   Section        0  stm32f0xx_hal_cortex.o(i.HAL_NVIC_SetPriority)
    i.HAL_RCCEx_PeriphCLKConfig              0x08002154   Section        0  stm32f0xx_hal_rcc_ex.o(i.HAL_RCCEx_PeriphCLKConfig)
    i.HAL_RCC_ClockConfig                    0x080022dc   Section        0  stm32f0xx_hal_rcc.o(i.HAL_RCC_ClockConfig)
    i.HAL_RCC_GetHCLKFreq                    0x080024ac   Section        0  stm32f0xx_hal_rcc.o(i.HAL_RCC_GetHCLKFreq)
    i.HAL_RCC_GetPCLK1Freq                   0x080024b8   Section        0  stm32f0xx_hal_rcc.o(i.HAL_RCC_GetPCLK1Freq)
    i.HAL_RCC_GetSysClockFreq                0x080024dc   Section        0  stm32f0xx_hal_rcc.o(i.HAL_RCC_GetSysClockFreq)
    i.HAL_RCC_OscConfig                      0x080025cc   Section        0  stm32f0xx_hal_rcc.o(i.HAL_RCC_OscConfig)
    i.HAL_SYSTICK_Config                     0x08002bcc   Section        0  stm32f0xx_hal_cortex.o(i.HAL_SYSTICK_Config)
    i.HAL_UART_Init                          0x08002c04   Section        0  stm32f0xx_hal_uart.o(i.HAL_UART_Init)
    i.HAL_UART_MspInit                       0x08002c86   Section        0  stm32f0xx_hal_uart.o(i.HAL_UART_MspInit)
    i.SysTick_Handler                        0x08002c88   Section        0  hal.o(i.SysTick_Handler)
    i.SystemCoreClockUpdate                  0x08002d68   Section        0  system_stm32f0xx.o(i.SystemCoreClockUpdate)
    i.SystemInit                             0x08002e1c   Section        0  system_stm32f0xx.o(i.SystemInit)
    i.UART_AdvFeatureConfig                  0x08002e94   Section        0  stm32f0xx_hal_uart.o(i.UART_AdvFeatureConfig)
    i.UART_CheckIdleState                    0x08002f84   Section        0  stm32f0xx_hal_uart.o(i.UART_CheckIdleState)
    i.UART_SetConfig                         0x08003010   Section        0  stm32f0xx_hal_uart.o(i.UART_SetConfig)
    i.UART_WaitOnFlagUntilTimeout            0x08003244   Section        0  stm32f0xx_hal_uart.o(i.UART_WaitOnFlagUntilTimeout)
    i.__ARM_common_ll_muluu                  0x080032b4   Section        0  btod.o(i.__ARM_common_ll_muluu)
    i.__ARM_fpclassify                       0x080032e4   Section        0  fpclassify.o(i.__ARM_fpclassify)
    i.__NVIC_SetPriority                     0x08003310   Section        0  hal.o(i.__NVIC_SetPriority)
    __NVIC_SetPriority                       0x08003311   Thumb Code   110  hal.o(i.__NVIC_SetPriority)
    i.__NVIC_SetPriority                     0x08003388   Section        0  stm32f0xx_hal_cortex.o(i.__NVIC_SetPriority)
    __NVIC_SetPriority                       0x08003389   Thumb Code   110  stm32f0xx_hal_cortex.o(i.__NVIC_SetPriority)
    i._is_digit                              0x08003400   Section        0  __printf_wp.o(i._is_digit)
    i.arb_delay                              0x0800340e   Section        0  hal.o(i.arb_delay)
    i.gpio_prot_power_end                    0x08003424   Section        0  hal.o(i.gpio_prot_power_end)
    i.gpio_prot_power_rail_disable           0x08003430   Section        0  hal.o(i.gpio_prot_power_rail_disable)
    i.gpio_prot_power_rail_enable            0x0800344c   Section        0  hal.o(i.gpio_prot_power_rail_enable)
    i.gpio_prot_power_start                  0x0800349c   Section        0  hal.o(i.gpio_prot_power_start)
    i.gpio_set_output                        0x080034a8   Section        0  hal.o(i.gpio_set_output)
    i.hal_init                               0x080034c8   Section        0  hal.o(i.hal_init)
    i.main                                   0x0800390c   Section        0  main.o(i.main)
    i.main_psu_power_on                      0x08003914   Section        0  hal.o(i.main_psu_power_on)
    i.raspi_power_on                         0x0800394c   Section        0  hal.o(i.raspi_power_on)
    i.raspi_rapid_power_off                  0x080039e0   Section        0  hal.o(i.raspi_rapid_power_off)
    i.systick_wait                           0x08003a2c   Section        0  hal.o(i.systick_wait)
    i.uart_printf                            0x08003a44   Section        0  hal.o(i.uart_printf)
    i.uart_putsraw                           0x08003a70   Section        0  hal.o(i.uart_putsraw)
    i.zynq_power_on                          0x08003a98   Section        0  hal.o(i.zynq_power_on)
    i.zynq_rapid_power_off                   0x08003b6c   Section        0  hal.o(i.zynq_rapid_power_off)
    locale$$code                             0x08003c00   Section       44  lc_numeric_c.o(locale$$code)
    locale$$code                             0x08003c2c   Section       44  lc_ctype_c.o(locale$$code)
    x$fpl$printf1                            0x08003c58   Section       16  printf1.o(x$fpl$printf1)
    x$fpl$printf2                            0x08003c68   Section       16  printf2.o(x$fpl$printf2)
    .constdata                               0x08003c78   Section       24  system_stm32f0xx.o(.constdata)
    x$fpl$usenofp                            0x08003c78   Section        0  usenofp.o(x$fpl$usenofp)
    .constdata                               0x08003c90   Section        8  _printf_wctomb.o(.constdata)
    initial_mbstate                          0x08003c90   Data           8  _printf_wctomb.o(.constdata)
    .constdata                               0x08003c98   Section       40  _printf_hex_int_ll_ptr.o(.constdata)
    uc_hextab                                0x08003c98   Data          20  _printf_hex_int_ll_ptr.o(.constdata)
    lc_hextab                                0x08003cac   Data          20  _printf_hex_int_ll_ptr.o(.constdata)
    .constdata                               0x08003cc0   Section       17  __printf_flags_ss_wp.o(.constdata)
    maptable                                 0x08003cc0   Data          17  __printf_flags_ss_wp.o(.constdata)
    .constdata                               0x08003cd1   Section       38  _printf_fp_hex.o(.constdata)
    lc_hextab                                0x08003cd1   Data          19  _printf_fp_hex.o(.constdata)
    uc_hextab                                0x08003ce4   Data          19  _printf_fp_hex.o(.constdata)
    .constdata                               0x08003cf8   Section      148  bigflt0.o(.constdata)
    tenpwrs_x                                0x08003cf8   Data          60  bigflt0.o(.constdata)
    tenpwrs_i                                0x08003d34   Data          64  bigflt0.o(.constdata)
    .conststring                             0x08003d8c   Section      135  hal.o(.conststring)
    locale$$data                             0x08003e34   Section       28  lc_numeric_c.o(locale$$data)
    __lcnum_c_name                           0x08003e38   Data           2  lc_numeric_c.o(locale$$data)
    __lcnum_c_start                          0x08003e40   Data           0  lc_numeric_c.o(locale$$data)
    __lcnum_c_point                          0x08003e4c   Data           0  lc_numeric_c.o(locale$$data)
    __lcnum_c_thousands                      0x08003e4e   Data           0  lc_numeric_c.o(locale$$data)
    __lcnum_c_grouping                       0x08003e4f   Data           0  lc_numeric_c.o(locale$$data)
    locale$$data                             0x08003e50   Section      272  lc_ctype_c.o(locale$$data)
    __lcnum_c_end                            0x08003e50   Data           0  lc_numeric_c.o(locale$$data)
    __lcctype_c_name                         0x08003e54   Data           2  lc_ctype_c.o(locale$$data)
    __lcctype_c_start                        0x08003e5c   Data           0  lc_ctype_c.o(locale$$data)
    __lcctype_c_end                          0x08003f60   Data           0  lc_ctype_c.o(locale$$data)
    .data                                    0x20000000   Section       84  hal.o(.data)
    .data                                    0x20000054   Section        4  stm32f0xx_hal.o(.data)
    .data                                    0x20000058   Section        4  system_stm32f0xx.o(.data)
    .bss                                     0x2000005c   Section     1244  hal.o(.bss)
    g_UARTHandle                             0x2000005c   Data         112  hal.o(.bss)
    g_ADCHandle                              0x200000cc   Data          76  hal.o(.bss)
    .bss                                     0x20000538   Section       96  libspace.o(.bss)
    HEAP                                     0x20000598   Section      512  startup_stm32f071xb.o(HEAP)
    Heap_Mem                                 0x20000598   Data         512  startup_stm32f071xb.o(HEAP)
    STACK                                    0x20000798   Section     1024  startup_stm32f071xb.o(STACK)
    Stack_Mem                                0x20000798   Data        1024  startup_stm32f071xb.o(STACK)
    __initial_sp                             0x20000b98   Data           0  startup_stm32f071xb.o(STACK)

    Global Symbols

    Symbol Name                              Value     Ov Type        Size  Object(Section)

    BuildAttributes$$THM_ISAv3M$S$PE$A:L22$X:L11$S22$IEEE1$IW$USESV6$~STKCKD$USESV7$~SHL$OTIME$ROPI$IEEEJ$EBA8$UX$STANDARDLIB$REQ8$PRES8$EABIv2 0x00000000   Number         0  anon$$obj.o ABSOLUTE
    __ARM_use_no_argv                        0x00000000   Number         0  main.o ABSOLUTE
    _printf_flags                            0x00000000   Number         0  printf_stubs.o ABSOLUTE
    _printf_return_value                     0x00000000   Number         0  printf_stubs.o ABSOLUTE
    _printf_sizespec                         0x00000000   Number         0  printf_stubs.o ABSOLUTE
    _printf_widthprec                        0x00000000   Number         0  printf_stubs.o ABSOLUTE
    __ARM_exceptions_init                     - Undefined Weak Reference
    __alloca_initialize                       - Undefined Weak Reference
    __arm_preinit_                            - Undefined Weak Reference
    __cpp_initialize__aeabi_                  - Undefined Weak Reference
    __cxa_finalize                            - Undefined Weak Reference
    __sigvec_lookup                           - Undefined Weak Reference
    _atexit_init                              - Undefined Weak Reference
    _call_atexit_fns                          - Undefined Weak Reference
    _clock_init                               - Undefined Weak Reference
    _fp_trap_init                             - Undefined Weak Reference
    _fp_trap_shutdown                         - Undefined Weak Reference
    _get_lc_collate                           - Undefined Weak Reference
    _get_lc_monetary                          - Undefined Weak Reference
    _get_lc_time                              - Undefined Weak Reference
    _getenv_init                              - Undefined Weak Reference
    _handle_redirection                       - Undefined Weak Reference
    _init_alloc                               - Undefined Weak Reference
    _init_user_alloc                          - Undefined Weak Reference
    _initio                                   - Undefined Weak Reference
    _printf_mbtowc                            - Undefined Weak Reference
    _printf_wc                                - Undefined Weak Reference
    _rand_init                                - Undefined Weak Reference
    _signal_finish                            - Undefined Weak Reference
    _signal_init                              - Undefined Weak Reference
    _terminate_alloc                          - Undefined Weak Reference
    _terminate_user_alloc                     - Undefined Weak Reference
    _terminateio                              - Undefined Weak Reference
    __Vectors_Size                           0x000000bc   Number         0  startup_stm32f071xb.o ABSOLUTE
    __Vectors                                0x08000000   Data           4  startup_stm32f071xb.o(RESET)
    __Vectors_End                            0x080000bc   Data           0  startup_stm32f071xb.o(RESET)
    __main                                   0x080000bd   Thumb Code     8  __main.o(!!!main)
    __scatterload                            0x080000c5   Thumb Code     0  __scatter.o(!!!scatter)
    __scatterload_rt2                        0x080000c5   Thumb Code    52  __scatter.o(!!!scatter)
    __scatterload_rt2_thumb_only             0x080000c5   Thumb Code     0  __scatter.o(!!!scatter)
    __scatterload_null                       0x080000d5   Thumb Code     0  __scatter.o(!!!scatter)
    __scatterload_copy                       0x08000101   Thumb Code    26  __scatter_copy.o(!!handler_copy)
    __scatterload_zeroinit                   0x0800011d   Thumb Code    28  __scatter_zi.o(!!handler_zi)
    _printf_percent                          0x08000139   Thumb Code     0  _printf_percent.o(.ARM.Collect$$_printf_percent$$00000000)
    _printf_n                                0x0800013b   Thumb Code     0  _printf_n.o(.ARM.Collect$$_printf_percent$$00000001)
    _printf_p                                0x08000145   Thumb Code     0  _printf_p.o(.ARM.Collect$$_printf_percent$$00000002)
    _printf_f                                0x0800014f   Thumb Code     0  _printf_f.o(.ARM.Collect$$_printf_percent$$00000003)
    _printf_e                                0x08000159   Thumb Code     0  _printf_e.o(.ARM.Collect$$_printf_percent$$00000004)
    _printf_g                                0x08000163   Thumb Code     0  _printf_g.o(.ARM.Collect$$_printf_percent$$00000005)
    _printf_a                                0x0800016d   Thumb Code     0  _printf_a.o(.ARM.Collect$$_printf_percent$$00000006)
    _printf_ll                               0x08000177   Thumb Code     0  _printf_ll.o(.ARM.Collect$$_printf_percent$$00000007)
    _printf_i                                0x08000181   Thumb Code     0  _printf_i.o(.ARM.Collect$$_printf_percent$$00000008)
    _printf_d                                0x0800018b   Thumb Code     0  _printf_d.o(.ARM.Collect$$_printf_percent$$00000009)
    _printf_u                                0x08000195   Thumb Code     0  _printf_u.o(.ARM.Collect$$_printf_percent$$0000000A)
    _printf_o                                0x0800019f   Thumb Code     0  _printf_o.o(.ARM.Collect$$_printf_percent$$0000000B)
    _printf_x                                0x080001a9   Thumb Code     0  _printf_x.o(.ARM.Collect$$_printf_percent$$0000000C)
    _printf_lli                              0x080001b3   Thumb Code     0  _printf_lli.o(.ARM.Collect$$_printf_percent$$0000000D)
    _printf_lld                              0x080001bd   Thumb Code     0  _printf_lld.o(.ARM.Collect$$_printf_percent$$0000000E)
    _printf_llu                              0x080001c7   Thumb Code     0  _printf_llu.o(.ARM.Collect$$_printf_percent$$0000000F)
    _printf_llo                              0x080001d1   Thumb Code     0  _printf_llo.o(.ARM.Collect$$_printf_percent$$00000010)
    _printf_llx                              0x080001db   Thumb Code     0  _printf_llx.o(.ARM.Collect$$_printf_percent$$00000011)
    _printf_l                                0x080001e5   Thumb Code     0  _printf_l.o(.ARM.Collect$$_printf_percent$$00000012)
    _printf_c                                0x080001ef   Thumb Code     0  _printf_c.o(.ARM.Collect$$_printf_percent$$00000013)
    _printf_s                                0x080001f9   Thumb Code     0  _printf_s.o(.ARM.Collect$$_printf_percent$$00000014)
    _printf_lc                               0x08000203   Thumb Code     0  _printf_lc.o(.ARM.Collect$$_printf_percent$$00000015)
    _printf_ls                               0x0800020d   Thumb Code     0  _printf_ls.o(.ARM.Collect$$_printf_percent$$00000016)
    _printf_percent_end                      0x08000217   Thumb Code     0  _printf_percent_end.o(.ARM.Collect$$_printf_percent$$00000017)
    __rt_lib_init                            0x0800021b   Thumb Code     0  libinit.o(.ARM.Collect$$libinit$$00000000)
    __rt_lib_init_fp_1                       0x0800021d   Thumb Code     0  libinit2.o(.ARM.Collect$$libinit$$00000002)
    __rt_lib_init_heap_1                     0x0800021d   Thumb Code     0  libinit2.o(.ARM.Collect$$libinit$$0000000A)
    __rt_lib_init_lc_common                  0x0800021d   Thumb Code     0  libinit2.o(.ARM.Collect$$libinit$$0000000F)
    __rt_lib_init_preinit_1                  0x0800021d   Thumb Code     0  libinit2.o(.ARM.Collect$$libinit$$00000004)
    __rt_lib_init_rand_1                     0x0800021d   Thumb Code     0  libinit2.o(.ARM.Collect$$libinit$$0000000E)
    __rt_lib_init_user_alloc_1               0x0800021d   Thumb Code     0  libinit2.o(.ARM.Collect$$libinit$$0000000C)
    __rt_lib_init_lc_collate_1               0x08000223   Thumb Code     0  libinit2.o(.ARM.Collect$$libinit$$00000011)
    __rt_lib_init_lc_ctype_2                 0x08000223   Thumb Code     0  libinit2.o(.ARM.Collect$$libinit$$00000012)
    __rt_lib_init_lc_ctype_1                 0x0800022f   Thumb Code     0  libinit2.o(.ARM.Collect$$libinit$$00000013)
    __rt_lib_init_lc_monetary_1              0x0800022f   Thumb Code     0  libinit2.o(.ARM.Collect$$libinit$$00000015)
    __rt_lib_init_lc_numeric_2               0x0800022f   Thumb Code     0  libinit2.o(.ARM.Collect$$libinit$$00000016)
    __rt_lib_init_alloca_1                   0x08000239   Thumb Code     0  libinit2.o(.ARM.Collect$$libinit$$0000002E)
    __rt_lib_init_argv_1                     0x08000239   Thumb Code     0  libinit2.o(.ARM.Collect$$libinit$$0000002C)
    __rt_lib_init_atexit_1                   0x08000239   Thumb Code     0  libinit2.o(.ARM.Collect$$libinit$$0000001B)
    __rt_lib_init_clock_1                    0x08000239   Thumb Code     0  libinit2.o(.ARM.Collect$$libinit$$00000021)
    __rt_lib_init_cpp_1                      0x08000239   Thumb Code     0  libinit2.o(.ARM.Collect$$libinit$$00000032)
    __rt_lib_init_exceptions_1               0x08000239   Thumb Code     0  libinit2.o(.ARM.Collect$$libinit$$00000030)
    __rt_lib_init_fp_trap_1                  0x08000239   Thumb Code     0  libinit2.o(.ARM.Collect$$libinit$$0000001F)
    __rt_lib_init_getenv_1                   0x08000239   Thumb Code     0  libinit2.o(.ARM.Collect$$libinit$$00000023)
    __rt_lib_init_lc_numeric_1               0x08000239   Thumb Code     0  libinit2.o(.ARM.Collect$$libinit$$00000017)
    __rt_lib_init_lc_time_1                  0x08000239   Thumb Code     0  libinit2.o(.ARM.Collect$$libinit$$00000019)
    __rt_lib_init_return                     0x08000239   Thumb Code     0  libinit2.o(.ARM.Collect$$libinit$$00000033)
    __rt_lib_init_signal_1                   0x08000239   Thumb Code     0  libinit2.o(.ARM.Collect$$libinit$$0000001D)
    __rt_lib_init_stdio_1                    0x08000239   Thumb Code     0  libinit2.o(.ARM.Collect$$libinit$$00000025)
    __rt_lib_shutdown                        0x0800023b   Thumb Code     0  libshutdown.o(.ARM.Collect$$libshutdown$$00000000)
    __rt_lib_shutdown_fp_trap_1              0x0800023d   Thumb Code     0  libshutdown2.o(.ARM.Collect$$libshutdown$$00000006)
    __rt_lib_shutdown_heap_1                 0x0800023d   Thumb Code     0  libshutdown2.o(.ARM.Collect$$libshutdown$$0000000E)
    __rt_lib_shutdown_return                 0x0800023d   Thumb Code     0  libshutdown2.o(.ARM.Collect$$libshutdown$$0000000F)
    __rt_lib_shutdown_signal_1               0x0800023d   Thumb Code     0  libshutdown2.o(.ARM.Collect$$libshutdown$$00000009)
    __rt_lib_shutdown_stdio_1                0x0800023d   Thumb Code     0  libshutdown2.o(.ARM.Collect$$libshutdown$$00000003)
    __rt_lib_shutdown_user_alloc_1           0x0800023d   Thumb Code     0  libshutdown2.o(.ARM.Collect$$libshutdown$$0000000B)
    __rt_entry                               0x0800023f   Thumb Code     0  __rtentry.o(.ARM.Collect$$rtentry$$00000000)
    __rt_entry_presh_1                       0x0800023f   Thumb Code     0  __rtentry2.o(.ARM.Collect$$rtentry$$00000002)
    __rt_entry_sh                            0x0800023f   Thumb Code     0  __rtentry4.o(.ARM.Collect$$rtentry$$00000004)
    __rt_entry_li                            0x08000245   Thumb Code     0  __rtentry2.o(.ARM.Collect$$rtentry$$0000000A)
    __rt_entry_postsh_1                      0x08000245   Thumb Code     0  __rtentry2.o(.ARM.Collect$$rtentry$$00000009)
    __rt_entry_main                          0x08000249   Thumb Code     0  __rtentry2.o(.ARM.Collect$$rtentry$$0000000D)
    __rt_entry_postli_1                      0x08000249   Thumb Code     0  __rtentry2.o(.ARM.Collect$$rtentry$$0000000C)
    __rt_exit                                0x08000251   Thumb Code     0  rtexit.o(.ARM.Collect$$rtexit$$00000000)
    __rt_exit_ls                             0x08000253   Thumb Code     0  rtexit2.o(.ARM.Collect$$rtexit$$00000003)
    __rt_exit_prels_1                        0x08000253   Thumb Code     0  rtexit2.o(.ARM.Collect$$rtexit$$00000002)
    __rt_exit_exit                           0x08000257   Thumb Code     0  rtexit2.o(.ARM.Collect$$rtexit$$00000004)
    Reset_Handler                            0x0800025d   Thumb Code     8  startup_stm32f071xb.o(.text)
    NMI_Handler                              0x08000265   Thumb Code     2  startup_stm32f071xb.o(.text)
    HardFault_Handler                        0x08000267   Thumb Code     2  startup_stm32f071xb.o(.text)
    SVC_Handler                              0x08000269   Thumb Code     2  startup_stm32f071xb.o(.text)
    PendSV_Handler                           0x0800026b   Thumb Code     2  startup_stm32f071xb.o(.text)
    ADC1_COMP_IRQHandler                     0x0800026f   Thumb Code     0  startup_stm32f071xb.o(.text)
    CEC_IRQHandler                           0x0800026f   Thumb Code     0  startup_stm32f071xb.o(.text)
    DMA1_Channel1_IRQHandler                 0x0800026f   Thumb Code     0  startup_stm32f071xb.o(.text)
    DMA1_Channel2_3_IRQHandler               0x0800026f   Thumb Code     0  startup_stm32f071xb.o(.text)
    DMA1_Channel4_5_6_7_IRQHandler           0x0800026f   Thumb Code     0  startup_stm32f071xb.o(.text)
    EXTI0_1_IRQHandler                       0x0800026f   Thumb Code     0  startup_stm32f071xb.o(.text)
    EXTI2_3_IRQHandler                       0x0800026f   Thumb Code     0  startup_stm32f071xb.o(.text)
    EXTI4_15_IRQHandler                      0x0800026f   Thumb Code     0  startup_stm32f071xb.o(.text)
    FLASH_IRQHandler                         0x0800026f   Thumb Code     0  startup_stm32f071xb.o(.text)
    I2C1_IRQHandler                          0x0800026f   Thumb Code     0  startup_stm32f071xb.o(.text)
    I2C2_IRQHandler                          0x0800026f   Thumb Code     0  startup_stm32f071xb.o(.text)
    PVD_VDDIO2_IRQHandler                    0x0800026f   Thumb Code     0  startup_stm32f071xb.o(.text)
    RCC_CRS_IRQHandler                       0x0800026f   Thumb Code     0  startup_stm32f071xb.o(.text)
    RTC_IRQHandler                           0x0800026f   Thumb Code     0  startup_stm32f071xb.o(.text)
    SPI1_IRQHandler                          0x0800026f   Thumb Code     0  startup_stm32f071xb.o(.text)
    SPI2_IRQHandler                          0x0800026f   Thumb Code     0  startup_stm32f071xb.o(.text)
    TIM14_IRQHandler                         0x0800026f   Thumb Code     0  startup_stm32f071xb.o(.text)
    TIM15_IRQHandler                         0x0800026f   Thumb Code     0  startup_stm32f071xb.o(.text)
    TIM16_IRQHandler                         0x0800026f   Thumb Code     0  startup_stm32f071xb.o(.text)
    TIM17_IRQHandler                         0x0800026f   Thumb Code     0  startup_stm32f071xb.o(.text)
    TIM1_BRK_UP_TRG_COM_IRQHandler           0x0800026f   Thumb Code     0  startup_stm32f071xb.o(.text)
    TIM1_CC_IRQHandler                       0x0800026f   Thumb Code     0  startup_stm32f071xb.o(.text)
    TIM2_IRQHandler                          0x0800026f   Thumb Code     0  startup_stm32f071xb.o(.text)
    TIM3_IRQHandler                          0x0800026f   Thumb Code     0  startup_stm32f071xb.o(.text)
    TIM6_DAC_IRQHandler                      0x0800026f   Thumb Code     0  startup_stm32f071xb.o(.text)
    TIM7_IRQHandler                          0x0800026f   Thumb Code     0  startup_stm32f071xb.o(.text)
    TSC_IRQHandler                           0x0800026f   Thumb Code     0  startup_stm32f071xb.o(.text)
    USART1_IRQHandler                        0x0800026f   Thumb Code     0  startup_stm32f071xb.o(.text)
    USART2_IRQHandler                        0x0800026f   Thumb Code     0  startup_stm32f071xb.o(.text)
    USART3_4_IRQHandler                      0x0800026f   Thumb Code     0  startup_stm32f071xb.o(.text)
    WWDG_IRQHandler                          0x0800026f   Thumb Code     0  startup_stm32f071xb.o(.text)
    __user_initial_stackheap                 0x08000271   Thumb Code     0  startup_stm32f071xb.o(.text)
    vsnprintf                                0x08000295   Thumb Code    50  vsnprintf.o(.text)
    __aeabi_uidiv                            0x080002cd   Thumb Code     0  aeabi_sdiv.o(.text)
    __aeabi_uidivmod                         0x080002cd   Thumb Code    20  aeabi_sdiv.o(.text)
    __aeabi_idiv                             0x080002e1   Thumb Code     0  aeabi_sdiv.o(.text)
    __aeabi_idivmod                          0x080002e1   Thumb Code   326  aeabi_sdiv.o(.text)
    __use_two_region_memory                  0x08000427   Thumb Code     2  heapauxi.o(.text)
    __rt_heap_escrow$2region                 0x08000429   Thumb Code     2  heapauxi.o(.text)
    __rt_heap_expand$2region                 0x0800042b   Thumb Code     2  heapauxi.o(.text)
    _printf_pre_padding                      0x0800042d   Thumb Code    44  _printf_pad.o(.text)
    _printf_post_padding                     0x08000459   Thumb Code    34  _printf_pad.o(.text)
    _printf_truncate_signed                  0x0800047b   Thumb Code    18  _printf_truncate.o(.text)
    _printf_truncate_unsigned                0x0800048d   Thumb Code    18  _printf_truncate.o(.text)
    _printf_str                              0x0800049f   Thumb Code    82  _printf_str.o(.text)
    _printf_int_dec                          0x080004f1   Thumb Code    90  _printf_dec.o(.text)
    _printf_charcount                        0x0800055d   Thumb Code    38  _printf_charcount.o(.text)
    _printf_char_common                      0x0800058f   Thumb Code    32  _printf_char_common.o(.text)
    _sputc                                   0x080005b5   Thumb Code    10  _sputc.o(.text)
    _snputc                                  0x080005bf   Thumb Code    16  _snputc.o(.text)
    _printf_wctomb                           0x080005d1   Thumb Code   182  _printf_wctomb.o(.text)
    _printf_longlong_dec                     0x0800068d   Thumb Code    94  _printf_longlong_dec.o(.text)
    _printf_longlong_oct                     0x080006fd   Thumb Code    68  _printf_oct_int_ll.o(.text)
    _printf_int_oct                          0x08000741   Thumb Code    24  _printf_oct_int_ll.o(.text)
    _printf_ll_oct                           0x08000759   Thumb Code    10  _printf_oct_int_ll.o(.text)
    _printf_longlong_hex                     0x0800076d   Thumb Code    88  _printf_hex_int_ll_ptr.o(.text)
    _printf_int_hex                          0x080007c5   Thumb Code    28  _printf_hex_int_ll_ptr.o(.text)
    _printf_ll_hex                           0x080007e1   Thumb Code    10  _printf_hex_int_ll_ptr.o(.text)
    _printf_hex_ptr                          0x080007eb   Thumb Code    22  _printf_hex_int_ll_ptr.o(.text)
    __printf                                 0x08000805   Thumb Code   386  __printf_flags_ss_wp.o(.text)
    _ll_udiv10                               0x0800098d   Thumb Code   122  lludiv10.o(.text)
    _printf_int_common                       0x08000a07   Thumb Code   176  _printf_intcommon.o(.text)
    __lib_sel_fp_printf                      0x08000ab9   Thumb Code     2  _printf_fp_dec.o(.text)
    _printf_fp_dec_real                      0x08000c53   Thumb Code   620  _printf_fp_dec.o(.text)
    _printf_fp_hex_real                      0x08000ecd   Thumb Code   714  _printf_fp_hex.o(.text)
    _printf_cs_common                        0x080011a1   Thumb Code    22  _printf_char.o(.text)
    _printf_char                             0x080011b7   Thumb Code    16  _printf_char.o(.text)
    _printf_string                           0x080011c7   Thumb Code     8  _printf_char.o(.text)
    _printf_lcs_common                       0x080011cf   Thumb Code    22  _printf_wchar.o(.text)
    _printf_wchar                            0x080011e5   Thumb Code    16  _printf_wchar.o(.text)
    _printf_wstring                          0x080011f5   Thumb Code     8  _printf_wchar.o(.text)
    _wcrtomb                                 0x080011fd   Thumb Code    64  _wcrtomb.o(.text)
    __rt_udiv10                              0x0800123d   Thumb Code    40  rtudiv10.o(.text)
    __user_setup_stackheap                   0x08001265   Thumb Code    62  sys_stackheap_outer.o(.text)
    __rt_ctype_table                         0x080012a5   Thumb Code    16  rt_ctype_table.o(.text)
    __rt_locale                              0x080012b5   Thumb Code     8  rt_locale_intlibspace.o(.text)
    _printf_fp_infnan                        0x080012bd   Thumb Code   120  _printf_fp_infnan.o(.text)
    _btod_etento                             0x08001345   Thumb Code   196  bigflt0.o(.text)
    _btod_d2e                                0x0800140d   Thumb Code    64  btod.o(.text)
    _btod_emul                               0x08001803   Thumb Code    24  btod.o(.text)
    _btod_emuld                              0x0800181b   Thumb Code    60  btod.o(.text)
    _btod_ediv                               0x08001857   Thumb Code    22  btod.o(.text)
    _btod_edivd                              0x0800186d   Thumb Code    60  btod.o(.text)
    exit                                     0x080018b5   Thumb Code    12  exit.o(.text)
    __user_libspace                          0x080018c1   Thumb Code     8  libspace.o(.text)
    __user_perproc_libspace                  0x080018c1   Thumb Code     0  libspace.o(.text)
    __user_perthread_libspace                0x080018c1   Thumb Code     0  libspace.o(.text)
    strcmp                                   0x080018c9   Thumb Code   132  strcmp.o(.text)
    _sys_exit                                0x08001951   Thumb Code     8  sys_exit.o(.text)
    __I$use$semihosting                      0x0800195d   Thumb Code     0  use_no_semi.o(.text)
    __use_no_semihosting_swi                 0x0800195d   Thumb Code     2  use_no_semi.o(.text)
    __semihosting_library_function           0x0800195f   Thumb Code     0  indicate_semi.o(.text)
    HAL_ADC_ConfigChannel                    0x08001a35   Thumb Code   412  stm32f0xx_hal_adc.o(i.HAL_ADC_ConfigChannel)
    HAL_ADC_GetValue                         0x08001be1   Thumb Code     8  stm32f0xx_hal_adc.o(i.HAL_ADC_GetValue)
    HAL_ADC_Init                             0x08001be9   Thumb Code   440  stm32f0xx_hal_adc.o(i.HAL_ADC_Init)
    HAL_ADC_MspInit                          0x08001da9   Thumb Code     2  stm32f0xx_hal_adc.o(i.HAL_ADC_MspInit)
    HAL_ADC_PollForConversion                0x08001dab   Thumb Code   228  stm32f0xx_hal_adc.o(i.HAL_ADC_PollForConversion)
    HAL_ADC_Start                            0x08001e91   Thumb Code   114  stm32f0xx_hal_adc.o(i.HAL_ADC_Start)
    HAL_GPIO_Init                            0x08001f09   Thumb Code   480  stm32f0xx_hal_gpio.o(i.HAL_GPIO_Init)
    HAL_GPIO_WritePin                        0x08002105   Thumb Code    12  stm32f0xx_hal_gpio.o(i.HAL_GPIO_WritePin)
    HAL_GetTick                              0x08002111   Thumb Code     6  stm32f0xx_hal.o(i.HAL_GetTick)
    HAL_InitTick                             0x0800211d   Thumb Code    38  stm32f0xx_hal.o(i.HAL_InitTick)
    HAL_NVIC_SetPriority                     0x08002143   Thumb Code    18  stm32f0xx_hal_cortex.o(i.HAL_NVIC_SetPriority)
    HAL_RCCEx_PeriphCLKConfig                0x08002155   Thumb Code   378  stm32f0xx_hal_rcc_ex.o(i.HAL_RCCEx_PeriphCLKConfig)
    HAL_RCC_ClockConfig                      0x080022dd   Thumb Code   444  stm32f0xx_hal_rcc.o(i.HAL_RCC_ClockConfig)
    HAL_RCC_GetHCLKFreq                      0x080024ad   Thumb Code     6  stm32f0xx_hal_rcc.o(i.HAL_RCC_GetHCLKFreq)
    HAL_RCC_GetPCLK1Freq                     0x080024b9   Thumb Code    26  stm32f0xx_hal_rcc.o(i.HAL_RCC_GetPCLK1Freq)
    HAL_RCC_GetSysClockFreq                  0x080024dd   Thumb Code   194  stm32f0xx_hal_rcc.o(i.HAL_RCC_GetSysClockFreq)
    HAL_RCC_OscConfig                        0x080025cd   Thumb Code  1532  stm32f0xx_hal_rcc.o(i.HAL_RCC_OscConfig)
    HAL_SYSTICK_Config                       0x08002bcd   Thumb Code    46  stm32f0xx_hal_cortex.o(i.HAL_SYSTICK_Config)
    HAL_UART_Init                            0x08002c05   Thumb Code   130  stm32f0xx_hal_uart.o(i.HAL_UART_Init)
    HAL_UART_MspInit                         0x08002c87   Thumb Code     2  stm32f0xx_hal_uart.o(i.HAL_UART_MspInit)
    SysTick_Handler                          0x08002c89   Thumb Code   186  hal.o(i.SysTick_Handler)
    SystemCoreClockUpdate                    0x08002d69   Thumb Code   164  system_stm32f0xx.o(i.SystemCoreClockUpdate)
    SystemInit                               0x08002e1d   Thumb Code   102  system_stm32f0xx.o(i.SystemInit)
    UART_AdvFeatureConfig                    0x08002e95   Thumb Code   240  stm32f0xx_hal_uart.o(i.UART_AdvFeatureConfig)
    UART_CheckIdleState                      0x08002f85   Thumb Code   128  stm32f0xx_hal_uart.o(i.UART_CheckIdleState)
    UART_SetConfig                           0x08003011   Thumb Code   528  stm32f0xx_hal_uart.o(i.UART_SetConfig)
    UART_WaitOnFlagUntilTimeout              0x08003245   Thumb Code   112  stm32f0xx_hal_uart.o(i.UART_WaitOnFlagUntilTimeout)
    __ARM_common_ll_muluu                    0x080032b5   Thumb Code    48  btod.o(i.__ARM_common_ll_muluu)
    __ARM_fpclassify                         0x080032e5   Thumb Code    40  fpclassify.o(i.__ARM_fpclassify)
    _is_digit                                0x08003401   Thumb Code    14  __printf_wp.o(i._is_digit)
    arb_delay                                0x0800340f   Thumb Code    20  hal.o(i.arb_delay)
    gpio_prot_power_end                      0x08003425   Thumb Code     8  hal.o(i.gpio_prot_power_end)
    gpio_prot_power_rail_disable             0x08003431   Thumb Code    28  hal.o(i.gpio_prot_power_rail_disable)
    gpio_prot_power_rail_enable              0x0800344d   Thumb Code    76  hal.o(i.gpio_prot_power_rail_enable)
    gpio_prot_power_start                    0x0800349d   Thumb Code     8  hal.o(i.gpio_prot_power_start)
    gpio_set_output                          0x080034a9   Thumb Code    30  hal.o(i.gpio_set_output)
    hal_init                                 0x080034c9   Thumb Code   944  hal.o(i.hal_init)
    main                                     0x0800390d   Thumb Code     8  main.o(i.main)
    main_psu_power_on                        0x08003915   Thumb Code    52  hal.o(i.main_psu_power_on)
    raspi_power_on                           0x0800394d   Thumb Code   130  hal.o(i.raspi_power_on)
    raspi_rapid_power_off                    0x080039e1   Thumb Code    62  hal.o(i.raspi_rapid_power_off)
    systick_wait                             0x08003a2d   Thumb Code    18  hal.o(i.systick_wait)
    uart_printf                              0x08003a45   Thumb Code    40  hal.o(i.uart_printf)
    uart_putsraw                             0x08003a71   Thumb Code    36  hal.o(i.uart_putsraw)
    zynq_power_on                            0x08003a99   Thumb Code   172  hal.o(i.zynq_power_on)
    zynq_rapid_power_off                     0x08003b6d   Thumb Code   102  hal.o(i.zynq_rapid_power_off)
    _get_lc_numeric                          0x08003c01   Thumb Code    44  lc_numeric_c.o(locale$$code)
    _get_lc_ctype                            0x08003c2d   Thumb Code    44  lc_ctype_c.o(locale$$code)
    _printf_fp_dec                           0x08003c59   Thumb Code    16  printf1.o(x$fpl$printf1)
    _printf_fp_hex                           0x08003c69   Thumb Code    16  printf2.o(x$fpl$printf2)
    AHBPrescTable                            0x08003c78   Data          16  system_stm32f0xx.o(.constdata)
    __I$use$fp                               0x08003c78   Number         0  usenofp.o(x$fpl$usenofp)
    APBPrescTable                            0x08003c88   Data           8  system_stm32f0xx.o(.constdata)
    Region$$Table$$Base                      0x08003e14   Number         0  anon$$obj.o(Region$$Table)
    Region$$Table$$Limit                     0x08003e34   Number         0  anon$$obj.o(Region$$Table)
    __ctype                                  0x08003e5d   Data           0  lc_ctype_c.o(locale$$data)
    prot_rail_1v05_zynq                      0x20000000   Data          12  hal.o(.data)
    prot_rail_1v5_ddr                        0x2000000c   Data          12  hal.o(.data)
    prot_rail_fpga_aux_pll_adc               0x20000018   Data          12  hal.o(.data)
    prot_rail_fpga_pl_1v8_io                 0x20000024   Data          12  hal.o(.data)
    prot_rail_fpga_ps_pl_io                  0x20000030   Data          12  hal.o(.data)
    prot_rail_vtt_ddr                        0x2000003c   Data          12  hal.o(.data)
    ms_since_boot                            0x20000048   Data           8  hal.o(.data)
    ms_counter                               0x20000050   Data           4  hal.o(.data)
    uwTick                                   0x20000054   Data           4  stm32f0xx_hal.o(.data)
    SystemCoreClock                          0x20000058   Data           4  system_stm32f0xx.o(.data)
    sys_state                                0x20000118   Data          32  hal.o(.bss)
    vsnprint_buffer                          0x20000138   Data        1024  hal.o(.bss)
    __libspace_start                         0x20000538   Data          96  libspace.o(.bss)
    __temporary_stack_top$libspace           0x20000598   Data           0  libspace.o(.bss)



==============================================================================

Memory Map of the image

  Image Entry point : 0x080000bd

  Load Region LR_IROM1 (Base: 0x08000000, Size: 0x00003fbc, Max: 0x00020000, ABSOLUTE)

    Execution Region ER_IROM1 (Base: 0x08000000, Size: 0x00003f60, Max: 0x00020000, ABSOLUTE)

    Base Addr    Size         Type   Attr      Idx    E Section Name        Object

    0x08000000   0x000000bc   Data   RO         5956    RESET               startup_stm32f071xb.o
    0x080000bc   0x00000008   Code   RO         6006  * !!!main             c_p.l(__main.o)
    0x080000c4   0x0000003c   Code   RO         6324    !!!scatter          c_p.l(__scatter.o)
    0x08000100   0x0000001a   Code   RO         6326    !!handler_copy      c_p.l(__scatter_copy.o)
    0x0800011a   0x00000002   PAD
    0x0800011c   0x0000001c   Code   RO         6328    !!handler_zi        c_p.l(__scatter_zi.o)
    0x08000138   0x00000002   Code   RO         6096    .ARM.Collect$$_printf_percent$$00000000  c_p.l(_printf_percent.o)
    0x0800013a   0x0000000a   Code   RO         6085    .ARM.Collect$$_printf_percent$$00000001  c_p.l(_printf_n.o)
    0x08000144   0x0000000a   Code   RO         6087    .ARM.Collect$$_printf_percent$$00000002  c_p.l(_printf_p.o)
    0x0800014e   0x0000000a   Code   RO         6092    .ARM.Collect$$_printf_percent$$00000003  c_p.l(_printf_f.o)
    0x08000158   0x0000000a   Code   RO         6093    .ARM.Collect$$_printf_percent$$00000004  c_p.l(_printf_e.o)
    0x08000162   0x0000000a   Code   RO         6094    .ARM.Collect$$_printf_percent$$00000005  c_p.l(_printf_g.o)
    0x0800016c   0x0000000a   Code   RO         6095    .ARM.Collect$$_printf_percent$$00000006  c_p.l(_printf_a.o)
    0x08000176   0x0000000a   Code   RO         6100    .ARM.Collect$$_printf_percent$$00000007  c_p.l(_printf_ll.o)
    0x08000180   0x0000000a   Code   RO         6089    .ARM.Collect$$_printf_percent$$00000008  c_p.l(_printf_i.o)
    0x0800018a   0x0000000a   Code   RO         6090    .ARM.Collect$$_printf_percent$$00000009  c_p.l(_printf_d.o)
    0x08000194   0x0000000a   Code   RO         6091    .ARM.Collect$$_printf_percent$$0000000A  c_p.l(_printf_u.o)
    0x0800019e   0x0000000a   Code   RO         6088    .ARM.Collect$$_printf_percent$$0000000B  c_p.l(_printf_o.o)
    0x080001a8   0x0000000a   Code   RO         6086    .ARM.Collect$$_printf_percent$$0000000C  c_p.l(_printf_x.o)
    0x080001b2   0x0000000a   Code   RO         6097    .ARM.Collect$$_printf_percent$$0000000D  c_p.l(_printf_lli.o)
    0x080001bc   0x0000000a   Code   RO         6098    .ARM.Collect$$_printf_percent$$0000000E  c_p.l(_printf_lld.o)
    0x080001c6   0x0000000a   Code   RO         6099    .ARM.Collect$$_printf_percent$$0000000F  c_p.l(_printf_llu.o)
    0x080001d0   0x0000000a   Code   RO         6104    .ARM.Collect$$_printf_percent$$00000010  c_p.l(_printf_llo.o)
    0x080001da   0x0000000a   Code   RO         6105    .ARM.Collect$$_printf_percent$$00000011  c_p.l(_printf_llx.o)
    0x080001e4   0x0000000a   Code   RO         6101    .ARM.Collect$$_printf_percent$$00000012  c_p.l(_printf_l.o)
    0x080001ee   0x0000000a   Code   RO         6083    .ARM.Collect$$_printf_percent$$00000013  c_p.l(_printf_c.o)
    0x080001f8   0x0000000a   Code   RO         6084    .ARM.Collect$$_printf_percent$$00000014  c_p.l(_printf_s.o)
    0x08000202   0x0000000a   Code   RO         6102    .ARM.Collect$$_printf_percent$$00000015  c_p.l(_printf_lc.o)
    0x0800020c   0x0000000a   Code   RO         6103    .ARM.Collect$$_printf_percent$$00000016  c_p.l(_printf_ls.o)
    0x08000216   0x00000004   Code   RO         6146    .ARM.Collect$$_printf_percent$$00000017  c_p.l(_printf_percent_end.o)
    0x0800021a   0x00000002   Code   RO         6184    .ARM.Collect$$libinit$$00000000  c_p.l(libinit.o)
    0x0800021c   0x00000000   Code   RO         6208    .ARM.Collect$$libinit$$00000002  c_p.l(libinit2.o)
    0x0800021c   0x00000000   Code   RO         6210    .ARM.Collect$$libinit$$00000004  c_p.l(libinit2.o)
    0x0800021c   0x00000000   Code   RO         6213    .ARM.Collect$$libinit$$0000000A  c_p.l(libinit2.o)
    0x0800021c   0x00000000   Code   RO         6215    .ARM.Collect$$libinit$$0000000C  c_p.l(libinit2.o)
    0x0800021c   0x00000000   Code   RO         6217    .ARM.Collect$$libinit$$0000000E  c_p.l(libinit2.o)
    0x0800021c   0x00000006   Code   RO         6218    .ARM.Collect$$libinit$$0000000F  c_p.l(libinit2.o)
    0x08000222   0x00000000   Code   RO         6220    .ARM.Collect$$libinit$$00000011  c_p.l(libinit2.o)
    0x08000222   0x0000000c   Code   RO         6221    .ARM.Collect$$libinit$$00000012  c_p.l(libinit2.o)
    0x0800022e   0x00000000   Code   RO         6222    .ARM.Collect$$libinit$$00000013  c_p.l(libinit2.o)
    0x0800022e   0x00000000   Code   RO         6224    .ARM.Collect$$libinit$$00000015  c_p.l(libinit2.o)
    0x0800022e   0x0000000a   Code   RO         6225    .ARM.Collect$$libinit$$00000016  c_p.l(libinit2.o)
    0x08000238   0x00000000   Code   RO         6226    .ARM.Collect$$libinit$$00000017  c_p.l(libinit2.o)
    0x08000238   0x00000000   Code   RO         6228    .ARM.Collect$$libinit$$00000019  c_p.l(libinit2.o)
    0x08000238   0x00000000   Code   RO         6230    .ARM.Collect$$libinit$$0000001B  c_p.l(libinit2.o)
    0x08000238   0x00000000   Code   RO         6232    .ARM.Collect$$libinit$$0000001D  c_p.l(libinit2.o)
    0x08000238   0x00000000   Code   RO         6234    .ARM.Collect$$libinit$$0000001F  c_p.l(libinit2.o)
    0x08000238   0x00000000   Code   RO         6236    .ARM.Collect$$libinit$$00000021  c_p.l(libinit2.o)
    0x08000238   0x00000000   Code   RO         6238    .ARM.Collect$$libinit$$00000023  c_p.l(libinit2.o)
    0x08000238   0x00000000   Code   RO         6240    .ARM.Collect$$libinit$$00000025  c_p.l(libinit2.o)
    0x08000238   0x00000000   Code   RO         6244    .ARM.Collect$$libinit$$0000002C  c_p.l(libinit2.o)
    0x08000238   0x00000000   Code   RO         6246    .ARM.Collect$$libinit$$0000002E  c_p.l(libinit2.o)
    0x08000238   0x00000000   Code   RO         6248    .ARM.Collect$$libinit$$00000030  c_p.l(libinit2.o)
    0x08000238   0x00000000   Code   RO         6250    .ARM.Collect$$libinit$$00000032  c_p.l(libinit2.o)
    0x08000238   0x00000002   Code   RO         6251    .ARM.Collect$$libinit$$00000033  c_p.l(libinit2.o)
    0x0800023a   0x00000002   Code   RO         6282    .ARM.Collect$$libshutdown$$00000000  c_p.l(libshutdown.o)
    0x0800023c   0x00000000   Code   RO         6309    .ARM.Collect$$libshutdown$$00000003  c_p.l(libshutdown2.o)
    0x0800023c   0x00000000   Code   RO         6312    .ARM.Collect$$libshutdown$$00000006  c_p.l(libshutdown2.o)
    0x0800023c   0x00000000   Code   RO         6315    .ARM.Collect$$libshutdown$$00000009  c_p.l(libshutdown2.o)
    0x0800023c   0x00000000   Code   RO         6317    .ARM.Collect$$libshutdown$$0000000B  c_p.l(libshutdown2.o)
    0x0800023c   0x00000000   Code   RO         6320    .ARM.Collect$$libshutdown$$0000000E  c_p.l(libshutdown2.o)
    0x0800023c   0x00000002   Code   RO         6321    .ARM.Collect$$libshutdown$$0000000F  c_p.l(libshutdown2.o)
    0x0800023e   0x00000000   Code   RO         6008    .ARM.Collect$$rtentry$$00000000  c_p.l(__rtentry.o)
    0x0800023e   0x00000000   Code   RO         6115    .ARM.Collect$$rtentry$$00000002  c_p.l(__rtentry2.o)
    0x0800023e   0x00000006   Code   RO         6127    .ARM.Collect$$rtentry$$00000004  c_p.l(__rtentry4.o)
    0x08000244   0x00000000   Code   RO         6117    .ARM.Collect$$rtentry$$00000009  c_p.l(__rtentry2.o)
    0x08000244   0x00000004   Code   RO         6118    .ARM.Collect$$rtentry$$0000000A  c_p.l(__rtentry2.o)
    0x08000248   0x00000000   Code   RO         6120    .ARM.Collect$$rtentry$$0000000C  c_p.l(__rtentry2.o)
    0x08000248   0x00000008   Code   RO         6121    .ARM.Collect$$rtentry$$0000000D  c_p.l(__rtentry2.o)
    0x08000250   0x00000002   Code   RO         6194    .ARM.Collect$$rtexit$$00000000  c_p.l(rtexit.o)
    0x08000252   0x00000000   Code   RO         6255    .ARM.Collect$$rtexit$$00000002  c_p.l(rtexit2.o)
    0x08000252   0x00000004   Code   RO         6256    .ARM.Collect$$rtexit$$00000003  c_p.l(rtexit2.o)
    0x08000256   0x00000006   Code   RO         6257    .ARM.Collect$$rtexit$$00000004  c_p.l(rtexit2.o)
    0x0800025c   0x00000038   Code   RO         5957    .text               startup_stm32f071xb.o
    0x08000294   0x00000038   Code   RO         5998    .text               c_p.l(vsnprintf.o)
    0x080002cc   0x0000015a   Code   RO         6000    .text               c_p.l(aeabi_sdiv.o)
    0x08000426   0x00000006   Code   RO         6004    .text               c_p.l(heapauxi.o)
    0x0800042c   0x0000004e   Code   RO         6015    .text               c_p.l(_printf_pad.o)
    0x0800047a   0x00000024   Code   RO         6017    .text               c_p.l(_printf_truncate.o)
    0x0800049e   0x00000052   Code   RO         6019    .text               c_p.l(_printf_str.o)
    0x080004f0   0x0000006c   Code   RO         6021    .text               c_p.l(_printf_dec.o)
    0x0800055c   0x00000026   Code   RO         6023    .text               c_p.l(_printf_charcount.o)
    0x08000582   0x00000002   PAD
    0x08000584   0x00000030   Code   RO         6025    .text               c_p.l(_printf_char_common.o)
    0x080005b4   0x0000000a   Code   RO         6027    .text               c_p.l(_sputc.o)
    0x080005be   0x00000010   Code   RO         6029    .text               c_p.l(_snputc.o)
    0x080005ce   0x00000002   PAD
    0x080005d0   0x000000bc   Code   RO         6031    .text               c_p.l(_printf_wctomb.o)
    0x0800068c   0x00000070   Code   RO         6034    .text               c_p.l(_printf_longlong_dec.o)
    0x080006fc   0x00000070   Code   RO         6040    .text               c_p.l(_printf_oct_int_ll.o)
    0x0800076c   0x00000098   Code   RO         6060    .text               c_p.l(_printf_hex_int_ll_ptr.o)
    0x08000804   0x00000188   Code   RO         6080    .text               c_p.l(__printf_flags_ss_wp.o)
    0x0800098c   0x0000007a   Code   RO         6131    .text               c_p.l(lludiv10.o)
    0x08000a06   0x000000b0   Code   RO         6133    .text               c_p.l(_printf_intcommon.o)
    0x08000ab6   0x00000002   PAD
    0x08000ab8   0x00000414   Code   RO         6135    .text               c_p.l(_printf_fp_dec.o)
    0x08000ecc   0x000002d4   Code   RO         6137    .text               c_p.l(_printf_fp_hex.o)
    0x080011a0   0x0000002e   Code   RO         6142    .text               c_p.l(_printf_char.o)
    0x080011ce   0x0000002e   Code   RO         6144    .text               c_p.l(_printf_wchar.o)
    0x080011fc   0x00000040   Code   RO         6147    .text               c_p.l(_wcrtomb.o)
    0x0800123c   0x00000028   Code   RO         6149    .text               c_p.l(rtudiv10.o)
    0x08001264   0x0000003e   Code   RO         6151    .text               c_p.l(sys_stackheap_outer.o)
    0x080012a2   0x00000002   PAD
    0x080012a4   0x00000010   Code   RO         6154    .text               c_p.l(rt_ctype_table.o)
    0x080012b4   0x00000008   Code   RO         6159    .text               c_p.l(rt_locale_intlibspace.o)
    0x080012bc   0x00000088   Code   RO         6161    .text               c_p.l(_printf_fp_infnan.o)
    0x08001344   0x000000c8   Code   RO         6163    .text               c_p.l(bigflt0.o)
    0x0800140c   0x000004a8   Code   RO         6166    .text               c_p.l(btod.o)
    0x080018b4   0x0000000c   Code   RO         6173    .text               c_p.l(exit.o)
    0x080018c0   0x00000008   Code   RO         6190    .text               c_p.l(libspace.o)
    0x080018c8   0x00000088   Code   RO         6205    .text               c_p.l(strcmp.o)
    0x08001950   0x0000000c   Code   RO         6252    .text               c_p.l(sys_exit.o)
    0x0800195c   0x00000002   Code   RO         6271    .text               c_p.l(use_no_semi.o)
    0x0800195e   0x00000000   Code   RO         6273    .text               c_p.l(indicate_semi.o)
    0x0800195e   0x00000002   PAD
    0x08001960   0x000000d4   Code   RO          496    i.ADC_Enable        stm32f0xx_hal_adc.o
    0x08001a34   0x000001ac   Code   RO          498    i.HAL_ADC_ConfigChannel  stm32f0xx_hal_adc.o
    0x08001be0   0x00000008   Code   RO          505    i.HAL_ADC_GetValue  stm32f0xx_hal_adc.o
    0x08001be8   0x000001c0   Code   RO          507    i.HAL_ADC_Init      stm32f0xx_hal_adc.o
    0x08001da8   0x00000002   Code   RO          510    i.HAL_ADC_MspInit   stm32f0xx_hal_adc.o
    0x08001daa   0x000000e4   Code   RO          511    i.HAL_ADC_PollForConversion  stm32f0xx_hal_adc.o
    0x08001e8e   0x00000002   PAD
    0x08001e90   0x00000078   Code   RO          513    i.HAL_ADC_Start     stm32f0xx_hal_adc.o
    0x08001f08   0x000001fc   Code   RO         1638    i.HAL_GPIO_Init     stm32f0xx_hal_gpio.o
    0x08002104   0x0000000c   Code   RO         1642    i.HAL_GPIO_WritePin  stm32f0xx_hal_gpio.o
    0x08002110   0x0000000c   Code   RO          363    i.HAL_GetTick       stm32f0xx_hal.o
    0x0800211c   0x00000026   Code   RO          369    i.HAL_InitTick      stm32f0xx_hal.o
    0x08002142   0x00000012   Code   RO          897    i.HAL_NVIC_SetPriority  stm32f0xx_hal_cortex.o
    0x08002154   0x00000188   Code   RO         2946    i.HAL_RCCEx_PeriphCLKConfig  stm32f0xx_hal_rcc_ex.o
    0x080022dc   0x000001d0   Code   RO         2844    i.HAL_RCC_ClockConfig  stm32f0xx_hal_rcc.o
    0x080024ac   0x0000000c   Code   RO         2849    i.HAL_RCC_GetHCLKFreq  stm32f0xx_hal_rcc.o
    0x080024b8   0x00000024   Code   RO         2851    i.HAL_RCC_GetPCLK1Freq  stm32f0xx_hal_rcc.o
    0x080024dc   0x000000f0   Code   RO         2852    i.HAL_RCC_GetSysClockFreq  stm32f0xx_hal_rcc.o
    0x080025cc   0x00000600   Code   RO         2855    i.HAL_RCC_OscConfig  stm32f0xx_hal_rcc.o
    0x08002bcc   0x00000038   Code   RO          901    i.HAL_SYSTICK_Config  stm32f0xx_hal_cortex.o
    0x08002c04   0x00000082   Code   RO         5269    i.HAL_UART_Init     stm32f0xx_hal_uart.o
    0x08002c86   0x00000002   Code   RO         5271    i.HAL_UART_MspInit  stm32f0xx_hal_uart.o
    0x08002c88   0x000000e0   Code   RO          197    i.SysTick_Handler   hal.o
    0x08002d68   0x000000b4   Code   RO         5963    i.SystemCoreClockUpdate  system_stm32f0xx.o
    0x08002e1c   0x00000078   Code   RO         5964    i.SystemInit        system_stm32f0xx.o
    0x08002e94   0x000000f0   Code   RO         5282    i.UART_AdvFeatureConfig  stm32f0xx_hal_uart.o
    0x08002f84   0x0000008c   Code   RO         5283    i.UART_CheckIdleState  stm32f0xx_hal_uart.o
    0x08003010   0x00000234   Code   RO         5298    i.UART_SetConfig    stm32f0xx_hal_uart.o
    0x08003244   0x00000070   Code   RO         5300    i.UART_WaitOnFlagUntilTimeout  stm32f0xx_hal_uart.o
    0x080032b4   0x00000030   Code   RO         6168    i.__ARM_common_ll_muluu  c_p.l(btod.o)
    0x080032e4   0x0000002c   Code   RO         6188    i.__ARM_fpclassify  m_ps.l(fpclassify.o)
    0x08003310   0x00000078   Code   RO          198    i.__NVIC_SetPriority  hal.o
    0x08003388   0x00000078   Code   RO          903    i.__NVIC_SetPriority  stm32f0xx_hal_cortex.o
    0x08003400   0x0000000e   Code   RO         6073    i._is_digit         c_p.l(__printf_wp.o)
    0x0800340e   0x00000014   Code   RO          199    i.arb_delay         hal.o
    0x08003422   0x00000002   PAD
    0x08003424   0x0000000c   Code   RO          200    i.gpio_prot_power_end  hal.o
    0x08003430   0x0000001c   Code   RO          201    i.gpio_prot_power_rail_disable  hal.o
    0x0800344c   0x00000050   Code   RO          202    i.gpio_prot_power_rail_enable  hal.o
    0x0800349c   0x0000000c   Code   RO          203    i.gpio_prot_power_start  hal.o
    0x080034a8   0x0000001e   Code   RO          205    i.gpio_set_output   hal.o
    0x080034c6   0x00000002   PAD
    0x080034c8   0x00000444   Code   RO          206    i.hal_init          hal.o
    0x0800390c   0x00000008   Code   RO            3    i.main              main.o
    0x08003914   0x00000038   Code   RO          208    i.main_psu_power_on  hal.o
    0x0800394c   0x00000094   Code   RO          210    i.raspi_power_on    hal.o
    0x080039e0   0x0000004c   Code   RO          211    i.raspi_rapid_power_off  hal.o
    0x08003a2c   0x00000018   Code   RO          212    i.systick_wait      hal.o
    0x08003a44   0x0000002c   Code   RO          213    i.uart_printf       hal.o
    0x08003a70   0x00000028   Code   RO          214    i.uart_putsraw      hal.o
    0x08003a98   0x000000d4   Code   RO          216    i.zynq_power_on     hal.o
    0x08003b6c   0x00000094   Code   RO          217    i.zynq_rapid_power_off  hal.o
    0x08003c00   0x0000002c   Code   RO         6171    locale$$code        c_p.l(lc_numeric_c.o)
    0x08003c2c   0x0000002c   Code   RO         6199    locale$$code        c_p.l(lc_ctype_c.o)
    0x08003c58   0x00000010   Code   RO         6106    x$fpl$printf1       fz_ps.l(printf1.o)
    0x08003c68   0x00000010   Code   RO         6108    x$fpl$printf2       fz_ps.l(printf2.o)
    0x08003c78   0x00000000   Code   RO         6187    x$fpl$usenofp       fz_ps.l(usenofp.o)
    0x08003c78   0x00000018   Data   RO         5965    .constdata          system_stm32f0xx.o
    0x08003c90   0x00000008   Data   RO         6032    .constdata          c_p.l(_printf_wctomb.o)
    0x08003c98   0x00000028   Data   RO         6061    .constdata          c_p.l(_printf_hex_int_ll_ptr.o)
    0x08003cc0   0x00000011   Data   RO         6081    .constdata          c_p.l(__printf_flags_ss_wp.o)
    0x08003cd1   0x00000026   Data   RO         6138    .constdata          c_p.l(_printf_fp_hex.o)
    0x08003cf7   0x00000001   PAD
    0x08003cf8   0x00000094   Data   RO         6164    .constdata          c_p.l(bigflt0.o)
    0x08003d8c   0x00000087   Data   RO          219    .conststring        hal.o
    0x08003e13   0x00000001   PAD
    0x08003e14   0x00000020   Data   RO         6322    Region$$Table       anon$$obj.o
    0x08003e34   0x0000001c   Data   RO         6170    locale$$data        c_p.l(lc_numeric_c.o)
    0x08003e50   0x00000110   Data   RO         6198    locale$$data        c_p.l(lc_ctype_c.o)


    Execution Region RW_IRAM1 (Base: 0x20000000, Size: 0x00000b98, Max: 0x00004000, ABSOLUTE)

    Base Addr    Size         Type   Attr      Idx    E Section Name        Object

    0x20000000   0x00000054   Data   RW          220    .data               hal.o
    0x20000054   0x00000004   Data   RW          374    .data               stm32f0xx_hal.o
    0x20000058   0x00000004   Data   RW         5966    .data               system_stm32f0xx.o
    0x2000005c   0x000004dc   Zero   RW          218    .bss                hal.o
    0x20000538   0x00000060   Zero   RW         6191    .bss                c_p.l(libspace.o)
    0x20000598   0x00000200   Zero   RW         5955    HEAP                startup_stm32f071xb.o
    0x20000798   0x00000400   Zero   RW         5954    STACK               startup_stm32f071xb.o


==============================================================================

Image component sizes


      Code (inc. data)   RO Data    RW Data    ZI Data      Debug   Object Name

      2366        344        135         84       1244      21859   hal.o
         8          0          0          0          0     331063   main.o
        56         26        188          0       1536        672   startup_stm32f071xb.o
        50          6          0          4          0       2142   stm32f0xx_hal.o
      1446         44          0          0          0       6080   stm32f0xx_hal_adc.o
       194         20          0          0          0       9744   stm32f0xx_hal_cortex.o
       520         28          0          0          0       2304   stm32f0xx_hal_gpio.o
      2288         98          0          0          0       5233   stm32f0xx_hal_rcc.o
       392         14          0          0          0       1592   stm32f0xx_hal_rcc_ex.o
      1188         48          0          0          0       5000   stm32f0xx_hal_uart.o
       300         34         24          4          0       2083   system_stm32f0xx.o

    ----------------------------------------------------------------------
      8814        662        380         92       2780     387772   Object Totals
         0          0         32          0          0          0   (incl. Generated)
         6          0          1          0          0          0   (incl. Padding)

    ----------------------------------------------------------------------

      Code (inc. data)   RO Data    RW Data    ZI Data      Debug   Library Member Name

         8          0          0          0          0         68   __main.o
       392          6         17          0          0         76   __printf_flags_ss_wp.o
        14          0          0          0          0         60   __printf_wp.o
         0          0          0          0          0          0   __rtentry.o
        12          0          0          0          0          0   __rtentry2.o
         6          0          0          0          0          0   __rtentry4.o
        60          8          0          0          0          0   __scatter.o
        26          0          0          0          0          0   __scatter_copy.o
        28          0          0          0          0          0   __scatter_zi.o
        10          0          0          0          0          0   _printf_a.o
        10          0          0          0          0          0   _printf_c.o
        46          0          0          0          0        100   _printf_char.o
        48          6          0          0          0         88   _printf_char_common.o
        38          0          0          0          0         60   _printf_charcount.o
        10          0          0          0          0          0   _printf_d.o
       108         18          0          0          0         76   _printf_dec.o
        10          0          0          0          0          0   _printf_e.o
        10          0          0          0          0          0   _printf_f.o
      1044         14          0          0          0        176   _printf_fp_dec.o
       724         10         38          0          0         84   _printf_fp_hex.o
       136         16          0          0          0         76   _printf_fp_infnan.o
        10          0          0          0          0          0   _printf_g.o
       152          4         40          0          0        148   _printf_hex_int_ll_ptr.o
        10          0          0          0          0          0   _printf_i.o
       176          0          0          0          0         84   _printf_intcommon.o
        10          0          0          0          0          0   _printf_l.o
        10          0          0          0          0          0   _printf_lc.o
        10          0          0          0          0          0   _printf_ll.o
        10          0          0          0          0          0   _printf_lld.o
        10          0          0          0          0          0   _printf_lli.o
        10          0          0          0          0          0   _printf_llo.o
        10          0          0          0          0          0   _printf_llu.o
        10          0          0          0          0          0   _printf_llx.o
       112         18          0          0          0         76   _printf_longlong_dec.o
        10          0          0          0          0          0   _printf_ls.o
        10          0          0          0          0          0   _printf_n.o
        10          0          0          0          0          0   _printf_o.o
       112         10          0          0          0        112   _printf_oct_int_ll.o
        10          0          0          0          0          0   _printf_p.o
        78          0          0          0          0        100   _printf_pad.o
         2          0          0          0          0          0   _printf_percent.o
         4          0          0          0          0          0   _printf_percent_end.o
        10          0          0          0          0          0   _printf_s.o
        82          0          0          0          0         72   _printf_str.o
        36          0          0          0          0         76   _printf_truncate.o
        10          0          0          0          0          0   _printf_u.o
        46          0          0          0          0        100   _printf_wchar.o
       188          6          8          0          0         80   _printf_wctomb.o
        10          0          0          0          0          0   _printf_x.o
        16          0          0          0          0         60   _snputc.o
        10          0          0          0          0         60   _sputc.o
        64          0          0          0          0         72   _wcrtomb.o
       346          0          0          0          0         92   aeabi_sdiv.o
       200          4        148          0          0         80   bigflt0.o
      1240         12          0          0          0        316   btod.o
        12          0          0          0          0         64   exit.o
         6          0          0          0          0        136   heapauxi.o
         0          0          0          0          0          0   indicate_semi.o
        44         10        272          0          0         76   lc_ctype_c.o
        44         10         28          0          0         76   lc_numeric_c.o
         2          0          0          0          0          0   libinit.o
        30          0          0          0          0          0   libinit2.o
         2          0          0          0          0          0   libshutdown.o
         2          0          0          0          0          0   libshutdown2.o
         8          4          0          0         96         68   libspace.o
       122          0          0          0          0         72   lludiv10.o
        16          4          0          0          0         76   rt_ctype_table.o
         8          4          0          0          0         68   rt_locale_intlibspace.o
         2          0          0          0          0          0   rtexit.o
        10          0          0          0          0          0   rtexit2.o
        40          0          0          0          0         60   rtudiv10.o
       136          4          0          0          0         72   strcmp.o
        12          4          0          0          0         60   sys_exit.o
        62          0          0          0          0         80   sys_stackheap_outer.o
         2          0          0          0          0         68   use_no_semi.o
        56          6          0          0          0         72   vsnprintf.o
        16          4          0          0          0         76   printf1.o
        16          4          0          0          0         76   printf2.o
         0          0          0          0          0          0   usenofp.o
        44          4          0          0          0         60   fpclassify.o

    ----------------------------------------------------------------------
      6478        190        552          0         96       3652   Library Totals
        12          0          1          0          0          0   (incl. Padding)

    ----------------------------------------------------------------------

      Code (inc. data)   RO Data    RW Data    ZI Data      Debug   Library Name

      6390        178        551          0         96       3440   c_p.l
        32          8          0          0          0        152   fz_ps.l
        44          4          0          0          0         60   m_ps.l

    ----------------------------------------------------------------------
      6478        190        552          0         96       3652   Library Totals

    ----------------------------------------------------------------------

==============================================================================


      Code (inc. data)   RO Data    RW Data    ZI Data      Debug   

     15292        852        932         92       2876     387800   Grand Totals
     15292        852        932         92       2876     387800   ELF Image Totals
     15292        852        932         92          0          0   ROM Totals

==============================================================================

    Total RO  Size (Code + RO Data)                16224 (  15.84kB)
    Total RW  Size (RW Data + ZI Data)              2968 (   2.90kB)
    Total ROM Size (Code + RO Data + RW Data)      16316 (  15.93kB)

==============================================================================

